[2020-08-18T06:49:27.220+0000][6][gc,heap] Heap region size: 1M
[2020-08-18T06:49:27.222+0000][6][gc,heap,coops] Heap address: 0x00000000e0000000, size: 512 MB, Compressed Oops mode: 32-bit
[2020-08-18T06:49:27.404+0000][6][gc           ] Using G1
[2020-08-18T06:49:27.405+0000][6][gc,cds       ] Mark closed archive regions in map: [0x00000000fff00000, 0x00000000fff7eff8]
[2020-08-18T06:49:27.405+0000][6][gc,cds       ] Mark open archive regions in map: [0x00000000ffe00000, 0x00000000ffe51ff8]
[2020-08-18T06:49:27.425+0000][6][gc           ] Periodic GC disabled
[2020-08-18T06:49:28.171+0000][6][gc,start     ] GC(0) Pause Young (Normal) (G1 Evacuation Pause)
[2020-08-18T06:49:28.172+0000][6][gc,task      ] GC(0) Using 2 workers of 2 for evacuation
[2020-08-18T06:49:28.172+0000][6][gc,age       ] GC(0) Desired survivor size 2097152 bytes, new threshold 15 (max threshold 15)
[2020-08-18T06:49:28.179+0000][6][gc,age       ] GC(0) Age table with threshold 15 (max threshold 15)
[2020-08-18T06:49:28.180+0000][6][gc,age       ] GC(0) - age   1:    2622160 bytes,    2622160 total
[2020-08-18T06:49:28.180+0000][6][gc,phases    ] GC(0)   Pre Evacuate Collection Set: 0.2ms
[2020-08-18T06:49:28.180+0000][6][gc,phases    ] GC(0)   Merge Heap Roots: 0.2ms
[2020-08-18T06:49:28.181+0000][6][gc,phases    ] GC(0)   Evacuate Collection Set: 5.3ms
[2020-08-18T06:49:28.181+0000][6][gc,phases    ] GC(0)   Post Evacuate Collection Set: 0.8ms
[2020-08-18T06:49:28.182+0000][6][gc,phases    ] GC(0)   Other: 3.2ms
[2020-08-18T06:49:28.182+0000][6][gc,heap      ] GC(0) Eden regions: 25->0(23)
[2020-08-18T06:49:28.183+0000][6][gc,heap      ] GC(0) Survivor regions: 0->3(4)
[2020-08-18T06:49:28.183+0000][6][gc,heap      ] GC(0) Old regions: 0->0
[2020-08-18T06:49:28.184+0000][6][gc,heap      ] GC(0) Archive regions: 2->2
[2020-08-18T06:49:28.184+0000][6][gc,heap      ] GC(0) Humongous regions: 1->1
[2020-08-18T06:49:28.185+0000][6][gc,metaspace ] GC(0) Metaspace: 5573K(8320K)->5573K(8320K) NonClass: 4959K(7424K)->4959K(7424K) Class: 614K(896K)->614K(896K)
[2020-08-18T06:49:28.185+0000][6][gc           ] GC(0) Pause Young (Normal) (G1 Evacuation Pause) 26M->4M(512M) 14.889ms
[2020-08-18T06:49:28.186+0000][6][gc,cpu       ] GC(0) User=0.01s Sys=0.00s Real=0.01s
[2020-08-18T06:49:28.186+0000][6][safepoint    ] Safepoint "G1CollectForAllocation", Time since last: 749667488 ns, Reaching safepoint: 298600 ns, At safepoint: 15751500 ns, Total: 16050100 ns
[2020-08-18T06:49:29.060+0000][6][gc,start     ] GC(1) Pause Young (Normal) (G1 Evacuation Pause)
[2020-08-18T06:49:29.061+0000][6][gc,task      ] GC(1) Using 2 workers of 2 for evacuation
[2020-08-18T06:49:29.061+0000][6][gc,age       ] GC(1) Desired survivor size 2097152 bytes, new threshold 1 (max threshold 15)
[2020-08-18T06:49:29.073+0000][6][gc,age       ] GC(1) Age table with threshold 1 (max threshold 15)
[2020-08-18T06:49:29.074+0000][6][gc,age       ] GC(1) - age   1:    1022760 bytes,    1022760 total
[2020-08-18T06:49:29.077+0000][6][gc,phases    ] GC(1)   Pre Evacuate Collection Set: 0.2ms
[2020-08-18T06:49:29.077+0000][6][gc,phases    ] GC(1)   Merge Heap Roots: 0.1ms
[2020-08-18T06:49:29.078+0000][6][gc,phases    ] GC(1)   Evacuate Collection Set: 11.0ms
[2020-08-18T06:49:29.078+0000][6][gc,phases    ] GC(1)   Post Evacuate Collection Set: 0.4ms
[2020-08-18T06:49:29.078+0000][6][gc,phases    ] GC(1)   Other: 5.1ms
[2020-08-18T06:49:29.079+0000][6][gc,heap      ] GC(1) Eden regions: 23->0(30)
[2020-08-18T06:49:29.079+0000][6][gc,heap      ] GC(1) Survivor regions: 3->1(4)
[2020-08-18T06:49:29.079+0000][6][gc,heap      ] GC(1) Old regions: 0->3
[2020-08-18T06:49:29.079+0000][6][gc,heap      ] GC(1) Archive regions: 2->2
[2020-08-18T06:49:29.080+0000][6][gc,heap      ] GC(1) Humongous regions: 1->1
[2020-08-18T06:49:29.080+0000][6][gc,metaspace ] GC(1) Metaspace: 9567K(10880K)->9567K(10880K) NonClass: 8399K(9472K)->8399K(9472K) Class: 1167K(1408K)->1167K(1408K)
[2020-08-18T06:49:29.080+0000][6][gc           ] GC(1) Pause Young (Normal) (G1 Evacuation Pause) 27M->5M(512M) 20.137ms
[2020-08-18T06:49:29.081+0000][6][gc,cpu       ] GC(1) User=0.01s Sys=0.00s Real=0.02s
[2020-08-18T06:49:29.081+0000][6][safepoint    ] Safepoint "G1CollectForAllocation", Time since last: 873370886 ns, Reaching safepoint: 535900 ns, At safepoint: 21103600 ns, Total: 21639500 ns
[2020-08-18T06:49:30.275+0000][6][safepoint    ] Safepoint "Cleanup", Time since last: 1193926681 ns, Reaching safepoint: 225600 ns, At safepoint: 3600 ns, Total: 229200 ns
[2020-08-18T06:49:31.280+0000][6][safepoint    ] Safepoint "Cleanup", Time since last: 1002586084 ns, Reaching safepoint: 2150000 ns, At safepoint: 13200 ns, Total: 2163200 ns
[2020-08-18T06:49:31.687+0000][6][gc,start     ] GC(2) Pause Young (Normal) (G1 Evacuation Pause)
[2020-08-18T06:49:31.688+0000][6][gc,task      ] GC(2) Using 2 workers of 2 for evacuation
[2020-08-18T06:49:31.688+0000][6][gc,age       ] GC(2) Desired survivor size 2097152 bytes, new threshold 15 (max threshold 15)
[2020-08-18T06:49:31.715+0000][6][gc,age       ] GC(2) Age table with threshold 15 (max threshold 15)
[2020-08-18T06:49:31.715+0000][6][gc,age       ] GC(2) - age   1:    3195480 bytes,    3195480 total
[2020-08-18T06:49:31.715+0000][6][gc,age       ] GC(2) - age   2:     984512 bytes,    4179992 total
[2020-08-18T06:49:31.716+0000][6][gc,phases    ] GC(2)   Pre Evacuate Collection Set: 0.2ms
[2020-08-18T06:49:31.716+0000][6][gc,phases    ] GC(2)   Merge Heap Roots: 0.1ms
[2020-08-18T06:49:31.717+0000][6][gc,phases    ] GC(2)   Evacuate Collection Set: 19.1ms
[2020-08-18T06:49:31.717+0000][6][gc,phases    ] GC(2)   Post Evacuate Collection Set: 6.7ms
[2020-08-18T06:49:31.717+0000][6][gc,phases    ] GC(2)   Other: 2.8ms
[2020-08-18T06:49:31.718+0000][6][gc,heap      ] GC(2) Eden regions: 30->0(69)
[2020-08-18T06:49:31.718+0000][6][gc,heap      ] GC(2) Survivor regions: 1->4(4)
[2020-08-18T06:49:31.718+0000][6][gc,heap      ] GC(2) Old regions: 3->3
[2020-08-18T06:49:31.719+0000][6][gc,heap      ] GC(2) Archive regions: 2->2
[2020-08-18T06:49:31.719+0000][6][gc,heap      ] GC(2) Humongous regions: 1->1
[2020-08-18T06:49:31.720+0000][6][gc,metaspace ] GC(2) Metaspace: 13445K(14208K)->13445K(14208K) NonClass: 11815K(12288K)->11815K(12288K) Class: 1630K(1920K)->1630K(1920K)
[2020-08-18T06:49:31.720+0000][6][gc           ] GC(2) Pause Young (Normal) (G1 Evacuation Pause) 35M->8M(512M) 32.800ms
[2020-08-18T06:49:31.720+0000][6][gc,cpu       ] GC(2) User=0.02s Sys=0.00s Real=0.04s
[2020-08-18T06:49:31.721+0000][6][safepoint    ] Safepoint "G1CollectForAllocation", Time since last: 403841993 ns, Reaching safepoint: 3088100 ns, At safepoint: 33548100 ns, Total: 36636200 ns
[2020-08-18T06:49:32.791+0000][6][safepoint    ] Safepoint "Cleanup", Time since last: 1070355188 ns, Reaching safepoint: 463100 ns, At safepoint: 9100 ns, Total: 472200 ns
[2020-08-18T06:49:33.369+0000][6][gc,start     ] GC(3) Pause Young (Normal) (G1 Evacuation Pause)
[2020-08-18T06:49:33.370+0000][6][gc,task      ] GC(3) Using 2 workers of 2 for evacuation
[2020-08-18T06:49:33.370+0000][6][gc,age       ] GC(3) Desired survivor size 5242880 bytes, new threshold 15 (max threshold 15)
[2020-08-18T06:49:33.391+0000][6][gc,age       ] GC(3) Age table with threshold 15 (max threshold 15)
[2020-08-18T06:49:33.392+0000][6][gc,age       ] GC(3) - age   1:    4024912 bytes,    4024912 total
[2020-08-18T06:49:33.392+0000][6][gc,age       ] GC(3) - age   2:    1964192 bytes,    5989104 total
[2020-08-18T06:49:33.393+0000][6][gc,age       ] GC(3) - age   3:     964136 bytes,    6953240 total
[2020-08-18T06:49:33.393+0000][6][gc,phases    ] GC(3)   Pre Evacuate Collection Set: 0.1ms
[2020-08-18T06:49:33.394+0000][6][gc,phases    ] GC(3)   Merge Heap Roots: 0.1ms
[2020-08-18T06:49:33.394+0000][6][gc,phases    ] GC(3)   Evacuate Collection Set: 19.2ms
[2020-08-18T06:49:33.395+0000][6][gc,phases    ] GC(3)   Post Evacuate Collection Set: 0.9ms
[2020-08-18T06:49:33.396+0000][6][gc,phases    ] GC(3)   Other: 3.8ms
[2020-08-18T06:49:33.396+0000][6][gc,heap      ] GC(3) Eden regions: 69->0(300)
[2020-08-18T06:49:33.397+0000][6][gc,heap      ] GC(3) Survivor regions: 4->7(10)
[2020-08-18T06:49:33.397+0000][6][gc,heap      ] GC(3) Old regions: 3->3
[2020-08-18T06:49:33.398+0000][6][gc,heap      ] GC(3) Archive regions: 2->2
[2020-08-18T06:49:33.398+0000][6][gc,heap      ] GC(3) Humongous regions: 2->1
[2020-08-18T06:49:33.398+0000][6][gc,metaspace ] GC(3) Metaspace: 17019K(17792K)->17019K(17792K) NonClass: 14921K(15360K)->14921K(15360K) Class: 2098K(2432K)->2098K(2432K)
[2020-08-18T06:49:33.399+0000][6][gc           ] GC(3) Pause Young (Normal) (G1 Evacuation Pause) 78M->11M(512M) 29.694ms
[2020-08-18T06:49:33.399+0000][6][gc,cpu       ] GC(3) User=0.03s Sys=0.00s Real=0.03s
[2020-08-18T06:49:33.400+0000][6][safepoint    ] Safepoint "G1CollectForAllocation", Time since last: 577603302 ns, Reaching safepoint: 95900 ns, At safepoint: 30791800 ns, Total: 30887700 ns
[2020-08-18T06:49:33.404+0000][6][safepoint    ] Safepoint "BulkRevokeBias", Time since last: 3645700 ns, Reaching safepoint: 216000 ns, At safepoint: 99300 ns, Total: 315300 ns
[2020-08-18T06:49:33.461+0000][6][safepoint    ] Safepoint "BulkRevokeBias", Time since last: 52629600 ns, Reaching safepoint: 4454700 ns, At safepoint: 108700 ns, Total: 4563400 ns
[2020-08-18T06:49:33.475+0000][6][safepoint    ] Safepoint "BulkRevokeBias", Time since last: 3941600 ns, Reaching safepoint: 3002300 ns, At safepoint: 7045800 ns, Total: 10048100 ns
[2020-08-18T06:49:34.887+0000][6][safepoint    ] Safepoint "Cleanup", Time since last: 1411405905 ns, Reaching safepoint: 508300 ns, At safepoint: 5100 ns, Total: 513400 ns
[2020-08-18T06:49:35.130+0000][6][gc,start     ] GC(4) Pause Young (Normal) (G1 Evacuation Pause)
[2020-08-18T06:49:35.130+0000][6][gc,task      ] GC(4) Using 2 workers of 2 for evacuation
[2020-08-18T06:49:35.131+0000][6][gc,age       ] GC(4) Desired survivor size 20447232 bytes, new threshold 15 (max threshold 15)
[2020-08-18T06:49:35.163+0000][6][gc,age       ] GC(4) Age table with threshold 15 (max threshold 15)
[2020-08-18T06:49:35.164+0000][6][gc,age       ] GC(4) - age   1:    4905040 bytes,    4905040 total
[2020-08-18T06:49:35.164+0000][6][gc,age       ] GC(4) - age   2:    3487336 bytes,    8392376 total
[2020-08-18T06:49:35.164+0000][6][gc,age       ] GC(4) - age   3:    1964192 bytes,   10356568 total
[2020-08-18T06:49:35.165+0000][6][gc,age       ] GC(4) - age   4:     964136 bytes,   11320704 total
[2020-08-18T06:49:35.165+0000][6][gc,phases    ] GC(4)   Pre Evacuate Collection Set: 0.2ms
[2020-08-18T06:49:35.166+0000][6][gc,phases    ] GC(4)   Merge Heap Roots: 0.2ms
[2020-08-18T06:49:35.166+0000][6][gc,phases    ] GC(4)   Evacuate Collection Set: 30.7ms
[2020-08-18T06:49:35.166+0000][6][gc,phases    ] GC(4)   Post Evacuate Collection Set: 0.9ms
[2020-08-18T06:49:35.167+0000][6][gc,phases    ] GC(4)   Other: 3.7ms
[2020-08-18T06:49:35.167+0000][6][gc,heap      ] GC(4) Eden regions: 300->0(291)
[2020-08-18T06:49:35.167+0000][6][gc,heap      ] GC(4) Survivor regions: 7->12(39)
[2020-08-18T06:49:35.168+0000][6][gc,heap      ] GC(4) Old regions: 3->3
[2020-08-18T06:49:35.168+0000][6][gc,heap      ] GC(4) Archive regions: 2->2
[2020-08-18T06:49:35.168+0000][6][gc,heap      ] GC(4) Humongous regions: 1->1
[2020-08-18T06:49:35.169+0000][6][gc,metaspace ] GC(4) Metaspace: 18082K(19200K)->18082K(19200K) NonClass: 15858K(16640K)->15858K(16640K) Class: 2224K(2560K)->2224K(2560K)
[2020-08-18T06:49:35.169+0000][6][gc           ] GC(4) Pause Young (Normal) (G1 Evacuation Pause) 311M->16M(512M) 39.569ms
[2020-08-18T06:49:35.170+0000][6][gc,cpu       ] GC(4) User=0.03s Sys=0.00s Real=0.04s
[2020-08-18T06:49:35.170+0000][6][safepoint    ] Safepoint "G1CollectForAllocation", Time since last: 242433601 ns, Reaching safepoint: 158000 ns, At safepoint: 40438500 ns, Total: 40596500 ns
[2020-08-18T06:49:35.174+0000][6][safepoint    ] Safepoint "BulkRevokeBias", Time since last: 3454200 ns, Reaching safepoint: 370000 ns, At safepoint: 162000 ns, Total: 532000 ns
[2020-08-18T06:49:36.385+0000][6][gc,start     ] GC(5) Pause Young (Normal) (G1 Evacuation Pause)
[2020-08-18T06:49:36.386+0000][6][gc,task      ] GC(5) Using 2 workers of 2 for evacuation
[2020-08-18T06:49:36.387+0000][6][gc,age       ] GC(5) Desired survivor size 19922944 bytes, new threshold 15 (max threshold 15)
[2020-08-18T06:49:36.436+0000][6][gc,age       ] GC(5) Age table with threshold 15 (max threshold 15)
[2020-08-18T06:49:36.437+0000][6][gc,age       ] GC(5) - age   1:    3122408 bytes,    3122408 total
[2020-08-18T06:49:36.438+0000][6][gc,age       ] GC(5) - age   2:    3644312 bytes,    6766720 total
[2020-08-18T06:49:36.438+0000][6][gc,age       ] GC(5) - age   3:    3482128 bytes,   10248848 total
[2020-08-18T06:49:36.439+0000][6][gc,age       ] GC(5) - age   4:    1964096 bytes,   12212944 total
[2020-08-18T06:49:36.440+0000][6][gc,age       ] GC(5) - age   5:     963976 bytes,   13176920 total
[2020-08-18T06:49:36.440+0000][6][gc,phases    ] GC(5)   Pre Evacuate Collection Set: 0.2ms
[2020-08-18T06:49:36.441+0000][6][gc,phases    ] GC(5)   Merge Heap Roots: 0.1ms
[2020-08-18T06:49:36.443+0000][6][gc,phases    ] GC(5)   Evacuate Collection Set: 47.5ms
[2020-08-18T06:49:36.444+0000][6][gc,phases    ] GC(5)   Post Evacuate Collection Set: 1.0ms
[2020-08-18T06:49:36.444+0000][6][gc,phases    ] GC(5)   Other: 6.3ms
[2020-08-18T06:49:36.445+0000][6][gc,heap      ] GC(5) Eden regions: 291->0(293)
[2020-08-18T06:49:36.445+0000][6][gc,heap      ] GC(5) Survivor regions: 12->14(38)
[2020-08-18T06:49:36.446+0000][6][gc,heap      ] GC(5) Old regions: 3->3
[2020-08-18T06:49:36.446+0000][6][gc,heap      ] GC(5) Archive regions: 2->2
[2020-08-18T06:49:36.446+0000][6][gc,heap      ] GC(5) Humongous regions: 1->1
[2020-08-18T06:49:36.447+0000][6][gc,metaspace ] GC(5) Metaspace: 19586K(20992K)->19586K(20992K) NonClass: 17184K(18176K)->17184K(18176K) Class: 2402K(2816K)->2402K(2816K)
[2020-08-18T06:49:36.448+0000][6][gc           ] GC(5) Pause Young (Normal) (G1 Evacuation Pause) 307M->18M(512M) 62.428ms
[2020-08-18T06:49:36.448+0000][6][gc,cpu       ] GC(5) User=0.06s Sys=0.01s Real=0.07s
[2020-08-18T06:49:36.449+0000][6][safepoint    ] Safepoint "G1CollectForAllocation", Time since last: 1210981505 ns, Reaching safepoint: 105600 ns, At safepoint: 64150300 ns, Total: 64255900 ns
[2020-08-18T06:49:36.516+0000][6][safepoint    ] Safepoint "BulkRevokeBias", Time since last: 65907200 ns, Reaching safepoint: 272600 ns, At safepoint: 61300 ns, Total: 333900 ns
[2020-08-18T06:49:36.518+0000][6][safepoint    ] Safepoint "BulkRevokeBias", Time since last: 1818000 ns, Reaching safepoint: 756800 ns, At safepoint: 86200 ns, Total: 843000 ns
[2020-08-18T06:49:37.524+0000][6][safepoint    ] Safepoint "Cleanup", Time since last: 1005814404 ns, Reaching safepoint: 241200 ns, At safepoint: 6800 ns, Total: 248000 ns
[2020-08-18T06:49:37.538+0000][6][gc,start     ] GC(6) Pause Young (Concurrent Start) (Metadata GC Threshold)
[2020-08-18T06:49:37.539+0000][6][gc,task      ] GC(6) Using 2 workers of 2 for evacuation
[2020-08-18T06:49:37.551+0000][6][gc,age       ] GC(6) Desired survivor size 20447232 bytes, new threshold 15 (max threshold 15)
[2020-08-18T06:49:37.603+0000][6][gc,age       ] GC(6) Age table with threshold 15 (max threshold 15)
[2020-08-18T06:49:37.604+0000][6][gc,age       ] GC(6) - age   1:    1790264 bytes,    1790264 total
[2020-08-18T06:49:37.604+0000][6][gc,age       ] GC(6) - age   2:    2263344 bytes,    4053608 total
[2020-08-18T06:49:37.605+0000][6][gc,age       ] GC(6) - age   3:    3642912 bytes,    7696520 total
[2020-08-18T06:49:37.605+0000][6][gc,age       ] GC(6) - age   4:    3482128 bytes,   11178648 total
[2020-08-18T06:49:37.605+0000][6][gc,age       ] GC(6) - age   5:    1964096 bytes,   13142744 total
[2020-08-18T06:49:37.606+0000][6][gc,age       ] GC(6) - age   6:     963976 bytes,   14106720 total
[2020-08-18T06:49:37.606+0000][6][gc,phases    ] GC(6)   Pre Evacuate Collection Set: 0.4ms
[2020-08-18T06:49:37.607+0000][6][gc,phases    ] GC(6)   Merge Heap Roots: 0.1ms
[2020-08-18T06:49:37.607+0000][6][gc,phases    ] GC(6)   Evacuate Collection Set: 46.0ms
[2020-08-18T06:49:37.608+0000][6][gc,phases    ] GC(6)   Post Evacuate Collection Set: 4.4ms
[2020-08-18T06:49:37.608+0000][6][gc,phases    ] GC(6)   Other: 17.1ms
[2020-08-18T06:49:37.609+0000][6][gc,heap      ] GC(6) Eden regions: 268->0(293)
[2020-08-18T06:49:37.609+0000][6][gc,heap      ] GC(6) Survivor regions: 14->14(39)
[2020-08-18T06:49:37.610+0000][6][gc,heap      ] GC(6) Old regions: 3->3
[2020-08-18T06:49:37.610+0000][6][gc,heap      ] GC(6) Archive regions: 2->2
[2020-08-18T06:49:37.610+0000][6][gc,heap      ] GC(6) Humongous regions: 1->1
[2020-08-18T06:49:37.611+0000][6][gc,metaspace ] GC(6) Metaspace: 19961K(21296K)->19961K(21296K) NonClass: 17494K(18480K)->17494K(18480K) Class: 2466K(2816K)->2466K(2816K)
[2020-08-18T06:49:37.611+0000][6][gc           ] GC(6) Pause Young (Concurrent Start) (Metadata GC Threshold) 285M->18M(512M) 72.682ms
[2020-08-18T06:49:37.611+0000][6][gc,cpu       ] GC(6) User=0.09s Sys=0.00s Real=0.07s
[2020-08-18T06:49:37.612+0000][6][gc           ] GC(7) Concurrent Cycle
[2020-08-18T06:49:37.612+0000][6][gc,marking   ] GC(7) Concurrent Clear Claimed Marks
[2020-08-18T06:49:37.613+0000][6][gc,marking   ] GC(7) Concurrent Clear Claimed Marks 0.648ms
[2020-08-18T06:49:37.614+0000][6][gc,marking   ] GC(7) Concurrent Scan Root Regions
[2020-08-18T06:49:37.612+0000][6][safepoint    ] Safepoint "CollectForMetadataAllocation", Time since last: 13969300 ns, Reaching safepoint: 196500 ns, At safepoint: 73731900 ns, Total: 73928400 ns
[2020-08-18T06:49:37.646+0000][6][gc,marking   ] GC(7) Concurrent Scan Root Regions 32.869ms
[2020-08-18T06:49:37.647+0000][6][gc,marking   ] GC(7) Concurrent Mark (10.447s)
[2020-08-18T06:49:37.648+0000][6][gc,marking   ] GC(7) Concurrent Mark From Roots
[2020-08-18T06:49:37.648+0000][6][gc,task      ] GC(7) Using 1 workers of 1 for marking
[2020-08-18T06:49:37.661+0000][6][gc,marking   ] GC(7) Concurrent Mark From Roots 13.286ms
[2020-08-18T06:49:37.661+0000][6][gc,marking   ] GC(7) Concurrent Preclean
[2020-08-18T06:49:37.662+0000][6][gc,marking   ] GC(7) Concurrent Preclean 0.533ms
[2020-08-18T06:49:37.662+0000][6][gc,marking   ] GC(7) Concurrent Mark (10.447s, 10.462s) 15.481ms
[2020-08-18T06:49:37.664+0000][6][gc,start     ] GC(7) Pause Remark
[2020-08-18T06:49:37.674+0000][6][gc           ] GC(7) Pause Remark 30M->30M(512M) 10.601ms
[2020-08-18T06:49:37.675+0000][6][gc,cpu       ] GC(7) User=0.01s Sys=0.00s Real=0.01s
[2020-08-18T06:49:37.676+0000][6][safepoint    ] Safepoint "G1Concurrent", Time since last: 50830600 ns, Reaching safepoint: 369900 ns, At safepoint: 12177500 ns, Total: 12547400 ns
[2020-08-18T06:49:37.676+0000][6][gc,marking   ] GC(7) Concurrent Rebuild Remembered Sets
[2020-08-18T06:49:37.690+0000][6][gc,marking   ] GC(7) Concurrent Rebuild Remembered Sets 13.967ms
[2020-08-18T06:49:37.691+0000][6][gc,start     ] GC(7) Pause Cleanup
[2020-08-18T06:49:37.692+0000][6][gc           ] GC(7) Pause Cleanup 32M->32M(512M) 0.793ms
[2020-08-18T06:49:37.693+0000][6][gc,cpu       ] GC(7) User=0.00s Sys=0.00s Real=0.00s
[2020-08-18T06:49:37.694+0000][6][safepoint    ] Safepoint "G1Concurrent", Time since last: 14998100 ns, Reaching safepoint: 719400 ns, At safepoint: 2417400 ns, Total: 3136800 ns
[2020-08-18T06:49:37.695+0000][6][gc,marking   ] GC(7) Concurrent Cleanup for Next Mark
[2020-08-18T06:49:37.698+0000][6][gc,marking   ] GC(7) Concurrent Cleanup for Next Mark 3.516ms
[2020-08-18T06:49:37.699+0000][6][gc           ] GC(7) Concurrent Cycle 86.893ms
[2020-08-18T06:49:38.769+0000][6][safepoint    ] Safepoint "Cleanup", Time since last: 1072967604 ns, Reaching safepoint: 2733200 ns, At safepoint: 3800 ns, Total: 2737000 ns
[2020-08-18T06:49:39.886+0000][6][safepoint    ] Safepoint "Cleanup", Time since last: 1104993504 ns, Reaching safepoint: 11138400 ns, At safepoint: 5800 ns, Total: 11144200 ns
[2020-08-18T06:49:40.936+0000][6][safepoint    ] Safepoint "Cleanup", Time since last: 1040018213 ns, Reaching safepoint: 10237200 ns, At safepoint: 15900 ns, Total: 10253100 ns
[2020-08-18T06:49:41.941+0000][6][safepoint    ] Safepoint "Cleanup", Time since last: 1003238129 ns, Reaching safepoint: 2121100 ns, At safepoint: 12700 ns, Total: 2133800 ns
[2020-08-18T06:49:42.534+0000][6][gc,start     ] GC(8) Pause Young (Normal) (G1 Evacuation Pause)
[2020-08-18T06:49:42.535+0000][6][gc,task      ] GC(8) Using 2 workers of 2 for evacuation
[2020-08-18T06:49:42.535+0000][6][gc,age       ] GC(8) Desired survivor size 20447232 bytes, new threshold 15 (max threshold 15)
[2020-08-18T06:49:42.683+0000][6][gc,age       ] GC(8) Age table with threshold 15 (max threshold 15)
[2020-08-18T06:49:42.692+0000][6][gc,age       ] GC(8) - age   1:   11371976 bytes,   11371976 total
[2020-08-18T06:49:42.695+0000][6][gc,age       ] GC(8) - age   2:    1752560 bytes,   13124536 total
[2020-08-18T06:49:42.697+0000][6][gc,age       ] GC(8) - age   3:    2237992 bytes,   15362528 total
[2020-08-18T06:49:42.700+0000][6][gc,age       ] GC(8) - age   4:    3621640 bytes,   18984168 total
[2020-08-18T06:49:42.703+0000][6][gc,age       ] GC(8) - age   5:    3399704 bytes,   22383872 total
[2020-08-18T06:49:42.706+0000][6][gc,age       ] GC(8) - age   6:    1931464 bytes,   24315336 total
[2020-08-18T06:49:42.707+0000][6][gc,age       ] GC(8) - age   7:     952040 bytes,   25267376 total
[2020-08-18T06:49:42.707+0000][6][gc,phases    ] GC(8)   Pre Evacuate Collection Set: 0.2ms
[2020-08-18T06:49:42.708+0000][6][gc,phases    ] GC(8)   Merge Heap Roots: 0.1ms
[2020-08-18T06:49:42.709+0000][6][gc,phases    ] GC(8)   Evacuate Collection Set: 143.3ms
[2020-08-18T06:49:42.709+0000][6][gc,phases    ] GC(8)   Post Evacuate Collection Set: 3.2ms
[2020-08-18T06:49:42.709+0000][6][gc,phases    ] GC(8)   Other: 26.6ms
[2020-08-18T06:49:42.710+0000][6][gc,heap      ] GC(8) Eden regions: 293->0(279)
[2020-08-18T06:49:42.710+0000][6][gc,heap      ] GC(8) Survivor regions: 14->25(39)
[2020-08-18T06:49:42.711+0000][6][gc,heap      ] GC(8) Old regions: 3->3
[2020-08-18T06:49:42.711+0000][6][gc,heap      ] GC(8) Archive regions: 2->2
[2020-08-18T06:49:42.711+0000][6][gc,heap      ] GC(8) Humongous regions: 1->1
[2020-08-18T06:49:42.712+0000][6][gc,metaspace ] GC(8) Metaspace: 29029K(31612K)->29029K(31612K) NonClass: 25343K(27132K)->25343K(27132K) Class: 3686K(4480K)->3686K(4480K)
[2020-08-18T06:49:42.712+0000][6][gc           ] GC(8) Pause Young (Normal) (G1 Evacuation Pause) 311M->29M(512M) 178.255ms
[2020-08-18T06:49:42.713+0000][6][gc,cpu       ] GC(8) User=0.23s Sys=0.01s Real=0.18s
[2020-08-18T06:49:42.714+0000][6][safepoint    ] Safepoint "G1CollectForAllocation", Time since last: 592935817 ns, Reaching safepoint: 81800 ns, At safepoint: 179570505 ns, Total: 179652305 ns
[2020-08-18T06:49:43.729+0000][6][safepoint    ] Safepoint "Cleanup", Time since last: 1014671529 ns, Reaching safepoint: 309900 ns, At safepoint: 6300 ns, Total: 316200 ns
[2020-08-18T06:49:43.992+0000][6][safepoint    ] Safepoint "BulkRevokeBias", Time since last: 263297707 ns, Reaching safepoint: 225000 ns, At safepoint: 72100 ns, Total: 297100 ns
[2020-08-18T06:49:45.048+0000][6][safepoint    ] Safepoint "Cleanup", Time since last: 1053270230 ns, Reaching safepoint: 2218000 ns, At safepoint: 7000 ns, Total: 2225000 ns
[2020-08-18T06:49:46.510+0000][6][safepoint    ] Safepoint "Cleanup", Time since last: 1457233542 ns, Reaching safepoint: 4975900 ns, At safepoint: 12800 ns, Total: 4988700 ns
[2020-08-18T06:49:47.514+0000][6][safepoint    ] Safepoint "Cleanup", Time since last: 1003106428 ns, Reaching safepoint: 870400 ns, At safepoint: 11600 ns, Total: 882000 ns
[2020-08-18T06:49:48.022+0000][6][gc,start     ] GC(9) Pause Young (Concurrent Start) (Metadata GC Threshold)
[2020-08-18T06:49:48.023+0000][6][gc,task      ] GC(9) Using 2 workers of 2 for evacuation
[2020-08-18T06:49:48.024+0000][6][gc,age       ] GC(9) Desired survivor size 19922944 bytes, new threshold 5 (max threshold 15)
[2020-08-18T06:49:48.244+0000][6][gc,age       ] GC(9) Age table with threshold 5 (max threshold 15)
[2020-08-18T06:49:48.245+0000][6][gc,age       ] GC(9) - age   1:   18229576 bytes,   18229576 total
[2020-08-18T06:49:48.245+0000][6][gc,age       ] GC(9) - age   2:   11098680 bytes,   29328256 total
[2020-08-18T06:49:48.246+0000][6][gc,age       ] GC(9) - age   3:    1750528 bytes,   31078784 total
[2020-08-18T06:49:48.246+0000][6][gc,age       ] GC(9) - age   4:    2230624 bytes,   33309408 total
[2020-08-18T06:49:48.247+0000][6][gc,age       ] GC(9) - age   5:    3619432 bytes,   36928840 total
[2020-08-18T06:49:48.247+0000][6][gc,mmu       ] GC(9) MMU target violated: 201.0ms (200.0ms/201.0ms)
[2020-08-18T06:49:48.248+0000][6][gc,phases    ] GC(9)   Pre Evacuate Collection Set: 0.5ms
[2020-08-18T06:49:48.249+0000][6][gc,phases    ] GC(9)   Merge Heap Roots: 0.2ms
[2020-08-18T06:49:48.251+0000][6][gc,phases    ] GC(9)   Evacuate Collection Set: 216.7ms
[2020-08-18T06:49:48.252+0000][6][gc,phases    ] GC(9)   Post Evacuate Collection Set: 2.4ms
[2020-08-18T06:49:48.253+0000][6][gc,phases    ] GC(9)   Other: 6.0ms
[2020-08-18T06:49:48.254+0000][6][gc,heap      ] GC(9) Eden regions: 169->0(1)
[2020-08-18T06:49:48.255+0000][6][gc,heap      ] GC(9) Survivor regions: 25->36(38)
[2020-08-18T06:49:48.255+0000][6][gc,heap      ] GC(9) Old regions: 3->10
[2020-08-18T06:49:48.256+0000][6][gc,heap      ] GC(9) Archive regions: 2->2
[2020-08-18T06:49:48.256+0000][6][gc,heap      ] GC(9) Humongous regions: 1->1
[2020-08-18T06:49:48.257+0000][6][gc,metaspace ] GC(9) Metaspace: 32998K(36048K)->32998K(36048K) NonClass: 28667K(30716K)->28667K(30716K) Class: 4331K(5332K)->4331K(5332K)
[2020-08-18T06:49:48.257+0000][6][gc           ] GC(9) Pause Young (Concurrent Start) (Metadata GC Threshold) 197M->46M(512M) 235.121ms
[2020-08-18T06:49:48.258+0000][6][gc,cpu       ] GC(9) User=0.25s Sys=0.01s Real=0.23s
[2020-08-18T06:49:48.258+0000][6][gc           ] GC(10) Concurrent Cycle
[2020-08-18T06:49:48.259+0000][6][gc,marking   ] GC(10) Concurrent Clear Claimed Marks
[2020-08-18T06:49:48.261+0000][6][gc,marking   ] GC(10) Concurrent Clear Claimed Marks 1.358ms
[2020-08-18T06:49:48.261+0000][6][gc,marking   ] GC(10) Concurrent Scan Root Regions
[2020-08-18T06:49:48.259+0000][6][safepoint    ] Safepoint "CollectForMetadataAllocation", Time since last: 506795715 ns, Reaching safepoint: 1347100 ns, At safepoint: 236507607 ns, Total: 237854707 ns
[2020-08-18T06:49:48.347+0000][6][gc,marking   ] GC(10) Concurrent Scan Root Regions 85.839ms
[2020-08-18T06:49:48.349+0000][6][gc,marking   ] GC(10) Concurrent Mark (21.148s)
[2020-08-18T06:49:48.350+0000][6][gc,marking   ] GC(10) Concurrent Mark From Roots
[2020-08-18T06:49:48.351+0000][6][gc,task      ] GC(10) Using 1 workers of 1 for marking
[2020-08-18T06:49:48.380+0000][6][gc,marking   ] GC(10) Concurrent Mark From Roots 30.144ms
[2020-08-18T06:49:48.382+0000][6][gc,marking   ] GC(10) Concurrent Preclean
[2020-08-18T06:49:48.385+0000][6][gc,marking   ] GC(10) Concurrent Preclean 2.775ms
[2020-08-18T06:49:48.386+0000][6][gc,marking   ] GC(10) Concurrent Mark (21.148s, 21.186s) 37.757ms
[2020-08-18T06:49:48.388+0000][6][gc,start     ] GC(10) Pause Remark
[2020-08-18T06:49:48.402+0000][6][gc           ] GC(10) Pause Remark 47M->47M(512M) 13.940ms
[2020-08-18T06:49:48.402+0000][6][gc,cpu       ] GC(10) User=0.02s Sys=0.00s Real=0.02s
[2020-08-18T06:49:48.403+0000][6][safepoint    ] Safepoint "G1Concurrent", Time since last: 128531803 ns, Reaching safepoint: 378200 ns, At safepoint: 15473801 ns, Total: 15852001 ns
[2020-08-18T06:49:48.404+0000][6][gc,marking   ] GC(10) Concurrent Rebuild Remembered Sets
[2020-08-18T06:49:48.481+0000][6][gc,start     ] GC(11) Pause Young (Normal) (G1 Evacuation Pause)
[2020-08-18T06:49:48.483+0000][6][gc,task      ] GC(11) Using 2 workers of 2 for evacuation
[2020-08-18T06:49:48.492+0000][6][gc,age       ] GC(11) Desired survivor size 2621440 bytes, new threshold 1 (max threshold 15)
[2020-08-18T06:49:48.637+0000][6][gc,age       ] GC(11) Age table with threshold 1 (max threshold 15)
[2020-08-18T06:49:48.638+0000][6][gc,age       ] GC(11) - age   1:      39824 bytes,      39824 total
[2020-08-18T06:49:48.639+0000][6][gc,phases    ] GC(11)   Pre Evacuate Collection Set: 1.6ms
[2020-08-18T06:49:48.640+0000][6][gc,phases    ] GC(11)   Merge Heap Roots: 5.0ms
[2020-08-18T06:49:48.640+0000][6][gc,phases    ] GC(11)   Evacuate Collection Set: 133.1ms
[2020-08-18T06:49:48.641+0000][6][gc,phases    ] GC(11)   Post Evacuate Collection Set: 3.9ms
[2020-08-18T06:49:48.642+0000][6][gc,phases    ] GC(11)   Other: 14.5ms
[2020-08-18T06:49:48.643+0000][6][gc,heap      ] GC(11) Eden regions: 1->0(301)
[2020-08-18T06:49:48.649+0000][6][gc,heap      ] GC(11) Survivor regions: 36->1(5)
[2020-08-18T06:49:48.650+0000][6][gc,heap      ] GC(11) Old regions: 10->45
[2020-08-18T06:49:48.651+0000][6][gc,heap      ] GC(11) Archive regions: 2->2
[2020-08-18T06:49:48.652+0000][6][gc,heap      ] GC(11) Humongous regions: 1->1
[2020-08-18T06:49:48.652+0000][6][gc,metaspace ] GC(11) Metaspace: 33179K(36304K)->33179K(36304K) NonClass: 28826K(30972K)->28826K(30972K) Class: 4353K(5332K)->4353K(5332K)
[2020-08-18T06:49:48.653+0000][6][gc           ] GC(11) Pause Young (Normal) (G1 Evacuation Pause) 47M->47M(512M) 171.398ms
[2020-08-18T06:49:48.653+0000][6][gc,cpu       ] GC(11) User=0.17s Sys=0.00s Real=0.17s
[2020-08-18T06:49:48.654+0000][6][safepoint    ] Safepoint "G1CollectForAllocation", Time since last: 66495402 ns, Reaching safepoint: 11392200 ns, At safepoint: 172800501 ns, Total: 184192701 ns
[2020-08-18T06:49:48.674+0000][6][gc,marking   ] GC(10) Concurrent Rebuild Remembered Sets 269.706ms
[2020-08-18T06:49:48.681+0000][6][gc,start     ] GC(10) Pause Cleanup
[2020-08-18T06:49:48.683+0000][6][gc           ] GC(10) Pause Cleanup 47M->47M(512M) 1.532ms
[2020-08-18T06:49:48.684+0000][6][gc,cpu       ] GC(10) User=0.00s Sys=0.00s Real=0.00s
[2020-08-18T06:49:48.685+0000][6][safepoint    ] Safepoint "G1Concurrent", Time since last: 20574200 ns, Reaching safepoint: 6736000 ns, At safepoint: 3616100 ns, Total: 10352100 ns
[2020-08-18T06:49:48.686+0000][6][gc,marking   ] GC(10) Concurrent Cleanup for Next Mark
[2020-08-18T06:49:48.693+0000][6][gc,marking   ] GC(10) Concurrent Cleanup for Next Mark 6.951ms
[2020-08-18T06:49:48.701+0000][6][gc           ] GC(10) Concurrent Cycle 443.030ms
[2020-08-18T06:49:49.687+0000][6][safepoint    ] Safepoint "Cleanup", Time since last: 1001758297 ns, Reaching safepoint: 204700 ns, At safepoint: 14900 ns, Total: 219600 ns
[2020-08-18T06:49:50.688+0000][6][safepoint    ] Safepoint "Cleanup", Time since last: 1001042897 ns, Reaching safepoint: 181800 ns, At safepoint: 3900 ns, Total: 185700 ns
[2020-08-18T06:49:51.689+0000][6][safepoint    ] Safepoint "Cleanup", Time since last: 1000795297 ns, Reaching safepoint: 198200 ns, At safepoint: 7400 ns, Total: 205600 ns
[2020-08-18T06:49:53.419+0000][6][safepoint    ] Safepoint "Cleanup", Time since last: 1730152094 ns, Reaching safepoint: 191300 ns, At safepoint: 4700 ns, Total: 196000 ns
[2020-08-18T06:49:54.424+0000][6][safepoint    ] Safepoint "Cleanup", Time since last: 1001810197 ns, Reaching safepoint: 3090200 ns, At safepoint: 10800 ns, Total: 3101000 ns
[2020-08-18T06:49:55.543+0000][6][safepoint    ] Safepoint "Cleanup", Time since last: 1113602396 ns, Reaching safepoint: 5484400 ns, At safepoint: 12500 ns, Total: 5496900 ns
[2020-08-18T06:49:56.594+0000][6][safepoint    ] Safepoint "Cleanup", Time since last: 1050891193 ns, Reaching safepoint: 185100 ns, At safepoint: 5800 ns, Total: 190900 ns
[2020-08-18T06:49:57.601+0000][6][safepoint    ] Safepoint "Cleanup", Time since last: 1004700500 ns, Reaching safepoint: 2306600 ns, At safepoint: 6600 ns, Total: 2313200 ns
[2020-08-18T06:49:58.701+0000][6][safepoint    ] Safepoint "Cleanup", Time since last: 1096605291 ns, Reaching safepoint: 3029899 ns, At safepoint: 9300 ns, Total: 3039199 ns
[2020-08-18T06:49:58.740+0000][6][safepoint    ] Safepoint "BulkRevokeBias", Time since last: 39115296 ns, Reaching safepoint: 262500 ns, At safepoint: 127700 ns, Total: 390200 ns
[2020-08-18T06:49:58.842+0000][6][safepoint    ] Safepoint "BulkRevokeBias", Time since last: 100865190 ns, Reaching safepoint: 67400 ns, At safepoint: 100600 ns, Total: 168000 ns
[2020-08-18T06:49:58.992+0000][6][safepoint    ] Safepoint "BulkRevokeBias", Time since last: 149535185 ns, Reaching safepoint: 595800 ns, At safepoint: 123900 ns, Total: 719700 ns
[2020-08-18T06:49:59.061+0000][6][gc,start     ] GC(12) Pause Young (Concurrent Start) (Metadata GC Threshold)
[2020-08-18T06:49:59.062+0000][6][gc,task      ] GC(12) Using 2 workers of 2 for evacuation
[2020-08-18T06:49:59.063+0000][6][gc,age       ] GC(12) Desired survivor size 19922944 bytes, new threshold 15 (max threshold 15)
[2020-08-18T06:49:59.146+0000][6][gc,age       ] GC(12) Age table with threshold 15 (max threshold 15)
[2020-08-18T06:49:59.147+0000][6][gc,age       ] GC(12) - age   1:   10291856 bytes,   10291856 total
[2020-08-18T06:49:59.147+0000][6][gc,age       ] GC(12) - age   2:      29992 bytes,   10321848 total
[2020-08-18T06:49:59.148+0000][6][gc,phases    ] GC(12)   Pre Evacuate Collection Set: 0.6ms
[2020-08-18T06:49:59.148+0000][6][gc,phases    ] GC(12)   Merge Heap Roots: 0.4ms
[2020-08-18T06:49:59.149+0000][6][gc,phases    ] GC(12)   Evacuate Collection Set: 79.8ms
[2020-08-18T06:49:59.149+0000][6][gc,phases    ] GC(12)   Post Evacuate Collection Set: 2.4ms
[2020-08-18T06:49:59.150+0000][6][gc,phases    ] GC(12)   Other: 3.9ms
[2020-08-18T06:49:59.150+0000][6][gc,heap      ] GC(12) Eden regions: 298->0(160)
[2020-08-18T06:49:59.151+0000][6][gc,heap      ] GC(12) Survivor regions: 1->11(38)
[2020-08-18T06:49:59.151+0000][6][gc,heap      ] GC(12) Old regions: 45->45
[2020-08-18T06:49:59.151+0000][6][gc,heap      ] GC(12) Archive regions: 2->2
[2020-08-18T06:49:59.152+0000][6][gc,heap      ] GC(12) Humongous regions: 1->1
[2020-08-18T06:49:59.152+0000][6][gc,metaspace ] GC(12) Metaspace: 55497K(60508K)->55497K(60508K) NonClass: 48017K(51080K)->48017K(51080K) Class: 7479K(9428K)->7479K(9428K)
[2020-08-18T06:49:59.153+0000][6][gc           ] GC(12) Pause Young (Concurrent Start) (Metadata GC Threshold) 344M->56M(512M) 91.714ms
[2020-08-18T06:49:59.153+0000][6][gc,cpu       ] GC(12) User=0.10s Sys=0.01s Real=0.09s
[2020-08-18T06:49:59.154+0000][6][gc           ] GC(13) Concurrent Cycle
[2020-08-18T06:49:59.158+0000][6][gc,marking   ] GC(13) Concurrent Clear Claimed Marks
[2020-08-18T06:49:59.161+0000][6][gc,marking   ] GC(13) Concurrent Clear Claimed Marks 2.943ms
[2020-08-18T06:49:59.162+0000][6][gc,marking   ] GC(13) Concurrent Scan Root Regions
[2020-08-18T06:49:59.158+0000][6][safepoint    ] Safepoint "CollectForMetadataAllocation", Time since last: 64179494 ns, Reaching safepoint: 4836399 ns, At safepoint: 97687991 ns, Total: 102524390 ns
[2020-08-18T06:49:59.205+0000][6][gc,marking   ] GC(13) Concurrent Scan Root Regions 43.221ms
[2020-08-18T06:49:59.206+0000][6][gc,marking   ] GC(13) Concurrent Mark (32.005s)
[2020-08-18T06:49:59.206+0000][6][gc,marking   ] GC(13) Concurrent Mark From Roots
[2020-08-18T06:49:59.207+0000][6][gc,task      ] GC(13) Using 1 workers of 1 for marking
[2020-08-18T06:49:59.211+0000][6][safepoint    ] Safepoint "CollectForMetadataAllocation", Time since last: 52595694 ns, Reaching safepoint: 99700 ns, At safepoint: 156300 ns, Total: 256000 ns
[2020-08-18T06:49:59.398+0000][6][safepoint    ] Safepoint "CollectForMetadataAllocation", Time since last: 180976282 ns, Reaching safepoint: 5288400 ns, At safepoint: 225900 ns, Total: 5514300 ns
[2020-08-18T06:49:59.535+0000][6][gc,marking   ] GC(13) Concurrent Mark From Roots 329.145ms
[2020-08-18T06:49:59.536+0000][6][gc,marking   ] GC(13) Concurrent Preclean
[2020-08-18T06:49:59.538+0000][6][gc,marking   ] GC(13) Concurrent Preclean 1.193ms
[2020-08-18T06:49:59.538+0000][6][gc,marking   ] GC(13) Concurrent Mark (32.005s, 32.338s) 332.342ms
[2020-08-18T06:49:59.539+0000][6][gc,start     ] GC(13) Pause Remark
[2020-08-18T06:49:59.551+0000][6][gc           ] GC(13) Pause Remark 73M->73M(512M) 12.797ms
[2020-08-18T06:49:59.552+0000][6][gc,cpu       ] GC(13) User=0.02s Sys=0.00s Real=0.01s
[2020-08-18T06:49:59.552+0000][6][safepoint    ] Safepoint "G1Concurrent", Time since last: 140582086 ns, Reaching safepoint: 151900 ns, At safepoint: 13838998 ns, Total: 13990898 ns
[2020-08-18T06:49:59.553+0000][6][gc,marking   ] GC(13) Concurrent Rebuild Remembered Sets
[2020-08-18T06:49:59.816+0000][6][gc,marking   ] GC(13) Concurrent Rebuild Remembered Sets 263.123ms
[2020-08-18T06:49:59.818+0000][6][gc,start     ] GC(13) Pause Cleanup
[2020-08-18T06:49:59.819+0000][6][gc           ] GC(13) Pause Cleanup 94M->94M(512M) 0.826ms
[2020-08-18T06:49:59.819+0000][6][gc,cpu       ] GC(13) User=0.00s Sys=0.00s Real=0.00s
[2020-08-18T06:49:59.820+0000][6][safepoint    ] Safepoint "G1Concurrent", Time since last: 264252074 ns, Reaching safepoint: 1585300 ns, At safepoint: 1685900 ns, Total: 3271200 ns
[2020-08-18T06:49:59.820+0000][6][gc,marking   ] GC(13) Concurrent Cleanup for Next Mark
[2020-08-18T06:49:59.823+0000][6][gc,marking   ] GC(13) Concurrent Cleanup for Next Mark 2.965ms
[2020-08-18T06:49:59.824+0000][6][gc           ] GC(13) Concurrent Cycle 670.197ms
[2020-08-18T06:50:00.408+0000][6][safepoint    ] Safepoint "BulkRevokeBias", Time since last: 586833841 ns, Reaching safepoint: 842300 ns, At safepoint: 129700 ns, Total: 972000 ns
[2020-08-18T06:50:01.414+0000][6][safepoint    ] Safepoint "Cleanup", Time since last: 1004344700 ns, Reaching safepoint: 1440000 ns, At safepoint: 4400 ns, Total: 1444400 ns
[2020-08-18T06:50:02.415+0000][6][safepoint    ] Safepoint "Cleanup", Time since last: 1001147900 ns, Reaching safepoint: 140000 ns, At safepoint: 3200 ns, Total: 143200 ns
[2020-08-18T06:50:03.447+0000][6][safepoint    ] Safepoint "Cleanup", Time since last: 1030837297 ns, Reaching safepoint: 1107800 ns, At safepoint: 14300 ns, Total: 1122100 ns
[2020-08-18T06:50:04.841+0000][6][safepoint    ] Safepoint "Cleanup", Time since last: 1393261072 ns, Reaching safepoint: 493100 ns, At safepoint: 9600 ns, Total: 502700 ns
[2020-08-18T06:50:05.864+0000][6][safepoint    ] Safepoint "Cleanup", Time since last: 1023180238 ns, Reaching safepoint: 725000 ns, At safepoint: 8600 ns, Total: 733600 ns
[2020-08-18T06:50:06.794+0000][6][gc,start     ] GC(14) Pause Young (Concurrent Start) (G1 Evacuation Pause)
[2020-08-18T06:50:06.795+0000][6][gc,task      ] GC(14) Using 2 workers of 2 for evacuation
[2020-08-18T06:50:06.796+0000][6][gc,age       ] GC(14) Desired survivor size 15204352 bytes, new threshold 15 (max threshold 15)
[2020-08-18T06:50:06.890+0000][6][gc,age       ] GC(14) Age table with threshold 15 (max threshold 15)
[2020-08-18T06:50:06.891+0000][6][gc,age       ] GC(14) - age   1:    6167680 bytes,    6167680 total
[2020-08-18T06:50:06.891+0000][6][gc,age       ] GC(14) - age   2:    9895256 bytes,   16062936 total
[2020-08-18T06:50:06.892+0000][6][gc,age       ] GC(14) - age   3:      29480 bytes,   16092416 total
[2020-08-18T06:50:06.892+0000][6][gc,phases    ] GC(14)   Pre Evacuate Collection Set: 1.1ms
[2020-08-18T06:50:06.893+0000][6][gc,phases    ] GC(14)   Merge Heap Roots: 0.6ms
[2020-08-18T06:50:06.893+0000][6][gc,phases    ] GC(14)   Evacuate Collection Set: 88.3ms
[2020-08-18T06:50:06.894+0000][6][gc,phases    ] GC(14)   Post Evacuate Collection Set: 3.4ms
[2020-08-18T06:50:06.895+0000][6][gc,phases    ] GC(14)   Other: 4.9ms
[2020-08-18T06:50:06.895+0000][6][gc,heap      ] GC(14) Eden regions: 216->0(123)
[2020-08-18T06:50:06.896+0000][6][gc,heap      ] GC(14) Survivor regions: 11->16(29)
[2020-08-18T06:50:06.896+0000][6][gc,heap      ] GC(14) Old regions: 45->45
[2020-08-18T06:50:06.897+0000][6][gc,heap      ] GC(14) Archive regions: 2->2
[2020-08-18T06:50:06.897+0000][6][gc,heap      ] GC(14) Humongous regions: 1->1
[2020-08-18T06:50:06.898+0000][6][gc,metaspace ] GC(14) Metaspace: 72540K(78812K)->72540K(78812K) NonClass: 62551K(66184K)->62551K(66184K) Class: 9989K(12628K)->9989K(12628K)
[2020-08-18T06:50:06.898+0000][6][gc           ] GC(14) Pause Young (Concurrent Start) (G1 Evacuation Pause) 272M->62M(512M) 104.027ms
[2020-08-18T06:50:06.899+0000][6][gc,cpu       ] GC(14) User=0.10s Sys=0.00s Real=0.11s
[2020-08-18T06:50:06.899+0000][6][gc           ] GC(15) Concurrent Cycle
[2020-08-18T06:50:06.900+0000][6][gc,marking   ] GC(15) Concurrent Clear Claimed Marks
[2020-08-18T06:50:06.904+0000][6][gc,marking   ] GC(15) Concurrent Clear Claimed Marks 3.710ms
[2020-08-18T06:50:06.905+0000][6][gc,marking   ] GC(15) Concurrent Scan Root Regions
[2020-08-18T06:50:06.899+0000][6][safepoint    ] Safepoint "G1CollectForAllocation", Time since last: 929602843 ns, Reaching safepoint: 168100 ns, At safepoint: 105152994 ns, Total: 105321094 ns
[2020-08-18T06:50:06.983+0000][6][gc,marking   ] GC(15) Concurrent Scan Root Regions 77.760ms
[2020-08-18T06:50:06.983+0000][6][gc,marking   ] GC(15) Concurrent Mark (39.783s)
[2020-08-18T06:50:06.984+0000][6][gc,marking   ] GC(15) Concurrent Mark From Roots
[2020-08-18T06:50:06.984+0000][6][gc,task      ] GC(15) Using 1 workers of 1 for marking
[2020-08-18T06:50:07.576+0000][6][gc,marking   ] GC(15) Concurrent Mark From Roots 592.460ms
[2020-08-18T06:50:07.577+0000][6][gc,marking   ] GC(15) Concurrent Preclean
[2020-08-18T06:50:07.578+0000][6][gc,marking   ] GC(15) Concurrent Preclean 0.860ms
[2020-08-18T06:50:07.579+0000][6][gc,marking   ] GC(15) Concurrent Mark (39.783s, 40.378s) 595.158ms
[2020-08-18T06:50:07.579+0000][6][gc,start     ] GC(15) Pause Remark
[2020-08-18T06:50:07.602+0000][6][gc           ] GC(15) Pause Remark 72M->72M(512M) 23.032ms
[2020-08-18T06:50:07.603+0000][6][gc,cpu       ] GC(15) User=0.02s Sys=0.00s Real=0.02s
[2020-08-18T06:50:07.604+0000][6][safepoint    ] Safepoint "G1Concurrent", Time since last: 679753459 ns, Reaching safepoint: 149500 ns, At safepoint: 24861098 ns, Total: 25010598 ns
[2020-08-18T06:50:07.605+0000][6][gc,marking   ] GC(15) Concurrent Rebuild Remembered Sets
[2020-08-18T06:50:08.058+0000][6][gc,marking   ] GC(15) Concurrent Rebuild Remembered Sets 452.804ms
[2020-08-18T06:50:08.079+0000][6][gc,start     ] GC(15) Pause Cleanup
[2020-08-18T06:50:08.086+0000][6][gc           ] GC(15) Pause Cleanup 77M->77M(512M) 6.478ms
[2020-08-18T06:50:08.089+0000][6][gc,cpu       ] GC(15) User=0.00s Sys=0.00s Real=0.01s
[2020-08-18T06:50:08.099+0000][6][safepoint    ] Safepoint "G1Concurrent", Time since last: 468068072 ns, Reaching safepoint: 7255700 ns, At safepoint: 19140198 ns, Total: 26395898 ns
[2020-08-18T06:50:08.099+0000][6][gc,marking   ] GC(15) Concurrent Cleanup for Next Mark
[2020-08-18T06:50:08.106+0000][6][gc,marking   ] GC(15) Concurrent Cleanup for Next Mark 6.256ms
[2020-08-18T06:50:08.106+0000][6][gc           ] GC(15) Concurrent Cycle 1206.925ms
[2020-08-18T06:50:09.336+0000][6][safepoint    ] Safepoint "ICBufferFull", Time since last: 1236071026 ns, Reaching safepoint: 839200 ns, At safepoint: 57600 ns, Total: 896800 ns
[2020-08-18T06:50:10.339+0000][6][safepoint    ] Safepoint "Cleanup", Time since last: 1002849339 ns, Reaching safepoint: 310400 ns, At safepoint: 4200 ns, Total: 314600 ns
[2020-08-18T06:50:10.365+0000][6][safepoint    ] Safepoint "BulkRevokeBias", Time since last: 25788198 ns, Reaching safepoint: 188300 ns, At safepoint: 274700 ns, Total: 463000 ns
[2020-08-18T06:50:11.383+0000][6][safepoint    ] Safepoint "Cleanup", Time since last: 1017084039 ns, Reaching safepoint: 656300 ns, At safepoint: 17500 ns, Total: 673800 ns
[2020-08-18T06:50:11.438+0000][6][safepoint    ] Safepoint "BulkRevokeBias", Time since last: 49334897 ns, Reaching safepoint: 5975099 ns, At safepoint: 275800 ns, Total: 6250899 ns
[2020-08-18T06:50:11.463+0000][6][safepoint    ] Safepoint "BulkRevokeBias", Time since last: 19695599 ns, Reaching safepoint: 5031900 ns, At safepoint: 257000 ns, Total: 5288900 ns
[2020-08-18T06:50:12.801+0000][6][safepoint    ] Safepoint "Cleanup", Time since last: 1337053623 ns, Reaching safepoint: 540800 ns, At safepoint: 19000 ns, Total: 559800 ns
[2020-08-18T06:50:14.803+0000][6][safepoint    ] Safepoint "Cleanup", Time since last: 2001997614 ns, Reaching safepoint: 130700 ns, At safepoint: 4200 ns, Total: 134900 ns
[2020-08-18T06:50:19.804+0000][6][safepoint    ] Safepoint "Cleanup", Time since last: 5001127688 ns, Reaching safepoint: 80400 ns, At safepoint: 3500 ns, Total: 83900 ns
[2020-08-18T06:50:24.806+0000][6][safepoint    ] Safepoint "Cleanup", Time since last: 5001306745 ns, Reaching safepoint: 88400 ns, At safepoint: 3600 ns, Total: 92000 ns
[2020-08-18T06:50:25.806+0000][6][safepoint    ] Safepoint "Cleanup", Time since last: 1000638563 ns, Reaching safepoint: 88300 ns, At safepoint: 3099 ns, Total: 91399 ns
[2020-08-18T06:50:31.401+0000][6][safepoint    ] Safepoint "Cleanup", Time since last: 5594501924 ns, Reaching safepoint: 84600 ns, At safepoint: 3900 ns, Total: 88500 ns
[2020-08-18T06:50:32.402+0000][6][safepoint    ] Safepoint "Cleanup", Time since last: 1001032288 ns, Reaching safepoint: 99600 ns, At safepoint: 3900 ns, Total: 103500 ns
[2020-08-18T06:50:37.404+0000][6][safepoint    ] Safepoint "Cleanup", Time since last: 5001303290 ns, Reaching safepoint: 112300 ns, At safepoint: 3100 ns, Total: 115400 ns
[2020-08-18T06:50:38.404+0000][6][safepoint    ] Safepoint "Cleanup", Time since last: 1000769250 ns, Reaching safepoint: 103400 ns, At safepoint: 3700 ns, Total: 107100 ns
[2020-08-18T06:50:39.405+0000][6][safepoint    ] Safepoint "Cleanup", Time since last: 1000775951 ns, Reaching safepoint: 97900 ns, At safepoint: 3800 ns, Total: 101700 ns
[2020-08-18T06:50:40.791+0000][6][safepoint    ] Safepoint "Cleanup", Time since last: 1385548070 ns, Reaching safepoint: 253900 ns, At safepoint: 4300 ns, Total: 258200 ns
[2020-08-18T06:50:41.792+0000][6][safepoint    ] Safepoint "Cleanup", Time since last: 1000992651 ns, Reaching safepoint: 112000 ns, At safepoint: 3500 ns, Total: 115500 ns
[2020-08-18T06:50:44.794+0000][6][safepoint    ] Safepoint "Cleanup", Time since last: 3001265016 ns, Reaching safepoint: 131700 ns, At safepoint: 4200 ns, Total: 135900 ns
[2020-08-18T06:50:52.796+0000][6][safepoint    ] Safepoint "Cleanup", Time since last: 8002376805 ns, Reaching safepoint: 201000 ns, At safepoint: 7300 ns, Total: 208300 ns
[2020-08-18T06:50:53.797+0000][6][safepoint    ] Safepoint "Cleanup", Time since last: 1000971758 ns, Reaching safepoint: 115900 ns, At safepoint: 3700 ns, Total: 119600 ns
[2020-08-18T06:50:54.799+0000][6][safepoint    ] Safepoint "Cleanup", Time since last: 1001037459 ns, Reaching safepoint: 333100 ns, At safepoint: 12200 ns, Total: 345300 ns
[2020-08-18T06:50:56.803+0000][6][safepoint    ] Safepoint "Cleanup", Time since last: 2003674117 ns, Reaching safepoint: 456100 ns, At safepoint: 15900 ns, Total: 472000 ns
[2020-08-18T06:50:57.805+0000][6][safepoint    ] Safepoint "Cleanup", Time since last: 1002228858 ns, Reaching safepoint: 119600 ns, At safepoint: 3400 ns, Total: 123000 ns
[2020-08-18T06:50:58.806+0000][6][safepoint    ] Safepoint "Cleanup", Time since last: 1000666159 ns, Reaching safepoint: 305000 ns, At safepoint: 9000 ns, Total: 314000 ns
[2020-08-18T06:51:00.808+0000][6][safepoint    ] Safepoint "Cleanup", Time since last: 2001347426 ns, Reaching safepoint: 256800 ns, At safepoint: 7200 ns, Total: 264000 ns
[2020-08-18T06:51:09.813+0000][6][safepoint    ] Safepoint "Cleanup", Time since last: 9004356731 ns, Reaching safepoint: 406800 ns, At safepoint: 10300 ns, Total: 417100 ns
[2020-08-18T06:51:10.819+0000][6][safepoint    ] Safepoint "Cleanup", Time since last: 1002202363 ns, Reaching safepoint: 3873198 ns, At safepoint: 109000 ns, Total: 3982198 ns
[2020-08-18T06:51:11.822+0000][6][safepoint    ] Safepoint "Cleanup", Time since last: 1003320862 ns, Reaching safepoint: 119800 ns, At safepoint: 3100 ns, Total: 122900 ns
[2020-08-18T06:51:12.823+0000][6][safepoint    ] Safepoint "Cleanup", Time since last: 1000890163 ns, Reaching safepoint: 104500 ns, At safepoint: 3000 ns, Total: 107500 ns
[2020-08-18T06:51:17.825+0000][6][safepoint    ] Safepoint "Cleanup", Time since last: 5001817074 ns, Reaching safepoint: 409199 ns, At safepoint: 10000 ns, Total: 419199 ns
[2020-08-18T06:51:19.829+0000][6][safepoint    ] Safepoint "Cleanup", Time since last: 2002713051 ns, Reaching safepoint: 418699 ns, At safepoint: 76100 ns, Total: 494799 ns
[2020-08-18T06:51:22.832+0000][6][safepoint    ] Safepoint "Cleanup", Time since last: 3003282221 ns, Reaching safepoint: 235400 ns, At safepoint: 6500 ns, Total: 241900 ns
[2020-08-18T06:51:24.834+0000][6][safepoint    ] Safepoint "Cleanup", Time since last: 2001636544 ns, Reaching safepoint: 301699 ns, At safepoint: 10800 ns, Total: 312499 ns
[2020-08-18T06:51:25.836+0000][6][safepoint    ] Safepoint "Cleanup", Time since last: 1001120848 ns, Reaching safepoint: 532299 ns, At safepoint: 22100 ns, Total: 554399 ns
[2020-08-18T06:51:31.841+0000][6][safepoint    ] Safepoint "Cleanup", Time since last: 6004727229 ns, Reaching safepoint: 495000 ns, At safepoint: 151300 ns, Total: 646300 ns
[2020-08-18T06:51:39.846+0000][6][safepoint    ] Safepoint "Cleanup", Time since last: 8004028738 ns, Reaching safepoint: 402100 ns, At safepoint: 10400 ns, Total: 412500 ns
[2020-08-18T06:51:40.850+0000][6][safepoint    ] Safepoint "Cleanup", Time since last: 1002708804 ns, Reaching safepoint: 1414999 ns, At safepoint: 174200 ns, Total: 1589199 ns
[2020-08-18T06:51:45.855+0000][6][safepoint    ] Safepoint "Cleanup", Time since last: 5004825706 ns, Reaching safepoint: 134500 ns, At safepoint: 3500 ns, Total: 138000 ns
[2020-08-18T06:51:47.856+0000][6][safepoint    ] Safepoint "Cleanup", Time since last: 2001149802 ns, Reaching safepoint: 169600 ns, At safepoint: 4100 ns, Total: 173700 ns
[2020-08-18T06:51:48.857+0000][6][safepoint    ] Safepoint "Cleanup", Time since last: 1001101606 ns, Reaching safepoint: 126400 ns, At safepoint: 3900 ns, Total: 130300 ns
[2020-08-18T06:51:55.861+0000][6][safepoint    ] Safepoint "Cleanup", Time since last: 7002852492 ns, Reaching safepoint: 431400 ns, At safepoint: 13800 ns, Total: 445200 ns
[2020-08-18T06:51:57.864+0000][6][safepoint    ] Safepoint "Cleanup", Time since last: 2002971077 ns, Reaching safepoint: 798000 ns, At safepoint: 27900 ns, Total: 825900 ns
[2020-08-18T06:52:00.869+0000][6][safepoint    ] Safepoint "Cleanup", Time since last: 3003372507 ns, Reaching safepoint: 1390700 ns, At safepoint: 28200 ns, Total: 1418900 ns
[2020-08-18T06:52:01.873+0000][6][safepoint    ] Safepoint "Cleanup", Time since last: 1003129269 ns, Reaching safepoint: 194600 ns, At safepoint: 5500 ns, Total: 200100 ns
[2020-08-18T06:52:02.874+0000][6][safepoint    ] Safepoint "Cleanup", Time since last: 1001458369 ns, Reaching safepoint: 268500 ns, At safepoint: 8300 ns, Total: 276800 ns
[2020-08-18T06:52:10.878+0000][6][safepoint    ] Safepoint "Cleanup", Time since last: 8003076768 ns, Reaching safepoint: 109100 ns, At safepoint: 2600 ns, Total: 111700 ns
[2020-08-18T06:52:14.879+0000][6][safepoint    ] Safepoint "Cleanup", Time since last: 4001421835 ns, Reaching safepoint: 148500 ns, At safepoint: 4100 ns, Total: 152600 ns
[2020-08-18T06:52:17.881+0000][6][safepoint    ] Safepoint "Cleanup", Time since last: 3001428778 ns, Reaching safepoint: 126300 ns, At safepoint: 2900 ns, Total: 129200 ns
[2020-08-18T06:52:30.885+0000][6][safepoint    ] Safepoint "Cleanup", Time since last: 13004416067 ns, Reaching safepoint: 339002 ns, At safepoint: 10500 ns, Total: 349502 ns
[2020-08-18T06:52:34.305+0000][6][gc,start     ] GC(16) Pause Young (Normal) (G1 Evacuation Pause)
[2020-08-18T06:52:34.306+0000][6][gc,task      ] GC(16) Using 2 workers of 2 for evacuation
[2020-08-18T06:52:34.306+0000][6][gc,age       ] GC(16) Desired survivor size 9437184 bytes, new threshold 2 (max threshold 15)
[2020-08-18T06:52:34.340+0000][6][gc,age       ] GC(16) Age table with threshold 2 (max threshold 15)
[2020-08-18T06:52:34.341+0000][6][gc,age       ] GC(16) - age   1:    2613480 bytes,    2613480 total
[2020-08-18T06:52:34.342+0000][6][gc,age       ] GC(16) - age   2:    6023552 bytes,    8637032 total
[2020-08-18T06:52:34.342+0000][6][gc,phases    ] GC(16)   Pre Evacuate Collection Set: 0.1ms
[2020-08-18T06:52:34.343+0000][6][gc,phases    ] GC(16)   Merge Heap Roots: 0.1ms
[2020-08-18T06:52:34.343+0000][6][gc,phases    ] GC(16)   Evacuate Collection Set: 30.0ms
[2020-08-18T06:52:34.344+0000][6][gc,phases    ] GC(16)   Post Evacuate Collection Set: 3.1ms
[2020-08-18T06:52:34.344+0000][6][gc,phases    ] GC(16)   Other: 4.0ms
[2020-08-18T06:52:34.345+0000][6][gc,heap      ] GC(16) Eden regions: 123->0(289)
[2020-08-18T06:52:34.345+0000][6][gc,heap      ] GC(16) Survivor regions: 16->9(18)
[2020-08-18T06:52:34.346+0000][6][gc,heap      ] GC(16) Old regions: 45->55
[2020-08-18T06:52:34.346+0000][6][gc,heap      ] GC(16) Archive regions: 2->2
[2020-08-18T06:52:34.347+0000][6][gc,heap      ] GC(16) Humongous regions: 1->1
[2020-08-18T06:52:34.347+0000][6][gc,metaspace ] GC(16) Metaspace: 82726K(89564K)->82726K(89564K) NonClass: 71401K(75400K)->71401K(75400K) Class: 11325K(14164K)->11325K(14164K)
[2020-08-18T06:52:34.348+0000][6][gc           ] GC(16) Pause Young (Normal) (G1 Evacuation Pause) 185M->64M(512M) 42.777ms
[2020-08-18T06:52:34.348+0000][6][gc,cpu       ] GC(16) User=0.06s Sys=0.00s Real=0.05s
[2020-08-18T06:52:34.352+0000][6][safepoint    ] Safepoint "G1CollectForAllocation", Time since last: 3419394210 ns, Reaching safepoint: 94000 ns, At safepoint: 46976709 ns, Total: 47070709 ns
[2020-08-18T06:52:39.355+0000][6][safepoint    ] Safepoint "Cleanup", Time since last: 5002783795 ns, Reaching safepoint: 117100 ns, At safepoint: 3300 ns, Total: 120400 ns
[2020-08-18T06:52:41.356+0000][6][safepoint    ] Safepoint "Cleanup", Time since last: 2001134726 ns, Reaching safepoint: 201000 ns, At safepoint: 5500 ns, Total: 206500 ns
[2020-08-18T06:52:42.357+0000][6][safepoint    ] Safepoint "Cleanup", Time since last: 1001019263 ns, Reaching safepoint: 101800 ns, At safepoint: 4200 ns, Total: 106000 ns
[2020-08-18T06:52:45.359+0000][6][safepoint    ] Safepoint "Cleanup", Time since last: 3001219166 ns, Reaching safepoint: 142600 ns, At safepoint: 3900 ns, Total: 146500 ns
[2020-08-18T06:52:47.361+0000][6][safepoint    ] Safepoint "Cleanup", Time since last: 2001532249 ns, Reaching safepoint: 334501 ns, At safepoint: 12300 ns, Total: 346801 ns
[2020-08-18T06:52:52.364+0000][6][safepoint    ] Safepoint "Cleanup", Time since last: 5003231672 ns, Reaching safepoint: 128600 ns, At safepoint: 3300 ns, Total: 131900 ns
[2020-08-18T06:52:57.366+0000][6][safepoint    ] Safepoint "Cleanup", Time since last: 5001919344 ns, Reaching safepoint: 476401 ns, At safepoint: 14800 ns, Total: 491201 ns
[2020-08-18T06:53:05.371+0000][6][safepoint    ] Safepoint "Cleanup", Time since last: 8004568008 ns, Reaching safepoint: 269300 ns, At safepoint: 7800 ns, Total: 277100 ns
[2020-08-18T06:53:11.375+0000][6][safepoint    ] Safepoint "Cleanup", Time since last: 6003228375 ns, Reaching safepoint: 518000 ns, At safepoint: 28000 ns, Total: 546000 ns
[2020-08-18T06:53:16.378+0000][6][safepoint    ] Safepoint "Cleanup", Time since last: 5003452425 ns, Reaching safepoint: 124200 ns, At safepoint: 3500 ns, Total: 127700 ns
[2020-08-18T06:53:18.380+0000][6][safepoint    ] Safepoint "Cleanup", Time since last: 2001093455 ns, Reaching safepoint: 382100 ns, At safepoint: 199800 ns, Total: 581900 ns
[2020-08-18T06:53:20.383+0000][6][safepoint    ] Safepoint "Cleanup", Time since last: 2002297500 ns, Reaching safepoint: 127800 ns, At safepoint: 3500 ns, Total: 131300 ns
[2020-08-18T06:53:30.386+0000][6][safepoint    ] Safepoint "Cleanup", Time since last: 10003194490 ns, Reaching safepoint: 394700 ns, At safepoint: 145200 ns, Total: 539900 ns
[2020-08-18T06:53:34.392+0000][6][safepoint    ] Safepoint "Cleanup", Time since last: 4005363056 ns, Reaching safepoint: 387100 ns, At safepoint: 13100 ns, Total: 400200 ns
[2020-08-18T06:53:34.589+0000][6][safepoint    ] Safepoint "BulkRevokeBias", Time since last: 195818808 ns, Reaching safepoint: 699301 ns, At safepoint: 273300 ns, Total: 972601 ns
[2020-08-18T06:53:34.696+0000][6][safepoint    ] Safepoint "BulkRevokeBias", Time since last: 104630004 ns, Reaching safepoint: 302500 ns, At safepoint: 1847200 ns, Total: 2149700 ns
[2020-08-18T06:53:34.730+0000][6][gc,heap,exit ] Heap
[2020-08-18T06:53:34.731+0000][6][gc,heap,exit ]  garbage-first heap   total 524288K, used 92650K [0x00000000e0000000, 0x0000000100000000)
[2020-08-18T06:53:34.735+0000][6][gc,heap,exit ]   region size 1024K, 36 young (36864K), 9 survivors (9216K)
[2020-08-18T06:53:34.735+0000][6][gc,heap,exit ]  Metaspace       used 82917K, capacity 89525K, committed 89820K, reserved 1124352K
[2020-08-18T06:53:34.736+0000][6][gc,heap,exit ]   class space    used 11354K, capacity 14086K, committed 14164K, reserved 1048576K
