[2020-08-18T06:46:37.067+0000][6][gc,heap] Heap region size: 1M
[2020-08-18T06:46:37.069+0000][6][gc,heap,coops] Heap address: 0x00000000e0000000, size: 512 MB, Compressed Oops mode: 32-bit
[2020-08-18T06:46:37.435+0000][6][gc           ] Using G1
[2020-08-18T06:46:37.437+0000][6][gc,cds       ] Mark closed archive regions in map: [0x00000000fff00000, 0x00000000fff7eff8]
[2020-08-18T06:46:37.438+0000][6][gc,cds       ] Mark open archive regions in map: [0x00000000ffe00000, 0x00000000ffe51ff8]
[2020-08-18T06:46:37.466+0000][6][gc           ] Periodic GC disabled
[2020-08-18T06:46:38.876+0000][6][safepoint    ] Safepoint "Cleanup", Time since last: 1417388525 ns, Reaching safepoint: 891200 ns, At safepoint: 59600 ns, Total: 950800 ns
[2020-08-18T06:46:38.925+0000][6][gc,start     ] GC(0) Pause Young (Normal) (G1 Evacuation Pause)
[2020-08-18T06:46:38.926+0000][6][gc,task      ] GC(0) Using 2 workers of 2 for evacuation
[2020-08-18T06:46:38.927+0000][6][gc,age       ] GC(0) Desired survivor size 2097152 bytes, new threshold 15 (max threshold 15)
[2020-08-18T06:46:38.934+0000][6][gc,age       ] GC(0) Age table with threshold 15 (max threshold 15)
[2020-08-18T06:46:38.935+0000][6][gc,age       ] GC(0) - age   1:    2662160 bytes,    2662160 total
[2020-08-18T06:46:38.936+0000][6][gc,phases    ] GC(0)   Pre Evacuate Collection Set: 0.2ms
[2020-08-18T06:46:38.937+0000][6][gc,phases    ] GC(0)   Merge Heap Roots: 0.1ms
[2020-08-18T06:46:38.937+0000][6][gc,phases    ] GC(0)   Evacuate Collection Set: 5.9ms
[2020-08-18T06:46:38.938+0000][6][gc,phases    ] GC(0)   Post Evacuate Collection Set: 0.6ms
[2020-08-18T06:46:38.938+0000][6][gc,phases    ] GC(0)   Other: 4.6ms
[2020-08-18T06:46:38.939+0000][6][gc,heap      ] GC(0) Eden regions: 25->0(22)
[2020-08-18T06:46:38.939+0000][6][gc,heap      ] GC(0) Survivor regions: 0->3(4)
[2020-08-18T06:46:38.940+0000][6][gc,heap      ] GC(0) Old regions: 0->0
[2020-08-18T06:46:38.940+0000][6][gc,heap      ] GC(0) Archive regions: 2->2
[2020-08-18T06:46:38.941+0000][6][gc,heap      ] GC(0) Humongous regions: 1->1
[2020-08-18T06:46:38.942+0000][6][gc,metaspace ] GC(0) Metaspace: 5651K(8320K)->5651K(8320K) NonClass: 5024K(7424K)->5024K(7424K) Class: 627K(896K)->627K(896K)
[2020-08-18T06:46:38.942+0000][6][gc           ] GC(0) Pause Young (Normal) (G1 Evacuation Pause) 26M->4M(512M) 17.540ms
[2020-08-18T06:46:38.943+0000][6][gc,cpu       ] GC(0) User=0.01s Sys=0.01s Real=0.02s
[2020-08-18T06:46:38.943+0000][6][safepoint    ] Safepoint "G1CollectForAllocation", Time since last: 48875112 ns, Reaching safepoint: 176900 ns, At safepoint: 18682504 ns, Total: 18859404 ns
[2020-08-18T06:46:40.400+0000][6][safepoint    ] Safepoint "Cleanup", Time since last: 1454754934 ns, Reaching safepoint: 2141900 ns, At safepoint: 8300 ns, Total: 2150200 ns
[2020-08-18T06:46:40.591+0000][6][gc,start     ] GC(1) Pause Young (Normal) (G1 Evacuation Pause)
[2020-08-18T06:46:40.591+0000][6][gc,task      ] GC(1) Using 2 workers of 2 for evacuation
[2020-08-18T06:46:40.593+0000][6][gc,age       ] GC(1) Desired survivor size 2097152 bytes, new threshold 1 (max threshold 15)
[2020-08-18T06:46:40.609+0000][6][gc,age       ] GC(1) Age table with threshold 1 (max threshold 15)
[2020-08-18T06:46:40.610+0000][6][gc,age       ] GC(1) - age   1:     900072 bytes,     900072 total
[2020-08-18T06:46:40.611+0000][6][gc,phases    ] GC(1)   Pre Evacuate Collection Set: 0.3ms
[2020-08-18T06:46:40.613+0000][6][gc,phases    ] GC(1)   Merge Heap Roots: 0.1ms
[2020-08-18T06:46:40.614+0000][6][gc,phases    ] GC(1)   Evacuate Collection Set: 13.9ms
[2020-08-18T06:46:40.615+0000][6][gc,phases    ] GC(1)   Post Evacuate Collection Set: 1.1ms
[2020-08-18T06:46:40.616+0000][6][gc,phases    ] GC(1)   Other: 5.4ms
[2020-08-18T06:46:40.617+0000][6][gc,heap      ] GC(1) Eden regions: 22->0(30)
[2020-08-18T06:46:40.618+0000][6][gc,heap      ] GC(1) Survivor regions: 3->1(4)
[2020-08-18T06:46:40.619+0000][6][gc,heap      ] GC(1) Old regions: 0->3
[2020-08-18T06:46:40.620+0000][6][gc,heap      ] GC(1) Archive regions: 2->2
[2020-08-18T06:46:40.620+0000][6][gc,heap      ] GC(1) Humongous regions: 1->1
[2020-08-18T06:46:40.622+0000][6][gc,metaspace ] GC(1) Metaspace: 9375K(10880K)->9375K(10880K) NonClass: 8237K(9472K)->8237K(9472K) Class: 1137K(1408K)->1137K(1408K)
[2020-08-18T06:46:40.622+0000][6][gc           ] GC(1) Pause Young (Normal) (G1 Evacuation Pause) 26M->5M(512M) 31.755ms
[2020-08-18T06:46:40.623+0000][6][gc,cpu       ] GC(1) User=0.02s Sys=0.00s Real=0.03s
[2020-08-18T06:46:40.624+0000][6][safepoint    ] Safepoint "G1CollectForAllocation", Time since last: 190131344 ns, Reaching safepoint: 220500 ns, At safepoint: 33412007 ns, Total: 33632507 ns
[2020-08-18T06:46:41.939+0000][6][safepoint    ] Safepoint "Cleanup", Time since last: 1314889102 ns, Reaching safepoint: 259900 ns, At safepoint: 3100 ns, Total: 263000 ns
[2020-08-18T06:46:42.959+0000][6][gc,start     ] GC(2) Pause Young (Normal) (G1 Evacuation Pause)
[2020-08-18T06:46:42.960+0000][6][gc,task      ] GC(2) Using 2 workers of 2 for evacuation
[2020-08-18T06:46:42.960+0000][6][gc,age       ] GC(2) Desired survivor size 2097152 bytes, new threshold 15 (max threshold 15)
[2020-08-18T06:46:42.982+0000][6][gc,age       ] GC(2) Age table with threshold 15 (max threshold 15)
[2020-08-18T06:46:42.983+0000][6][gc,age       ] GC(2) - age   1:    3232168 bytes,    3232168 total
[2020-08-18T06:46:42.983+0000][6][gc,age       ] GC(2) - age   2:     865256 bytes,    4097424 total
[2020-08-18T06:46:42.984+0000][6][gc,phases    ] GC(2)   Pre Evacuate Collection Set: 0.3ms
[2020-08-18T06:46:42.984+0000][6][gc,phases    ] GC(2)   Merge Heap Roots: 0.2ms
[2020-08-18T06:46:42.985+0000][6][gc,phases    ] GC(2)   Evacuate Collection Set: 19.8ms
[2020-08-18T06:46:42.985+0000][6][gc,phases    ] GC(2)   Post Evacuate Collection Set: 0.7ms
[2020-08-18T06:46:42.986+0000][6][gc,phases    ] GC(2)   Other: 3.6ms
[2020-08-18T06:46:42.986+0000][6][gc,heap      ] GC(2) Eden regions: 30->0(44)
[2020-08-18T06:46:42.987+0000][6][gc,heap      ] GC(2) Survivor regions: 1->4(4)
[2020-08-18T06:46:42.987+0000][6][gc,heap      ] GC(2) Old regions: 3->3
[2020-08-18T06:46:42.988+0000][6][gc,heap      ] GC(2) Archive regions: 2->2
[2020-08-18T06:46:42.989+0000][6][gc,heap      ] GC(2) Humongous regions: 1->1
[2020-08-18T06:46:42.989+0000][6][gc,metaspace ] GC(2) Metaspace: 13362K(14208K)->13362K(14208K) NonClass: 11735K(12288K)->11735K(12288K) Class: 1627K(1920K)->1627K(1920K)
[2020-08-18T06:46:42.990+0000][6][gc           ] GC(2) Pause Young (Normal) (G1 Evacuation Pause) 35M->8M(512M) 30.771ms
[2020-08-18T06:46:42.991+0000][6][gc,cpu       ] GC(2) User=0.03s Sys=0.01s Real=0.03s
[2020-08-18T06:46:42.993+0000][6][safepoint    ] Safepoint "G1CollectForAllocation", Time since last: 1018316534 ns, Reaching safepoint: 1592300 ns, At safepoint: 32137607 ns, Total: 33729907 ns
[2020-08-18T06:46:44.036+0000][6][safepoint    ] Safepoint "Cleanup", Time since last: 1044834440 ns, Reaching safepoint: 205600 ns, At safepoint: 4700 ns, Total: 210300 ns
[2020-08-18T06:46:44.048+0000][6][gc,start     ] GC(3) Pause Young (Normal) (G1 Evacuation Pause)
[2020-08-18T06:46:44.048+0000][6][gc,task      ] GC(3) Using 2 workers of 2 for evacuation
[2020-08-18T06:46:44.049+0000][6][gc,age       ] GC(3) Desired survivor size 3145728 bytes, new threshold 1 (max threshold 15)
[2020-08-18T06:46:44.075+0000][6][gc,age       ] GC(3) Age table with threshold 1 (max threshold 15)
[2020-08-18T06:46:44.075+0000][6][gc,age       ] GC(3) - age   1:    3677952 bytes,    3677952 total
[2020-08-18T06:46:44.076+0000][6][gc,phases    ] GC(3)   Pre Evacuate Collection Set: 0.2ms
[2020-08-18T06:46:44.076+0000][6][gc,phases    ] GC(3)   Merge Heap Roots: 0.1ms
[2020-08-18T06:46:44.077+0000][6][gc,phases    ] GC(3)   Evacuate Collection Set: 23.3ms
[2020-08-18T06:46:44.077+0000][6][gc,phases    ] GC(3)   Post Evacuate Collection Set: 1.0ms
[2020-08-18T06:46:44.078+0000][6][gc,phases    ] GC(3)   Other: 3.7ms
[2020-08-18T06:46:44.078+0000][6][gc,heap      ] GC(3) Eden regions: 44->0(303)
[2020-08-18T06:46:44.078+0000][6][gc,heap      ] GC(3) Survivor regions: 4->4(6)
[2020-08-18T06:46:44.079+0000][6][gc,heap      ] GC(3) Old regions: 3->6
[2020-08-18T06:46:44.079+0000][6][gc,heap      ] GC(3) Archive regions: 2->2
[2020-08-18T06:46:44.080+0000][6][gc,heap      ] GC(3) Humongous regions: 1->1
[2020-08-18T06:46:44.081+0000][6][gc,metaspace ] GC(3) Metaspace: 14048K(14720K)->14048K(14720K) NonClass: 12366K(12800K)->12366K(12800K) Class: 1682K(1920K)->1682K(1920K)
[2020-08-18T06:46:44.081+0000][6][gc           ] GC(3) Pause Young (Normal) (G1 Evacuation Pause) 52M->11M(512M) 33.739ms
[2020-08-18T06:46:44.082+0000][6][gc,cpu       ] GC(3) User=0.03s Sys=0.01s Real=0.04s
[2020-08-18T06:46:44.082+0000][6][safepoint    ] Safepoint "G1CollectForAllocation", Time since last: 11230303 ns, Reaching safepoint: 113800 ns, At safepoint: 34715007 ns, Total: 34828807 ns
[2020-08-18T06:46:44.085+0000][6][safepoint    ] Safepoint "BulkRevokeBias", Time since last: 2696601 ns, Reaching safepoint: 242500 ns, At safepoint: 92500 ns, Total: 335000 ns
[2020-08-18T06:46:45.100+0000][6][safepoint    ] Safepoint "Cleanup", Time since last: 1014698649 ns, Reaching safepoint: 233900 ns, At safepoint: 4500 ns, Total: 238400 ns
[2020-08-18T06:46:46.101+0000][6][safepoint    ] Safepoint "Cleanup", Time since last: 1000836287 ns, Reaching safepoint: 259400 ns, At safepoint: 6400 ns, Total: 265800 ns
[2020-08-18T06:46:46.430+0000][6][gc,start     ] GC(4) Pause Young (Normal) (G1 Evacuation Pause)
[2020-08-18T06:46:46.432+0000][6][gc,task      ] GC(4) Using 2 workers of 2 for evacuation
[2020-08-18T06:46:46.433+0000][6][gc,age       ] GC(4) Desired survivor size 20447232 bytes, new threshold 15 (max threshold 15)
[2020-08-18T06:46:46.457+0000][6][gc,age       ] GC(4) Age table with threshold 15 (max threshold 15)
[2020-08-18T06:46:46.458+0000][6][gc,age       ] GC(4) - age   1:    4838376 bytes,    4838376 total
[2020-08-18T06:46:46.458+0000][6][gc,age       ] GC(4) - age   2:     891456 bytes,    5729832 total
[2020-08-18T06:46:46.459+0000][6][gc,phases    ] GC(4)   Pre Evacuate Collection Set: 0.4ms
[2020-08-18T06:46:46.459+0000][6][gc,phases    ] GC(4)   Merge Heap Roots: 0.2ms
[2020-08-18T06:46:46.460+0000][6][gc,phases    ] GC(4)   Evacuate Collection Set: 21.2ms
[2020-08-18T06:46:46.460+0000][6][gc,phases    ] GC(4)   Post Evacuate Collection Set: 1.0ms
[2020-08-18T06:46:46.461+0000][6][gc,phases    ] GC(4)   Other: 5.8ms
[2020-08-18T06:46:46.461+0000][6][gc,heap      ] GC(4) Eden regions: 303->0(297)
[2020-08-18T06:46:46.462+0000][6][gc,heap      ] GC(4) Survivor regions: 4->6(39)
[2020-08-18T06:46:46.462+0000][6][gc,heap      ] GC(4) Old regions: 6->6
[2020-08-18T06:46:46.462+0000][6][gc,heap      ] GC(4) Archive regions: 2->2
[2020-08-18T06:46:46.463+0000][6][gc,heap      ] GC(4) Humongous regions: 2->1
[2020-08-18T06:46:46.463+0000][6][gc,metaspace ] GC(4) Metaspace: 17685K(18688K)->17685K(18688K) NonClass: 15513K(16128K)->15513K(16128K) Class: 2172K(2560K)->2172K(2560K)
[2020-08-18T06:46:46.464+0000][6][gc           ] GC(4) Pause Young (Normal) (G1 Evacuation Pause) 315M->13M(512M) 33.250ms
[2020-08-18T06:46:46.464+0000][6][gc,cpu       ] GC(4) User=0.03s Sys=0.00s Real=0.03s
[2020-08-18T06:46:46.464+0000][6][safepoint    ] Safepoint "G1CollectForAllocation", Time since last: 328705460 ns, Reaching safepoint: 211800 ns, At safepoint: 34222317 ns, Total: 34434117 ns
[2020-08-18T06:46:46.466+0000][6][safepoint    ] Safepoint "BulkRevokeBias", Time since last: 924400 ns, Reaching safepoint: 233001 ns, At safepoint: 163900 ns, Total: 396901 ns
[2020-08-18T06:46:46.470+0000][6][safepoint    ] Safepoint "BulkRevokeBias", Time since last: 3762201 ns, Reaching safepoint: 223501 ns, At safepoint: 110800 ns, Total: 334301 ns
[2020-08-18T06:46:46.471+0000][6][safepoint    ] Safepoint "BulkRevokeBias", Time since last: 839100 ns, Reaching safepoint: 118800 ns, At safepoint: 87800 ns, Total: 206600 ns
[2020-08-18T06:46:47.898+0000][6][safepoint    ] Safepoint "Cleanup", Time since last: 1425528094 ns, Reaching safepoint: 1642201 ns, At safepoint: 4800 ns, Total: 1647001 ns
[2020-08-18T06:46:48.055+0000][6][gc,start     ] GC(5) Pause Young (Normal) (G1 Evacuation Pause)
[2020-08-18T06:46:48.056+0000][6][gc,task      ] GC(5) Using 2 workers of 2 for evacuation
[2020-08-18T06:46:48.056+0000][6][gc,age       ] GC(5) Desired survivor size 19922944 bytes, new threshold 15 (max threshold 15)
[2020-08-18T06:46:48.088+0000][6][gc,age       ] GC(5) Age table with threshold 15 (max threshold 15)
[2020-08-18T06:46:48.089+0000][6][gc,age       ] GC(5) - age   1:    3739016 bytes,    3739016 total
[2020-08-18T06:46:48.089+0000][6][gc,age       ] GC(5) - age   2:    4352200 bytes,    8091216 total
[2020-08-18T06:46:48.090+0000][6][gc,age       ] GC(5) - age   3:     891328 bytes,    8982544 total
[2020-08-18T06:46:48.091+0000][6][gc,phases    ] GC(5)   Pre Evacuate Collection Set: 0.2ms
[2020-08-18T06:46:48.092+0000][6][gc,phases    ] GC(5)   Merge Heap Roots: 0.1ms
[2020-08-18T06:46:48.092+0000][6][gc,phases    ] GC(5)   Evacuate Collection Set: 30.2ms
[2020-08-18T06:46:48.092+0000][6][gc,phases    ] GC(5)   Post Evacuate Collection Set: 0.7ms
[2020-08-18T06:46:48.093+0000][6][gc,phases    ] GC(5)   Other: 4.7ms
[2020-08-18T06:46:48.094+0000][6][gc,heap      ] GC(5) Eden regions: 297->0(298)
[2020-08-18T06:46:48.094+0000][6][gc,heap      ] GC(5) Survivor regions: 6->9(38)
[2020-08-18T06:46:48.094+0000][6][gc,heap      ] GC(5) Old regions: 6->6
[2020-08-18T06:46:48.095+0000][6][gc,heap      ] GC(5) Archive regions: 2->2
[2020-08-18T06:46:48.095+0000][6][gc,heap      ] GC(5) Humongous regions: 1->1
[2020-08-18T06:46:48.096+0000][6][gc,metaspace ] GC(5) Metaspace: 18567K(19840K)->18567K(19840K) NonClass: 16252K(17152K)->16252K(17152K) Class: 2314K(2688K)->2314K(2688K)
[2020-08-18T06:46:48.096+0000][6][gc           ] GC(5) Pause Young (Normal) (G1 Evacuation Pause) 310M->16M(512M) 41.229ms
[2020-08-18T06:46:48.097+0000][6][gc,cpu       ] GC(5) User=0.02s Sys=0.00s Real=0.04s
[2020-08-18T06:46:48.097+0000][6][safepoint    ] Safepoint "G1CollectForAllocation", Time since last: 156741876 ns, Reaching safepoint: 59000 ns, At safepoint: 42117721 ns, Total: 42176721 ns
[2020-08-18T06:46:49.105+0000][6][safepoint    ] Safepoint "Cleanup", Time since last: 1007960290 ns, Reaching safepoint: 98300 ns, At safepoint: 5700 ns, Total: 104000 ns
[2020-08-18T06:46:49.316+0000][6][gc,start     ] GC(6) Pause Young (Normal) (G1 Evacuation Pause)
[2020-08-18T06:46:49.318+0000][6][gc,task      ] GC(6) Using 2 workers of 2 for evacuation
[2020-08-18T06:46:49.319+0000][6][gc,age       ] GC(6) Desired survivor size 20447232 bytes, new threshold 15 (max threshold 15)
[2020-08-18T06:46:49.346+0000][6][gc,age       ] GC(6) Age table with threshold 15 (max threshold 15)
[2020-08-18T06:46:49.347+0000][6][gc,age       ] GC(6) - age   1:    3143232 bytes,    3143232 total
[2020-08-18T06:46:49.348+0000][6][gc,age       ] GC(6) - age   2:    3270848 bytes,    6414080 total
[2020-08-18T06:46:49.348+0000][6][gc,age       ] GC(6) - age   3:    4350968 bytes,   10765048 total
[2020-08-18T06:46:49.350+0000][6][gc,age       ] GC(6) - age   4:     891328 bytes,   11656376 total
[2020-08-18T06:46:49.350+0000][6][gc,phases    ] GC(6)   Pre Evacuate Collection Set: 0.1ms
[2020-08-18T06:46:49.351+0000][6][gc,phases    ] GC(6)   Merge Heap Roots: 0.2ms
[2020-08-18T06:46:49.351+0000][6][gc,phases    ] GC(6)   Evacuate Collection Set: 25.5ms
[2020-08-18T06:46:49.352+0000][6][gc,phases    ] GC(6)   Post Evacuate Collection Set: 1.2ms
[2020-08-18T06:46:49.357+0000][6][gc,phases    ] GC(6)   Other: 7.2ms
[2020-08-18T06:46:49.358+0000][6][gc,heap      ] GC(6) Eden regions: 298->0(295)
[2020-08-18T06:46:49.359+0000][6][gc,heap      ] GC(6) Survivor regions: 9->12(39)
[2020-08-18T06:46:49.359+0000][6][gc,heap      ] GC(6) Old regions: 6->6
[2020-08-18T06:46:49.360+0000][6][gc,heap      ] GC(6) Archive regions: 2->2
[2020-08-18T06:46:49.360+0000][6][gc,heap      ] GC(6) Humongous regions: 1->1
[2020-08-18T06:46:49.361+0000][6][gc,metaspace ] GC(6) Metaspace: 19728K(21248K)->19728K(21248K) NonClass: 17296K(18432K)->17296K(18432K) Class: 2432K(2816K)->2432K(2816K)
[2020-08-18T06:46:49.361+0000][6][gc           ] GC(6) Pause Young (Normal) (G1 Evacuation Pause) 314M->19M(512M) 45.191ms
[2020-08-18T06:46:49.362+0000][6][gc,cpu       ] GC(6) User=0.03s Sys=0.00s Real=0.05s
[2020-08-18T06:46:49.362+0000][6][safepoint    ] Safepoint "G1CollectForAllocation", Time since last: 208927902 ns, Reaching safepoint: 1974501 ns, At safepoint: 46427123 ns, Total: 48401624 ns
[2020-08-18T06:46:49.390+0000][6][safepoint    ] Safepoint "BulkRevokeBias", Time since last: 26890113 ns, Reaching safepoint: 161900 ns, At safepoint: 84600 ns, Total: 246500 ns
[2020-08-18T06:46:49.391+0000][6][safepoint    ] Safepoint "BulkRevokeBias", Time since last: 808700 ns, Reaching safepoint: 250600 ns, At safepoint: 92200 ns, Total: 342800 ns
[2020-08-18T06:46:49.841+0000][6][gc,start     ] GC(7) Pause Young (Concurrent Start) (Metadata GC Threshold)
[2020-08-18T06:46:49.842+0000][6][gc,task      ] GC(7) Using 2 workers of 2 for evacuation
[2020-08-18T06:46:49.843+0000][6][gc,age       ] GC(7) Desired survivor size 20447232 bytes, new threshold 15 (max threshold 15)
[2020-08-18T06:46:49.864+0000][6][gc,age       ] GC(7) Age table with threshold 15 (max threshold 15)
[2020-08-18T06:46:49.865+0000][6][gc,age       ] GC(7) - age   1:     363200 bytes,     363200 total
[2020-08-18T06:46:49.866+0000][6][gc,age       ] GC(7) - age   2:    2305280 bytes,    2668480 total
[2020-08-18T06:46:49.866+0000][6][gc,age       ] GC(7) - age   3:    3270464 bytes,    5938944 total
[2020-08-18T06:46:49.867+0000][6][gc,age       ] GC(7) - age   4:    4350968 bytes,   10289912 total
[2020-08-18T06:46:49.867+0000][6][gc,age       ] GC(7) - age   5:     891328 bytes,   11181240 total
[2020-08-18T06:46:49.868+0000][6][gc,phases    ] GC(7)   Pre Evacuate Collection Set: 0.2ms
[2020-08-18T06:46:49.868+0000][6][gc,phases    ] GC(7)   Merge Heap Roots: 0.1ms
[2020-08-18T06:46:49.869+0000][6][gc,phases    ] GC(7)   Evacuate Collection Set: 19.3ms
[2020-08-18T06:46:49.869+0000][6][gc,phases    ] GC(7)   Post Evacuate Collection Set: 0.9ms
[2020-08-18T06:46:49.870+0000][6][gc,phases    ] GC(7)   Other: 5.9ms
[2020-08-18T06:46:49.870+0000][6][gc,heap      ] GC(7) Eden regions: 125->0(295)
[2020-08-18T06:46:49.871+0000][6][gc,heap      ] GC(7) Survivor regions: 12->12(39)
[2020-08-18T06:46:49.871+0000][6][gc,heap      ] GC(7) Old regions: 6->6
[2020-08-18T06:46:49.872+0000][6][gc,heap      ] GC(7) Archive regions: 2->2
[2020-08-18T06:46:49.872+0000][6][gc,heap      ] GC(7) Humongous regions: 1->1
[2020-08-18T06:46:49.872+0000][6][gc,metaspace ] GC(7) Metaspace: 19900K(21296K)->19900K(21296K) NonClass: 17436K(18480K)->17436K(18480K) Class: 2464K(2816K)->2464K(2816K)
[2020-08-18T06:46:49.873+0000][6][gc           ] GC(7) Pause Young (Concurrent Start) (Metadata GC Threshold) 144M->19M(512M) 31.524ms
[2020-08-18T06:46:49.873+0000][6][gc,cpu       ] GC(7) User=0.02s Sys=0.00s Real=0.03s
[2020-08-18T06:46:49.874+0000][6][gc           ] GC(8) Concurrent Cycle
[2020-08-18T06:46:49.875+0000][6][gc,marking   ] GC(8) Concurrent Clear Claimed Marks
[2020-08-18T06:46:49.875+0000][6][gc,marking   ] GC(8) Concurrent Clear Claimed Marks 0.862ms
[2020-08-18T06:46:49.876+0000][6][gc,marking   ] GC(8) Concurrent Scan Root Regions
[2020-08-18T06:46:49.875+0000][6][safepoint    ] Safepoint "CollectForMetadataAllocation", Time since last: 450357620 ns, Reaching safepoint: 242300 ns, At safepoint: 33358316 ns, Total: 33600616 ns
[2020-08-18T06:46:49.900+0000][6][gc,marking   ] GC(8) Concurrent Scan Root Regions 24.495ms
[2020-08-18T06:46:49.901+0000][6][gc,marking   ] GC(8) Concurrent Mark (12.863s)
[2020-08-18T06:46:49.902+0000][6][gc,marking   ] GC(8) Concurrent Mark From Roots
[2020-08-18T06:46:49.902+0000][6][gc,task      ] GC(8) Using 1 workers of 1 for marking
[2020-08-18T06:46:49.943+0000][6][gc,marking   ] GC(8) Concurrent Mark From Roots 41.472ms
[2020-08-18T06:46:49.944+0000][6][gc,marking   ] GC(8) Concurrent Preclean
[2020-08-18T06:46:49.944+0000][6][gc,marking   ] GC(8) Concurrent Preclean 0.523ms
[2020-08-18T06:46:49.945+0000][6][gc,marking   ] GC(8) Concurrent Mark (12.863s, 12.907s) 43.725ms
[2020-08-18T06:46:49.945+0000][6][gc,start     ] GC(8) Pause Remark
[2020-08-18T06:46:49.961+0000][6][gc           ] GC(8) Pause Remark 30M->30M(512M) 15.830ms
[2020-08-18T06:46:49.962+0000][6][gc,cpu       ] GC(8) User=0.02s Sys=0.00s Real=0.02s
[2020-08-18T06:46:49.962+0000][6][safepoint    ] Safepoint "G1Concurrent", Time since last: 70649434 ns, Reaching safepoint: 94800 ns, At safepoint: 17053109 ns, Total: 17147909 ns
[2020-08-18T06:46:49.963+0000][6][gc,marking   ] GC(8) Concurrent Rebuild Remembered Sets
[2020-08-18T06:46:49.985+0000][6][gc,marking   ] GC(8) Concurrent Rebuild Remembered Sets 21.865ms
[2020-08-18T06:46:49.987+0000][6][gc,start     ] GC(8) Pause Cleanup
[2020-08-18T06:46:49.988+0000][6][gc           ] GC(8) Pause Cleanup 35M->35M(512M) 1.102ms
[2020-08-18T06:46:49.989+0000][6][gc,cpu       ] GC(8) User=0.00s Sys=0.00s Real=0.01s
[2020-08-18T06:46:49.989+0000][6][safepoint    ] Safepoint "G1Concurrent", Time since last: 23416311 ns, Reaching safepoint: 1007400 ns, At safepoint: 2158002 ns, Total: 3165402 ns
[2020-08-18T06:46:49.989+0000][6][gc,marking   ] GC(8) Concurrent Cleanup for Next Mark
[2020-08-18T06:46:49.992+0000][6][gc,marking   ] GC(8) Concurrent Cleanup for Next Mark 2.934ms
[2020-08-18T06:46:49.993+0000][6][gc           ] GC(8) Concurrent Cycle 118.912ms
[2020-08-18T06:46:51.007+0000][6][safepoint    ] Safepoint "Cleanup", Time since last: 1017455295 ns, Reaching safepoint: 148000 ns, At safepoint: 3300 ns, Total: 151300 ns
[2020-08-18T06:46:52.194+0000][6][safepoint    ] Safepoint "Cleanup", Time since last: 1185105077 ns, Reaching safepoint: 2571501 ns, At safepoint: 8000 ns, Total: 2579501 ns
[2020-08-18T06:46:53.216+0000][6][safepoint    ] Safepoint "Cleanup", Time since last: 1020656079 ns, Reaching safepoint: 1343901 ns, At safepoint: 6000 ns, Total: 1349901 ns
[2020-08-18T06:46:53.236+0000][6][gc,start     ] GC(9) Pause Young (Normal) (G1 Evacuation Pause)
[2020-08-18T06:46:53.237+0000][6][gc,task      ] GC(9) Using 2 workers of 2 for evacuation
[2020-08-18T06:46:53.240+0000][6][gc,age       ] GC(9) Desired survivor size 20447232 bytes, new threshold 15 (max threshold 15)
[2020-08-18T06:46:53.286+0000][6][gc,age       ] GC(9) Age table with threshold 15 (max threshold 15)
[2020-08-18T06:46:53.287+0000][6][gc,age       ] GC(9) - age   1:    7779360 bytes,    7779360 total
[2020-08-18T06:46:53.287+0000][6][gc,age       ] GC(9) - age   2:     337808 bytes,    8117168 total
[2020-08-18T06:46:53.287+0000][6][gc,age       ] GC(9) - age   3:    2291320 bytes,   10408488 total
[2020-08-18T06:46:53.288+0000][6][gc,age       ] GC(9) - age   4:    3246736 bytes,   13655224 total
[2020-08-18T06:46:53.288+0000][6][gc,age       ] GC(9) - age   5:    4310696 bytes,   17965920 total
[2020-08-18T06:46:53.289+0000][6][gc,age       ] GC(9) - age   6:     829272 bytes,   18795192 total
[2020-08-18T06:46:53.289+0000][6][gc,phases    ] GC(9)   Pre Evacuate Collection Set: 0.3ms
[2020-08-18T06:46:53.289+0000][6][gc,phases    ] GC(9)   Merge Heap Roots: 0.1ms
[2020-08-18T06:46:53.290+0000][6][gc,phases    ] GC(9)   Evacuate Collection Set: 43.5ms
[2020-08-18T06:46:53.290+0000][6][gc,phases    ] GC(9)   Post Evacuate Collection Set: 1.3ms
[2020-08-18T06:46:53.290+0000][6][gc,phases    ] GC(9)   Other: 7.6ms
[2020-08-18T06:46:53.291+0000][6][gc,heap      ] GC(9) Eden regions: 295->0(288)
[2020-08-18T06:46:53.291+0000][6][gc,heap      ] GC(9) Survivor regions: 12->19(39)
[2020-08-18T06:46:53.291+0000][6][gc,heap      ] GC(9) Old regions: 6->6
[2020-08-18T06:46:53.292+0000][6][gc,heap      ] GC(9) Archive regions: 2->2
[2020-08-18T06:46:53.292+0000][6][gc,heap      ] GC(9) Humongous regions: 1->1
[2020-08-18T06:46:53.293+0000][6][gc,metaspace ] GC(9) Metaspace: 28886K(31612K)->28886K(31612K) NonClass: 25220K(27132K)->25220K(27132K) Class: 3666K(4480K)->3666K(4480K)
[2020-08-18T06:46:53.293+0000][6][gc           ] GC(9) Pause Young (Normal) (G1 Evacuation Pause) 314M->26M(512M) 56.706ms
[2020-08-18T06:46:53.293+0000][6][gc,cpu       ] GC(9) User=0.05s Sys=0.00s Real=0.06s
[2020-08-18T06:46:53.294+0000][6][safepoint    ] Safepoint "G1CollectForAllocation", Time since last: 19659007 ns, Reaching safepoint: 143900 ns, At safepoint: 57488721 ns, Total: 57632621 ns
[2020-08-18T06:46:54.295+0000][6][safepoint    ] Safepoint "Cleanup", Time since last: 1001343763 ns, Reaching safepoint: 145500 ns, At safepoint: 3300 ns, Total: 148800 ns
[2020-08-18T06:46:55.299+0000][6][safepoint    ] Safepoint "Cleanup", Time since last: 1000703363 ns, Reaching safepoint: 3224601 ns, At safepoint: 4600 ns, Total: 3229201 ns
[2020-08-18T06:46:56.301+0000][6][safepoint    ] Safepoint "Cleanup", Time since last: 1001239563 ns, Reaching safepoint: 331900 ns, At safepoint: 5100 ns, Total: 337000 ns
[2020-08-18T06:46:56.627+0000][6][safepoint    ] Safepoint "BulkRevokeBias", Time since last: 326407618 ns, Reaching safepoint: 150300 ns, At safepoint: 94200 ns, Total: 244500 ns
[2020-08-18T06:46:57.388+0000][6][gc,start     ] GC(10) Pause Young (Concurrent Start) (Metadata GC Threshold)
[2020-08-18T06:46:57.389+0000][6][gc,task      ] GC(10) Using 2 workers of 2 for evacuation
[2020-08-18T06:46:57.389+0000][6][gc,age       ] GC(10) Desired survivor size 20447232 bytes, new threshold 15 (max threshold 15)
[2020-08-18T06:46:57.572+0000][6][gc,age       ] GC(10) Age table with threshold 15 (max threshold 15)
[2020-08-18T06:46:57.572+0000][6][gc,age       ] GC(10) - age   1:   22218368 bytes,   22218368 total
[2020-08-18T06:46:57.573+0000][6][gc,age       ] GC(10) - age   2:    7189808 bytes,   29408176 total
[2020-08-18T06:46:57.573+0000][6][gc,age       ] GC(10) - age   3:     335720 bytes,   29743896 total
[2020-08-18T06:46:57.573+0000][6][gc,age       ] GC(10) - age   4:    2288256 bytes,   32032152 total
[2020-08-18T06:46:57.574+0000][6][gc,age       ] GC(10) - age   5:    3240248 bytes,   35272400 total
[2020-08-18T06:46:57.574+0000][6][gc,age       ] GC(10) - age   6:    4298608 bytes,   39571008 total
[2020-08-18T06:46:57.575+0000][6][gc,age       ] GC(10) - age   7:     829144 bytes,   40400152 total
[2020-08-18T06:46:57.578+0000][6][gc,phases    ] GC(10)   Pre Evacuate Collection Set: 0.4ms
[2020-08-18T06:46:57.578+0000][6][gc,phases    ] GC(10)   Merge Heap Roots: 0.1ms
[2020-08-18T06:46:57.579+0000][6][gc,phases    ] GC(10)   Evacuate Collection Set: 178.4ms
[2020-08-18T06:46:57.579+0000][6][gc,phases    ] GC(10)   Post Evacuate Collection Set: 3.2ms
[2020-08-18T06:46:57.579+0000][6][gc,phases    ] GC(10)   Other: 7.9ms
[2020-08-18T06:46:57.580+0000][6][gc,heap      ] GC(10) Eden regions: 201->0(157)
[2020-08-18T06:46:57.580+0000][6][gc,heap      ] GC(10) Survivor regions: 19->39(39)
[2020-08-18T06:46:57.580+0000][6][gc,heap      ] GC(10) Old regions: 6->6
[2020-08-18T06:46:57.581+0000][6][gc,heap      ] GC(10) Archive regions: 2->2
[2020-08-18T06:46:57.581+0000][6][gc,heap      ] GC(10) Humongous regions: 1->1
[2020-08-18T06:46:57.582+0000][6][gc,metaspace ] GC(10) Metaspace: 32936K(36048K)->32936K(36048K) NonClass: 28612K(30716K)->28612K(30716K) Class: 4323K(5332K)->4323K(5332K)
[2020-08-18T06:46:57.582+0000][6][gc           ] GC(10) Pause Young (Concurrent Start) (Metadata GC Threshold) 227M->46M(512M) 194.269ms
[2020-08-18T06:46:57.583+0000][6][gc,cpu       ] GC(10) User=0.17s Sys=0.00s Real=0.20s
[2020-08-18T06:46:57.583+0000][6][gc           ] GC(11) Concurrent Cycle
[2020-08-18T06:46:57.583+0000][6][gc,marking   ] GC(11) Concurrent Clear Claimed Marks
[2020-08-18T06:46:57.585+0000][6][gc,marking   ] GC(11) Concurrent Clear Claimed Marks 1.296ms
[2020-08-18T06:46:57.585+0000][6][gc,marking   ] GC(11) Concurrent Scan Root Regions
[2020-08-18T06:46:57.584+0000][6][safepoint    ] Safepoint "CollectForMetadataAllocation", Time since last: 760329376 ns, Reaching safepoint: 209600 ns, At safepoint: 195758371 ns, Total: 195967971 ns
[2020-08-18T06:46:57.669+0000][6][safepoint    ] Safepoint "CollectForMetadataAllocation", Time since last: 77395028 ns, Reaching safepoint: 8083903 ns, At safepoint: 154900 ns, Total: 8238803 ns
[2020-08-18T06:46:57.696+0000][6][gc,marking   ] GC(11) Concurrent Scan Root Regions 110.929ms
[2020-08-18T06:46:57.697+0000][6][gc,marking   ] GC(11) Concurrent Mark (20.659s)
[2020-08-18T06:46:57.697+0000][6][gc,marking   ] GC(11) Concurrent Mark From Roots
[2020-08-18T06:46:57.698+0000][6][gc,task      ] GC(11) Using 1 workers of 1 for marking
[2020-08-18T06:46:57.723+0000][6][safepoint    ] Safepoint "CollectForMetadataAllocation", Time since last: 51686119 ns, Reaching safepoint: 2082200 ns, At safepoint: 157400 ns, Total: 2239600 ns
[2020-08-18T06:46:57.748+0000][6][gc,marking   ] GC(11) Concurrent Mark From Roots 51.061ms
[2020-08-18T06:46:57.749+0000][6][gc,marking   ] GC(11) Concurrent Preclean
[2020-08-18T06:46:57.749+0000][6][gc,marking   ] GC(11) Concurrent Preclean 0.564ms
[2020-08-18T06:46:57.750+0000][6][gc,marking   ] GC(11) Concurrent Mark (20.659s, 20.712s) 53.328ms
[2020-08-18T06:46:57.754+0000][6][gc,start     ] GC(11) Pause Remark
[2020-08-18T06:46:57.767+0000][6][gc           ] GC(11) Pause Remark 50M->50M(512M) 12.928ms
[2020-08-18T06:46:57.768+0000][6][gc,cpu       ] GC(11) User=0.01s Sys=0.00s Real=0.01s
[2020-08-18T06:46:57.768+0000][6][safepoint    ] Safepoint "G1Concurrent", Time since last: 30859112 ns, Reaching safepoint: 185800 ns, At safepoint: 13969305 ns, Total: 14155105 ns
[2020-08-18T06:46:57.780+0000][6][gc,marking   ] GC(11) Concurrent Rebuild Remembered Sets
[2020-08-18T06:46:57.816+0000][6][gc,marking   ] GC(11) Concurrent Rebuild Remembered Sets 35.653ms
[2020-08-18T06:46:57.822+0000][6][gc,start     ] GC(11) Pause Cleanup
[2020-08-18T06:46:57.822+0000][6][gc           ] GC(11) Pause Cleanup 51M->51M(512M) 0.747ms
[2020-08-18T06:46:57.824+0000][6][gc,cpu       ] GC(11) User=0.00s Sys=0.00s Real=0.00s
[2020-08-18T06:46:57.825+0000][6][safepoint    ] Safepoint "G1Concurrent", Time since last: 49281618 ns, Reaching safepoint: 4206801 ns, At safepoint: 3126701 ns, Total: 7333502 ns
[2020-08-18T06:46:57.825+0000][6][gc,marking   ] GC(11) Concurrent Cleanup for Next Mark
[2020-08-18T06:46:57.827+0000][6][gc,marking   ] GC(11) Concurrent Cleanup for Next Mark 1.564ms
[2020-08-18T06:46:57.827+0000][6][gc           ] GC(11) Concurrent Cycle 243.941ms
[2020-08-18T06:46:58.827+0000][6][safepoint    ] Safepoint "Cleanup", Time since last: 1000420563 ns, Reaching safepoint: 2060101 ns, At safepoint: 10300 ns, Total: 2070401 ns
[2020-08-18T06:47:00.558+0000][6][safepoint    ] Safepoint "Cleanup", Time since last: 1729830381 ns, Reaching safepoint: 1205301 ns, At safepoint: 6100 ns, Total: 1211401 ns
[2020-08-18T06:47:01.559+0000][6][gc,start     ] GC(12) Pause Young (Concurrent Start) (G1 Evacuation Pause)
[2020-08-18T06:47:01.559+0000][6][gc,task      ] GC(12) Using 2 workers of 2 for evacuation
[2020-08-18T06:47:01.560+0000][6][gc,age       ] GC(12) Desired survivor size 16777216 bytes, new threshold 1 (max threshold 15)
[2020-08-18T06:47:01.767+0000][6][gc,age       ] GC(12) Age table with threshold 1 (max threshold 15)
[2020-08-18T06:47:01.768+0000][6][gc,age       ] GC(12) - age   1:    6630080 bytes,    6630080 total
[2020-08-18T06:47:01.768+0000][6][gc,mmu       ] GC(12) MMU target violated: 201.0ms (200.0ms/201.0ms)
[2020-08-18T06:47:01.769+0000][6][gc,phases    ] GC(12)   Pre Evacuate Collection Set: 0.6ms
[2020-08-18T06:47:01.769+0000][6][gc,phases    ] GC(12)   Merge Heap Roots: 0.1ms
[2020-08-18T06:47:01.769+0000][6][gc,phases    ] GC(12)   Evacuate Collection Set: 202.8ms
[2020-08-18T06:47:01.770+0000][6][gc,phases    ] GC(12)   Post Evacuate Collection Set: 3.1ms
[2020-08-18T06:47:01.770+0000][6][gc,phases    ] GC(12)   Other: 3.2ms
[2020-08-18T06:47:01.771+0000][6][gc,heap      ] GC(12) Eden regions: 210->0(292)
[2020-08-18T06:47:01.771+0000][6][gc,heap      ] GC(12) Survivor regions: 39->7(32)
[2020-08-18T06:47:01.772+0000][6][gc,heap      ] GC(12) Old regions: 6->45
[2020-08-18T06:47:01.772+0000][6][gc,heap      ] GC(12) Archive regions: 2->2
[2020-08-18T06:47:01.772+0000][6][gc,heap      ] GC(12) Humongous regions: 1->1
[2020-08-18T06:47:01.773+0000][6][gc,metaspace ] GC(12) Metaspace: 49183K(54096K)->49183K(54096K) NonClass: 42505K(45564K)->42505K(45564K) Class: 6678K(8532K)->6678K(8532K)
[2020-08-18T06:47:01.773+0000][6][gc           ] GC(12) Pause Young (Concurrent Start) (G1 Evacuation Pause) 256M->53M(512M) 214.349ms
[2020-08-18T06:47:01.774+0000][6][gc,cpu       ] GC(12) User=0.24s Sys=0.00s Real=0.21s
[2020-08-18T06:47:01.774+0000][6][safepoint    ] Safepoint "G1CollectForAllocation", Time since last: 1000166700 ns, Reaching safepoint: 181000 ns, At safepoint: 215206444 ns, Total: 215387444 ns
[2020-08-18T06:47:01.774+0000][6][gc           ] GC(13) Concurrent Cycle
[2020-08-18T06:47:01.775+0000][6][gc,marking   ] GC(13) Concurrent Clear Claimed Marks
[2020-08-18T06:47:01.776+0000][6][gc,marking   ] GC(13) Concurrent Clear Claimed Marks 1.055ms
[2020-08-18T06:47:01.776+0000][6][gc,marking   ] GC(13) Concurrent Scan Root Regions
[2020-08-18T06:47:01.909+0000][6][gc,marking   ] GC(13) Concurrent Scan Root Regions 132.615ms
[2020-08-18T06:47:01.909+0000][6][gc,marking   ] GC(13) Concurrent Mark (24.872s)
[2020-08-18T06:47:01.910+0000][6][gc,marking   ] GC(13) Concurrent Mark From Roots
[2020-08-18T06:47:01.910+0000][6][gc,task      ] GC(13) Using 1 workers of 1 for marking
[2020-08-18T06:47:01.934+0000][6][gc,marking   ] GC(13) Concurrent Mark From Roots 24.276ms
[2020-08-18T06:47:01.935+0000][6][gc,marking   ] GC(13) Concurrent Preclean
[2020-08-18T06:47:01.935+0000][6][gc,marking   ] GC(13) Concurrent Preclean 0.511ms
[2020-08-18T06:47:01.936+0000][6][gc,marking   ] GC(13) Concurrent Mark (24.872s, 24.898s) 26.301ms
[2020-08-18T06:47:01.936+0000][6][gc,start     ] GC(13) Pause Remark
[2020-08-18T06:47:01.946+0000][6][gc           ] GC(13) Pause Remark 55M->55M(512M) 9.846ms
[2020-08-18T06:47:01.947+0000][6][gc,cpu       ] GC(13) User=0.01s Sys=0.00s Real=0.01s
[2020-08-18T06:47:01.947+0000][6][safepoint    ] Safepoint "G1Concurrent", Time since last: 162164332 ns, Reaching safepoint: 310100 ns, At safepoint: 10975802 ns, Total: 11285902 ns
[2020-08-18T06:47:01.948+0000][6][gc,marking   ] GC(13) Concurrent Rebuild Remembered Sets
[2020-08-18T06:47:02.122+0000][6][gc,marking   ] GC(13) Concurrent Rebuild Remembered Sets 174.567ms
[2020-08-18T06:47:02.124+0000][6][gc,start     ] GC(13) Pause Cleanup
[2020-08-18T06:47:02.125+0000][6][gc           ] GC(13) Pause Cleanup 55M->55M(512M) 0.914ms
[2020-08-18T06:47:02.126+0000][6][gc,cpu       ] GC(13) User=0.00s Sys=0.00s Real=0.00s
[2020-08-18T06:47:02.126+0000][6][safepoint    ] Safepoint "G1Concurrent", Time since last: 175720936 ns, Reaching safepoint: 1140300 ns, At safepoint: 1894300 ns, Total: 3034600 ns
[2020-08-18T06:47:02.127+0000][6][gc,marking   ] GC(13) Concurrent Cleanup for Next Mark
[2020-08-18T06:47:02.130+0000][6][gc,marking   ] GC(13) Concurrent Cleanup for Next Mark 2.931ms
[2020-08-18T06:47:02.130+0000][6][gc           ] GC(13) Concurrent Cycle 356.031ms
[2020-08-18T06:47:03.127+0000][6][safepoint    ] Safepoint "Cleanup", Time since last: 1000546801 ns, Reaching safepoint: 301700 ns, At safepoint: 8300 ns, Total: 310000 ns
[2020-08-18T06:47:04.128+0000][6][safepoint    ] Safepoint "Cleanup", Time since last: 1000780401 ns, Reaching safepoint: 127100 ns, At safepoint: 5200 ns, Total: 132300 ns
[2020-08-18T06:47:04.720+0000][6][safepoint    ] Safepoint "BulkRevokeBias", Time since last: 590903519 ns, Reaching safepoint: 745800 ns, At safepoint: 139900 ns, Total: 885700 ns
[2020-08-18T06:47:04.724+0000][6][safepoint    ] Safepoint "BulkRevokeBias", Time since last: 4562101 ns, Reaching safepoint: 79400 ns, At safepoint: 96200 ns, Total: 175600 ns
[2020-08-18T06:47:04.725+0000][6][safepoint    ] Safepoint "BulkRevokeBias", Time since last: 843000 ns, Reaching safepoint: 85800 ns, At safepoint: 112500 ns, Total: 198300 ns
[2020-08-18T06:47:06.313+0000][6][safepoint    ] Safepoint "Cleanup", Time since last: 1586705918 ns, Reaching safepoint: 889201 ns, At safepoint: 7300 ns, Total: 896501 ns
[2020-08-18T06:47:07.876+0000][6][safepoint    ] Safepoint "Cleanup", Time since last: 1560012113 ns, Reaching safepoint: 3433300 ns, At safepoint: 5600 ns, Total: 3438900 ns
[2020-08-18T06:47:08.712+0000][6][gc,start     ] GC(14) Pause Young (Normal) (G1 Evacuation Pause)
[2020-08-18T06:47:08.712+0000][6][gc,task      ] GC(14) Using 2 workers of 2 for evacuation
[2020-08-18T06:47:08.713+0000][6][gc,age       ] GC(14) Desired survivor size 19922944 bytes, new threshold 15 (max threshold 15)
[2020-08-18T06:47:08.804+0000][6][gc,age       ] GC(14) Age table with threshold 15 (max threshold 15)
[2020-08-18T06:47:08.805+0000][6][gc,age       ] GC(14) - age   1:    9286624 bytes,    9286624 total
[2020-08-18T06:47:08.805+0000][6][gc,age       ] GC(14) - age   2:    6328808 bytes,   15615432 total
[2020-08-18T06:47:08.806+0000][6][gc,phases    ] GC(14)   Pre Evacuate Collection Set: 0.2ms
[2020-08-18T06:47:08.806+0000][6][gc,phases    ] GC(14)   Merge Heap Roots: 0.4ms
[2020-08-18T06:47:08.806+0000][6][gc,phases    ] GC(14)   Evacuate Collection Set: 86.3ms
[2020-08-18T06:47:08.807+0000][6][gc,phases    ] GC(14)   Post Evacuate Collection Set: 3.9ms
[2020-08-18T06:47:08.807+0000][6][gc,phases    ] GC(14)   Other: 3.2ms
[2020-08-18T06:47:08.808+0000][6][gc,heap      ] GC(14) Eden regions: 292->0(286)
[2020-08-18T06:47:08.808+0000][6][gc,heap      ] GC(14) Survivor regions: 7->16(38)
[2020-08-18T06:47:08.808+0000][6][gc,heap      ] GC(14) Old regions: 45->45
[2020-08-18T06:47:08.809+0000][6][gc,heap      ] GC(14) Archive regions: 2->2
[2020-08-18T06:47:08.809+0000][6][gc,heap      ] GC(14) Humongous regions: 1->1
[2020-08-18T06:47:08.809+0000][6][gc,metaspace ] GC(14) Metaspace: 71305K(77136K)->71305K(77136K) NonClass: 61518K(64764K)->61518K(64764K) Class: 9787K(12372K)->9787K(12372K)
[2020-08-18T06:47:08.810+0000][6][gc           ] GC(14) Pause Young (Normal) (G1 Evacuation Pause) 345M->62M(512M) 98.165ms
[2020-08-18T06:47:08.815+0000][6][gc,cpu       ] GC(14) User=0.07s Sys=0.00s Real=0.10s
[2020-08-18T06:47:08.815+0000][6][safepoint    ] Safepoint "G1CollectForAllocation", Time since last: 834915059 ns, Reaching safepoint: 232300 ns, At safepoint: 103830419 ns, Total: 104062719 ns
[2020-08-18T06:47:10.078+0000][6][safepoint    ] Safepoint "Cleanup", Time since last: 1261810228 ns, Reaching safepoint: 1019900 ns, At safepoint: 8900 ns, Total: 1028800 ns
[2020-08-18T06:47:10.698+0000][6][safepoint    ] Safepoint "BulkRevokeBias", Time since last: 619010412 ns, Reaching safepoint: 247000 ns, At safepoint: 104100 ns, Total: 351100 ns
[2020-08-18T06:47:11.270+0000][6][safepoint    ] Safepoint "BulkRevokeBias", Time since last: 571371503 ns, Reaching safepoint: 1148500 ns, At safepoint: 236400 ns, Total: 1384900 ns
[2020-08-18T06:47:12.431+0000][6][safepoint    ] Safepoint "Cleanup", Time since last: 1160634109 ns, Reaching safepoint: 392301 ns, At safepoint: 15000 ns, Total: 407301 ns
[2020-08-18T06:47:13.790+0000][6][safepoint    ] Safepoint "Cleanup", Time since last: 1358437445 ns, Reaching safepoint: 240200 ns, At safepoint: 6600 ns, Total: 246800 ns
[2020-08-18T06:47:14.055+0000][6][safepoint    ] Safepoint "BulkRevokeBias", Time since last: 263970647 ns, Reaching safepoint: 121400 ns, At safepoint: 294800 ns, Total: 416200 ns
[2020-08-18T06:47:15.056+0000][6][safepoint    ] Safepoint "Cleanup", Time since last: 1001521081 ns, Reaching safepoint: 164400 ns, At safepoint: 4700 ns, Total: 169100 ns
[2020-08-18T06:47:16.058+0000][6][safepoint    ] Safepoint "Cleanup", Time since last: 1001280081 ns, Reaching safepoint: 92500 ns, At safepoint: 3900 ns, Total: 96400 ns
[2020-08-18T06:47:17.059+0000][6][safepoint    ] Safepoint "Cleanup", Time since last: 1001006423 ns, Reaching safepoint: 94500 ns, At safepoint: 3700 ns, Total: 98200 ns
[2020-08-18T06:47:18.060+0000][6][safepoint    ] Safepoint "Cleanup", Time since last: 1000954105 ns, Reaching safepoint: 90501 ns, At safepoint: 3100 ns, Total: 93601 ns
[2020-08-18T06:47:19.061+0000][6][safepoint    ] Safepoint "Cleanup", Time since last: 1000896705 ns, Reaching safepoint: 127900 ns, At safepoint: 5100 ns, Total: 133000 ns
[2020-08-18T06:47:20.062+0000][6][safepoint    ] Safepoint "Cleanup", Time since last: 1001279105 ns, Reaching safepoint: 105900 ns, At safepoint: 4400 ns, Total: 110300 ns
[2020-08-18T06:47:21.064+0000][6][safepoint    ] Safepoint "Cleanup", Time since last: 1001256905 ns, Reaching safepoint: 91900 ns, At safepoint: 3300 ns, Total: 95200 ns
[2020-08-18T06:47:22.065+0000][6][safepoint    ] Safepoint "Cleanup", Time since last: 1001096506 ns, Reaching safepoint: 97500 ns, At safepoint: 3700 ns, Total: 101200 ns
[2020-08-18T06:47:23.066+0000][6][safepoint    ] Safepoint "Cleanup", Time since last: 1000819105 ns, Reaching safepoint: 94100 ns, At safepoint: 3400 ns, Total: 97500 ns
[2020-08-18T06:47:24.066+0000][6][safepoint    ] Safepoint "Cleanup", Time since last: 1000681405 ns, Reaching safepoint: 83600 ns, At safepoint: 3100 ns, Total: 86700 ns
[2020-08-18T06:47:25.067+0000][6][safepoint    ] Safepoint "Cleanup", Time since last: 1000853782 ns, Reaching safepoint: 81300 ns, At safepoint: 3100 ns, Total: 84400 ns
[2020-08-18T06:47:26.068+0000][6][safepoint    ] Safepoint "Cleanup", Time since last: 1000616475 ns, Reaching safepoint: 89100 ns, At safepoint: 2900 ns, Total: 92000 ns
[2020-08-18T06:47:27.069+0000][6][safepoint    ] Safepoint "Cleanup", Time since last: 1000757475 ns, Reaching safepoint: 98500 ns, At safepoint: 3500 ns, Total: 102000 ns
[2020-08-18T06:47:28.070+0000][6][safepoint    ] Safepoint "Cleanup", Time since last: 1000700675 ns, Reaching safepoint: 102200 ns, At safepoint: 4400 ns, Total: 106600 ns
[2020-08-18T06:47:29.071+0000][6][safepoint    ] Safepoint "Cleanup", Time since last: 1000783575 ns, Reaching safepoint: 88800 ns, At safepoint: 3200 ns, Total: 92000 ns
[2020-08-18T06:47:30.071+0000][6][safepoint    ] Safepoint "Cleanup", Time since last: 1000728674 ns, Reaching safepoint: 111400 ns, At safepoint: 3500 ns, Total: 114900 ns
[2020-08-18T06:47:31.072+0000][6][safepoint    ] Safepoint "Cleanup", Time since last: 1000834175 ns, Reaching safepoint: 106100 ns, At safepoint: 4400 ns, Total: 110500 ns
[2020-08-18T06:47:32.074+0000][6][safepoint    ] Safepoint "Cleanup", Time since last: 1001331975 ns, Reaching safepoint: 107400 ns, At safepoint: 3500 ns, Total: 110900 ns
[2020-08-18T06:47:33.075+0000][6][safepoint    ] Safepoint "Cleanup", Time since last: 1000737872 ns, Reaching safepoint: 83600 ns, At safepoint: 3100 ns, Total: 86700 ns
[2020-08-18T06:47:34.075+0000][6][safepoint    ] Safepoint "Cleanup", Time since last: 1000745471 ns, Reaching safepoint: 83900 ns, At safepoint: 3300 ns, Total: 87200 ns
[2020-08-18T06:47:35.076+0000][6][safepoint    ] Safepoint "Cleanup", Time since last: 1000818971 ns, Reaching safepoint: 120100 ns, At safepoint: 3600 ns, Total: 123700 ns
[2020-08-18T06:47:36.077+0000][6][safepoint    ] Safepoint "Cleanup", Time since last: 1000928271 ns, Reaching safepoint: 102700 ns, At safepoint: 3700 ns, Total: 106400 ns
[2020-08-18T06:47:37.078+0000][6][safepoint    ] Safepoint "Cleanup", Time since last: 1000823271 ns, Reaching safepoint: 90600 ns, At safepoint: 3200 ns, Total: 93800 ns
[2020-08-18T06:47:38.079+0000][6][safepoint    ] Safepoint "Cleanup", Time since last: 1000898571 ns, Reaching safepoint: 172100 ns, At safepoint: 5300 ns, Total: 177400 ns
[2020-08-18T06:47:39.081+0000][6][safepoint    ] Safepoint "Cleanup", Time since last: 1000979171 ns, Reaching safepoint: 137500 ns, At safepoint: 3600 ns, Total: 141100 ns
[2020-08-18T06:47:40.082+0000][6][safepoint    ] Safepoint "Cleanup", Time since last: 1000937870 ns, Reaching safepoint: 90300 ns, At safepoint: 3500 ns, Total: 93800 ns
[2020-08-18T06:47:40.957+0000][6][safepoint    ] Safepoint "BulkRevokeBias", Time since last: 874189012 ns, Reaching safepoint: 345900 ns, At safepoint: 805600 ns, Total: 1151500 ns
[2020-08-18T06:47:42.349+0000][6][safepoint    ] Safepoint "Cleanup", Time since last: 1391465488 ns, Reaching safepoint: 798300 ns, At safepoint: 18800 ns, Total: 817100 ns
[2020-08-18T06:47:50.746+0000][6][safepoint    ] Safepoint "Cleanup", Time since last: 8396481365 ns, Reaching safepoint: 94100 ns, At safepoint: 3400 ns, Total: 97500 ns
[2020-08-18T06:47:51.747+0000][6][safepoint    ] Safepoint "Cleanup", Time since last: 1000945891 ns, Reaching safepoint: 129400 ns, At safepoint: 3800 ns, Total: 133200 ns
[2020-08-18T06:47:55.749+0000][6][safepoint    ] Safepoint "Cleanup", Time since last: 4001696064 ns, Reaching safepoint: 144600 ns, At safepoint: 3600 ns, Total: 148200 ns
[2020-08-18T06:47:56.750+0000][6][safepoint    ] Safepoint "Cleanup", Time since last: 1001204788 ns, Reaching safepoint: 474800 ns, At safepoint: 12800 ns, Total: 487600 ns
[2020-08-18T06:47:57.753+0000][6][safepoint    ] Safepoint "Cleanup", Time since last: 1002259184 ns, Reaching safepoint: 136400 ns, At safepoint: 5400 ns, Total: 141800 ns
[2020-08-18T06:48:01.756+0000][6][safepoint    ] Safepoint "Cleanup", Time since last: 4002061534 ns, Reaching safepoint: 731500 ns, At safepoint: 14800 ns, Total: 746300 ns
[2020-08-18T06:48:02.759+0000][6][safepoint    ] Safepoint "Cleanup", Time since last: 1003050984 ns, Reaching safepoint: 122000 ns, At safepoint: 3200 ns, Total: 125200 ns
[2020-08-18T06:48:03.760+0000][6][safepoint    ] Safepoint "Cleanup", Time since last: 1001078483 ns, Reaching safepoint: 534200 ns, At safepoint: 13100 ns, Total: 547300 ns
[2020-08-18T06:48:10.766+0000][6][safepoint    ] Safepoint "Cleanup", Time since last: 7004646959 ns, Reaching safepoint: 464400 ns, At safepoint: 16000 ns, Total: 480400 ns
[2020-08-18T06:48:11.769+0000][6][safepoint    ] Safepoint "Cleanup", Time since last: 1002693480 ns, Reaching safepoint: 471300 ns, At safepoint: 12600 ns, Total: 483900 ns
[2020-08-18T06:48:16.772+0000][6][safepoint    ] Safepoint "Cleanup", Time since last: 5003065477 ns, Reaching safepoint: 147000 ns, At safepoint: 3400 ns, Total: 150400 ns
[2020-08-18T06:48:19.774+0000][6][safepoint    ] Safepoint "Cleanup", Time since last: 3001377025 ns, Reaching safepoint: 325600 ns, At safepoint: 11500 ns, Total: 337100 ns
[2020-08-18T06:48:21.776+0000][6][safepoint    ] Safepoint "Cleanup", Time since last: 2002262061 ns, Reaching safepoint: 167599 ns, At safepoint: 4200 ns, Total: 171799 ns
[2020-08-18T06:48:23.778+0000][6][safepoint    ] Safepoint "Cleanup", Time since last: 2001429011 ns, Reaching safepoint: 298900 ns, At safepoint: 14500 ns, Total: 313400 ns
[2020-08-18T06:48:24.781+0000][6][safepoint    ] Safepoint "Cleanup", Time since last: 1002920154 ns, Reaching safepoint: 558899 ns, At safepoint: 36200 ns, Total: 595099 ns
[2020-08-18T06:48:27.784+0000][6][safepoint    ] Safepoint "Cleanup", Time since last: 3002661466 ns, Reaching safepoint: 101300 ns, At safepoint: 2900 ns, Total: 104200 ns
[2020-08-18T06:48:28.785+0000][6][safepoint    ] Safepoint "Cleanup", Time since last: 1000645803 ns, Reaching safepoint: 174600 ns, At safepoint: 5900 ns, Total: 180500 ns
[2020-08-18T06:48:41.790+0000][6][safepoint    ] Safepoint "Cleanup", Time since last: 13005176346 ns, Reaching safepoint: 112100 ns, At safepoint: 2800 ns, Total: 114900 ns
[2020-08-18T06:48:46.792+0000][6][safepoint    ] Safepoint "Cleanup", Time since last: 5002073394 ns, Reaching safepoint: 109100 ns, At safepoint: 3200 ns, Total: 112300 ns
[2020-08-18T06:48:48.794+0000][6][safepoint    ] Safepoint "Cleanup", Time since last: 2001236051 ns, Reaching safepoint: 538200 ns, At safepoint: 14400 ns, Total: 552600 ns
[2020-08-18T06:48:49.798+0000][6][safepoint    ] Safepoint "Cleanup", Time since last: 1003861875 ns, Reaching safepoint: 201900 ns, At safepoint: 5300 ns, Total: 207200 ns
[2020-08-18T06:48:51.800+0000][6][safepoint    ] Safepoint "Cleanup", Time since last: 2001431151 ns, Reaching safepoint: 128800 ns, At safepoint: 3700 ns, Total: 132500 ns
[2020-08-18T06:48:56.802+0000][6][safepoint    ] Safepoint "Cleanup", Time since last: 5001849412 ns, Reaching safepoint: 412700 ns, At safepoint: 11800 ns, Total: 424500 ns
[2020-08-18T06:48:57.804+0000][6][safepoint    ] Safepoint "Cleanup", Time since last: 1001642030 ns, Reaching safepoint: 378700 ns, At safepoint: 11800 ns, Total: 390500 ns
[2020-08-18T06:49:06.809+0000][6][safepoint    ] Safepoint "Cleanup", Time since last: 9004267039 ns, Reaching safepoint: 136300 ns, At safepoint: 3200 ns, Total: 139500 ns
[2020-08-18T06:49:07.810+0000][6][safepoint    ] Safepoint "Cleanup", Time since last: 1000926142 ns, Reaching safepoint: 127200 ns, At safepoint: 4500 ns, Total: 131700 ns
[2020-08-18T06:49:08.811+0000][6][safepoint    ] Safepoint "Cleanup", Time since last: 1001354547 ns, Reaching safepoint: 491400 ns, At safepoint: 10600 ns, Total: 502000 ns
[2020-08-18T06:49:11.817+0000][6][safepoint    ] Safepoint "Cleanup", Time since last: 3005158280 ns, Reaching safepoint: 348900 ns, At safepoint: 75500 ns, Total: 424400 ns
[2020-08-18T06:49:15.593+0000][6][safepoint    ] Safepoint "Cleanup", Time since last: 3775397050 ns, Reaching safepoint: 397900 ns, At safepoint: 4400 ns, Total: 402300 ns
[2020-08-18T06:49:15.989+0000][6][safepoint    ] Safepoint "BulkRevokeBias", Time since last: 395524784 ns, Reaching safepoint: 140000 ns, At safepoint: 228700 ns, Total: 368700 ns
[2020-08-18T06:49:16.055+0000][6][safepoint    ] Safepoint "BulkRevokeBias", Time since last: 65979298 ns, Reaching safepoint: 337000 ns, At safepoint: 82800 ns, Total: 419800 ns
[2020-08-18T06:49:16.098+0000][6][gc,heap,exit ] Heap
[2020-08-18T06:49:16.099+0000][6][gc,heap,exit ]  garbage-first heap   total 524288K, used 244813K [0x00000000e0000000, 0x0000000100000000)
[2020-08-18T06:49:16.100+0000][6][gc,heap,exit ]   region size 1024K, 194 young (198656K), 16 survivors (16384K)
[2020-08-18T06:49:16.100+0000][6][gc,heap,exit ]  Metaspace       used 82887K, capacity 89523K, committed 89680K, reserved 1124352K
[2020-08-18T06:49:16.101+0000][6][gc,heap,exit ]   class space    used 11354K, capacity 14086K, committed 14164K, reserved 1048576K
