[2020-08-18T06:37:15.976+0000][6][gc,heap] Heap region size: 1M
[2020-08-18T06:37:15.977+0000][6][gc,heap,coops] Heap address: 0x00000000e0000000, size: 512 MB, Compressed Oops mode: 32-bit
[2020-08-18T06:37:16.167+0000][6][gc           ] Using G1
[2020-08-18T06:37:16.168+0000][6][gc,cds       ] Mark closed archive regions in map: [0x00000000fff00000, 0x00000000fff7eff8]
[2020-08-18T06:37:16.168+0000][6][gc,cds       ] Mark open archive regions in map: [0x00000000ffe00000, 0x00000000ffe51ff8]
[2020-08-18T06:37:16.185+0000][6][gc           ] Periodic GC disabled
[2020-08-18T06:37:17.142+0000][6][gc,start     ] GC(0) Pause Young (Normal) (G1 Evacuation Pause)
[2020-08-18T06:37:17.142+0000][6][gc,task      ] GC(0) Using 2 workers of 2 for evacuation
[2020-08-18T06:37:17.145+0000][6][gc,age       ] GC(0) Desired survivor size 2097152 bytes, new threshold 15 (max threshold 15)
[2020-08-18T06:37:17.152+0000][6][gc,age       ] GC(0) Age table with threshold 15 (max threshold 15)
[2020-08-18T06:37:17.152+0000][6][gc,age       ] GC(0) - age   1:    2635008 bytes,    2635008 total
[2020-08-18T06:37:17.153+0000][6][gc,phases    ] GC(0)   Pre Evacuate Collection Set: 0.1ms
[2020-08-18T06:37:17.161+0000][6][gc,phases    ] GC(0)   Merge Heap Roots: 0.0ms
[2020-08-18T06:37:17.161+0000][6][gc,phases    ] GC(0)   Evacuate Collection Set: 5.9ms
[2020-08-18T06:37:17.162+0000][6][gc,phases    ] GC(0)   Post Evacuate Collection Set: 0.3ms
[2020-08-18T06:37:17.162+0000][6][gc,phases    ] GC(0)   Other: 4.7ms
[2020-08-18T06:37:17.162+0000][6][gc,heap      ] GC(0) Eden regions: 25->0(23)
[2020-08-18T06:37:17.163+0000][6][gc,heap      ] GC(0) Survivor regions: 0->3(4)
[2020-08-18T06:37:17.163+0000][6][gc,heap      ] GC(0) Old regions: 0->0
[2020-08-18T06:37:17.163+0000][6][gc,heap      ] GC(0) Archive regions: 2->2
[2020-08-18T06:37:17.164+0000][6][gc,heap      ] GC(0) Humongous regions: 1->1
[2020-08-18T06:37:17.164+0000][6][gc,metaspace ] GC(0) Metaspace: 5677K(8320K)->5677K(8320K) NonClass: 5056K(7424K)->5056K(7424K) Class: 621K(896K)->621K(896K)
[2020-08-18T06:37:17.164+0000][6][gc           ] GC(0) Pause Young (Normal) (G1 Evacuation Pause) 26M->4M(512M) 22.444ms
[2020-08-18T06:37:17.164+0000][6][gc,cpu       ] GC(0) User=0.00s Sys=0.00s Real=0.02s
[2020-08-18T06:37:17.165+0000][6][safepoint    ] Safepoint "G1CollectForAllocation", Time since last: 959985286 ns, Reaching safepoint: 235701 ns, At safepoint: 23003032 ns, Total: 23238733 ns
[2020-08-18T06:37:18.288+0000][6][gc,start     ] GC(1) Pause Young (Normal) (G1 Evacuation Pause)
[2020-08-18T06:37:18.288+0000][6][gc,task      ] GC(1) Using 2 workers of 2 for evacuation
[2020-08-18T06:37:18.289+0000][6][gc,age       ] GC(1) Desired survivor size 2097152 bytes, new threshold 1 (max threshold 15)
[2020-08-18T06:37:18.312+0000][6][gc,age       ] GC(1) Age table with threshold 1 (max threshold 15)
[2020-08-18T06:37:18.313+0000][6][gc,age       ] GC(1) - age   1:    1145056 bytes,    1145056 total
[2020-08-18T06:37:18.313+0000][6][gc,phases    ] GC(1)   Pre Evacuate Collection Set: 0.1ms
[2020-08-18T06:37:18.313+0000][6][gc,phases    ] GC(1)   Merge Heap Roots: 0.1ms
[2020-08-18T06:37:18.314+0000][6][gc,phases    ] GC(1)   Evacuate Collection Set: 22.6ms
[2020-08-18T06:37:18.314+0000][6][gc,phases    ] GC(1)   Post Evacuate Collection Set: 0.5ms
[2020-08-18T06:37:18.314+0000][6][gc,phases    ] GC(1)   Other: 2.1ms
[2020-08-18T06:37:18.314+0000][6][gc,heap      ] GC(1) Eden regions: 23->0(29)
[2020-08-18T06:37:18.315+0000][6][gc,heap      ] GC(1) Survivor regions: 3->2(4)
[2020-08-18T06:37:18.315+0000][6][gc,heap      ] GC(1) Old regions: 0->3
[2020-08-18T06:37:18.315+0000][6][gc,heap      ] GC(1) Archive regions: 2->2
[2020-08-18T06:37:18.316+0000][6][gc,heap      ] GC(1) Humongous regions: 1->1
[2020-08-18T06:37:18.316+0000][6][gc,metaspace ] GC(1) Metaspace: 10233K(11008K)->10233K(11008K) NonClass: 8968K(9472K)->8968K(9472K) Class: 1264K(1536K)->1264K(1536K)
[2020-08-18T06:37:18.316+0000][6][gc           ] GC(1) Pause Young (Normal) (G1 Evacuation Pause) 27M->5M(512M) 28.329ms
[2020-08-18T06:37:18.316+0000][6][gc,cpu       ] GC(1) User=0.01s Sys=0.00s Real=0.03s
[2020-08-18T06:37:18.317+0000][6][safepoint    ] Safepoint "G1CollectForAllocation", Time since last: 1123067617 ns, Reaching safepoint: 117801 ns, At safepoint: 28945665 ns, Total: 29063466 ns
[2020-08-18T06:37:19.043+0000][6][gc,start     ] GC(2) Pause Young (Normal) (G1 Evacuation Pause)
[2020-08-18T06:37:19.044+0000][6][gc,task      ] GC(2) Using 2 workers of 2 for evacuation
[2020-08-18T06:37:19.044+0000][6][gc,age       ] GC(2) Desired survivor size 2097152 bytes, new threshold 15 (max threshold 15)
[2020-08-18T06:37:19.060+0000][6][gc,age       ] GC(2) Age table with threshold 15 (max threshold 15)
[2020-08-18T06:37:19.060+0000][6][gc,age       ] GC(2) - age   1:    3030576 bytes,    3030576 total
[2020-08-18T06:37:19.061+0000][6][gc,age       ] GC(2) - age   2:    1105920 bytes,    4136496 total
[2020-08-18T06:37:19.061+0000][6][gc,phases    ] GC(2)   Pre Evacuate Collection Set: 0.1ms
[2020-08-18T06:37:19.062+0000][6][gc,phases    ] GC(2)   Merge Heap Roots: 0.1ms
[2020-08-18T06:37:19.062+0000][6][gc,phases    ] GC(2)   Evacuate Collection Set: 14.4ms
[2020-08-18T06:37:19.062+0000][6][gc,phases    ] GC(2)   Post Evacuate Collection Set: 0.5ms
[2020-08-18T06:37:19.062+0000][6][gc,phases    ] GC(2)   Other: 2.7ms
[2020-08-18T06:37:19.063+0000][6][gc,heap      ] GC(2) Eden regions: 29->0(36)
[2020-08-18T06:37:19.063+0000][6][gc,heap      ] GC(2) Survivor regions: 2->4(4)
[2020-08-18T06:37:19.063+0000][6][gc,heap      ] GC(2) Old regions: 3->4
[2020-08-18T06:37:19.063+0000][6][gc,heap      ] GC(2) Archive regions: 2->2
[2020-08-18T06:37:19.065+0000][6][gc,heap      ] GC(2) Humongous regions: 1->1
[2020-08-18T06:37:19.066+0000][6][gc,metaspace ] GC(2) Metaspace: 13476K(14208K)->13476K(14208K) NonClass: 11838K(12288K)->11838K(12288K) Class: 1638K(1920K)->1638K(1920K)
[2020-08-18T06:37:19.066+0000][6][gc           ] GC(2) Pause Young (Normal) (G1 Evacuation Pause) 34M->9M(512M) 22.736ms
[2020-08-18T06:37:19.067+0000][6][gc,cpu       ] GC(2) User=0.02s Sys=0.00s Real=0.02s
[2020-08-18T06:37:19.067+0000][6][safepoint    ] Safepoint "G1CollectForAllocation", Time since last: 726433005 ns, Reaching safepoint: 250200 ns, At safepoint: 23639001 ns, Total: 23889201 ns
[2020-08-18T06:37:19.613+0000][6][gc,start     ] GC(3) Pause Young (Normal) (G1 Evacuation Pause)
[2020-08-18T06:37:19.614+0000][6][gc,task      ] GC(3) Using 2 workers of 2 for evacuation
[2020-08-18T06:37:19.614+0000][6][gc,age       ] GC(3) Desired survivor size 2621440 bytes, new threshold 1 (max threshold 15)
[2020-08-18T06:37:19.626+0000][6][gc,age       ] GC(3) Age table with threshold 1 (max threshold 15)
[2020-08-18T06:37:19.626+0000][6][gc,age       ] GC(3) - age   1:    2905080 bytes,    2905080 total
[2020-08-18T06:37:19.640+0000][6][gc,phases    ] GC(3)   Pre Evacuate Collection Set: 0.1ms
[2020-08-18T06:37:19.640+0000][6][gc,phases    ] GC(3)   Merge Heap Roots: 0.1ms
[2020-08-18T06:37:19.640+0000][6][gc,phases    ] GC(3)   Evacuate Collection Set: 10.5ms
[2020-08-18T06:37:19.641+0000][6][gc,phases    ] GC(3)   Post Evacuate Collection Set: 0.6ms
[2020-08-18T06:37:19.641+0000][6][gc,phases    ] GC(3)   Other: 15.3ms
[2020-08-18T06:37:19.641+0000][6][gc,heap      ] GC(3) Eden regions: 36->0(196)
[2020-08-18T06:37:19.641+0000][6][gc,heap      ] GC(3) Survivor regions: 4->3(5)
[2020-08-18T06:37:19.642+0000][6][gc,heap      ] GC(3) Old regions: 4->7
[2020-08-18T06:37:19.642+0000][6][gc,heap      ] GC(3) Archive regions: 2->2
[2020-08-18T06:37:19.642+0000][6][gc,heap      ] GC(3) Humongous regions: 1->1
[2020-08-18T06:37:19.642+0000][6][gc,metaspace ] GC(3) Metaspace: 14161K(14976K)->14161K(14976K) NonClass: 12468K(13056K)->12468K(13056K) Class: 1692K(1920K)->1692K(1920K)
[2020-08-18T06:37:19.642+0000][6][gc           ] GC(3) Pause Young (Normal) (G1 Evacuation Pause) 45M->10M(512M) 29.293ms
[2020-08-18T06:37:19.643+0000][6][gc,cpu       ] GC(3) User=0.02s Sys=0.00s Real=0.03s
[2020-08-18T06:37:19.643+0000][6][safepoint    ] Safepoint "G1CollectForAllocation", Time since last: 543133508 ns, Reaching safepoint: 2922100 ns, At safepoint: 29728500 ns, Total: 32650600 ns
[2020-08-18T06:37:19.643+0000][6][safepoint    ] Safepoint "BulkRevokeBias", Time since last: 350700 ns, Reaching safepoint: 118600 ns, At safepoint: 71300 ns, Total: 189900 ns
[2020-08-18T06:37:20.650+0000][6][safepoint    ] Safepoint "Cleanup", Time since last: 1000601915 ns, Reaching safepoint: 6001501 ns, At safepoint: 15000 ns, Total: 6016501 ns
[2020-08-18T06:37:20.726+0000][6][gc,start     ] GC(4) Pause Young (Normal) (G1 Evacuation Pause)
[2020-08-18T06:37:20.727+0000][6][gc,task      ] GC(4) Using 2 workers of 2 for evacuation
[2020-08-18T06:37:20.727+0000][6][gc,age       ] GC(4) Desired survivor size 13107200 bytes, new threshold 15 (max threshold 15)
[2020-08-18T06:37:20.734+0000][6][gc,age       ] GC(4) Age table with threshold 15 (max threshold 15)
[2020-08-18T06:37:20.735+0000][6][gc,age       ] GC(4) - age   1:    4106968 bytes,    4106968 total
[2020-08-18T06:37:20.738+0000][6][gc,age       ] GC(4) - age   2:     856080 bytes,    4963048 total
[2020-08-18T06:37:20.738+0000][6][gc,phases    ] GC(4)   Pre Evacuate Collection Set: 0.1ms
[2020-08-18T06:37:20.739+0000][6][gc,phases    ] GC(4)   Merge Heap Roots: 0.1ms
[2020-08-18T06:37:20.739+0000][6][gc,phases    ] GC(4)   Evacuate Collection Set: 5.4ms
[2020-08-18T06:37:20.739+0000][6][gc,phases    ] GC(4)   Post Evacuate Collection Set: 0.5ms
[2020-08-18T06:37:20.740+0000][6][gc,phases    ] GC(4)   Other: 6.1ms
[2020-08-18T06:37:20.740+0000][6][gc,heap      ] GC(4) Eden regions: 196->0(302)
[2020-08-18T06:37:20.740+0000][6][gc,heap      ] GC(4) Survivor regions: 3->5(25)
[2020-08-18T06:37:20.740+0000][6][gc,heap      ] GC(4) Old regions: 7->7
[2020-08-18T06:37:20.741+0000][6][gc,heap      ] GC(4) Archive regions: 2->2
[2020-08-18T06:37:20.741+0000][6][gc,heap      ] GC(4) Humongous regions: 2->1
[2020-08-18T06:37:20.741+0000][6][gc,metaspace ] GC(4) Metaspace: 17320K(18304K)->17320K(18304K) NonClass: 15194K(15872K)->15194K(15872K) Class: 2125K(2432K)->2125K(2432K)
[2020-08-18T06:37:20.742+0000][6][gc           ] GC(4) Pause Young (Normal) (G1 Evacuation Pause) 207M->12M(512M) 15.532ms
[2020-08-18T06:37:20.742+0000][6][gc,cpu       ] GC(4) User=0.00s Sys=0.00s Real=0.02s
[2020-08-18T06:37:20.742+0000][6][safepoint    ] Safepoint "G1CollectForAllocation", Time since last: 76001701 ns, Reaching safepoint: 38100 ns, At safepoint: 16115800 ns, Total: 16153900 ns
[2020-08-18T06:37:20.748+0000][6][safepoint    ] Safepoint "BulkRevokeBias", Time since last: 5594100 ns, Reaching safepoint: 115200 ns, At safepoint: 31400 ns, Total: 146600 ns
[2020-08-18T06:37:20.749+0000][6][safepoint    ] Safepoint "BulkRevokeBias", Time since last: 933500 ns, Reaching safepoint: 94100 ns, At safepoint: 28500 ns, Total: 122600 ns
[2020-08-18T06:37:20.751+0000][6][safepoint    ] Safepoint "BulkRevokeBias", Time since last: 1818400 ns, Reaching safepoint: 109400 ns, At safepoint: 71600 ns, Total: 181000 ns
[2020-08-18T06:37:21.913+0000][6][safepoint    ] Safepoint "Cleanup", Time since last: 1161927518 ns, Reaching safepoint: 66600 ns, At safepoint: 1800 ns, Total: 68400 ns
[2020-08-18T06:37:21.940+0000][6][gc,start     ] GC(5) Pause Young (Normal) (G1 Evacuation Pause)
[2020-08-18T06:37:21.941+0000][6][gc,task      ] GC(5) Using 2 workers of 2 for evacuation
[2020-08-18T06:37:21.941+0000][6][gc,age       ] GC(5) Desired survivor size 20447232 bytes, new threshold 15 (max threshold 15)
[2020-08-18T06:37:21.957+0000][6][gc,age       ] GC(5) Age table with threshold 15 (max threshold 15)
[2020-08-18T06:37:21.957+0000][6][gc,age       ] GC(5) - age   1:    4130456 bytes,    4130456 total
[2020-08-18T06:37:21.958+0000][6][gc,age       ] GC(5) - age   2:    4057904 bytes,    8188360 total
[2020-08-18T06:37:21.958+0000][6][gc,age       ] GC(5) - age   3:     855952 bytes,    9044312 total
[2020-08-18T06:37:21.958+0000][6][gc,phases    ] GC(5)   Pre Evacuate Collection Set: 0.1ms
[2020-08-18T06:37:21.959+0000][6][gc,phases    ] GC(5)   Merge Heap Roots: 0.1ms
[2020-08-18T06:37:21.959+0000][6][gc,phases    ] GC(5)   Evacuate Collection Set: 11.6ms
[2020-08-18T06:37:21.959+0000][6][gc,phases    ] GC(5)   Post Evacuate Collection Set: 3.5ms
[2020-08-18T06:37:21.959+0000][6][gc,phases    ] GC(5)   Other: 2.8ms
[2020-08-18T06:37:21.959+0000][6][gc,heap      ] GC(5) Eden regions: 302->0(298)
[2020-08-18T06:37:21.960+0000][6][gc,heap      ] GC(5) Survivor regions: 5->9(39)
[2020-08-18T06:37:21.960+0000][6][gc,heap      ] GC(5) Old regions: 7->7
[2020-08-18T06:37:21.960+0000][6][gc,heap      ] GC(5) Archive regions: 2->2
[2020-08-18T06:37:21.961+0000][6][gc,heap      ] GC(5) Humongous regions: 1->1
[2020-08-18T06:37:21.961+0000][6][gc,metaspace ] GC(5) Metaspace: 18668K(19840K)->18668K(19840K) NonClass: 16344K(17152K)->16344K(17152K) Class: 2323K(2688K)->2323K(2688K)
[2020-08-18T06:37:21.961+0000][6][gc           ] GC(5) Pause Young (Normal) (G1 Evacuation Pause) 314M->17M(512M) 20.975ms
[2020-08-18T06:37:21.961+0000][6][gc,cpu       ] GC(5) User=0.02s Sys=0.00s Real=0.02s
[2020-08-18T06:37:21.962+0000][6][safepoint    ] Safepoint "G1CollectForAllocation", Time since last: 27048600 ns, Reaching safepoint: 114400 ns, At safepoint: 21475000 ns, Total: 21589400 ns
[2020-08-18T06:37:22.950+0000][6][gc,start     ] GC(6) Pause Young (Normal) (G1 Evacuation Pause)
[2020-08-18T06:37:22.951+0000][6][gc,task      ] GC(6) Using 2 workers of 2 for evacuation
[2020-08-18T06:37:22.951+0000][6][gc,age       ] GC(6) Desired survivor size 20447232 bytes, new threshold 15 (max threshold 15)
[2020-08-18T06:37:22.975+0000][6][gc,age       ] GC(6) Age table with threshold 15 (max threshold 15)
[2020-08-18T06:37:22.975+0000][6][gc,age       ] GC(6) - age   1:    3785296 bytes,    3785296 total
[2020-08-18T06:37:22.975+0000][6][gc,age       ] GC(6) - age   2:    3530184 bytes,    7315480 total
[2020-08-18T06:37:22.976+0000][6][gc,age       ] GC(6) - age   3:    4056656 bytes,   11372136 total
[2020-08-18T06:37:22.976+0000][6][gc,age       ] GC(6) - age   4:     855952 bytes,   12228088 total
[2020-08-18T06:37:22.976+0000][6][gc,phases    ] GC(6)   Pre Evacuate Collection Set: 0.1ms
[2020-08-18T06:37:22.976+0000][6][gc,phases    ] GC(6)   Merge Heap Roots: 0.1ms
[2020-08-18T06:37:22.977+0000][6][gc,phases    ] GC(6)   Evacuate Collection Set: 22.5ms
[2020-08-18T06:37:22.977+0000][6][gc,phases    ] GC(6)   Post Evacuate Collection Set: 0.6ms
[2020-08-18T06:37:22.977+0000][6][gc,phases    ] GC(6)   Other: 2.6ms
[2020-08-18T06:37:22.977+0000][6][gc,heap      ] GC(6) Eden regions: 298->0(294)
[2020-08-18T06:37:22.977+0000][6][gc,heap      ] GC(6) Survivor regions: 9->13(39)
[2020-08-18T06:37:22.978+0000][6][gc,heap      ] GC(6) Old regions: 7->7
[2020-08-18T06:37:22.978+0000][6][gc,heap      ] GC(6) Archive regions: 2->2
[2020-08-18T06:37:22.978+0000][6][gc,heap      ] GC(6) Humongous regions: 1->1
[2020-08-18T06:37:22.978+0000][6][gc,metaspace ] GC(6) Metaspace: 19837K(21248K)->19837K(21248K) NonClass: 17393K(18432K)->17393K(18432K) Class: 2443K(2816K)->2443K(2816K)
[2020-08-18T06:37:22.978+0000][6][gc           ] GC(6) Pause Young (Normal) (G1 Evacuation Pause) 315M->20M(512M) 28.262ms
[2020-08-18T06:37:22.979+0000][6][gc,cpu       ] GC(6) User=0.02s Sys=0.00s Real=0.03s
[2020-08-18T06:37:22.979+0000][6][safepoint    ] Safepoint "G1CollectForAllocation", Time since last: 986090815 ns, Reaching safepoint: 2368400 ns, At safepoint: 28735601 ns, Total: 31104001 ns
[2020-08-18T06:37:22.980+0000][6][safepoint    ] Safepoint "BulkRevokeBias", Time since last: 706200 ns, Reaching safepoint: 125400 ns, At safepoint: 44700 ns, Total: 170100 ns
[2020-08-18T06:37:22.980+0000][6][safepoint    ] Safepoint "BulkRevokeBias", Time since last: 200000 ns, Reaching safepoint: 108100 ns, At safepoint: 51900 ns, Total: 160000 ns
[2020-08-18T06:37:23.090+0000][6][gc,start     ] GC(7) Pause Young (Concurrent Start) (Metadata GC Threshold)
[2020-08-18T06:37:23.090+0000][6][gc,task      ] GC(7) Using 2 workers of 2 for evacuation
[2020-08-18T06:37:23.091+0000][6][gc,age       ] GC(7) Desired survivor size 20447232 bytes, new threshold 15 (max threshold 15)
[2020-08-18T06:37:23.106+0000][6][gc,age       ] GC(7) Age table with threshold 15 (max threshold 15)
[2020-08-18T06:37:23.107+0000][6][gc,age       ] GC(7) - age   1:     155792 bytes,     155792 total
[2020-08-18T06:37:23.107+0000][6][gc,age       ] GC(7) - age   2:    2337248 bytes,    2493040 total
[2020-08-18T06:37:23.108+0000][6][gc,age       ] GC(7) - age   3:    3529872 bytes,    6022912 total
[2020-08-18T06:37:23.108+0000][6][gc,age       ] GC(7) - age   4:    4056656 bytes,   10079568 total
[2020-08-18T06:37:23.108+0000][6][gc,age       ] GC(7) - age   5:     855952 bytes,   10935520 total
[2020-08-18T06:37:23.109+0000][6][gc,phases    ] GC(7)   Pre Evacuate Collection Set: 0.1ms
[2020-08-18T06:37:23.109+0000][6][gc,phases    ] GC(7)   Merge Heap Roots: 0.0ms
[2020-08-18T06:37:23.109+0000][6][gc,phases    ] GC(7)   Evacuate Collection Set: 14.9ms
[2020-08-18T06:37:23.109+0000][6][gc,phases    ] GC(7)   Post Evacuate Collection Set: 0.5ms
[2020-08-18T06:37:23.109+0000][6][gc,phases    ] GC(7)   Other: 3.5ms
[2020-08-18T06:37:23.110+0000][6][gc,heap      ] GC(7) Eden regions: 57->0(296)
[2020-08-18T06:37:23.110+0000][6][gc,heap      ] GC(7) Survivor regions: 13->11(39)
[2020-08-18T06:37:23.110+0000][6][gc,heap      ] GC(7) Old regions: 7->7
[2020-08-18T06:37:23.110+0000][6][gc,heap      ] GC(7) Archive regions: 2->2
[2020-08-18T06:37:23.110+0000][6][gc,heap      ] GC(7) Humongous regions: 1->1
[2020-08-18T06:37:23.111+0000][6][gc,metaspace ] GC(7) Metaspace: 19855K(21248K)->19855K(21248K) NonClass: 17409K(18432K)->17409K(18432K) Class: 2446K(2816K)->2446K(2816K)
[2020-08-18T06:37:23.111+0000][6][gc           ] GC(7) Pause Young (Concurrent Start) (Metadata GC Threshold) 77M->19M(512M) 21.202ms
[2020-08-18T06:37:23.111+0000][6][gc,cpu       ] GC(7) User=0.03s Sys=0.00s Real=0.02s
[2020-08-18T06:37:23.111+0000][6][safepoint    ] Safepoint "CollectForMetadataAllocation", Time since last: 109448801 ns, Reaching safepoint: 54000 ns, At safepoint: 21743601 ns, Total: 21797601 ns
[2020-08-18T06:37:23.111+0000][6][gc           ] GC(8) Concurrent Cycle
[2020-08-18T06:37:23.112+0000][6][gc,marking   ] GC(8) Concurrent Clear Claimed Marks
[2020-08-18T06:37:23.112+0000][6][gc,marking   ] GC(8) Concurrent Clear Claimed Marks 0.346ms
[2020-08-18T06:37:23.112+0000][6][gc,marking   ] GC(8) Concurrent Scan Root Regions
[2020-08-18T06:37:23.117+0000][6][gc,marking   ] GC(8) Concurrent Scan Root Regions 4.970ms
[2020-08-18T06:37:23.118+0000][6][gc,marking   ] GC(8) Concurrent Mark (7.155s)
[2020-08-18T06:37:23.118+0000][6][gc,marking   ] GC(8) Concurrent Mark From Roots
[2020-08-18T06:37:23.119+0000][6][gc,task      ] GC(8) Using 1 workers of 1 for marking
[2020-08-18T06:37:23.138+0000][6][gc,marking   ] GC(8) Concurrent Mark From Roots 19.556ms
[2020-08-18T06:37:23.138+0000][6][gc,marking   ] GC(8) Concurrent Preclean
[2020-08-18T06:37:23.139+0000][6][gc,marking   ] GC(8) Concurrent Preclean 0.389ms
[2020-08-18T06:37:23.139+0000][6][gc,marking   ] GC(8) Concurrent Mark (7.155s, 7.176s) 21.194ms
[2020-08-18T06:37:23.139+0000][6][gc,start     ] GC(8) Pause Remark
[2020-08-18T06:37:23.143+0000][6][gc           ] GC(8) Pause Remark 21M->21M(512M) 3.294ms
[2020-08-18T06:37:23.143+0000][6][gc,cpu       ] GC(8) User=0.00s Sys=0.00s Real=0.00s
[2020-08-18T06:37:23.143+0000][6][safepoint    ] Safepoint "G1Concurrent", Time since last: 28023900 ns, Reaching safepoint: 129200 ns, At safepoint: 3892200 ns, Total: 4021400 ns
[2020-08-18T06:37:23.144+0000][6][gc,marking   ] GC(8) Concurrent Rebuild Remembered Sets
[2020-08-18T06:37:23.148+0000][6][gc,marking   ] GC(8) Concurrent Rebuild Remembered Sets 4.791ms
[2020-08-18T06:37:23.150+0000][6][gc,start     ] GC(8) Pause Cleanup
[2020-08-18T06:37:23.150+0000][6][gc           ] GC(8) Pause Cleanup 21M->21M(512M) 0.414ms
[2020-08-18T06:37:23.151+0000][6][gc,cpu       ] GC(8) User=0.00s Sys=0.00s Real=0.00s
[2020-08-18T06:37:23.151+0000][6][safepoint    ] Safepoint "G1Concurrent", Time since last: 5566600 ns, Reaching safepoint: 996700 ns, At safepoint: 1048400 ns, Total: 2045100 ns
[2020-08-18T06:37:23.151+0000][6][gc,marking   ] GC(8) Concurrent Cleanup for Next Mark
[2020-08-18T06:37:23.152+0000][6][gc,marking   ] GC(8) Concurrent Cleanup for Next Mark 0.982ms
[2020-08-18T06:37:23.152+0000][6][gc           ] GC(8) Concurrent Cycle 41.170ms
[2020-08-18T06:37:24.577+0000][6][safepoint    ] Safepoint "Cleanup", Time since last: 1424082233 ns, Reaching safepoint: 2001502 ns, At safepoint: 20900 ns, Total: 2022402 ns
[2020-08-18T06:37:25.319+0000][6][gc,start     ] GC(9) Pause Young (Normal) (G1 Evacuation Pause)
[2020-08-18T06:37:25.320+0000][6][gc,task      ] GC(9) Using 2 workers of 2 for evacuation
[2020-08-18T06:37:25.320+0000][6][gc,age       ] GC(9) Desired survivor size 20447232 bytes, new threshold 15 (max threshold 15)
[2020-08-18T06:37:25.351+0000][6][gc,age       ] GC(9) Age table with threshold 15 (max threshold 15)
[2020-08-18T06:37:25.352+0000][6][gc,age       ] GC(9) - age   1:    7704496 bytes,    7704496 total
[2020-08-18T06:37:25.352+0000][6][gc,age       ] GC(9) - age   2:     110712 bytes,    7815208 total
[2020-08-18T06:37:25.352+0000][6][gc,age       ] GC(9) - age   3:    2322152 bytes,   10137360 total
[2020-08-18T06:37:25.352+0000][6][gc,age       ] GC(9) - age   4:    3499232 bytes,   13636592 total
[2020-08-18T06:37:25.353+0000][6][gc,age       ] GC(9) - age   5:    4024552 bytes,   17661144 total
[2020-08-18T06:37:25.353+0000][6][gc,age       ] GC(9) - age   6:     828160 bytes,   18489304 total
[2020-08-18T06:37:25.353+0000][6][gc,phases    ] GC(9)   Pre Evacuate Collection Set: 0.2ms
[2020-08-18T06:37:25.353+0000][6][gc,phases    ] GC(9)   Merge Heap Roots: 0.1ms
[2020-08-18T06:37:25.354+0000][6][gc,phases    ] GC(9)   Evacuate Collection Set: 28.3ms
[2020-08-18T06:37:25.354+0000][6][gc,phases    ] GC(9)   Post Evacuate Collection Set: 2.1ms
[2020-08-18T06:37:25.354+0000][6][gc,phases    ] GC(9)   Other: 3.2ms
[2020-08-18T06:37:25.354+0000][6][gc,heap      ] GC(9) Eden regions: 296->0(289)
[2020-08-18T06:37:25.355+0000][6][gc,heap      ] GC(9) Survivor regions: 11->18(39)
[2020-08-18T06:37:25.355+0000][6][gc,heap      ] GC(9) Old regions: 7->7
[2020-08-18T06:37:25.356+0000][6][gc,heap      ] GC(9) Archive regions: 2->2
[2020-08-18T06:37:25.359+0000][6][gc,heap      ] GC(9) Humongous regions: 1->1
[2020-08-18T06:37:25.359+0000][6][gc,metaspace ] GC(9) Metaspace: 28885K(31616K)->28885K(31616K) NonClass: 25209K(27136K)->25209K(27136K) Class: 3675K(4480K)->3675K(4480K)
[2020-08-18T06:37:25.360+0000][6][gc           ] GC(9) Pause Young (Normal) (G1 Evacuation Pause) 315M->26M(512M) 40.246ms
[2020-08-18T06:37:25.360+0000][6][gc,cpu       ] GC(9) User=0.04s Sys=0.00s Real=0.04s
[2020-08-18T06:37:25.360+0000][6][safepoint    ] Safepoint "G1CollectForAllocation", Time since last: 742011883 ns, Reaching safepoint: 269800 ns, At safepoint: 40973732 ns, Total: 41243532 ns
[2020-08-18T06:37:26.363+0000][6][safepoint    ] Safepoint "Cleanup", Time since last: 1001780288 ns, Reaching safepoint: 496700 ns, At safepoint: 3300 ns, Total: 500000 ns
[2020-08-18T06:37:27.363+0000][6][safepoint    ] Safepoint "Cleanup", Time since last: 1000634887 ns, Reaching safepoint: 117500 ns, At safepoint: 3100 ns, Total: 120600 ns
[2020-08-18T06:37:27.851+0000][6][gc,start     ] GC(10) Pause Young (Concurrent Start) (Metadata GC Threshold)
[2020-08-18T06:37:27.851+0000][6][gc,task      ] GC(10) Using 2 workers of 2 for evacuation
[2020-08-18T06:37:27.852+0000][6][gc,age       ] GC(10) Desired survivor size 20447232 bytes, new threshold 15 (max threshold 15)
[2020-08-18T06:37:27.934+0000][6][gc,age       ] GC(10) Age table with threshold 15 (max threshold 15)
[2020-08-18T06:37:27.934+0000][6][gc,age       ] GC(10) - age   1:   22126704 bytes,   22126704 total
[2020-08-18T06:37:27.934+0000][6][gc,age       ] GC(10) - age   2:    7405288 bytes,   29531992 total
[2020-08-18T06:37:27.935+0000][6][gc,age       ] GC(10) - age   3:     110712 bytes,   29642704 total
[2020-08-18T06:37:27.935+0000][6][gc,age       ] GC(10) - age   4:    2319088 bytes,   31961792 total
[2020-08-18T06:37:27.935+0000][6][gc,age       ] GC(10) - age   5:    3493528 bytes,   35455320 total
[2020-08-18T06:37:27.935+0000][6][gc,age       ] GC(10) - age   6:    4013760 bytes,   39469080 total
[2020-08-18T06:37:27.936+0000][6][gc,age       ] GC(10) - age   7:     828064 bytes,   40297144 total
[2020-08-18T06:37:27.936+0000][6][gc,phases    ] GC(10)   Pre Evacuate Collection Set: 0.4ms
[2020-08-18T06:37:27.936+0000][6][gc,phases    ] GC(10)   Merge Heap Roots: 0.1ms
[2020-08-18T06:37:27.937+0000][6][gc,phases    ] GC(10)   Evacuate Collection Set: 80.6ms
[2020-08-18T06:37:27.937+0000][6][gc,phases    ] GC(10)   Post Evacuate Collection Set: 0.8ms
[2020-08-18T06:37:27.937+0000][6][gc,phases    ] GC(10)   Other: 3.8ms
[2020-08-18T06:37:27.937+0000][6][gc,heap      ] GC(10) Eden regions: 203->0(268)
[2020-08-18T06:37:27.938+0000][6][gc,heap      ] GC(10) Survivor regions: 18->39(39)
[2020-08-18T06:37:27.938+0000][6][gc,heap      ] GC(10) Old regions: 7->7
[2020-08-18T06:37:27.938+0000][6][gc,heap      ] GC(10) Archive regions: 2->2
[2020-08-18T06:37:27.938+0000][6][gc,heap      ] GC(10) Humongous regions: 1->1
[2020-08-18T06:37:27.938+0000][6][gc,metaspace ] GC(10) Metaspace: 32863K(35840K)->32863K(35840K) NonClass: 28538K(30592K)->28538K(30592K) Class: 4325K(5248K)->4325K(5248K)
[2020-08-18T06:37:27.939+0000][6][gc           ] GC(10) Pause Young (Concurrent Start) (Metadata GC Threshold) 228M->47M(512M) 88.200ms
[2020-08-18T06:37:27.939+0000][6][gc,cpu       ] GC(10) User=0.10s Sys=0.00s Real=0.09s
[2020-08-18T06:37:27.939+0000][6][gc           ] GC(11) Concurrent Cycle
[2020-08-18T06:37:27.940+0000][6][gc,marking   ] GC(11) Concurrent Clear Claimed Marks
[2020-08-18T06:37:27.941+0000][6][gc,marking   ] GC(11) Concurrent Clear Claimed Marks 0.939ms
[2020-08-18T06:37:27.941+0000][6][gc,marking   ] GC(11) Concurrent Scan Root Regions
[2020-08-18T06:37:27.939+0000][6][safepoint    ] Safepoint "CollectForMetadataAllocation", Time since last: 486958182 ns, Reaching safepoint: 178501 ns, At safepoint: 88860069 ns, Total: 89038570 ns
[2020-08-18T06:37:27.975+0000][6][safepoint    ] Safepoint "CollectForMetadataAllocation", Time since last: 35173328 ns, Reaching safepoint: 106800 ns, At safepoint: 115800 ns, Total: 222600 ns
[2020-08-18T06:37:28.013+0000][6][gc,marking   ] GC(11) Concurrent Scan Root Regions 71.443ms
[2020-08-18T06:37:28.013+0000][6][gc,marking   ] GC(11) Concurrent Mark (12.050s)
[2020-08-18T06:37:28.013+0000][6][gc,marking   ] GC(11) Concurrent Mark From Roots
[2020-08-18T06:37:28.014+0000][6][gc,task      ] GC(11) Using 1 workers of 1 for marking
[2020-08-18T06:37:28.036+0000][6][safepoint    ] Safepoint "CollectForMetadataAllocation", Time since last: 61172648 ns, Reaching safepoint: 46500 ns, At safepoint: 128700 ns, Total: 175200 ns
[2020-08-18T06:37:28.036+0000][6][gc,marking   ] GC(11) Concurrent Mark From Roots 22.864ms
[2020-08-18T06:37:28.037+0000][6][gc,marking   ] GC(11) Concurrent Preclean
[2020-08-18T06:37:28.037+0000][6][gc,marking   ] GC(11) Concurrent Preclean 0.408ms
[2020-08-18T06:37:28.038+0000][6][gc,marking   ] GC(11) Concurrent Mark (12.050s, 12.074s) 24.545ms
[2020-08-18T06:37:28.038+0000][6][gc,start     ] GC(11) Pause Remark
[2020-08-18T06:37:28.046+0000][6][gc           ] GC(11) Pause Remark 50M->50M(512M) 8.188ms
[2020-08-18T06:37:28.047+0000][6][gc,cpu       ] GC(11) User=0.01s Sys=0.00s Real=0.00s
[2020-08-18T06:37:28.047+0000][6][safepoint    ] Safepoint "G1Concurrent", Time since last: 1819502 ns, Reaching safepoint: 283100 ns, At safepoint: 8979607 ns, Total: 9262707 ns
[2020-08-18T06:37:28.047+0000][6][gc,marking   ] GC(11) Concurrent Rebuild Remembered Sets
[2020-08-18T06:37:28.065+0000][6][gc,marking   ] GC(11) Concurrent Rebuild Remembered Sets 17.832ms
[2020-08-18T06:37:28.066+0000][6][gc,start     ] GC(11) Pause Cleanup
[2020-08-18T06:37:28.067+0000][6][gc           ] GC(11) Pause Cleanup 51M->51M(512M) 0.561ms
[2020-08-18T06:37:28.067+0000][6][gc,cpu       ] GC(11) User=0.00s Sys=0.00s Real=0.00s
[2020-08-18T06:37:28.068+0000][6][safepoint    ] Safepoint "G1Concurrent", Time since last: 18583015 ns, Reaching safepoint: 599300 ns, At safepoint: 1172801 ns, Total: 1772101 ns
[2020-08-18T06:37:28.068+0000][6][gc,marking   ] GC(11) Concurrent Cleanup for Next Mark
[2020-08-18T06:37:28.070+0000][6][gc,marking   ] GC(11) Concurrent Cleanup for Next Mark 1.969ms
[2020-08-18T06:37:28.070+0000][6][gc           ] GC(11) Concurrent Cycle 130.989ms
[2020-08-18T06:37:29.068+0000][6][safepoint    ] Safepoint "Cleanup", Time since last: 1000397386 ns, Reaching safepoint: 184001 ns, At safepoint: 3600 ns, Total: 187601 ns
[2020-08-18T06:37:30.445+0000][6][safepoint    ] Safepoint "Cleanup", Time since last: 1375879081 ns, Reaching safepoint: 1080601 ns, At safepoint: 6300 ns, Total: 1086901 ns
[2020-08-18T06:37:31.577+0000][6][safepoint    ] Safepoint "ICBufferFull", Time since last: 1132155283 ns, Reaching safepoint: 187800 ns, At safepoint: 2700 ns, Total: 190500 ns
[2020-08-18T06:37:32.380+0000][6][gc,start     ] GC(12) Pause Young (Concurrent Start) (G1 Evacuation Pause)
[2020-08-18T06:37:32.381+0000][6][gc,task      ] GC(12) Using 2 workers of 2 for evacuation
[2020-08-18T06:37:32.381+0000][6][gc,age       ] GC(12) Desired survivor size 20447232 bytes, new threshold 1 (max threshold 15)
[2020-08-18T06:37:32.549+0000][6][gc,age       ] GC(12) Age table with threshold 1 (max threshold 15)
[2020-08-18T06:37:32.549+0000][6][gc,age       ] GC(12) - age   1:    9553616 bytes,    9553616 total
[2020-08-18T06:37:32.550+0000][6][gc,phases    ] GC(12)   Pre Evacuate Collection Set: 1.7ms
[2020-08-18T06:37:32.550+0000][6][gc,phases    ] GC(12)   Merge Heap Roots: 0.3ms
[2020-08-18T06:37:32.551+0000][6][gc,phases    ] GC(12)   Evacuate Collection Set: 158.1ms
[2020-08-18T06:37:32.551+0000][6][gc,phases    ] GC(12)   Post Evacuate Collection Set: 7.0ms
[2020-08-18T06:37:32.551+0000][6][gc,phases    ] GC(12)   Other: 2.6ms
[2020-08-18T06:37:32.552+0000][6][gc,heap      ] GC(12) Eden regions: 268->0(289)
[2020-08-18T06:37:32.552+0000][6][gc,heap      ] GC(12) Survivor regions: 39->10(39)
[2020-08-18T06:37:32.553+0000][6][gc,heap      ] GC(12) Old regions: 7->46
[2020-08-18T06:37:32.553+0000][6][gc,heap      ] GC(12) Archive regions: 2->2
[2020-08-18T06:37:32.553+0000][6][gc,heap      ] GC(12) Humongous regions: 1->1
[2020-08-18T06:37:32.554+0000][6][gc,metaspace ] GC(12) Metaspace: 52651K(57624K)->52651K(57624K) NonClass: 45482K(48536K)->45482K(48536K) Class: 7169K(9088K)->7169K(9088K)
[2020-08-18T06:37:32.554+0000][6][gc           ] GC(12) Pause Young (Concurrent Start) (G1 Evacuation Pause) 315M->56M(512M) 173.748ms
[2020-08-18T06:37:32.557+0000][6][gc,cpu       ] GC(12) User=0.20s Sys=0.00s Real=0.17s
[2020-08-18T06:37:32.558+0000][6][safepoint    ] Safepoint "G1CollectForAllocation", Time since last: 800625312 ns, Reaching safepoint: 2139502 ns, At safepoint: 177716035 ns, Total: 179855537 ns
[2020-08-18T06:37:32.558+0000][6][gc           ] GC(13) Concurrent Cycle
[2020-08-18T06:37:32.564+0000][6][gc,marking   ] GC(13) Concurrent Clear Claimed Marks
[2020-08-18T06:37:32.566+0000][6][gc,marking   ] GC(13) Concurrent Clear Claimed Marks 2.011ms
[2020-08-18T06:37:32.566+0000][6][gc,marking   ] GC(13) Concurrent Scan Root Regions
[2020-08-18T06:37:32.579+0000][6][safepoint    ] Safepoint "BulkRevokeBias", Time since last: 20625016 ns, Reaching safepoint: 72900 ns, At safepoint: 89500 ns, Total: 162400 ns
[2020-08-18T06:37:32.633+0000][6][gc,marking   ] GC(13) Concurrent Scan Root Regions 67.191ms
[2020-08-18T06:37:32.634+0000][6][gc,marking   ] GC(13) Concurrent Mark (16.671s)
[2020-08-18T06:37:32.634+0000][6][gc,marking   ] GC(13) Concurrent Mark From Roots
[2020-08-18T06:37:32.634+0000][6][gc,task      ] GC(13) Using 1 workers of 1 for marking
[2020-08-18T06:37:32.663+0000][6][gc,marking   ] GC(13) Concurrent Mark From Roots 28.580ms
[2020-08-18T06:37:32.663+0000][6][gc,marking   ] GC(13) Concurrent Preclean
[2020-08-18T06:37:32.663+0000][6][gc,marking   ] GC(13) Concurrent Preclean 0.382ms
[2020-08-18T06:37:32.664+0000][6][gc,marking   ] GC(13) Concurrent Mark (16.671s, 16.701s) 29.953ms
[2020-08-18T06:37:32.667+0000][6][gc,start     ] GC(13) Pause Remark
[2020-08-18T06:37:32.698+0000][6][gc           ] GC(13) Pause Remark 60M->60M(512M) 30.630ms
[2020-08-18T06:37:32.699+0000][6][gc,cpu       ] GC(13) User=0.04s Sys=0.00s Real=0.04s
[2020-08-18T06:37:32.699+0000][6][safepoint    ] Safepoint "G1Concurrent", Time since last: 85348565 ns, Reaching safepoint: 3455103 ns, At safepoint: 31631524 ns, Total: 35086627 ns
[2020-08-18T06:37:32.703+0000][6][gc,marking   ] GC(13) Concurrent Rebuild Remembered Sets
[2020-08-18T06:37:32.812+0000][6][gc,marking   ] GC(13) Concurrent Rebuild Remembered Sets 109.585ms
[2020-08-18T06:37:32.821+0000][6][gc,start     ] GC(13) Pause Cleanup
[2020-08-18T06:37:32.828+0000][6][gc           ] GC(13) Pause Cleanup 67M->67M(512M) 7.675ms
[2020-08-18T06:37:32.829+0000][6][gc,cpu       ] GC(13) User=0.01s Sys=0.00s Real=0.01s
[2020-08-18T06:37:32.829+0000][6][safepoint    ] Safepoint "G1Concurrent", Time since last: 113839087 ns, Reaching safepoint: 7667406 ns, At safepoint: 8602007 ns, Total: 16269413 ns
[2020-08-18T06:37:32.830+0000][6][gc,marking   ] GC(13) Concurrent Cleanup for Next Mark
[2020-08-18T06:37:32.832+0000][6][gc,marking   ] GC(13) Concurrent Cleanup for Next Mark 2.263ms
[2020-08-18T06:37:32.832+0000][6][gc           ] GC(13) Concurrent Cycle 274.436ms
[2020-08-18T06:37:33.021+0000][6][safepoint    ] Safepoint "BulkRevokeBias", Time since last: 189646344 ns, Reaching safepoint: 2317102 ns, At safepoint: 106500 ns, Total: 2423602 ns
[2020-08-18T06:37:33.164+0000][6][safepoint    ] Safepoint "BulkRevokeBias", Time since last: 142905510 ns, Reaching safepoint: 56500 ns, At safepoint: 60500 ns, Total: 117000 ns
[2020-08-18T06:37:33.214+0000][6][safepoint    ] Safepoint "BulkRevokeBias", Time since last: 46090535 ns, Reaching safepoint: 3803603 ns, At safepoint: 103100 ns, Total: 3906703 ns
[2020-08-18T06:37:33.592+0000][6][safepoint    ] Safepoint "BulkRevokeBias", Time since last: 376144987 ns, Reaching safepoint: 1141201 ns, At safepoint: 76000 ns, Total: 1217201 ns
[2020-08-18T06:37:34.594+0000][6][safepoint    ] Safepoint "Cleanup", Time since last: 1000569465 ns, Reaching safepoint: 2142201 ns, At safepoint: 4400 ns, Total: 2146601 ns
[2020-08-18T06:37:35.774+0000][6][safepoint    ] Safepoint "ICBufferFull", Time since last: 1179032801 ns, Reaching safepoint: 250300 ns, At safepoint: 8100 ns, Total: 258400 ns
[2020-08-18T06:37:36.815+0000][6][safepoint    ] Safepoint "ICBufferFull", Time since last: 1041137596 ns, Reaching safepoint: 127900 ns, At safepoint: 2800 ns, Total: 130700 ns
[2020-08-18T06:37:37.187+0000][6][safepoint    ] Safepoint "BulkRevokeBias", Time since last: 372312884 ns, Reaching safepoint: 74700 ns, At safepoint: 62100 ns, Total: 136800 ns
[2020-08-18T06:37:37.248+0000][6][gc,heap,exit ] Heap
[2020-08-18T06:37:37.249+0000][6][gc,heap,exit ]  garbage-first heap   total 524288K, used 349859K [0x00000000e0000000, 0x0000000100000000)
[2020-08-18T06:37:37.249+0000][6][gc,heap,exit ]   region size 1024K, 296 young (303104K), 10 survivors (10240K)
[2020-08-18T06:37:37.249+0000][6][gc,heap,exit ]  Metaspace       used 77743K, capacity 84096K, committed 84376K, reserved 1120256K
[2020-08-18T06:37:37.249+0000][6][gc,heap,exit ]   class space    used 10639K, capacity 13298K, committed 13312K, reserved 1048576K
