[2020-08-18T06:43:53.704+0000][6][gc,heap] Heap region size: 1M
[2020-08-18T06:43:53.706+0000][6][gc,heap,coops] Heap address: 0x00000000e0000000, size: 512 MB, Compressed Oops mode: 32-bit
[2020-08-18T06:43:53.909+0000][6][gc           ] Using G1
[2020-08-18T06:43:53.910+0000][6][gc,cds       ] Mark closed archive regions in map: [0x00000000fff00000, 0x00000000fff7eff8]
[2020-08-18T06:43:53.910+0000][6][gc,cds       ] Mark open archive regions in map: [0x00000000ffe00000, 0x00000000ffe51ff8]
[2020-08-18T06:43:53.927+0000][6][gc           ] Periodic GC disabled
[2020-08-18T06:43:54.734+0000][6][gc,start     ] GC(0) Pause Young (Normal) (G1 Evacuation Pause)
[2020-08-18T06:43:54.735+0000][6][gc,task      ] GC(0) Using 2 workers of 2 for evacuation
[2020-08-18T06:43:54.735+0000][6][gc,age       ] GC(0) Desired survivor size 2097152 bytes, new threshold 15 (max threshold 15)
[2020-08-18T06:43:54.742+0000][6][gc,age       ] GC(0) Age table with threshold 15 (max threshold 15)
[2020-08-18T06:43:54.743+0000][6][gc,age       ] GC(0) - age   1:    2654872 bytes,    2654872 total
[2020-08-18T06:43:54.743+0000][6][gc,phases    ] GC(0)   Pre Evacuate Collection Set: 0.2ms
[2020-08-18T06:43:54.746+0000][6][gc,phases    ] GC(0)   Merge Heap Roots: 0.4ms
[2020-08-18T06:43:54.747+0000][6][gc,phases    ] GC(0)   Evacuate Collection Set: 4.3ms
[2020-08-18T06:43:54.747+0000][6][gc,phases    ] GC(0)   Post Evacuate Collection Set: 1.5ms
[2020-08-18T06:43:54.747+0000][6][gc,phases    ] GC(0)   Other: 2.5ms
[2020-08-18T06:43:54.748+0000][6][gc,heap      ] GC(0) Eden regions: 25->0(22)
[2020-08-18T06:43:54.748+0000][6][gc,heap      ] GC(0) Survivor regions: 0->3(4)
[2020-08-18T06:43:54.748+0000][6][gc,heap      ] GC(0) Old regions: 0->0
[2020-08-18T06:43:54.748+0000][6][gc,heap      ] GC(0) Archive regions: 2->2
[2020-08-18T06:43:54.749+0000][6][gc,heap      ] GC(0) Humongous regions: 1->1
[2020-08-18T06:43:54.749+0000][6][gc,metaspace ] GC(0) Metaspace: 5643K(8320K)->5643K(8320K) NonClass: 5017K(7424K)->5017K(7424K) Class: 626K(896K)->626K(896K)
[2020-08-18T06:43:54.749+0000][6][gc           ] GC(0) Pause Young (Normal) (G1 Evacuation Pause) 26M->4M(512M) 15.324ms
[2020-08-18T06:43:54.750+0000][6][gc,cpu       ] GC(0) User=0.01s Sys=0.00s Real=0.02s
[2020-08-18T06:43:54.750+0000][6][safepoint    ] Safepoint "G1CollectForAllocation", Time since last: 811061161 ns, Reaching safepoint: 208200 ns, At safepoint: 15796409 ns, Total: 16004609 ns
[2020-08-18T06:43:55.819+0000][6][gc,start     ] GC(1) Pause Young (Normal) (G1 Evacuation Pause)
[2020-08-18T06:43:55.820+0000][6][gc,task      ] GC(1) Using 2 workers of 2 for evacuation
[2020-08-18T06:43:55.820+0000][6][gc,age       ] GC(1) Desired survivor size 2097152 bytes, new threshold 1 (max threshold 15)
[2020-08-18T06:43:55.827+0000][6][gc,age       ] GC(1) Age table with threshold 1 (max threshold 15)
[2020-08-18T06:43:55.827+0000][6][gc,age       ] GC(1) - age   1:    1060184 bytes,    1060184 total
[2020-08-18T06:43:55.828+0000][6][gc,phases    ] GC(1)   Pre Evacuate Collection Set: 0.2ms
[2020-08-18T06:43:55.828+0000][6][gc,phases    ] GC(1)   Merge Heap Roots: 0.1ms
[2020-08-18T06:43:55.828+0000][6][gc,phases    ] GC(1)   Evacuate Collection Set: 5.2ms
[2020-08-18T06:43:55.829+0000][6][gc,phases    ] GC(1)   Post Evacuate Collection Set: 0.6ms
[2020-08-18T06:43:55.829+0000][6][gc,phases    ] GC(1)   Other: 2.8ms
[2020-08-18T06:43:55.829+0000][6][gc,heap      ] GC(1) Eden regions: 22->0(30)
[2020-08-18T06:43:55.829+0000][6][gc,heap      ] GC(1) Survivor regions: 3->2(4)
[2020-08-18T06:43:55.829+0000][6][gc,heap      ] GC(1) Old regions: 0->3
[2020-08-18T06:43:55.830+0000][6][gc,heap      ] GC(1) Archive regions: 2->2
[2020-08-18T06:43:55.830+0000][6][gc,heap      ] GC(1) Humongous regions: 1->1
[2020-08-18T06:43:55.830+0000][6][gc,metaspace ] GC(1) Metaspace: 9994K(11008K)->9994K(11008K) NonClass: 8759K(9472K)->8759K(9472K) Class: 1235K(1536K)->1235K(1536K)
[2020-08-18T06:43:55.830+0000][6][gc           ] GC(1) Pause Young (Normal) (G1 Evacuation Pause) 26M->5M(512M) 11.468ms
[2020-08-18T06:43:55.831+0000][6][gc,cpu       ] GC(1) User=0.01s Sys=0.00s Real=0.01s
[2020-08-18T06:43:55.831+0000][6][safepoint    ] Safepoint "G1CollectForAllocation", Time since last: 1068828006 ns, Reaching safepoint: 155500 ns, At safepoint: 11970007 ns, Total: 12125507 ns
[2020-08-18T06:43:56.473+0000][6][gc,start     ] GC(2) Pause Young (Normal) (G1 Evacuation Pause)
[2020-08-18T06:43:56.474+0000][6][gc,task      ] GC(2) Using 2 workers of 2 for evacuation
[2020-08-18T06:43:56.474+0000][6][gc,age       ] GC(2) Desired survivor size 2097152 bytes, new threshold 15 (max threshold 15)
[2020-08-18T06:43:56.485+0000][6][gc,age       ] GC(2) Age table with threshold 15 (max threshold 15)
[2020-08-18T06:43:56.485+0000][6][gc,age       ] GC(2) - age   1:    1933496 bytes,    1933496 total
[2020-08-18T06:43:56.485+0000][6][gc,age       ] GC(2) - age   2:    1026792 bytes,    2960288 total
[2020-08-18T06:43:56.485+0000][6][gc,phases    ] GC(2)   Pre Evacuate Collection Set: 0.1ms
[2020-08-18T06:43:56.486+0000][6][gc,phases    ] GC(2)   Merge Heap Roots: 0.1ms
[2020-08-18T06:43:56.486+0000][6][gc,phases    ] GC(2)   Evacuate Collection Set: 9.6ms
[2020-08-18T06:43:56.486+0000][6][gc,phases    ] GC(2)   Post Evacuate Collection Set: 0.5ms
[2020-08-18T06:43:56.487+0000][6][gc,phases    ] GC(2)   Other: 2.0ms
[2020-08-18T06:43:56.487+0000][6][gc,heap      ] GC(2) Eden regions: 30->0(53)
[2020-08-18T06:43:56.487+0000][6][gc,heap      ] GC(2) Survivor regions: 2->3(4)
[2020-08-18T06:43:56.487+0000][6][gc,heap      ] GC(2) Old regions: 3->3
[2020-08-18T06:43:56.488+0000][6][gc,heap      ] GC(2) Archive regions: 2->2
[2020-08-18T06:43:56.488+0000][6][gc,heap      ] GC(2) Humongous regions: 1->1
[2020-08-18T06:43:56.488+0000][6][gc,metaspace ] GC(2) Metaspace: 13415K(14208K)->13415K(14208K) NonClass: 11783K(12288K)->11783K(12288K) Class: 1631K(1920K)->1631K(1920K)
[2020-08-18T06:43:56.488+0000][6][gc           ] GC(2) Pause Young (Normal) (G1 Evacuation Pause) 35M->7M(512M) 14.981ms
[2020-08-18T06:43:56.488+0000][6][gc,cpu       ] GC(2) User=0.02s Sys=0.00s Real=0.02s
[2020-08-18T06:43:56.489+0000][6][safepoint    ] Safepoint "G1CollectForAllocation", Time since last: 642245511 ns, Reaching safepoint: 159200 ns, At safepoint: 15430914 ns, Total: 15590114 ns
[2020-08-18T06:43:56.489+0000][6][safepoint    ] Safepoint "BulkRevokeBias", Time since last: 496300 ns, Reaching safepoint: 195900 ns, At safepoint: 52800 ns, Total: 248700 ns
[2020-08-18T06:43:57.323+0000][6][gc,start     ] GC(3) Pause Young (Normal) (G1 Evacuation Pause)
[2020-08-18T06:43:57.323+0000][6][gc,task      ] GC(3) Using 2 workers of 2 for evacuation
[2020-08-18T06:43:57.324+0000][6][gc,age       ] GC(3) Desired survivor size 3670016 bytes, new threshold 15 (max threshold 15)
[2020-08-18T06:43:57.337+0000][6][gc,age       ] GC(3) Age table with threshold 15 (max threshold 15)
[2020-08-18T06:43:57.338+0000][6][gc,age       ] GC(3) - age   1:    2860192 bytes,    2860192 total
[2020-08-18T06:43:57.338+0000][6][gc,age       ] GC(3) - age   2:    1904328 bytes,    4764520 total
[2020-08-18T06:43:57.339+0000][6][gc,age       ] GC(3) - age   3:    1020768 bytes,    5785288 total
[2020-08-18T06:43:57.339+0000][6][gc,phases    ] GC(3)   Pre Evacuate Collection Set: 0.2ms
[2020-08-18T06:43:57.339+0000][6][gc,phases    ] GC(3)   Merge Heap Roots: 0.1ms
[2020-08-18T06:43:57.339+0000][6][gc,phases    ] GC(3)   Evacuate Collection Set: 12.4ms
[2020-08-18T06:43:57.340+0000][6][gc,phases    ] GC(3)   Post Evacuate Collection Set: 0.8ms
[2020-08-18T06:43:57.340+0000][6][gc,phases    ] GC(3)   Other: 2.9ms
[2020-08-18T06:43:57.341+0000][6][gc,heap      ] GC(3) Eden regions: 53->0(146)
[2020-08-18T06:43:57.341+0000][6][gc,heap      ] GC(3) Survivor regions: 3->6(7)
[2020-08-18T06:43:57.341+0000][6][gc,heap      ] GC(3) Old regions: 3->3
[2020-08-18T06:43:57.342+0000][6][gc,heap      ] GC(3) Archive regions: 2->2
[2020-08-18T06:43:57.342+0000][6][gc,heap      ] GC(3) Humongous regions: 2->1
[2020-08-18T06:43:57.342+0000][6][gc,metaspace ] GC(3) Metaspace: 14856K(15616K)->14856K(15616K) NonClass: 13083K(13568K)->13083K(13568K) Class: 1772K(2048K)->1772K(2048K)
[2020-08-18T06:43:57.343+0000][6][gc           ] GC(3) Pause Young (Normal) (G1 Evacuation Pause) 61M->10M(512M) 20.529ms
[2020-08-18T06:43:57.343+0000][6][gc,cpu       ] GC(3) User=0.01s Sys=0.00s Real=0.02s
[2020-08-18T06:43:57.344+0000][6][safepoint    ] Safepoint "G1CollectForAllocation", Time since last: 832930129 ns, Reaching safepoint: 160000 ns, At safepoint: 21632619 ns, Total: 21792619 ns
[2020-08-18T06:43:57.346+0000][6][safepoint    ] Safepoint "BulkRevokeBias", Time since last: 2113002 ns, Reaching safepoint: 149100 ns, At safepoint: 77700 ns, Total: 226800 ns
[2020-08-18T06:43:57.347+0000][6][safepoint    ] Safepoint "BulkRevokeBias", Time since last: 593600 ns, Reaching safepoint: 153700 ns, At safepoint: 135601 ns, Total: 289301 ns
[2020-08-18T06:43:58.151+0000][6][gc,start     ] GC(4) Pause Young (Normal) (G1 Evacuation Pause)
[2020-08-18T06:43:58.151+0000][6][gc,task      ] GC(4) Using 2 workers of 2 for evacuation
[2020-08-18T06:43:58.151+0000][6][gc,age       ] GC(4) Desired survivor size 9961472 bytes, new threshold 15 (max threshold 15)
[2020-08-18T06:43:58.166+0000][6][gc,age       ] GC(4) Age table with threshold 15 (max threshold 15)
[2020-08-18T06:43:58.166+0000][6][gc,age       ] GC(4) - age   1:    1602416 bytes,    1602416 total
[2020-08-18T06:43:58.166+0000][6][gc,age       ] GC(4) - age   2:    2831608 bytes,    4434024 total
[2020-08-18T06:43:58.167+0000][6][gc,age       ] GC(4) - age   3:    1903536 bytes,    6337560 total
[2020-08-18T06:43:58.169+0000][6][gc,age       ] GC(4) - age   4:    1006096 bytes,    7343656 total
[2020-08-18T06:43:58.170+0000][6][gc,phases    ] GC(4)   Pre Evacuate Collection Set: 0.2ms
[2020-08-18T06:43:58.171+0000][6][gc,phases    ] GC(4)   Merge Heap Roots: 0.1ms
[2020-08-18T06:43:58.171+0000][6][gc,phases    ] GC(4)   Evacuate Collection Set: 12.9ms
[2020-08-18T06:43:58.171+0000][6][gc,phases    ] GC(4)   Post Evacuate Collection Set: 0.6ms
[2020-08-18T06:43:58.171+0000][6][gc,phases    ] GC(4)   Other: 5.7ms
[2020-08-18T06:43:58.172+0000][6][gc,heap      ] GC(4) Eden regions: 146->0(255)
[2020-08-18T06:43:58.172+0000][6][gc,heap      ] GC(4) Survivor regions: 6->8(19)
[2020-08-18T06:43:58.172+0000][6][gc,heap      ] GC(4) Old regions: 3->3
[2020-08-18T06:43:58.173+0000][6][gc,heap      ] GC(4) Archive regions: 2->2
[2020-08-18T06:43:58.173+0000][6][gc,heap      ] GC(4) Humongous regions: 1->1
[2020-08-18T06:43:58.173+0000][6][gc,metaspace ] GC(4) Metaspace: 17230K(18048K)->17230K(18048K) NonClass: 15116K(15616K)->15116K(15616K) Class: 2114K(2432K)->2114K(2432K)
[2020-08-18T06:43:58.173+0000][6][gc           ] GC(4) Pause Young (Normal) (G1 Evacuation Pause) 156M->11M(512M) 22.750ms
[2020-08-18T06:43:58.174+0000][6][gc,cpu       ] GC(4) User=0.02s Sys=0.00s Real=0.02s
[2020-08-18T06:43:58.174+0000][6][safepoint    ] Safepoint "G1CollectForAllocation", Time since last: 803089502 ns, Reaching safepoint: 82700 ns, At safepoint: 23238420 ns, Total: 23321120 ns
[2020-08-18T06:43:58.174+0000][6][safepoint    ] Safepoint "BulkRevokeBias", Time since last: 382201 ns, Reaching safepoint: 106900 ns, At safepoint: 71000 ns, Total: 177900 ns
[2020-08-18T06:43:59.293+0000][6][gc,start     ] GC(5) Pause Young (Normal) (G1 Evacuation Pause)
[2020-08-18T06:43:59.294+0000][6][gc,task      ] GC(5) Using 2 workers of 2 for evacuation
[2020-08-18T06:43:59.295+0000][6][gc,age       ] GC(5) Desired survivor size 17301504 bytes, new threshold 15 (max threshold 15)
[2020-08-18T06:43:59.334+0000][6][gc,age       ] GC(5) Age table with threshold 15 (max threshold 15)
[2020-08-18T06:43:59.335+0000][6][gc,age       ] GC(5) - age   1:    5595224 bytes,    5595224 total
[2020-08-18T06:43:59.335+0000][6][gc,age       ] GC(5) - age   2:    1053224 bytes,    6648448 total
[2020-08-18T06:43:59.336+0000][6][gc,age       ] GC(5) - age   3:    2830736 bytes,    9479184 total
[2020-08-18T06:43:59.336+0000][6][gc,age       ] GC(5) - age   4:    1903536 bytes,   11382720 total
[2020-08-18T06:43:59.336+0000][6][gc,age       ] GC(5) - age   5:    1006096 bytes,   12388816 total
[2020-08-18T06:43:59.336+0000][6][gc,phases    ] GC(5)   Pre Evacuate Collection Set: 0.1ms
[2020-08-18T06:43:59.337+0000][6][gc,phases    ] GC(5)   Merge Heap Roots: 0.1ms
[2020-08-18T06:43:59.337+0000][6][gc,phases    ] GC(5)   Evacuate Collection Set: 35.9ms
[2020-08-18T06:43:59.337+0000][6][gc,phases    ] GC(5)   Post Evacuate Collection Set: 1.2ms
[2020-08-18T06:43:59.337+0000][6][gc,phases    ] GC(5)   Other: 6.0ms
[2020-08-18T06:43:59.338+0000][6][gc,heap      ] GC(5) Eden regions: 255->0(294)
[2020-08-18T06:43:59.338+0000][6][gc,heap      ] GC(5) Survivor regions: 8->13(33)
[2020-08-18T06:43:59.338+0000][6][gc,heap      ] GC(5) Old regions: 3->3
[2020-08-18T06:43:59.338+0000][6][gc,heap      ] GC(5) Archive regions: 2->2
[2020-08-18T06:43:59.339+0000][6][gc,heap      ] GC(5) Humongous regions: 1->1
[2020-08-18T06:43:59.339+0000][6][gc,metaspace ] GC(5) Metaspace: 18404K(19840K)->18404K(19840K) NonClass: 16116K(17152K)->16116K(17152K) Class: 2287K(2688K)->2287K(2688K)
[2020-08-18T06:43:59.339+0000][6][gc           ] GC(5) Pause Young (Normal) (G1 Evacuation Pause) 266M->16M(512M) 45.990ms
[2020-08-18T06:43:59.339+0000][6][gc,cpu       ] GC(5) User=0.04s Sys=0.01s Real=0.05s
[2020-08-18T06:43:59.340+0000][6][safepoint    ] Safepoint "G1CollectForAllocation", Time since last: 1118445578 ns, Reaching safepoint: 357900 ns, At safepoint: 46470641 ns, Total: 46828541 ns
[2020-08-18T06:43:59.495+0000][6][safepoint    ] Safepoint "BulkRevokeBias", Time since last: 155636336 ns, Reaching safepoint: 202100 ns, At safepoint: 40400 ns, Total: 242500 ns
[2020-08-18T06:43:59.497+0000][6][safepoint    ] Safepoint "BulkRevokeBias", Time since last: 784201 ns, Reaching safepoint: 295100 ns, At safepoint: 53100 ns, Total: 348200 ns
[2020-08-18T06:44:00.402+0000][6][gc,start     ] GC(6) Pause Young (Normal) (G1 Evacuation Pause)
[2020-08-18T06:44:00.402+0000][6][gc,task      ] GC(6) Using 2 workers of 2 for evacuation
[2020-08-18T06:44:00.403+0000][6][gc,age       ] GC(6) Desired survivor size 20447232 bytes, new threshold 15 (max threshold 15)
[2020-08-18T06:44:00.426+0000][6][gc,age       ] GC(6) Age table with threshold 15 (max threshold 15)
[2020-08-18T06:44:00.427+0000][6][gc,age       ] GC(6) - age   1:    2511664 bytes,    2511664 total
[2020-08-18T06:44:00.427+0000][6][gc,age       ] GC(6) - age   2:    4282080 bytes,    6793744 total
[2020-08-18T06:44:00.427+0000][6][gc,age       ] GC(6) - age   3:    1052864 bytes,    7846608 total
[2020-08-18T06:44:00.428+0000][6][gc,age       ] GC(6) - age   4:    2829728 bytes,   10676336 total
[2020-08-18T06:44:00.428+0000][6][gc,age       ] GC(6) - age   5:    1903440 bytes,   12579776 total
[2020-08-18T06:44:00.428+0000][6][gc,age       ] GC(6) - age   6:    1005936 bytes,   13585712 total
[2020-08-18T06:44:00.428+0000][6][gc,phases    ] GC(6)   Pre Evacuate Collection Set: 2.7ms
[2020-08-18T06:44:00.429+0000][6][gc,phases    ] GC(6)   Merge Heap Roots: 0.1ms
[2020-08-18T06:44:00.429+0000][6][gc,phases    ] GC(6)   Evacuate Collection Set: 19.6ms
[2020-08-18T06:44:00.429+0000][6][gc,phases    ] GC(6)   Post Evacuate Collection Set: 1.0ms
[2020-08-18T06:44:00.429+0000][6][gc,phases    ] GC(6)   Other: 3.4ms
[2020-08-18T06:44:00.430+0000][6][gc,heap      ] GC(6) Eden regions: 294->0(293)
[2020-08-18T06:44:00.430+0000][6][gc,heap      ] GC(6) Survivor regions: 13->14(39)
[2020-08-18T06:44:00.430+0000][6][gc,heap      ] GC(6) Old regions: 3->3
[2020-08-18T06:44:00.430+0000][6][gc,heap      ] GC(6) Archive regions: 2->2
[2020-08-18T06:44:00.430+0000][6][gc,heap      ] GC(6) Humongous regions: 1->1
[2020-08-18T06:44:00.431+0000][6][gc,metaspace ] GC(6) Metaspace: 19665K(21248K)->19665K(21248K) NonClass: 17247K(18432K)->17247K(18432K) Class: 2417K(2816K)->2417K(2816K)
[2020-08-18T06:44:00.431+0000][6][gc           ] GC(6) Pause Young (Normal) (G1 Evacuation Pause) 310M->17M(512M) 29.280ms
[2020-08-18T06:44:00.431+0000][6][gc,cpu       ] GC(6) User=0.02s Sys=0.00s Real=0.03s
[2020-08-18T06:44:00.431+0000][6][safepoint    ] Safepoint "G1CollectForAllocation", Time since last: 904792892 ns, Reaching safepoint: 205600 ns, At safepoint: 29693326 ns, Total: 29898926 ns
[2020-08-18T06:44:00.822+0000][6][gc,start     ] GC(7) Pause Young (Concurrent Start) (Metadata GC Threshold)
[2020-08-18T06:44:00.823+0000][6][gc,task      ] GC(7) Using 2 workers of 2 for evacuation
[2020-08-18T06:44:00.823+0000][6][gc,age       ] GC(7) Desired survivor size 20447232 bytes, new threshold 15 (max threshold 15)
[2020-08-18T06:44:00.902+0000][6][gc,age       ] GC(7) Age table with threshold 15 (max threshold 15)
[2020-08-18T06:44:00.903+0000][6][gc,age       ] GC(7) - age   1:     276728 bytes,     276728 total
[2020-08-18T06:44:00.905+0000][6][gc,age       ] GC(7) - age   2:    2481832 bytes,    2758560 total
[2020-08-18T06:44:00.905+0000][6][gc,age       ] GC(7) - age   3:    4282080 bytes,    7040640 total
[2020-08-18T06:44:00.906+0000][6][gc,age       ] GC(7) - age   4:    1052864 bytes,    8093504 total
[2020-08-18T06:44:00.908+0000][6][gc,age       ] GC(7) - age   5:    2829728 bytes,   10923232 total
[2020-08-18T06:44:00.909+0000][6][gc,age       ] GC(7) - age   6:    1903440 bytes,   12826672 total
[2020-08-18T06:44:00.910+0000][6][gc,age       ] GC(7) - age   7:    1005936 bytes,   13832608 total
[2020-08-18T06:44:00.912+0000][6][gc,phases    ] GC(7)   Pre Evacuate Collection Set: 0.4ms
[2020-08-18T06:44:00.914+0000][6][gc,phases    ] GC(7)   Merge Heap Roots: 0.1ms
[2020-08-18T06:44:00.915+0000][6][gc,phases    ] GC(7)   Evacuate Collection Set: 75.4ms
[2020-08-18T06:44:00.915+0000][6][gc,phases    ] GC(7)   Post Evacuate Collection Set: 1.8ms
[2020-08-18T06:44:00.916+0000][6][gc,phases    ] GC(7)   Other: 12.0ms
[2020-08-18T06:44:00.917+0000][6][gc,heap      ] GC(7) Eden regions: 140->0(293)
[2020-08-18T06:44:00.918+0000][6][gc,heap      ] GC(7) Survivor regions: 14->14(39)
[2020-08-18T06:44:00.918+0000][6][gc,heap      ] GC(7) Old regions: 3->3
[2020-08-18T06:44:00.919+0000][6][gc,heap      ] GC(7) Archive regions: 2->2
[2020-08-18T06:44:00.919+0000][6][gc,heap      ] GC(7) Humongous regions: 1->1
[2020-08-18T06:44:00.921+0000][6][gc,metaspace ] GC(7) Metaspace: 19787K(21248K)->19787K(21248K) NonClass: 17352K(18432K)->17352K(18432K) Class: 2434K(2816K)->2434K(2816K)
[2020-08-18T06:44:00.922+0000][6][gc           ] GC(7) Pause Young (Concurrent Start) (Metadata GC Threshold) 157M->17M(512M) 99.820ms
[2020-08-18T06:44:00.922+0000][6][gc,cpu       ] GC(7) User=0.08s Sys=0.01s Real=0.10s
[2020-08-18T06:44:00.923+0000][6][gc           ] GC(8) Concurrent Cycle
[2020-08-18T06:44:00.926+0000][6][gc,marking   ] GC(8) Concurrent Clear Claimed Marks
[2020-08-18T06:44:00.927+0000][6][gc,marking   ] GC(8) Concurrent Clear Claimed Marks 0.791ms
[2020-08-18T06:44:00.927+0000][6][gc,marking   ] GC(8) Concurrent Scan Root Regions
[2020-08-18T06:44:00.923+0000][6][safepoint    ] Safepoint "CollectForMetadataAllocation", Time since last: 390261841 ns, Reaching safepoint: 117400 ns, At safepoint: 101528989 ns, Total: 101646389 ns
[2020-08-18T06:44:00.953+0000][6][gc,marking   ] GC(8) Concurrent Scan Root Regions 25.357ms
[2020-08-18T06:44:00.953+0000][6][gc,marking   ] GC(8) Concurrent Mark (7.268s)
[2020-08-18T06:44:00.953+0000][6][gc,marking   ] GC(8) Concurrent Mark From Roots
[2020-08-18T06:44:00.954+0000][6][gc,task      ] GC(8) Using 1 workers of 1 for marking
[2020-08-18T06:44:00.973+0000][6][gc,marking   ] GC(8) Concurrent Mark From Roots 19.430ms
[2020-08-18T06:44:00.975+0000][6][gc,marking   ] GC(8) Concurrent Preclean
[2020-08-18T06:44:00.977+0000][6][gc,marking   ] GC(8) Concurrent Preclean 1.444ms
[2020-08-18T06:44:00.977+0000][6][gc,marking   ] GC(8) Concurrent Mark (7.268s, 7.292s) 24.016ms
[2020-08-18T06:44:00.980+0000][6][gc,start     ] GC(8) Pause Remark
[2020-08-18T06:44:00.990+0000][6][gc           ] GC(8) Pause Remark 19M->19M(512M) 9.693ms
[2020-08-18T06:44:00.990+0000][6][gc,cpu       ] GC(8) User=0.01s Sys=0.00s Real=0.01s
[2020-08-18T06:44:00.991+0000][6][safepoint    ] Safepoint "G1Concurrent", Time since last: 54434848 ns, Reaching safepoint: 2141602 ns, At safepoint: 10816509 ns, Total: 12958111 ns
[2020-08-18T06:44:00.991+0000][6][gc,marking   ] GC(8) Concurrent Rebuild Remembered Sets
[2020-08-18T06:44:00.996+0000][6][gc,marking   ] GC(8) Concurrent Rebuild Remembered Sets 4.491ms
[2020-08-18T06:44:00.997+0000][6][gc,start     ] GC(8) Pause Cleanup
[2020-08-18T06:44:00.997+0000][6][gc           ] GC(8) Pause Cleanup 19M->19M(512M) 0.477ms
[2020-08-18T06:44:00.998+0000][6][gc,cpu       ] GC(8) User=0.00s Sys=0.00s Real=0.00s
[2020-08-18T06:44:00.998+0000][6][safepoint    ] Safepoint "G1Concurrent", Time since last: 5565805 ns, Reaching safepoint: 566000 ns, At safepoint: 1190101 ns, Total: 1756101 ns
[2020-08-18T06:44:00.998+0000][6][gc,marking   ] GC(8) Concurrent Cleanup for Next Mark
[2020-08-18T06:44:01.008+0000][6][gc,marking   ] GC(8) Concurrent Cleanup for Next Mark 9.730ms
[2020-08-18T06:44:01.009+0000][6][gc           ] GC(8) Concurrent Cycle 85.907ms
[2020-08-18T06:44:01.999+0000][6][safepoint    ] Safepoint "Cleanup", Time since last: 1000554675 ns, Reaching safepoint: 763801 ns, At safepoint: 10300 ns, Total: 774101 ns
[2020-08-18T06:44:03.758+0000][6][safepoint    ] Safepoint "Cleanup", Time since last: 1758089938 ns, Reaching safepoint: 456000 ns, At safepoint: 4300 ns, Total: 460300 ns
[2020-08-18T06:44:05.025+0000][6][gc,start     ] GC(9) Pause Young (Normal) (G1 Evacuation Pause)
[2020-08-18T06:44:05.030+0000][6][gc,task      ] GC(9) Using 2 workers of 2 for evacuation
[2020-08-18T06:44:05.032+0000][6][gc,age       ] GC(9) Desired survivor size 20447232 bytes, new threshold 15 (max threshold 15)
[2020-08-18T06:44:05.098+0000][6][gc,age       ] GC(9) Age table with threshold 15 (max threshold 15)
[2020-08-18T06:44:05.099+0000][6][gc,age       ] GC(9) - age   1:    7084896 bytes,    7084896 total
[2020-08-18T06:44:05.099+0000][6][gc,age       ] GC(9) - age   2:     225528 bytes,    7310424 total
[2020-08-18T06:44:05.100+0000][6][gc,age       ] GC(9) - age   3:    2466000 bytes,    9776424 total
[2020-08-18T06:44:05.100+0000][6][gc,age       ] GC(9) - age   4:    4255352 bytes,   14031776 total
[2020-08-18T06:44:05.100+0000][6][gc,age       ] GC(9) - age   5:    1022600 bytes,   15054376 total
[2020-08-18T06:44:05.101+0000][6][gc,age       ] GC(9) - age   6:    2806800 bytes,   17861176 total
[2020-08-18T06:44:05.101+0000][6][gc,age       ] GC(9) - age   7:    1877656 bytes,   19738832 total
[2020-08-18T06:44:05.101+0000][6][gc,age       ] GC(9) - age   8:     993648 bytes,   20732480 total
[2020-08-18T06:44:05.102+0000][6][gc,phases    ] GC(9)   Pre Evacuate Collection Set: 0.2ms
[2020-08-18T06:44:05.102+0000][6][gc,phases    ] GC(9)   Merge Heap Roots: 0.1ms
[2020-08-18T06:44:05.103+0000][6][gc,phases    ] GC(9)   Evacuate Collection Set: 58.5ms
[2020-08-18T06:44:05.103+0000][6][gc,phases    ] GC(9)   Post Evacuate Collection Set: 7.0ms
[2020-08-18T06:44:05.103+0000][6][gc,phases    ] GC(9)   Other: 11.2ms
[2020-08-18T06:44:05.103+0000][6][gc,heap      ] GC(9) Eden regions: 293->0(286)
[2020-08-18T06:44:05.104+0000][6][gc,heap      ] GC(9) Survivor regions: 14->21(39)
[2020-08-18T06:44:05.104+0000][6][gc,heap      ] GC(9) Old regions: 3->3
[2020-08-18T06:44:05.104+0000][6][gc,heap      ] GC(9) Archive regions: 2->2
[2020-08-18T06:44:05.105+0000][6][gc,heap      ] GC(9) Humongous regions: 1->1
[2020-08-18T06:44:05.105+0000][6][gc,metaspace ] GC(9) Metaspace: 28917K(31616K)->28917K(31616K) NonClass: 25251K(27136K)->25251K(27136K) Class: 3666K(4480K)->3666K(4480K)
[2020-08-18T06:44:05.105+0000][6][gc           ] GC(9) Pause Young (Normal) (G1 Evacuation Pause) 310M->24M(512M) 80.443ms
[2020-08-18T06:44:05.106+0000][6][gc,cpu       ] GC(9) User=0.07s Sys=0.00s Real=0.08s
[2020-08-18T06:44:05.106+0000][6][safepoint    ] Safepoint "G1CollectForAllocation", Time since last: 1266721791 ns, Reaching safepoint: 361000 ns, At safepoint: 81192722 ns, Total: 81553722 ns
[2020-08-18T06:44:06.115+0000][6][safepoint    ] Safepoint "Cleanup", Time since last: 1004953270 ns, Reaching safepoint: 4014901 ns, At safepoint: 26600 ns, Total: 4041501 ns
[2020-08-18T06:44:07.116+0000][6][safepoint    ] Safepoint "Cleanup", Time since last: 1000807270 ns, Reaching safepoint: 152600 ns, At safepoint: 4000 ns, Total: 156600 ns
[2020-08-18T06:44:08.121+0000][6][safepoint    ] Safepoint "Cleanup", Time since last: 1001560670 ns, Reaching safepoint: 3615701 ns, At safepoint: 15600 ns, Total: 3631301 ns
[2020-08-18T06:44:08.421+0000][6][safepoint    ] Safepoint "BulkRevokeBias", Time since last: 296773980 ns, Reaching safepoint: 2521300 ns, At safepoint: 88700 ns, Total: 2610000 ns
[2020-08-18T06:44:09.497+0000][6][gc,start     ] GC(10) Pause Young (Concurrent Start) (Metadata GC Threshold)
[2020-08-18T06:44:09.498+0000][6][gc,task      ] GC(10) Using 2 workers of 2 for evacuation
[2020-08-18T06:44:09.498+0000][6][gc,age       ] GC(10) Desired survivor size 20447232 bytes, new threshold 8 (max threshold 15)
[2020-08-18T06:44:09.660+0000][6][gc,age       ] GC(10) Age table with threshold 8 (max threshold 15)
[2020-08-18T06:44:09.661+0000][6][gc,age       ] GC(10) - age   1:   22218712 bytes,   22218712 total
[2020-08-18T06:44:09.661+0000][6][gc,age       ] GC(10) - age   2:    5860624 bytes,   28079336 total
[2020-08-18T06:44:09.662+0000][6][gc,age       ] GC(10) - age   3:     225528 bytes,   28304864 total
[2020-08-18T06:44:09.663+0000][6][gc,age       ] GC(10) - age   4:    2459360 bytes,   30764224 total
[2020-08-18T06:44:09.664+0000][6][gc,age       ] GC(10) - age   5:    4252584 bytes,   35016808 total
[2020-08-18T06:44:09.664+0000][6][gc,age       ] GC(10) - age   6:    1022528 bytes,   36039336 total
[2020-08-18T06:44:09.665+0000][6][gc,age       ] GC(10) - age   7:    2794736 bytes,   38834072 total
[2020-08-18T06:44:09.665+0000][6][gc,age       ] GC(10) - age   8:    1877552 bytes,   40711624 total
[2020-08-18T06:44:09.666+0000][6][gc,phases    ] GC(10)   Pre Evacuate Collection Set: 1.0ms
[2020-08-18T06:44:09.666+0000][6][gc,phases    ] GC(10)   Merge Heap Roots: 0.3ms
[2020-08-18T06:44:09.667+0000][6][gc,phases    ] GC(10)   Evacuate Collection Set: 153.8ms
[2020-08-18T06:44:09.667+0000][6][gc,phases    ] GC(10)   Post Evacuate Collection Set: 6.1ms
[2020-08-18T06:44:09.667+0000][6][gc,phases    ] GC(10)   Other: 7.5ms
[2020-08-18T06:44:09.668+0000][6][gc,heap      ] GC(10) Eden regions: 205->0(121)
[2020-08-18T06:44:09.668+0000][6][gc,heap      ] GC(10) Survivor regions: 21->39(39)
[2020-08-18T06:44:09.668+0000][6][gc,heap      ] GC(10) Old regions: 3->5
[2020-08-18T06:44:09.669+0000][6][gc,heap      ] GC(10) Archive regions: 2->2
[2020-08-18T06:44:09.669+0000][6][gc,heap      ] GC(10) Humongous regions: 1->1
[2020-08-18T06:44:09.669+0000][6][gc,metaspace ] GC(10) Metaspace: 32798K(35840K)->32798K(35840K) NonClass: 28494K(30592K)->28494K(30592K) Class: 4303K(5248K)->4303K(5248K)
[2020-08-18T06:44:09.670+0000][6][gc           ] GC(10) Pause Young (Concurrent Start) (Metadata GC Threshold) 229M->45M(512M) 172.541ms
[2020-08-18T06:44:09.670+0000][6][gc,cpu       ] GC(10) User=0.20s Sys=0.01s Real=0.18s
[2020-08-18T06:44:09.671+0000][6][gc           ] GC(11) Concurrent Cycle
[2020-08-18T06:44:09.671+0000][6][gc,marking   ] GC(11) Concurrent Clear Claimed Marks
[2020-08-18T06:44:09.672+0000][6][gc,marking   ] GC(11) Concurrent Clear Claimed Marks 0.554ms
[2020-08-18T06:44:09.672+0000][6][gc,marking   ] GC(11) Concurrent Scan Root Regions
[2020-08-18T06:44:09.672+0000][6][safepoint    ] Safepoint "CollectForMetadataAllocation", Time since last: 1076425490 ns, Reaching safepoint: 113700 ns, At safepoint: 174512147 ns, Total: 174625847 ns
[2020-08-18T06:44:09.696+0000][6][safepoint    ] Safepoint "CollectForMetadataAllocation", Time since last: 21094206 ns, Reaching safepoint: 135800 ns, At safepoint: 3166901 ns, Total: 3302701 ns
[2020-08-18T06:44:09.747+0000][6][gc,marking   ] GC(11) Concurrent Scan Root Regions 74.866ms
[2020-08-18T06:44:09.754+0000][6][gc,marking   ] GC(11) Concurrent Mark (16.069s)
[2020-08-18T06:44:09.754+0000][6][gc,marking   ] GC(11) Concurrent Mark From Roots
[2020-08-18T06:44:09.758+0000][6][gc,task      ] GC(11) Using 1 workers of 1 for marking
[2020-08-18T06:44:09.769+0000][6][safepoint    ] Safepoint "CollectForMetadataAllocation", Time since last: 66069618 ns, Reaching safepoint: 6989802 ns, At safepoint: 139800 ns, Total: 7129602 ns
[2020-08-18T06:44:09.791+0000][6][gc,marking   ] GC(11) Concurrent Mark From Roots 36.539ms
[2020-08-18T06:44:09.792+0000][6][gc,marking   ] GC(11) Concurrent Preclean
[2020-08-18T06:44:09.792+0000][6][gc,marking   ] GC(11) Concurrent Preclean 0.383ms
[2020-08-18T06:44:09.792+0000][6][gc,marking   ] GC(11) Concurrent Mark (16.069s, 16.107s) 38.420ms
[2020-08-18T06:44:09.795+0000][6][gc,start     ] GC(11) Pause Remark
[2020-08-18T06:44:09.822+0000][6][gc           ] GC(11) Pause Remark 49M->49M(512M) 26.892ms
[2020-08-18T06:44:09.823+0000][6][gc,cpu       ] GC(11) User=0.02s Sys=0.00s Real=0.03s
[2020-08-18T06:44:09.824+0000][6][safepoint    ] Safepoint "G1Concurrent", Time since last: 23470806 ns, Reaching safepoint: 2388001 ns, At safepoint: 28597907 ns, Total: 30985908 ns
[2020-08-18T06:44:09.824+0000][6][gc,marking   ] GC(11) Concurrent Rebuild Remembered Sets
[2020-08-18T06:44:09.843+0000][6][gc,marking   ] GC(11) Concurrent Rebuild Remembered Sets 18.920ms
[2020-08-18T06:44:09.845+0000][6][gc,start     ] GC(11) Pause Cleanup
[2020-08-18T06:44:09.848+0000][6][gc           ] GC(11) Pause Cleanup 50M->50M(512M) 2.489ms
[2020-08-18T06:44:09.848+0000][6][gc,cpu       ] GC(11) User=0.01s Sys=0.00s Real=0.01s
[2020-08-18T06:44:09.849+0000][6][safepoint    ] Safepoint "G1Concurrent", Time since last: 20193506 ns, Reaching safepoint: 1158900 ns, At safepoint: 3971601 ns, Total: 5130501 ns
[2020-08-18T06:44:09.850+0000][6][gc,marking   ] GC(11) Concurrent Cleanup for Next Mark
[2020-08-18T06:44:09.852+0000][6][gc,marking   ] GC(11) Concurrent Cleanup for Next Mark 2.406ms
[2020-08-18T06:44:09.853+0000][6][gc           ] GC(11) Concurrent Cycle 182.214ms
[2020-08-18T06:44:10.850+0000][6][safepoint    ] Safepoint "Cleanup", Time since last: 1000824470 ns, Reaching safepoint: 150300 ns, At safepoint: 6400 ns, Total: 156700 ns
[2020-08-18T06:44:12.053+0000][6][safepoint    ] Safepoint "Cleanup", Time since last: 1202653074 ns, Reaching safepoint: 356299 ns, At safepoint: 7900 ns, Total: 364199 ns
[2020-08-18T06:44:12.765+0000][6][gc,start     ] GC(12) Pause Young (Concurrent Start) (G1 Evacuation Pause)
[2020-08-18T06:44:12.765+0000][6][gc,task      ] GC(12) Using 2 workers of 2 for evacuation
[2020-08-18T06:44:12.766+0000][6][gc,age       ] GC(12) Desired survivor size 13107200 bytes, new threshold 1 (max threshold 15)
[2020-08-18T06:44:12.901+0000][6][gc,age       ] GC(12) Age table with threshold 1 (max threshold 15)
[2020-08-18T06:44:12.901+0000][6][gc,age       ] GC(12) - age   1:    3627960 bytes,    3627960 total
[2020-08-18T06:44:12.902+0000][6][gc,phases    ] GC(12)   Pre Evacuate Collection Set: 1.4ms
[2020-08-18T06:44:12.903+0000][6][gc,phases    ] GC(12)   Merge Heap Roots: 0.3ms
[2020-08-18T06:44:12.904+0000][6][gc,phases    ] GC(12)   Evacuate Collection Set: 129.9ms
[2020-08-18T06:44:12.904+0000][6][gc,phases    ] GC(12)   Post Evacuate Collection Set: 1.7ms
[2020-08-18T06:44:12.905+0000][6][gc,phases    ] GC(12)   Other: 4.0ms
[2020-08-18T06:44:12.905+0000][6][gc,heap      ] GC(12) Eden regions: 160->0(298)
[2020-08-18T06:44:12.906+0000][6][gc,heap      ] GC(12) Survivor regions: 39->4(25)
[2020-08-18T06:44:12.906+0000][6][gc,heap      ] GC(12) Old regions: 5->44
[2020-08-18T06:44:12.907+0000][6][gc,heap      ] GC(12) Archive regions: 2->2
[2020-08-18T06:44:12.907+0000][6][gc,heap      ] GC(12) Humongous regions: 1->1
[2020-08-18T06:44:12.908+0000][6][gc,metaspace ] GC(12) Metaspace: 41740K(45720K)->41740K(45720K) NonClass: 36158K(38808K)->36158K(38808K) Class: 5581K(6912K)->5581K(6912K)
[2020-08-18T06:44:12.909+0000][6][gc           ] GC(12) Pause Young (Concurrent Start) (G1 Evacuation Pause) 205M->49M(512M) 144.226ms
[2020-08-18T06:44:12.911+0000][6][gc,cpu       ] GC(12) User=0.17s Sys=0.00s Real=0.15s
[2020-08-18T06:44:12.911+0000][6][gc           ] GC(13) Concurrent Cycle
[2020-08-18T06:44:12.912+0000][6][gc,marking   ] GC(13) Concurrent Clear Claimed Marks
[2020-08-18T06:44:12.913+0000][6][gc,marking   ] GC(13) Concurrent Clear Claimed Marks 1.227ms
[2020-08-18T06:44:12.914+0000][6][gc,marking   ] GC(13) Concurrent Scan Root Regions
[2020-08-18T06:44:12.918+0000][6][safepoint    ] Safepoint "G1CollectForAllocation", Time since last: 711344464 ns, Reaching safepoint: 109200 ns, At safepoint: 153712541 ns, Total: 153821741 ns
[2020-08-18T06:44:13.113+0000][6][gc,marking   ] GC(13) Concurrent Scan Root Regions 198.714ms
[2020-08-18T06:44:13.115+0000][6][gc,marking   ] GC(13) Concurrent Mark (19.430s)
[2020-08-18T06:44:13.116+0000][6][gc,marking   ] GC(13) Concurrent Mark From Roots
[2020-08-18T06:44:13.116+0000][6][gc,task      ] GC(13) Using 1 workers of 1 for marking
[2020-08-18T06:44:13.159+0000][6][gc,marking   ] GC(13) Concurrent Mark From Roots 42.772ms
[2020-08-18T06:44:13.160+0000][6][gc,marking   ] GC(13) Concurrent Preclean
[2020-08-18T06:44:13.160+0000][6][gc,marking   ] GC(13) Concurrent Preclean 0.917ms
[2020-08-18T06:44:13.161+0000][6][gc,marking   ] GC(13) Concurrent Mark (19.430s, 19.476s) 45.796ms
[2020-08-18T06:44:13.162+0000][6][gc,start     ] GC(13) Pause Remark
[2020-08-18T06:44:13.190+0000][6][gc           ] GC(13) Pause Remark 55M->55M(512M) 27.798ms
[2020-08-18T06:44:13.190+0000][6][gc,cpu       ] GC(13) User=0.03s Sys=0.00s Real=0.03s
[2020-08-18T06:44:13.191+0000][6][safepoint    ] Safepoint "G1Concurrent", Time since last: 243099649 ns, Reaching safepoint: 508899 ns, At safepoint: 29190570 ns, Total: 29699469 ns
[2020-08-18T06:44:13.191+0000][6][gc,marking   ] GC(13) Concurrent Rebuild Remembered Sets
[2020-08-18T06:44:13.394+0000][6][gc,marking   ] GC(13) Concurrent Rebuild Remembered Sets 202.746ms
[2020-08-18T06:44:13.396+0000][6][gc,start     ] GC(13) Pause Cleanup
[2020-08-18T06:44:13.397+0000][6][gc           ] GC(13) Pause Cleanup 59M->59M(512M) 0.613ms
[2020-08-18T06:44:13.397+0000][6][gc,cpu       ] GC(13) User=0.00s Sys=0.00s Real=0.00s
[2020-08-18T06:44:13.398+0000][6][safepoint    ] Safepoint "G1Concurrent", Time since last: 204027289 ns, Reaching safepoint: 992599 ns, At safepoint: 1494898 ns, Total: 2487497 ns
[2020-08-18T06:44:13.398+0000][6][gc,marking   ] GC(13) Concurrent Cleanup for Next Mark
[2020-08-18T06:44:13.405+0000][6][gc,marking   ] GC(13) Concurrent Cleanup for Next Mark 6.807ms
[2020-08-18T06:44:13.405+0000][6][gc           ] GC(13) Concurrent Cycle 493.753ms
[2020-08-18T06:44:14.943+0000][6][safepoint    ] Safepoint "Cleanup", Time since last: 1545597701 ns, Reaching safepoint: 205700 ns, At safepoint: 2700 ns, Total: 208400 ns
[2020-08-18T06:44:15.945+0000][6][safepoint    ] Safepoint "Cleanup", Time since last: 1000764864 ns, Reaching safepoint: 555900 ns, At safepoint: 3800 ns, Total: 559700 ns
[2020-08-18T06:44:16.946+0000][6][safepoint    ] Safepoint "Cleanup", Time since last: 1000663864 ns, Reaching safepoint: 1113599 ns, At safepoint: 31400 ns, Total: 1144999 ns
[2020-08-18T06:44:18.032+0000][6][safepoint    ] Safepoint "Cleanup", Time since last: 1084379178 ns, Reaching safepoint: 697800 ns, At safepoint: 4000 ns, Total: 701800 ns
[2020-08-18T06:44:18.120+0000][6][safepoint    ] Safepoint "BulkRevokeBias", Time since last: 84319612 ns, Reaching safepoint: 3336297 ns, At safepoint: 366200 ns, Total: 3702497 ns
[2020-08-18T06:44:18.181+0000][6][safepoint    ] Safepoint "BulkRevokeBias", Time since last: 60091637 ns, Reaching safepoint: 348200 ns, At safepoint: 1161199 ns, Total: 1509399 ns
[2020-08-18T06:44:18.218+0000][6][safepoint    ] Safepoint "BulkRevokeBias", Time since last: 29967669 ns, Reaching safepoint: 6076594 ns, At safepoint: 396699 ns, Total: 6473293 ns
[2020-08-18T06:44:19.867+0000][6][safepoint    ] Safepoint "Cleanup", Time since last: 1647781895 ns, Reaching safepoint: 1403199 ns, At safepoint: 10200 ns, Total: 1413399 ns
[2020-08-18T06:44:20.869+0000][6][safepoint    ] Safepoint "Cleanup", Time since last: 1000942982 ns, Reaching safepoint: 1605201 ns, At safepoint: 4500 ns, Total: 1609701 ns
[2020-08-18T06:44:21.895+0000][6][gc,start     ] GC(14) Pause Young (Normal) (G1 Evacuation Pause)
[2020-08-18T06:44:21.901+0000][6][gc,task      ] GC(14) Using 2 workers of 2 for evacuation
[2020-08-18T06:44:21.902+0000][6][gc,age       ] GC(14) Desired survivor size 19922944 bytes, new threshold 15 (max threshold 15)
[2020-08-18T06:44:21.954+0000][6][gc,age       ] GC(14) Age table with threshold 15 (max threshold 15)
[2020-08-18T06:44:21.956+0000][6][gc,age       ] GC(14) - age   1:   10642048 bytes,   10642048 total
[2020-08-18T06:44:21.956+0000][6][gc,age       ] GC(14) - age   2:    3494448 bytes,   14136496 total
[2020-08-18T06:44:21.957+0000][6][gc,phases    ] GC(14)   Pre Evacuate Collection Set: 0.2ms
[2020-08-18T06:44:21.958+0000][6][gc,phases    ] GC(14)   Merge Heap Roots: 0.2ms
[2020-08-18T06:44:21.958+0000][6][gc,phases    ] GC(14)   Evacuate Collection Set: 44.4ms
[2020-08-18T06:44:21.960+0000][6][gc,phases    ] GC(14)   Post Evacuate Collection Set: 3.8ms
[2020-08-18T06:44:21.961+0000][6][gc,phases    ] GC(14)   Other: 13.8ms
[2020-08-18T06:44:21.961+0000][6][gc,heap      ] GC(14) Eden regions: 298->0(288)
[2020-08-18T06:44:21.962+0000][6][gc,heap      ] GC(14) Survivor regions: 4->14(38)
[2020-08-18T06:44:21.962+0000][6][gc,heap      ] GC(14) Old regions: 44->44
[2020-08-18T06:44:21.963+0000][6][gc,heap      ] GC(14) Archive regions: 2->2
[2020-08-18T06:44:21.963+0000][6][gc,heap      ] GC(14) Humongous regions: 1->1
[2020-08-18T06:44:21.963+0000][6][gc,metaspace ] GC(14) Metaspace: 67911K(73624K)->67911K(73624K) NonClass: 58659K(62104K)->58659K(62104K) Class: 9251K(11520K)->9251K(11520K)
[2020-08-18T06:44:21.964+0000][6][gc           ] GC(14) Pause Young (Normal) (G1 Evacuation Pause) 347M->59M(512M) 68.737ms
[2020-08-18T06:44:21.964+0000][6][gc,cpu       ] GC(14) User=0.07s Sys=0.00s Real=0.07s
[2020-08-18T06:44:21.964+0000][6][safepoint    ] Safepoint "G1CollectForAllocation", Time since last: 1024092716 ns, Reaching safepoint: 1370600 ns, At safepoint: 69426429 ns, Total: 70797029 ns
[2020-08-18T06:44:21.984+0000][6][safepoint    ] Safepoint "BulkRevokeBias", Time since last: 19580408 ns, Reaching safepoint: 224400 ns, At safepoint: 79800 ns, Total: 304200 ns
[2020-08-18T06:44:23.151+0000][6][gc,start     ] GC(15) Pause Young (Concurrent Start) (Metadata GC Threshold)
[2020-08-18T06:44:23.152+0000][6][gc,task      ] GC(15) Using 2 workers of 2 for evacuation
[2020-08-18T06:44:23.152+0000][6][gc,age       ] GC(15) Desired survivor size 19922944 bytes, new threshold 15 (max threshold 15)
[2020-08-18T06:44:23.225+0000][6][gc,age       ] GC(15) Age table with threshold 15 (max threshold 15)
[2020-08-18T06:44:23.226+0000][6][gc,age       ] GC(15) - age   1:    2150648 bytes,    2150648 total
[2020-08-18T06:44:23.226+0000][6][gc,age       ] GC(15) - age   2:   10101464 bytes,   12252112 total
[2020-08-18T06:44:23.227+0000][6][gc,age       ] GC(15) - age   3:    3488952 bytes,   15741064 total
[2020-08-18T06:44:23.227+0000][6][gc,phases    ] GC(15)   Pre Evacuate Collection Set: 0.9ms
[2020-08-18T06:44:23.228+0000][6][gc,phases    ] GC(15)   Merge Heap Roots: 0.2ms
[2020-08-18T06:44:23.228+0000][6][gc,phases    ] GC(15)   Evacuate Collection Set: 70.1ms
[2020-08-18T06:44:23.228+0000][6][gc,phases    ] GC(15)   Post Evacuate Collection Set: 1.5ms
[2020-08-18T06:44:23.229+0000][6][gc,phases    ] GC(15)   Other: 3.4ms
[2020-08-18T06:44:23.229+0000][6][gc,heap      ] GC(15) Eden regions: 50->0(285)
[2020-08-18T06:44:23.229+0000][6][gc,heap      ] GC(15) Survivor regions: 14->16(38)
[2020-08-18T06:44:23.230+0000][6][gc,heap      ] GC(15) Old regions: 44->44
[2020-08-18T06:44:23.230+0000][6][gc,heap      ] GC(15) Archive regions: 2->2
[2020-08-18T06:44:23.230+0000][6][gc,heap      ] GC(15) Humongous regions: 1->1
[2020-08-18T06:44:23.231+0000][6][gc,metaspace ] GC(15) Metaspace: 71902K(77908K)->71902K(77908K) NonClass: 62032K(65364K)->62032K(65364K) Class: 9869K(12544K)->9869K(12544K)
[2020-08-18T06:44:23.231+0000][6][gc           ] GC(15) Pause Young (Concurrent Start) (Metadata GC Threshold) 109M->61M(512M) 79.742ms
[2020-08-18T06:44:23.231+0000][6][gc,cpu       ] GC(15) User=0.08s Sys=0.00s Real=0.08s
[2020-08-18T06:44:23.232+0000][6][gc           ] GC(16) Concurrent Cycle
[2020-08-18T06:44:23.232+0000][6][gc,marking   ] GC(16) Concurrent Clear Claimed Marks
[2020-08-18T06:44:23.234+0000][6][gc,marking   ] GC(16) Concurrent Clear Claimed Marks 1.636ms
[2020-08-18T06:44:23.234+0000][6][gc,marking   ] GC(16) Concurrent Scan Root Regions
[2020-08-18T06:44:23.236+0000][6][safepoint    ] Safepoint "CollectForMetadataAllocation", Time since last: 1166907574 ns, Reaching safepoint: 126200 ns, At safepoint: 84842434 ns, Total: 84968634 ns
[2020-08-18T06:44:23.294+0000][6][gc,marking   ] GC(16) Concurrent Scan Root Regions 60.108ms
[2020-08-18T06:44:23.295+0000][6][gc,marking   ] GC(16) Concurrent Mark (29.610s)
[2020-08-18T06:44:23.295+0000][6][gc,marking   ] GC(16) Concurrent Mark From Roots
[2020-08-18T06:44:23.296+0000][6][gc,task      ] GC(16) Using 1 workers of 1 for marking
[2020-08-18T06:44:23.338+0000][6][safepoint    ] Safepoint "CollectForMetadataAllocation", Time since last: 101861042 ns, Reaching safepoint: 103100 ns, At safepoint: 177200 ns, Total: 280300 ns
[2020-08-18T06:44:23.424+0000][6][safepoint    ] Safepoint "CollectForMetadataAllocation", Time since last: 79772532 ns, Reaching safepoint: 6173103 ns, At safepoint: 157100 ns, Total: 6330203 ns
[2020-08-18T06:44:23.520+0000][6][safepoint    ] Safepoint "CollectForMetadataAllocation", Time since last: 88759036 ns, Reaching safepoint: 7080703 ns, At safepoint: 148900 ns, Total: 7229603 ns
[2020-08-18T06:44:23.588+0000][6][gc,marking   ] GC(16) Concurrent Mark From Roots 293.058ms
[2020-08-18T06:44:23.589+0000][6][gc,marking   ] GC(16) Concurrent Preclean
[2020-08-18T06:44:23.590+0000][6][gc,marking   ] GC(16) Concurrent Preclean 0.617ms
[2020-08-18T06:44:23.590+0000][6][gc,marking   ] GC(16) Concurrent Mark (29.610s, 29.905s) 294.978ms
[2020-08-18T06:44:23.591+0000][6][gc,start     ] GC(16) Pause Remark
[2020-08-18T06:44:23.611+0000][6][gc           ] GC(16) Pause Remark 72M->72M(512M) 20.118ms
[2020-08-18T06:44:23.612+0000][6][gc,cpu       ] GC(16) User=0.01s Sys=0.00s Real=0.02s
[2020-08-18T06:44:23.613+0000][6][safepoint    ] Safepoint "G1Concurrent", Time since last: 70194928 ns, Reaching safepoint: 339600 ns, At safepoint: 22440109 ns, Total: 22779709 ns
[2020-08-18T06:44:23.614+0000][6][gc,marking   ] GC(16) Concurrent Rebuild Remembered Sets
[2020-08-18T06:44:23.835+0000][6][gc,marking   ] GC(16) Concurrent Rebuild Remembered Sets 221.271ms
[2020-08-18T06:44:23.842+0000][6][gc,start     ] GC(16) Pause Cleanup
[2020-08-18T06:44:23.849+0000][6][gc           ] GC(16) Pause Cleanup 75M->75M(512M) 7.083ms
[2020-08-18T06:44:23.853+0000][6][gc,cpu       ] GC(16) User=0.00s Sys=0.00s Real=0.01s
[2020-08-18T06:44:23.856+0000][6][safepoint    ] Safepoint "G1Concurrent", Time since last: 224138891 ns, Reaching safepoint: 4022802 ns, At safepoint: 14301206 ns, Total: 18324008 ns
[2020-08-18T06:44:23.857+0000][6][gc,marking   ] GC(16) Concurrent Cleanup for Next Mark
[2020-08-18T06:44:23.859+0000][6][gc,marking   ] GC(16) Concurrent Cleanup for Next Mark 2.577ms
[2020-08-18T06:44:23.862+0000][6][gc           ] GC(16) Concurrent Cycle 630.012ms
[2020-08-18T06:44:25.743+0000][6][safepoint    ] Safepoint "ICBufferFull", Time since last: 1886964066 ns, Reaching safepoint: 225100 ns, At safepoint: 5800 ns, Total: 230900 ns
[2020-08-18T06:44:26.097+0000][6][safepoint    ] Safepoint "BulkRevokeBias", Time since last: 353426044 ns, Reaching safepoint: 413600 ns, At safepoint: 212600 ns, Total: 626200 ns
[2020-08-18T06:44:27.132+0000][6][safepoint    ] Safepoint "Cleanup", Time since last: 1034438720 ns, Reaching safepoint: 533201 ns, At safepoint: 16300 ns, Total: 549501 ns
[2020-08-18T06:44:27.318+0000][6][safepoint    ] Safepoint "BulkRevokeBias", Time since last: 185748375 ns, Reaching safepoint: 376200 ns, At safepoint: 192400 ns, Total: 568600 ns
[2020-08-18T06:44:28.319+0000][6][safepoint    ] Safepoint "Cleanup", Time since last: 1000792872 ns, Reaching safepoint: 146100 ns, At safepoint: 6700 ns, Total: 152800 ns
[2020-08-18T06:44:29.320+0000][6][safepoint    ] Safepoint "Cleanup", Time since last: 1000690093 ns, Reaching safepoint: 87300 ns, At safepoint: 3000 ns, Total: 90300 ns
[2020-08-18T06:44:30.321+0000][6][safepoint    ] Safepoint "Cleanup", Time since last: 1000848492 ns, Reaching safepoint: 84400 ns, At safepoint: 3000 ns, Total: 87400 ns
[2020-08-18T06:44:31.322+0000][6][safepoint    ] Safepoint "Cleanup", Time since last: 1000733493 ns, Reaching safepoint: 217300 ns, At safepoint: 10400 ns, Total: 227700 ns
[2020-08-18T06:44:32.323+0000][6][safepoint    ] Safepoint "Cleanup", Time since last: 1001268892 ns, Reaching safepoint: 82700 ns, At safepoint: 2800 ns, Total: 85500 ns
[2020-08-18T06:44:33.324+0000][6][safepoint    ] Safepoint "Cleanup", Time since last: 1000860293 ns, Reaching safepoint: 169700 ns, At safepoint: 6300 ns, Total: 176000 ns
[2020-08-18T06:44:34.326+0000][6][safepoint    ] Safepoint "Cleanup", Time since last: 1001186192 ns, Reaching safepoint: 94100 ns, At safepoint: 3300 ns, Total: 97400 ns
[2020-08-18T06:44:35.327+0000][6][safepoint    ] Safepoint "Cleanup", Time since last: 1000980193 ns, Reaching safepoint: 205599 ns, At safepoint: 5400 ns, Total: 210999 ns
[2020-08-18T06:44:36.328+0000][6][safepoint    ] Safepoint "Cleanup", Time since last: 1001310111 ns, Reaching safepoint: 316200 ns, At safepoint: 16000 ns, Total: 332200 ns
[2020-08-18T06:44:37.330+0000][6][safepoint    ] Safepoint "Cleanup", Time since last: 1001794856 ns, Reaching safepoint: 77800 ns, At safepoint: 3000 ns, Total: 80800 ns
[2020-08-18T06:44:38.331+0000][6][safepoint    ] Safepoint "Cleanup", Time since last: 1000705756 ns, Reaching safepoint: 91000 ns, At safepoint: 3200 ns, Total: 94200 ns
[2020-08-18T06:44:39.332+0000][6][safepoint    ] Safepoint "Cleanup", Time since last: 1000767157 ns, Reaching safepoint: 69000 ns, At safepoint: 3300 ns, Total: 72300 ns
[2020-08-18T06:44:40.333+0000][6][safepoint    ] Safepoint "Cleanup", Time since last: 1000638556 ns, Reaching safepoint: 73600 ns, At safepoint: 3200 ns, Total: 76800 ns
[2020-08-18T06:44:41.333+0000][6][safepoint    ] Safepoint "Cleanup", Time since last: 1000662157 ns, Reaching safepoint: 85500 ns, At safepoint: 3100 ns, Total: 88600 ns
[2020-08-18T06:44:42.334+0000][6][safepoint    ] Safepoint "Cleanup", Time since last: 1000704256 ns, Reaching safepoint: 134500 ns, At safepoint: 34400 ns, Total: 168900 ns
[2020-08-18T06:44:43.335+0000][6][safepoint    ] Safepoint "Cleanup", Time since last: 1001036956 ns, Reaching safepoint: 95800 ns, At safepoint: 3800 ns, Total: 99600 ns
[2020-08-18T06:44:44.336+0000][6][safepoint    ] Safepoint "Cleanup", Time since last: 1000859800 ns, Reaching safepoint: 74300 ns, At safepoint: 3100 ns, Total: 77400 ns
[2020-08-18T06:44:45.337+0000][6][safepoint    ] Safepoint "Cleanup", Time since last: 1000714007 ns, Reaching safepoint: 78600 ns, At safepoint: 3500 ns, Total: 82100 ns
[2020-08-18T06:44:46.340+0000][6][safepoint    ] Safepoint "Cleanup", Time since last: 1002752207 ns, Reaching safepoint: 77800 ns, At safepoint: 2900 ns, Total: 80700 ns
[2020-08-18T06:44:47.341+0000][6][safepoint    ] Safepoint "Cleanup", Time since last: 1000762207 ns, Reaching safepoint: 78800 ns, At safepoint: 2600 ns, Total: 81400 ns
[2020-08-18T06:44:48.342+0000][6][safepoint    ] Safepoint "Cleanup", Time since last: 1000774107 ns, Reaching safepoint: 115900 ns, At safepoint: 4200 ns, Total: 120100 ns
[2020-08-18T06:44:49.343+0000][6][safepoint    ] Safepoint "Cleanup", Time since last: 1001304107 ns, Reaching safepoint: 95800 ns, At safepoint: 3000 ns, Total: 98800 ns
[2020-08-18T06:44:50.344+0000][6][safepoint    ] Safepoint "Cleanup", Time since last: 1000801207 ns, Reaching safepoint: 94100 ns, At safepoint: 3200 ns, Total: 97300 ns
[2020-08-18T06:44:51.345+0000][6][safepoint    ] Safepoint "Cleanup", Time since last: 1001234707 ns, Reaching safepoint: 81600 ns, At safepoint: 3200 ns, Total: 84800 ns
[2020-08-18T06:44:52.346+0000][6][safepoint    ] Safepoint "Cleanup", Time since last: 1000769373 ns, Reaching safepoint: 79300 ns, At safepoint: 3100 ns, Total: 82400 ns
[2020-08-18T06:44:53.347+0000][6][safepoint    ] Safepoint "Cleanup", Time since last: 1000811826 ns, Reaching safepoint: 132299 ns, At safepoint: 3400 ns, Total: 135699 ns
[2020-08-18T06:44:54.348+0000][6][safepoint    ] Safepoint "Cleanup", Time since last: 1000725027 ns, Reaching safepoint: 79299 ns, At safepoint: 3000 ns, Total: 82299 ns
[2020-08-18T06:44:55.349+0000][6][safepoint    ] Safepoint "Cleanup", Time since last: 1000657627 ns, Reaching safepoint: 79399 ns, At safepoint: 2600 ns, Total: 81999 ns
[2020-08-18T06:44:57.327+0000][6][safepoint    ] Safepoint "Cleanup", Time since last: 1978192873 ns, Reaching safepoint: 111000 ns, At safepoint: 3300 ns, Total: 114300 ns
[2020-08-18T06:44:58.328+0000][6][safepoint    ] Safepoint "Cleanup", Time since last: 1000791340 ns, Reaching safepoint: 88300 ns, At safepoint: 2800 ns, Total: 91100 ns
[2020-08-18T06:44:59.329+0000][6][safepoint    ] Safepoint "Cleanup", Time since last: 1000744541 ns, Reaching safepoint: 410600 ns, At safepoint: 55200 ns, Total: 465800 ns
[2020-08-18T06:45:00.331+0000][6][safepoint    ] Safepoint "Cleanup", Time since last: 1001975042 ns, Reaching safepoint: 90800 ns, At safepoint: 3000 ns, Total: 93800 ns
[2020-08-18T06:45:01.332+0000][6][safepoint    ] Safepoint "Cleanup", Time since last: 1000621044 ns, Reaching safepoint: 129800 ns, At safepoint: 3600 ns, Total: 133400 ns
[2020-08-18T06:45:02.333+0000][6][safepoint    ] Safepoint "Cleanup", Time since last: 1000662945 ns, Reaching safepoint: 117600 ns, At safepoint: 4100 ns, Total: 121700 ns
[2020-08-18T06:45:03.334+0000][6][safepoint    ] Safepoint "Cleanup", Time since last: 1001069444 ns, Reaching safepoint: 397300 ns, At safepoint: 60300 ns, Total: 457600 ns
[2020-08-18T06:45:04.337+0000][6][safepoint    ] Safepoint "Cleanup", Time since last: 1002360844 ns, Reaching safepoint: 270800 ns, At safepoint: 8600 ns, Total: 279400 ns
[2020-08-18T06:45:05.338+0000][6][safepoint    ] Safepoint "Cleanup", Time since last: 1000945044 ns, Reaching safepoint: 102500 ns, At safepoint: 3100 ns, Total: 105600 ns
[2020-08-18T06:45:06.339+0000][6][safepoint    ] Safepoint "Cleanup", Time since last: 1000880845 ns, Reaching safepoint: 239500 ns, At safepoint: 41500 ns, Total: 281000 ns
[2020-08-18T06:45:07.341+0000][6][safepoint    ] Safepoint "Cleanup", Time since last: 1001643644 ns, Reaching safepoint: 439200 ns, At safepoint: 15200 ns, Total: 454400 ns
[2020-08-18T06:45:08.344+0000][6][safepoint    ] Safepoint "Cleanup", Time since last: 1002128143 ns, Reaching safepoint: 291300 ns, At safepoint: 10700 ns, Total: 302000 ns
[2020-08-18T06:45:09.348+0000][6][safepoint    ] Safepoint "Cleanup", Time since last: 1003620241 ns, Reaching safepoint: 379100 ns, At safepoint: 12500 ns, Total: 391600 ns
[2020-08-18T06:45:10.351+0000][6][safepoint    ] Safepoint "Cleanup", Time since last: 1002374041 ns, Reaching safepoint: 609100 ns, At safepoint: 18700 ns, Total: 627800 ns
[2020-08-18T06:45:11.354+0000][6][safepoint    ] Safepoint "Cleanup", Time since last: 1002938041 ns, Reaching safepoint: 98000 ns, At safepoint: 3400 ns, Total: 101400 ns
[2020-08-18T06:45:12.355+0000][6][safepoint    ] Safepoint "Cleanup", Time since last: 1000811741 ns, Reaching safepoint: 412200 ns, At safepoint: 9800 ns, Total: 422000 ns
[2020-08-18T06:45:13.793+0000][6][safepoint    ] Safepoint "Cleanup", Time since last: 1437863359 ns, Reaching safepoint: 601100 ns, At safepoint: 18600 ns, Total: 619700 ns
[2020-08-18T06:45:14.796+0000][6][safepoint    ] Safepoint "Cleanup", Time since last: 1002746841 ns, Reaching safepoint: 167400 ns, At safepoint: 4100 ns, Total: 171500 ns
[2020-08-18T06:45:15.798+0000][6][safepoint    ] Safepoint "Cleanup", Time since last: 1000980041 ns, Reaching safepoint: 408900 ns, At safepoint: 14400 ns, Total: 423300 ns
[2020-08-18T06:45:16.800+0000][6][safepoint    ] Safepoint "Cleanup", Time since last: 1002249441 ns, Reaching safepoint: 137100 ns, At safepoint: 3600 ns, Total: 140700 ns
[2020-08-18T06:45:17.801+0000][6][safepoint    ] Safepoint "Cleanup", Time since last: 1000760641 ns, Reaching safepoint: 111700 ns, At safepoint: 3800 ns, Total: 115500 ns
[2020-08-18T06:45:18.802+0000][6][safepoint    ] Safepoint "Cleanup", Time since last: 1000927840 ns, Reaching safepoint: 188300 ns, At safepoint: 5200 ns, Total: 193500 ns
[2020-08-18T06:45:19.803+0000][6][safepoint    ] Safepoint "Cleanup", Time since last: 1001057841 ns, Reaching safepoint: 97400 ns, At safepoint: 3400 ns, Total: 100800 ns
[2020-08-18T06:45:20.804+0000][6][safepoint    ] Safepoint "Cleanup", Time since last: 1001069140 ns, Reaching safepoint: 129600 ns, At safepoint: 3800 ns, Total: 133400 ns
[2020-08-18T06:45:21.806+0000][6][safepoint    ] Safepoint "Cleanup", Time since last: 1001172541 ns, Reaching safepoint: 290400 ns, At safepoint: 10700 ns, Total: 301100 ns
[2020-08-18T06:45:22.809+0000][6][safepoint    ] Safepoint "Cleanup", Time since last: 1002391540 ns, Reaching safepoint: 280500 ns, At safepoint: 7400 ns, Total: 287900 ns
[2020-08-18T06:45:23.812+0000][6][safepoint    ] Safepoint "Cleanup", Time since last: 1002722141 ns, Reaching safepoint: 375200 ns, At safepoint: 10100 ns, Total: 385300 ns
[2020-08-18T06:45:24.817+0000][6][safepoint    ] Safepoint "Cleanup", Time since last: 1004540340 ns, Reaching safepoint: 428100 ns, At safepoint: 14700 ns, Total: 442800 ns
[2020-08-18T06:45:25.819+0000][6][safepoint    ] Safepoint "Cleanup", Time since last: 1001500041 ns, Reaching safepoint: 486100 ns, At safepoint: 15100 ns, Total: 501200 ns
[2020-08-18T06:45:26.821+0000][6][safepoint    ] Safepoint "Cleanup", Time since last: 1002214040 ns, Reaching safepoint: 441800 ns, At safepoint: 15200 ns, Total: 457000 ns
[2020-08-18T06:45:27.824+0000][6][safepoint    ] Safepoint "Cleanup", Time since last: 1002370940 ns, Reaching safepoint: 120100 ns, At safepoint: 3300 ns, Total: 123400 ns
[2020-08-18T06:45:28.825+0000][6][safepoint    ] Safepoint "Cleanup", Time since last: 1000901341 ns, Reaching safepoint: 229900 ns, At safepoint: 8400 ns, Total: 238300 ns
[2020-08-18T06:45:29.828+0000][6][safepoint    ] Safepoint "Cleanup", Time since last: 1001900040 ns, Reaching safepoint: 688300 ns, At safepoint: 14900 ns, Total: 703200 ns
[2020-08-18T06:45:30.832+0000][6][safepoint    ] Safepoint "Cleanup", Time since last: 1003685841 ns, Reaching safepoint: 587400 ns, At safepoint: 18000 ns, Total: 605400 ns
[2020-08-18T06:45:31.834+0000][6][safepoint    ] Safepoint "Cleanup", Time since last: 1002419940 ns, Reaching safepoint: 169900 ns, At safepoint: 4300 ns, Total: 174200 ns
[2020-08-18T06:45:32.836+0000][6][safepoint    ] Safepoint "Cleanup", Time since last: 1001220912 ns, Reaching safepoint: 529400 ns, At safepoint: 13700 ns, Total: 543100 ns
[2020-08-18T06:45:33.840+0000][6][safepoint    ] Safepoint "Cleanup", Time since last: 1002963300 ns, Reaching safepoint: 797200 ns, At safepoint: 15200 ns, Total: 812400 ns
[2020-08-18T06:45:34.843+0000][6][safepoint    ] Safepoint "Cleanup", Time since last: 1002827400 ns, Reaching safepoint: 348600 ns, At safepoint: 11300 ns, Total: 359900 ns
[2020-08-18T06:45:35.847+0000][6][safepoint    ] Safepoint "Cleanup", Time since last: 1003283600 ns, Reaching safepoint: 545900 ns, At safepoint: 105100 ns, Total: 651000 ns
[2020-08-18T06:45:36.851+0000][6][safepoint    ] Safepoint "Cleanup", Time since last: 1003350000 ns, Reaching safepoint: 529400 ns, At safepoint: 14500 ns, Total: 543900 ns
[2020-08-18T06:45:37.855+0000][6][safepoint    ] Safepoint "Cleanup", Time since last: 1003515199 ns, Reaching safepoint: 202200 ns, At safepoint: 5300 ns, Total: 207500 ns
[2020-08-18T06:45:38.856+0000][6][safepoint    ] Safepoint "Cleanup", Time since last: 1001338300 ns, Reaching safepoint: 185100 ns, At safepoint: 5300 ns, Total: 190400 ns
[2020-08-18T06:45:39.858+0000][6][safepoint    ] Safepoint "Cleanup", Time since last: 1001178400 ns, Reaching safepoint: 180800 ns, At safepoint: 7300 ns, Total: 188100 ns
[2020-08-18T06:45:40.859+0000][6][safepoint    ] Safepoint "Cleanup", Time since last: 1001210086 ns, Reaching safepoint: 230000 ns, At safepoint: 6300 ns, Total: 236300 ns
[2020-08-18T06:45:41.860+0000][6][safepoint    ] Safepoint "Cleanup", Time since last: 1000890680 ns, Reaching safepoint: 164900 ns, At safepoint: 4200 ns, Total: 169100 ns
[2020-08-18T06:45:42.862+0000][6][safepoint    ] Safepoint "Cleanup", Time since last: 1001055981 ns, Reaching safepoint: 431100 ns, At safepoint: 12300 ns, Total: 443400 ns
[2020-08-18T06:45:43.866+0000][6][safepoint    ] Safepoint "Cleanup", Time since last: 1003561280 ns, Reaching safepoint: 478000 ns, At safepoint: 11400 ns, Total: 489400 ns
[2020-08-18T06:45:44.869+0000][6][safepoint    ] Safepoint "Cleanup", Time since last: 1002318080 ns, Reaching safepoint: 1248800 ns, At safepoint: 14300 ns, Total: 1263100 ns
[2020-08-18T06:45:45.872+0000][6][safepoint    ] Safepoint "Cleanup", Time since last: 1002534680 ns, Reaching safepoint: 509300 ns, At safepoint: 15900 ns, Total: 525200 ns
[2020-08-18T06:45:46.875+0000][6][safepoint    ] Safepoint "Cleanup", Time since last: 1002141980 ns, Reaching safepoint: 376600 ns, At safepoint: 11200 ns, Total: 387800 ns
[2020-08-18T06:45:47.877+0000][6][safepoint    ] Safepoint "Cleanup", Time since last: 1002111980 ns, Reaching safepoint: 373700 ns, At safepoint: 10500 ns, Total: 384200 ns
[2020-08-18T06:45:48.880+0000][6][safepoint    ] Safepoint "Cleanup", Time since last: 1002567141 ns, Reaching safepoint: 443400 ns, At safepoint: 11600 ns, Total: 455000 ns
[2020-08-18T06:45:49.884+0000][6][safepoint    ] Safepoint "Cleanup", Time since last: 1002872324 ns, Reaching safepoint: 543100 ns, At safepoint: 18600 ns, Total: 561700 ns
[2020-08-18T06:45:50.885+0000][6][safepoint    ] Safepoint "Cleanup", Time since last: 1001321725 ns, Reaching safepoint: 294800 ns, At safepoint: 7400 ns, Total: 302200 ns
[2020-08-18T06:45:51.887+0000][6][safepoint    ] Safepoint "Cleanup", Time since last: 1001557125 ns, Reaching safepoint: 469100 ns, At safepoint: 10000 ns, Total: 479100 ns
[2020-08-18T06:45:52.890+0000][6][safepoint    ] Safepoint "Cleanup", Time since last: 1002216124 ns, Reaching safepoint: 404100 ns, At safepoint: 11500 ns, Total: 415600 ns
[2020-08-18T06:45:53.893+0000][6][safepoint    ] Safepoint "Cleanup", Time since last: 1002007325 ns, Reaching safepoint: 500000 ns, At safepoint: 18900 ns, Total: 518900 ns
[2020-08-18T06:45:54.895+0000][6][safepoint    ] Safepoint "Cleanup", Time since last: 1002300324 ns, Reaching safepoint: 175800 ns, At safepoint: 5000 ns, Total: 180800 ns
[2020-08-18T06:45:55.896+0000][6][safepoint    ] Safepoint "Cleanup", Time since last: 1001091325 ns, Reaching safepoint: 121000 ns, At safepoint: 3000 ns, Total: 124000 ns
[2020-08-18T06:45:56.898+0000][6][safepoint    ] Safepoint "Cleanup", Time since last: 1000843109 ns, Reaching safepoint: 367698 ns, At safepoint: 60699 ns, Total: 428397 ns
[2020-08-18T06:45:57.901+0000][6][safepoint    ] Safepoint "Cleanup", Time since last: 1002786938 ns, Reaching safepoint: 579097 ns, At safepoint: 14900 ns, Total: 593997 ns
[2020-08-18T06:45:58.904+0000][6][safepoint    ] Safepoint "Cleanup", Time since last: 1002892137 ns, Reaching safepoint: 442498 ns, At safepoint: 15100 ns, Total: 457598 ns
[2020-08-18T06:45:59.907+0000][6][safepoint    ] Safepoint "Cleanup", Time since last: 1002901916 ns, Reaching safepoint: 162200 ns, At safepoint: 4600 ns, Total: 166800 ns
[2020-08-18T06:46:00.909+0000][6][safepoint    ] Safepoint "Cleanup", Time since last: 1001189113 ns, Reaching safepoint: 121800 ns, At safepoint: 4000 ns, Total: 125800 ns
[2020-08-18T06:46:01.910+0000][6][safepoint    ] Safepoint "Cleanup", Time since last: 1001283913 ns, Reaching safepoint: 454200 ns, At safepoint: 13000 ns, Total: 467200 ns
[2020-08-18T06:46:02.914+0000][6][safepoint    ] Safepoint "Cleanup", Time since last: 1003186913 ns, Reaching safepoint: 127100 ns, At safepoint: 3600 ns, Total: 130700 ns
[2020-08-18T06:46:03.915+0000][6][safepoint    ] Safepoint "Cleanup", Time since last: 1000989313 ns, Reaching safepoint: 442700 ns, At safepoint: 5800 ns, Total: 448500 ns
[2020-08-18T06:46:04.916+0000][6][safepoint    ] Safepoint "Cleanup", Time since last: 1001044329 ns, Reaching safepoint: 116000 ns, At safepoint: 3200 ns, Total: 119200 ns
[2020-08-18T06:46:05.918+0000][6][safepoint    ] Safepoint "Cleanup", Time since last: 1000907843 ns, Reaching safepoint: 349899 ns, At safepoint: 7900 ns, Total: 357799 ns
[2020-08-18T06:46:06.919+0000][6][safepoint    ] Safepoint "Cleanup", Time since last: 1001039443 ns, Reaching safepoint: 374700 ns, At safepoint: 11700 ns, Total: 386400 ns
[2020-08-18T06:46:07.922+0000][6][safepoint    ] Safepoint "Cleanup", Time since last: 1002051741 ns, Reaching safepoint: 427300 ns, At safepoint: 11300 ns, Total: 438600 ns
[2020-08-18T06:46:08.926+0000][6][safepoint    ] Safepoint "Cleanup", Time since last: 1003746339 ns, Reaching safepoint: 388399 ns, At safepoint: 12000 ns, Total: 400399 ns
[2020-08-18T06:46:09.929+0000][6][safepoint    ] Safepoint "Cleanup", Time since last: 1002631941 ns, Reaching safepoint: 305099 ns, At safepoint: 7900 ns, Total: 312999 ns
[2020-08-18T06:46:10.930+0000][6][safepoint    ] Safepoint "Cleanup", Time since last: 1001597443 ns, Reaching safepoint: 142699 ns, At safepoint: 4000 ns, Total: 146699 ns
[2020-08-18T06:46:11.932+0000][6][safepoint    ] Safepoint "Cleanup", Time since last: 1001560485 ns, Reaching safepoint: 139100 ns, At safepoint: 6100 ns, Total: 145200 ns
[2020-08-18T06:46:12.934+0000][6][safepoint    ] Safepoint "Cleanup", Time since last: 1001178398 ns, Reaching safepoint: 361300 ns, At safepoint: 13100 ns, Total: 374400 ns
[2020-08-18T06:46:13.936+0000][6][safepoint    ] Safepoint "Cleanup", Time since last: 1002461406 ns, Reaching safepoint: 126300 ns, At safepoint: 5300 ns, Total: 131600 ns
[2020-08-18T06:46:14.938+0000][6][safepoint    ] Safepoint "Cleanup", Time since last: 1001097207 ns, Reaching safepoint: 322000 ns, At safepoint: 11700 ns, Total: 333700 ns
[2020-08-18T06:46:15.940+0000][6][safepoint    ] Safepoint "Cleanup", Time since last: 1002577905 ns, Reaching safepoint: 144700 ns, At safepoint: 5000 ns, Total: 149700 ns
[2020-08-18T06:46:16.941+0000][6][safepoint    ] Safepoint "Cleanup", Time since last: 1000818107 ns, Reaching safepoint: 115900 ns, At safepoint: 5000 ns, Total: 120900 ns
[2020-08-18T06:46:17.943+0000][6][safepoint    ] Safepoint "Cleanup", Time since last: 1001078107 ns, Reaching safepoint: 188900 ns, At safepoint: 5500 ns, Total: 194400 ns
[2020-08-18T06:46:18.944+0000][6][safepoint    ] Safepoint "Cleanup", Time since last: 1001455607 ns, Reaching safepoint: 99700 ns, At safepoint: 3500 ns, Total: 103200 ns
[2020-08-18T06:46:19.945+0000][6][safepoint    ] Safepoint "Cleanup", Time since last: 1000878807 ns, Reaching safepoint: 101899 ns, At safepoint: 3600 ns, Total: 105499 ns
[2020-08-18T06:46:20.843+0000][6][safepoint    ] Safepoint "BulkRevokeBias", Time since last: 897788851 ns, Reaching safepoint: 151800 ns, At safepoint: 151201 ns, Total: 303001 ns
[2020-08-18T06:46:20.886+0000][6][safepoint    ] Safepoint "BulkRevokeBias", Time since last: 42979906 ns, Reaching safepoint: 137600 ns, At safepoint: 87600 ns, Total: 225200 ns
[2020-08-18T06:46:20.896+0000][6][gc,heap,exit ] Heap
[2020-08-18T06:46:20.902+0000][6][gc,heap,exit ]  garbage-first heap   total 524288K, used 184644K [0x00000000e0000000, 0x0000000100000000)
[2020-08-18T06:46:20.902+0000][6][gc,heap,exit ]   region size 1024K, 136 young (139264K), 16 survivors (16384K)
[2020-08-18T06:46:20.903+0000][6][gc,heap,exit ]  Metaspace       used 81414K, capacity 88002K, committed 88276K, reserved 1124352K
[2020-08-18T06:46:20.903+0000][6][gc,heap,exit ]   class space    used 11166K, capacity 13899K, committed 13952K, reserved 1048576K
