[2020-08-18T07:52:53.785+0000][6][gc,heap] Heap region size: 1M
[2020-08-18T07:52:53.786+0000][6][gc,heap,coops] Heap address: 0x00000000e0000000, size: 512 MB, Compressed Oops mode: 32-bit
[2020-08-18T07:52:53.974+0000][6][gc           ] Using G1
[2020-08-18T07:52:53.975+0000][6][gc,cds       ] Mark closed archive regions in map: [0x00000000fff00000, 0x00000000fff7eff8]
[2020-08-18T07:52:53.975+0000][6][gc,cds       ] Mark open archive regions in map: [0x00000000ffe00000, 0x00000000ffe51ff8]
[2020-08-18T07:52:53.992+0000][6][gc           ] Periodic GC disabled
[2020-08-18T07:52:54.695+0000][6][gc,start     ] GC(0) Pause Young (Normal) (G1 Evacuation Pause)
[2020-08-18T07:52:54.696+0000][6][gc,task      ] GC(0) Using 2 workers of 2 for evacuation
[2020-08-18T07:52:54.697+0000][6][gc,age       ] GC(0) Desired survivor size 2097152 bytes, new threshold 15 (max threshold 15)
[2020-08-18T07:52:54.704+0000][6][gc,age       ] GC(0) Age table with threshold 15 (max threshold 15)
[2020-08-18T07:52:54.704+0000][6][gc,age       ] GC(0) - age   1:    2620144 bytes,    2620144 total
[2020-08-18T07:52:54.705+0000][6][gc,phases    ] GC(0)   Pre Evacuate Collection Set: 0.1ms
[2020-08-18T07:52:54.705+0000][6][gc,phases    ] GC(0)   Merge Heap Roots: 0.0ms
[2020-08-18T07:52:54.705+0000][6][gc,phases    ] GC(0)   Evacuate Collection Set: 6.1ms
[2020-08-18T07:52:54.706+0000][6][gc,phases    ] GC(0)   Post Evacuate Collection Set: 0.3ms
[2020-08-18T07:52:54.706+0000][6][gc,phases    ] GC(0)   Other: 3.0ms
[2020-08-18T07:52:54.706+0000][6][gc,heap      ] GC(0) Eden regions: 25->0(22)
[2020-08-18T07:52:54.706+0000][6][gc,heap      ] GC(0) Survivor regions: 0->3(4)
[2020-08-18T07:52:54.707+0000][6][gc,heap      ] GC(0) Old regions: 0->0
[2020-08-18T07:52:54.707+0000][6][gc,heap      ] GC(0) Archive regions: 2->2
[2020-08-18T07:52:54.707+0000][6][gc,heap      ] GC(0) Humongous regions: 1->1
[2020-08-18T07:52:54.708+0000][6][gc,metaspace ] GC(0) Metaspace: 5591K(8320K)->5591K(8320K) NonClass: 4980K(7424K)->4980K(7424K) Class: 610K(896K)->610K(896K)
[2020-08-18T07:52:54.708+0000][6][gc           ] GC(0) Pause Young (Normal) (G1 Evacuation Pause) 26M->4M(512M) 12.503ms
[2020-08-18T07:52:54.708+0000][6][gc,cpu       ] GC(0) User=0.01s Sys=0.00s Real=0.02s
[2020-08-18T07:52:54.708+0000][6][safepoint    ] Safepoint "G1CollectForAllocation", Time since last: 710169190 ns, Reaching safepoint: 180500 ns, At safepoint: 13033596 ns, Total: 13214096 ns
[2020-08-18T07:52:55.743+0000][6][gc,start     ] GC(1) Pause Young (Normal) (G1 Evacuation Pause)
[2020-08-18T07:52:55.750+0000][6][gc,task      ] GC(1) Using 2 workers of 2 for evacuation
[2020-08-18T07:52:55.750+0000][6][gc,age       ] GC(1) Desired survivor size 2097152 bytes, new threshold 1 (max threshold 15)
[2020-08-18T07:52:55.756+0000][6][gc,age       ] GC(1) Age table with threshold 1 (max threshold 15)
[2020-08-18T07:52:55.757+0000][6][gc,age       ] GC(1) - age   1:    1090856 bytes,    1090856 total
[2020-08-18T07:52:55.757+0000][6][gc,phases    ] GC(1)   Pre Evacuate Collection Set: 0.1ms
[2020-08-18T07:52:55.757+0000][6][gc,phases    ] GC(1)   Merge Heap Roots: 0.0ms
[2020-08-18T07:52:55.758+0000][6][gc,phases    ] GC(1)   Evacuate Collection Set: 4.7ms
[2020-08-18T07:52:55.758+0000][6][gc,phases    ] GC(1)   Post Evacuate Collection Set: 0.4ms
[2020-08-18T07:52:55.758+0000][6][gc,phases    ] GC(1)   Other: 8.9ms
[2020-08-18T07:52:55.759+0000][6][gc,heap      ] GC(1) Eden regions: 22->0(30)
[2020-08-18T07:52:55.759+0000][6][gc,heap      ] GC(1) Survivor regions: 3->2(4)
[2020-08-18T07:52:55.759+0000][6][gc,heap      ] GC(1) Old regions: 0->3
[2020-08-18T07:52:55.759+0000][6][gc,heap      ] GC(1) Archive regions: 2->2
[2020-08-18T07:52:55.759+0000][6][gc,heap      ] GC(1) Humongous regions: 1->1
[2020-08-18T07:52:55.760+0000][6][gc,metaspace ] GC(1) Metaspace: 9982K(11008K)->9982K(11008K) NonClass: 8745K(9472K)->8745K(9472K) Class: 1236K(1536K)->1236K(1536K)
[2020-08-18T07:52:55.760+0000][6][gc           ] GC(1) Pause Young (Normal) (G1 Evacuation Pause) 26M->5M(512M) 16.901ms
[2020-08-18T07:52:55.760+0000][6][gc,cpu       ] GC(1) User=0.01s Sys=0.00s Real=0.02s
[2020-08-18T07:52:55.760+0000][6][safepoint    ] Safepoint "G1CollectForAllocation", Time since last: 1034333894 ns, Reaching safepoint: 299800 ns, At safepoint: 17369395 ns, Total: 17669195 ns
[2020-08-18T07:52:56.556+0000][6][safepoint    ] Safepoint "ICBufferFull", Time since last: 795246364 ns, Reaching safepoint: 275900 ns, At safepoint: 4500 ns, Total: 280400 ns
[2020-08-18T07:52:56.611+0000][6][gc,start     ] GC(2) Pause Young (Normal) (G1 Evacuation Pause)
[2020-08-18T07:52:56.612+0000][6][gc,task      ] GC(2) Using 2 workers of 2 for evacuation
[2020-08-18T07:52:56.612+0000][6][gc,age       ] GC(2) Desired survivor size 2097152 bytes, new threshold 15 (max threshold 15)
[2020-08-18T07:52:56.628+0000][6][gc,age       ] GC(2) Age table with threshold 15 (max threshold 15)
[2020-08-18T07:52:56.629+0000][6][gc,age       ] GC(2) - age   1:    3092664 bytes,    3092664 total
[2020-08-18T07:52:56.629+0000][6][gc,age       ] GC(2) - age   2:    1051680 bytes,    4144344 total
[2020-08-18T07:52:56.629+0000][6][gc,phases    ] GC(2)   Pre Evacuate Collection Set: 0.1ms
[2020-08-18T07:52:56.630+0000][6][gc,phases    ] GC(2)   Merge Heap Roots: 0.1ms
[2020-08-18T07:52:56.630+0000][6][gc,phases    ] GC(2)   Evacuate Collection Set: 15.3ms
[2020-08-18T07:52:56.630+0000][6][gc,phases    ] GC(2)   Post Evacuate Collection Set: 0.5ms
[2020-08-18T07:52:56.630+0000][6][gc,phases    ] GC(2)   Other: 2.3ms
[2020-08-18T07:52:56.630+0000][6][gc,heap      ] GC(2) Eden regions: 30->0(73)
[2020-08-18T07:52:56.631+0000][6][gc,heap      ] GC(2) Survivor regions: 2->4(4)
[2020-08-18T07:52:56.631+0000][6][gc,heap      ] GC(2) Old regions: 3->4
[2020-08-18T07:52:56.631+0000][6][gc,heap      ] GC(2) Archive regions: 2->2
[2020-08-18T07:52:56.631+0000][6][gc,heap      ] GC(2) Humongous regions: 1->1
[2020-08-18T07:52:56.631+0000][6][gc,metaspace ] GC(2) Metaspace: 13524K(14208K)->13524K(14208K) NonClass: 11884K(12288K)->11884K(12288K) Class: 1639K(1920K)->1639K(1920K)
[2020-08-18T07:52:56.632+0000][6][gc           ] GC(2) Pause Young (Normal) (G1 Evacuation Pause) 35M->9M(512M) 20.466ms
[2020-08-18T07:52:56.632+0000][6][gc,cpu       ] GC(2) User=0.01s Sys=0.00s Real=0.02s
[2020-08-18T07:52:56.632+0000][6][safepoint    ] Safepoint "G1CollectForAllocation", Time since last: 55185884 ns, Reaching safepoint: 127700 ns, At safepoint: 20874794 ns, Total: 21002494 ns
[2020-08-18T07:52:57.668+0000][6][safepoint    ] Safepoint "Cleanup", Time since last: 1033988794 ns, Reaching safepoint: 1685799 ns, At safepoint: 7400 ns, Total: 1693199 ns
[2020-08-18T07:52:57.866+0000][6][gc,start     ] GC(3) Pause Young (Normal) (G1 Evacuation Pause)
[2020-08-18T07:52:57.866+0000][6][gc,task      ] GC(3) Using 2 workers of 2 for evacuation
[2020-08-18T07:52:57.866+0000][6][gc,age       ] GC(3) Desired survivor size 5242880 bytes, new threshold 15 (max threshold 15)
[2020-08-18T07:52:57.879+0000][6][gc,age       ] GC(3) Age table with threshold 15 (max threshold 15)
[2020-08-18T07:52:57.879+0000][6][gc,age       ] GC(3) - age   1:    4066392 bytes,    4066392 total
[2020-08-18T07:52:57.880+0000][6][gc,age       ] GC(3) - age   2:    1928576 bytes,    5994968 total
[2020-08-18T07:52:57.880+0000][6][gc,age       ] GC(3) - age   3:    1030920 bytes,    7025888 total
[2020-08-18T07:52:57.880+0000][6][gc,phases    ] GC(3)   Pre Evacuate Collection Set: 0.1ms
[2020-08-18T07:52:57.880+0000][6][gc,phases    ] GC(3)   Merge Heap Roots: 0.1ms
[2020-08-18T07:52:57.881+0000][6][gc,phases    ] GC(3)   Evacuate Collection Set: 11.1ms
[2020-08-18T07:52:57.881+0000][6][gc,phases    ] GC(3)   Post Evacuate Collection Set: 0.7ms
[2020-08-18T07:52:57.881+0000][6][gc,phases    ] GC(3)   Other: 2.3ms
[2020-08-18T07:52:57.881+0000][6][gc,heap      ] GC(3) Eden regions: 72->0(141)
[2020-08-18T07:52:57.882+0000][6][gc,heap      ] GC(3) Survivor regions: 4->7(10)
[2020-08-18T07:52:57.882+0000][6][gc,heap      ] GC(3) Old regions: 4->4
[2020-08-18T07:52:57.882+0000][6][gc,heap      ] GC(3) Archive regions: 2->2
[2020-08-18T07:52:57.883+0000][6][gc,heap      ] GC(3) Humongous regions: 2->1
[2020-08-18T07:52:57.883+0000][6][gc,metaspace ] GC(3) Metaspace: 17089K(18048K)->17089K(18048K) NonClass: 14980K(15616K)->14980K(15616K) Class: 2109K(2432K)->2109K(2432K)
[2020-08-18T07:52:57.883+0000][6][gc           ] GC(3) Pause Young (Normal) (G1 Evacuation Pause) 82M->12M(512M) 17.549ms
[2020-08-18T07:52:57.884+0000][6][gc,cpu       ] GC(3) User=0.02s Sys=0.00s Real=0.02s
[2020-08-18T07:52:57.884+0000][6][safepoint    ] Safepoint "G1CollectForAllocation", Time since last: 197868042 ns, Reaching safepoint: 217800 ns, At safepoint: 17992194 ns, Total: 18209994 ns
[2020-08-18T07:52:57.895+0000][6][safepoint    ] Safepoint "BulkRevokeBias", Time since last: 10717897 ns, Reaching safepoint: 124400 ns, At safepoint: 213400 ns, Total: 337800 ns
[2020-08-18T07:52:57.912+0000][6][safepoint    ] Safepoint "BulkRevokeBias", Time since last: 17045195 ns, Reaching safepoint: 35300 ns, At safepoint: 41700 ns, Total: 77000 ns
[2020-08-18T07:52:57.912+0000][6][safepoint    ] Safepoint "BulkRevokeBias", Time since last: 452800 ns, Reaching safepoint: 24600 ns, At safepoint: 31700 ns, Total: 56300 ns
[2020-08-18T07:52:58.483+0000][6][gc,start     ] GC(4) Pause Young (Normal) (G1 Evacuation Pause)
[2020-08-18T07:52:58.484+0000][6][gc,task      ] GC(4) Using 2 workers of 2 for evacuation
[2020-08-18T07:52:58.484+0000][6][gc,age       ] GC(4) Desired survivor size 9961472 bytes, new threshold 15 (max threshold 15)
[2020-08-18T07:52:58.504+0000][6][gc,age       ] GC(4) Age table with threshold 15 (max threshold 15)
[2020-08-18T07:52:58.505+0000][6][gc,age       ] GC(4) - age   1:    2152224 bytes,    2152224 total
[2020-08-18T07:52:58.505+0000][6][gc,age       ] GC(4) - age   2:    3470240 bytes,    5622464 total
[2020-08-18T07:52:58.505+0000][6][gc,age       ] GC(4) - age   3:    1928576 bytes,    7551040 total
[2020-08-18T07:52:58.506+0000][6][gc,age       ] GC(4) - age   4:    1030920 bytes,    8581960 total
[2020-08-18T07:52:58.506+0000][6][gc,phases    ] GC(4)   Pre Evacuate Collection Set: 0.1ms
[2020-08-18T07:52:58.506+0000][6][gc,phases    ] GC(4)   Merge Heap Roots: 0.2ms
[2020-08-18T07:52:58.506+0000][6][gc,phases    ] GC(4)   Evacuate Collection Set: 16.8ms
[2020-08-18T07:52:58.507+0000][6][gc,phases    ] GC(4)   Post Evacuate Collection Set: 2.3ms
[2020-08-18T07:52:58.507+0000][6][gc,phases    ] GC(4)   Other: 3.0ms
[2020-08-18T07:52:58.507+0000][6][gc,heap      ] GC(4) Eden regions: 140->0(298)
[2020-08-18T07:52:58.507+0000][6][gc,heap      ] GC(4) Survivor regions: 7->9(19)
[2020-08-18T07:52:58.508+0000][6][gc,heap      ] GC(4) Old regions: 4->4
[2020-08-18T07:52:58.508+0000][6][gc,heap      ] GC(4) Archive regions: 2->2
[2020-08-18T07:52:58.508+0000][6][gc,heap      ] GC(4) Humongous regions: 1->1
[2020-08-18T07:52:58.508+0000][6][gc,metaspace ] GC(4) Metaspace: 17347K(18304K)->17347K(18304K) NonClass: 15219K(15872K)->15219K(15872K) Class: 2127K(2432K)->2127K(2432K)
[2020-08-18T07:52:58.509+0000][6][gc           ] GC(4) Pause Young (Normal) (G1 Evacuation Pause) 152M->14M(512M) 25.197ms
[2020-08-18T07:52:58.509+0000][6][gc,cpu       ] GC(4) User=0.02s Sys=0.00s Real=0.03s
[2020-08-18T07:52:58.509+0000][6][safepoint    ] Safepoint "G1CollectForAllocation", Time since last: 570851831 ns, Reaching safepoint: 77100 ns, At safepoint: 25694092 ns, Total: 25771192 ns
[2020-08-18T07:52:58.512+0000][6][safepoint    ] Safepoint "BulkRevokeBias", Time since last: 2029100 ns, Reaching safepoint: 1009699 ns, At safepoint: 67600 ns, Total: 1077299 ns
[2020-08-18T07:52:59.866+0000][6][gc,start     ] GC(5) Pause Young (Normal) (G1 Evacuation Pause)
[2020-08-18T07:52:59.867+0000][6][gc,task      ] GC(5) Using 2 workers of 2 for evacuation
[2020-08-18T07:52:59.867+0000][6][gc,age       ] GC(5) Desired survivor size 20447232 bytes, new threshold 15 (max threshold 15)
[2020-08-18T07:52:59.887+0000][6][gc,age       ] GC(5) Age table with threshold 15 (max threshold 15)
[2020-08-18T07:52:59.890+0000][6][gc,age       ] GC(5) - age   1:    5887880 bytes,    5887880 total
[2020-08-18T07:52:59.890+0000][6][gc,age       ] GC(5) - age   2:     445152 bytes,    6333032 total
[2020-08-18T07:52:59.891+0000][6][gc,age       ] GC(5) - age   3:    3464440 bytes,    9797472 total
[2020-08-18T07:52:59.891+0000][6][gc,age       ] GC(5) - age   4:    1928576 bytes,   11726048 total
[2020-08-18T07:52:59.891+0000][6][gc,age       ] GC(5) - age   5:    1030920 bytes,   12756968 total
[2020-08-18T07:52:59.891+0000][6][gc,phases    ] GC(5)   Pre Evacuate Collection Set: 0.1ms
[2020-08-18T07:52:59.891+0000][6][gc,phases    ] GC(5)   Merge Heap Roots: 0.1ms
[2020-08-18T07:52:59.892+0000][6][gc,phases    ] GC(5)   Evacuate Collection Set: 19.0ms
[2020-08-18T07:52:59.892+0000][6][gc,phases    ] GC(5)   Post Evacuate Collection Set: 0.8ms
[2020-08-18T07:52:59.892+0000][6][gc,phases    ] GC(5)   Other: 5.0ms
[2020-08-18T07:52:59.892+0000][6][gc,heap      ] GC(5) Eden regions: 298->0(294)
[2020-08-18T07:52:59.893+0000][6][gc,heap      ] GC(5) Survivor regions: 9->13(39)
[2020-08-18T07:52:59.893+0000][6][gc,heap      ] GC(5) Old regions: 4->4
[2020-08-18T07:52:59.893+0000][6][gc,heap      ] GC(5) Archive regions: 2->2
[2020-08-18T07:52:59.893+0000][6][gc,heap      ] GC(5) Humongous regions: 1->1
[2020-08-18T07:52:59.894+0000][6][gc,metaspace ] GC(5) Metaspace: 18518K(19840K)->18518K(19840K) NonClass: 16214K(17152K)->16214K(17152K) Class: 2303K(2688K)->2303K(2688K)
[2020-08-18T07:52:59.894+0000][6][gc           ] GC(5) Pause Young (Normal) (G1 Evacuation Pause) 312M->18M(512M) 27.526ms
[2020-08-18T07:52:59.894+0000][6][gc,cpu       ] GC(5) User=0.02s Sys=0.00s Real=0.03s
[2020-08-18T07:52:59.894+0000][6][safepoint    ] Safepoint "G1CollectForAllocation", Time since last: 1353841871 ns, Reaching safepoint: 174600 ns, At safepoint: 28091754 ns, Total: 28266354 ns
[2020-08-18T07:52:59.933+0000][6][safepoint    ] Safepoint "BulkRevokeBias", Time since last: 35537769 ns, Reaching safepoint: 2884405 ns, At safepoint: 58000 ns, Total: 2942405 ns
[2020-08-18T07:52:59.938+0000][6][safepoint    ] Safepoint "BulkRevokeBias", Time since last: 3415207 ns, Reaching safepoint: 894402 ns, At safepoint: 587501 ns, Total: 1481903 ns
[2020-08-18T07:53:00.941+0000][6][safepoint    ] Safepoint "Cleanup", Time since last: 1003359736 ns, Reaching safepoint: 195500 ns, At safepoint: 5400 ns, Total: 200900 ns
[2020-08-18T07:53:00.964+0000][6][gc,start     ] GC(6) Pause Young (Concurrent Start) (Metadata GC Threshold)
[2020-08-18T07:53:00.965+0000][6][gc,task      ] GC(6) Using 2 workers of 2 for evacuation
[2020-08-18T07:53:00.965+0000][6][gc,age       ] GC(6) Desired survivor size 20447232 bytes, new threshold 15 (max threshold 15)
[2020-08-18T07:53:00.989+0000][6][gc,age       ] GC(6) Age table with threshold 15 (max threshold 15)
[2020-08-18T07:53:00.989+0000][6][gc,age       ] GC(6) - age   1:    2401488 bytes,    2401488 total
[2020-08-18T07:53:00.989+0000][6][gc,age       ] GC(6) - age   2:    4409120 bytes,    6810608 total
[2020-08-18T07:53:00.990+0000][6][gc,age       ] GC(6) - age   3:     444816 bytes,    7255424 total
[2020-08-18T07:53:00.990+0000][6][gc,age       ] GC(6) - age   4:    3463368 bytes,   10718792 total
[2020-08-18T07:53:00.990+0000][6][gc,age       ] GC(6) - age   5:    1928480 bytes,   12647272 total
[2020-08-18T07:53:00.991+0000][6][gc,age       ] GC(6) - age   6:    1030760 bytes,   13678032 total
[2020-08-18T07:53:00.994+0000][6][gc,phases    ] GC(6)   Pre Evacuate Collection Set: 0.1ms
[2020-08-18T07:53:00.994+0000][6][gc,phases    ] GC(6)   Merge Heap Roots: 0.0ms
[2020-08-18T07:53:00.995+0000][6][gc,phases    ] GC(6)   Evacuate Collection Set: 22.7ms
[2020-08-18T07:53:00.995+0000][6][gc,phases    ] GC(6)   Post Evacuate Collection Set: 0.7ms
[2020-08-18T07:53:00.996+0000][6][gc,phases    ] GC(6)   Other: 6.1ms
[2020-08-18T07:53:00.996+0000][6][gc,heap      ] GC(6) Eden regions: 243->0(293)
[2020-08-18T07:53:00.996+0000][6][gc,heap      ] GC(6) Survivor regions: 13->14(39)
[2020-08-18T07:53:00.996+0000][6][gc,heap      ] GC(6) Old regions: 4->4
[2020-08-18T07:53:00.997+0000][6][gc,heap      ] GC(6) Archive regions: 2->2
[2020-08-18T07:53:00.997+0000][6][gc,heap      ] GC(6) Humongous regions: 1->1
[2020-08-18T07:53:00.997+0000][6][gc,metaspace ] GC(6) Metaspace: 19842K(21296K)->19842K(21296K) NonClass: 17401K(18352K)->17401K(18352K) Class: 2440K(2944K)->2440K(2944K)
[2020-08-18T07:53:00.997+0000][6][gc           ] GC(6) Pause Young (Concurrent Start) (Metadata GC Threshold) 261M->19M(512M) 33.389ms
[2020-08-18T07:53:00.998+0000][6][gc,cpu       ] GC(6) User=0.03s Sys=0.00s Real=0.03s
[2020-08-18T07:53:00.998+0000][6][gc           ] GC(7) Concurrent Cycle
[2020-08-18T07:53:00.998+0000][6][gc,marking   ] GC(7) Concurrent Clear Claimed Marks
[2020-08-18T07:53:00.999+0000][6][gc,marking   ] GC(7) Concurrent Clear Claimed Marks 0.304ms
[2020-08-18T07:53:00.999+0000][6][gc,marking   ] GC(7) Concurrent Scan Root Regions
[2020-08-18T07:53:00.999+0000][6][safepoint    ] Safepoint "CollectForMetadataAllocation", Time since last: 22572044 ns, Reaching safepoint: 221200 ns, At safepoint: 34772367 ns, Total: 34993567 ns
[2020-08-18T07:53:01.005+0000][6][gc,marking   ] GC(7) Concurrent Scan Root Regions 6.509ms
[2020-08-18T07:53:01.006+0000][6][gc,marking   ] GC(7) Concurrent Mark (7.234s)
[2020-08-18T07:53:01.006+0000][6][gc,marking   ] GC(7) Concurrent Mark From Roots
[2020-08-18T07:53:01.006+0000][6][gc,task      ] GC(7) Using 1 workers of 1 for marking
[2020-08-18T07:53:01.010+0000][6][gc,marking   ] GC(7) Concurrent Mark From Roots 4.283ms
[2020-08-18T07:53:01.011+0000][6][gc,marking   ] GC(7) Concurrent Preclean
[2020-08-18T07:53:01.011+0000][6][gc,marking   ] GC(7) Concurrent Preclean 0.310ms
[2020-08-18T07:53:01.011+0000][6][gc,marking   ] GC(7) Concurrent Mark (7.234s, 7.239s) 5.465ms
[2020-08-18T07:53:01.012+0000][6][gc,start     ] GC(7) Pause Remark
[2020-08-18T07:53:01.017+0000][6][gc           ] GC(7) Pause Remark 20M->20M(512M) 5.783ms
[2020-08-18T07:53:01.018+0000][6][gc,cpu       ] GC(7) User=0.00s Sys=0.01s Real=0.00s
[2020-08-18T07:53:01.018+0000][6][safepoint    ] Safepoint "G1Concurrent", Time since last: 12780225 ns, Reaching safepoint: 59800 ns, At safepoint: 6487412 ns, Total: 6547212 ns
[2020-08-18T07:53:01.018+0000][6][gc,marking   ] GC(7) Concurrent Rebuild Remembered Sets
[2020-08-18T07:53:01.025+0000][6][gc,marking   ] GC(7) Concurrent Rebuild Remembered Sets 7.067ms
[2020-08-18T07:53:01.028+0000][6][gc,start     ] GC(7) Pause Cleanup
[2020-08-18T07:53:01.029+0000][6][gc           ] GC(7) Pause Cleanup 24M->24M(512M) 0.501ms
[2020-08-18T07:53:01.029+0000][6][gc,cpu       ] GC(7) User=0.00s Sys=0.00s Real=0.00s
[2020-08-18T07:53:01.029+0000][6][safepoint    ] Safepoint "G1Concurrent", Time since last: 7794115 ns, Reaching safepoint: 2445705 ns, At safepoint: 1072302 ns, Total: 3518007 ns
[2020-08-18T07:53:01.030+0000][6][gc,marking   ] GC(7) Concurrent Cleanup for Next Mark
[2020-08-18T07:53:01.031+0000][6][gc,marking   ] GC(7) Concurrent Cleanup for Next Mark 1.468ms
[2020-08-18T07:53:01.031+0000][6][gc           ] GC(7) Concurrent Cycle 33.339ms
[2020-08-18T07:53:01.769+0000][6][gc,start     ] GC(8) Pause Young (Normal) (G1 Evacuation Pause)
[2020-08-18T07:53:01.769+0000][6][gc,task      ] GC(8) Using 2 workers of 2 for evacuation
[2020-08-18T07:53:01.770+0000][6][gc,age       ] GC(8) Desired survivor size 20447232 bytes, new threshold 15 (max threshold 15)
[2020-08-18T07:53:01.814+0000][6][gc,age       ] GC(8) Age table with threshold 15 (max threshold 15)
[2020-08-18T07:53:01.814+0000][6][gc,age       ] GC(8) - age   1:    2421200 bytes,    2421200 total
[2020-08-18T07:53:01.815+0000][6][gc,age       ] GC(8) - age   2:    2367120 bytes,    4788320 total
[2020-08-18T07:53:01.815+0000][6][gc,age       ] GC(8) - age   3:    4409072 bytes,    9197392 total
[2020-08-18T07:53:01.815+0000][6][gc,age       ] GC(8) - age   4:     444816 bytes,    9642208 total
[2020-08-18T07:53:01.815+0000][6][gc,age       ] GC(8) - age   5:    3443760 bytes,   13085968 total
[2020-08-18T07:53:01.816+0000][6][gc,age       ] GC(8) - age   6:    1919408 bytes,   15005376 total
[2020-08-18T07:53:01.816+0000][6][gc,age       ] GC(8) - age   7:    1028712 bytes,   16034088 total
[2020-08-18T07:53:01.816+0000][6][gc,phases    ] GC(8)   Pre Evacuate Collection Set: 0.3ms
[2020-08-18T07:53:01.816+0000][6][gc,phases    ] GC(8)   Merge Heap Roots: 0.2ms
[2020-08-18T07:53:01.817+0000][6][gc,phases    ] GC(8)   Evacuate Collection Set: 41.9ms
[2020-08-18T07:53:01.817+0000][6][gc,phases    ] GC(8)   Post Evacuate Collection Set: 1.1ms
[2020-08-18T07:53:01.817+0000][6][gc,phases    ] GC(8)   Other: 3.8ms
[2020-08-18T07:53:01.817+0000][6][gc,heap      ] GC(8) Eden regions: 293->0(291)
[2020-08-18T07:53:01.818+0000][6][gc,heap      ] GC(8) Survivor regions: 14->16(39)
[2020-08-18T07:53:01.818+0000][6][gc,heap      ] GC(8) Old regions: 3->3
[2020-08-18T07:53:01.818+0000][6][gc,heap      ] GC(8) Archive regions: 2->2
[2020-08-18T07:53:01.818+0000][6][gc,heap      ] GC(8) Humongous regions: 1->1
[2020-08-18T07:53:01.819+0000][6][gc,metaspace ] GC(8) Metaspace: 20210K(22064K)->20210K(22064K) NonClass: 17692K(19120K)->17692K(19120K) Class: 2517K(2944K)->2517K(2944K)
[2020-08-18T07:53:01.819+0000][6][gc           ] GC(8) Pause Young (Normal) (G1 Evacuation Pause) 311M->20M(512M) 50.081ms
[2020-08-18T07:53:01.819+0000][6][gc,cpu       ] GC(8) User=0.04s Sys=0.00s Real=0.05s
[2020-08-18T07:53:01.820+0000][6][safepoint    ] Safepoint "G1CollectForAllocation", Time since last: 739277626 ns, Reaching safepoint: 145701 ns, At safepoint: 50683798 ns, Total: 50829499 ns
[2020-08-18T07:53:03.441+0000][6][safepoint    ] Safepoint "Cleanup", Time since last: 1618493322 ns, Reaching safepoint: 3221806 ns, At safepoint: 10600 ns, Total: 3232406 ns
[2020-08-18T07:53:05.312+0000][6][safepoint    ] Safepoint "Cleanup", Time since last: 1868738406 ns, Reaching safepoint: 2370704 ns, At safepoint: 6000 ns, Total: 2376704 ns
[2020-08-18T07:53:06.317+0000][6][safepoint    ] Safepoint "Cleanup", Time since last: 1004637689 ns, Reaching safepoint: 264200 ns, At safepoint: 10200 ns, Total: 274400 ns
[2020-08-18T07:53:07.319+0000][6][safepoint    ] Safepoint "Cleanup", Time since last: 1000613928 ns, Reaching safepoint: 919901 ns, At safepoint: 5100 ns, Total: 925001 ns
[2020-08-18T07:53:07.582+0000][6][safepoint    ] Safepoint "BulkRevokeBias", Time since last: 263320933 ns, Reaching safepoint: 123500 ns, At safepoint: 62500 ns, Total: 186000 ns
[2020-08-18T07:53:07.776+0000][6][gc,start     ] GC(9) Pause Young (Normal) (G1 Evacuation Pause)
[2020-08-18T07:53:07.780+0000][6][gc,task      ] GC(9) Using 2 workers of 2 for evacuation
[2020-08-18T07:53:07.781+0000][6][gc,age       ] GC(9) Desired survivor size 20447232 bytes, new threshold 15 (max threshold 15)
[2020-08-18T07:53:07.962+0000][6][gc,age       ] GC(9) Age table with threshold 15 (max threshold 15)
[2020-08-18T07:53:07.963+0000][6][gc,age       ] GC(9) - age   1:   24951824 bytes,   24951824 total
[2020-08-18T07:53:07.963+0000][6][gc,age       ] GC(9) - age   2:     736656 bytes,   25688480 total
[2020-08-18T07:53:07.964+0000][6][gc,age       ] GC(9) - age   3:    2352256 bytes,   28040736 total
[2020-08-18T07:53:07.964+0000][6][gc,age       ] GC(9) - age   4:    4378776 bytes,   32419512 total
[2020-08-18T07:53:07.964+0000][6][gc,age       ] GC(9) - age   5:     438744 bytes,   32858256 total
[2020-08-18T07:53:07.964+0000][6][gc,age       ] GC(9) - age   6:    3398680 bytes,   36256936 total
[2020-08-18T07:53:07.965+0000][6][gc,age       ] GC(9) - age   7:    1894248 bytes,   38151184 total
[2020-08-18T07:53:07.965+0000][6][gc,age       ] GC(9) - age   8:    1018168 bytes,   39169352 total
[2020-08-18T07:53:07.965+0000][6][gc,phases    ] GC(9)   Pre Evacuate Collection Set: 0.2ms
[2020-08-18T07:53:07.965+0000][6][gc,phases    ] GC(9)   Merge Heap Roots: 0.3ms
[2020-08-18T07:53:07.966+0000][6][gc,phases    ] GC(9)   Evacuate Collection Set: 176.4ms
[2020-08-18T07:53:07.966+0000][6][gc,phases    ] GC(9)   Post Evacuate Collection Set: 4.0ms
[2020-08-18T07:53:07.966+0000][6][gc,phases    ] GC(9)   Other: 8.5ms
[2020-08-18T07:53:07.966+0000][6][gc,heap      ] GC(9) Eden regions: 291->0(269)
[2020-08-18T07:53:07.967+0000][6][gc,heap      ] GC(9) Survivor regions: 16->38(39)
[2020-08-18T07:53:07.967+0000][6][gc,heap      ] GC(9) Old regions: 3->3
[2020-08-18T07:53:07.967+0000][6][gc,heap      ] GC(9) Archive regions: 2->2
[2020-08-18T07:53:07.968+0000][6][gc,heap      ] GC(9) Humongous regions: 1->1
[2020-08-18T07:53:07.968+0000][6][gc,metaspace ] GC(9) Metaspace: 29360K(32176K)->29360K(32176K) NonClass: 25628K(27568K)->25628K(27568K) Class: 3731K(4608K)->3731K(4608K)
[2020-08-18T07:53:07.968+0000][6][gc           ] GC(9) Pause Young (Normal) (G1 Evacuation Pause) 311M->42M(512M) 192.342ms
[2020-08-18T07:53:07.968+0000][6][gc,cpu       ] GC(9) User=0.21s Sys=0.01s Real=0.20s
[2020-08-18T07:53:07.969+0000][6][safepoint    ] Safepoint "G1CollectForAllocation", Time since last: 190579125 ns, Reaching safepoint: 2870900 ns, At safepoint: 192877650 ns, Total: 195748550 ns
[2020-08-18T07:53:08.809+0000][6][gc,start     ] GC(10) Pause Young (Concurrent Start) (Metadata GC Threshold)
[2020-08-18T07:53:08.810+0000][6][gc,task      ] GC(10) Using 2 workers of 2 for evacuation
[2020-08-18T07:53:08.811+0000][6][gc,age       ] GC(10) Desired survivor size 20447232 bytes, new threshold 1 (max threshold 15)
[2020-08-18T07:53:08.895+0000][6][gc,age       ] GC(10) Age table with threshold 1 (max threshold 15)
[2020-08-18T07:53:08.898+0000][6][gc,age       ] GC(10) - age   1:    4408832 bytes,    4408832 total
[2020-08-18T07:53:08.898+0000][6][gc,phases    ] GC(10)   Pre Evacuate Collection Set: 0.3ms
[2020-08-18T07:53:08.898+0000][6][gc,phases    ] GC(10)   Merge Heap Roots: 0.1ms
[2020-08-18T07:53:08.899+0000][6][gc,phases    ] GC(10)   Evacuate Collection Set: 82.7ms
[2020-08-18T07:53:08.899+0000][6][gc,phases    ] GC(10)   Post Evacuate Collection Set: 1.1ms
[2020-08-18T07:53:08.899+0000][6][gc,phases    ] GC(10)   Other: 4.5ms
[2020-08-18T07:53:08.900+0000][6][gc,heap      ] GC(10) Eden regions: 56->0(302)
[2020-08-18T07:53:08.900+0000][6][gc,heap      ] GC(10) Survivor regions: 38->5(39)
[2020-08-18T07:53:08.900+0000][6][gc,heap      ] GC(10) Old regions: 3->41
[2020-08-18T07:53:08.900+0000][6][gc,heap      ] GC(10) Archive regions: 2->2
[2020-08-18T07:53:08.901+0000][6][gc,heap      ] GC(10) Humongous regions: 1->1
[2020-08-18T07:53:08.901+0000][6][gc,metaspace ] GC(10) Metaspace: 32844K(35888K)->32844K(35888K) NonClass: 28532K(30640K)->28532K(30640K) Class: 4312K(5248K)->4312K(5248K)
[2020-08-18T07:53:08.901+0000][6][gc           ] GC(10) Pause Young (Concurrent Start) (Metadata GC Threshold) 98M->47M(512M) 91.595ms
[2020-08-18T07:53:08.901+0000][6][gc,cpu       ] GC(10) User=0.09s Sys=0.00s Real=0.09s
[2020-08-18T07:53:08.902+0000][6][gc           ] GC(11) Concurrent Cycle
[2020-08-18T07:53:08.902+0000][6][gc,marking   ] GC(11) Concurrent Clear Claimed Marks
[2020-08-18T07:53:08.903+0000][6][gc,marking   ] GC(11) Concurrent Clear Claimed Marks 1.389ms
[2020-08-18T07:53:08.905+0000][6][gc,marking   ] GC(11) Concurrent Scan Root Regions
[2020-08-18T07:53:08.905+0000][6][safepoint    ] Safepoint "CollectForMetadataAllocation", Time since last: 840655514 ns, Reaching safepoint: 108400 ns, At safepoint: 95668039 ns, Total: 95776439 ns
[2020-08-18T07:53:08.939+0000][6][safepoint    ] Safepoint "CollectForMetadataAllocation", Time since last: 33403448 ns, Reaching safepoint: 116600 ns, At safepoint: 108400 ns, Total: 225000 ns
[2020-08-18T07:53:08.987+0000][6][safepoint    ] Safepoint "CollectForMetadataAllocation", Time since last: 48288270 ns, Reaching safepoint: 164100 ns, At safepoint: 118700 ns, Total: 282800 ns
[2020-08-18T07:53:09.016+0000][6][gc,marking   ] GC(11) Concurrent Scan Root Regions 110.817ms
[2020-08-18T07:53:09.016+0000][6][gc,marking   ] GC(11) Concurrent Mark (15.244s)
[2020-08-18T07:53:09.017+0000][6][gc,marking   ] GC(11) Concurrent Mark From Roots
[2020-08-18T07:53:09.017+0000][6][gc,task      ] GC(11) Using 1 workers of 1 for marking
[2020-08-18T07:53:09.037+0000][6][gc,marking   ] GC(11) Concurrent Mark From Roots 20.203ms
[2020-08-18T07:53:09.038+0000][6][gc,marking   ] GC(11) Concurrent Preclean
[2020-08-18T07:53:09.038+0000][6][gc,marking   ] GC(11) Concurrent Preclean 0.539ms
[2020-08-18T07:53:09.039+0000][6][gc,marking   ] GC(11) Concurrent Mark (15.244s, 15.267s) 22.294ms
[2020-08-18T07:53:09.040+0000][6][gc,start     ] GC(11) Pause Remark
[2020-08-18T07:53:09.048+0000][6][gc           ] GC(11) Pause Remark 51M->51M(512M) 7.866ms
[2020-08-18T07:53:09.050+0000][6][gc,cpu       ] GC(11) User=0.01s Sys=0.00s Real=0.01s
[2020-08-18T07:53:09.052+0000][6][safepoint    ] Safepoint "G1Concurrent", Time since last: 52471676 ns, Reaching safepoint: 466601 ns, At safepoint: 12036017 ns, Total: 12502618 ns
[2020-08-18T07:53:09.053+0000][6][gc,marking   ] GC(11) Concurrent Rebuild Remembered Sets
[2020-08-18T07:53:09.188+0000][6][gc,marking   ] GC(11) Concurrent Rebuild Remembered Sets 134.815ms
[2020-08-18T07:53:09.190+0000][6][gc,start     ] GC(11) Pause Cleanup
[2020-08-18T07:53:09.191+0000][6][gc           ] GC(11) Pause Cleanup 54M->54M(512M) 0.618ms
[2020-08-18T07:53:09.191+0000][6][gc,cpu       ] GC(11) User=0.00s Sys=0.00s Real=0.00s
[2020-08-18T07:53:09.191+0000][6][safepoint    ] Safepoint "G1Concurrent", Time since last: 136722898 ns, Reaching safepoint: 1058501 ns, At safepoint: 1243102 ns, Total: 2301603 ns
[2020-08-18T07:53:09.192+0000][6][gc,marking   ] GC(11) Concurrent Cleanup for Next Mark
[2020-08-18T07:53:09.196+0000][6][gc,marking   ] GC(11) Concurrent Cleanup for Next Mark 4.600ms
[2020-08-18T07:53:09.197+0000][6][gc           ] GC(11) Concurrent Cycle 295.155ms
[2020-08-18T07:53:10.192+0000][6][safepoint    ] Safepoint "Cleanup", Time since last: 1000301944 ns, Reaching safepoint: 290501 ns, At safepoint: 3100 ns, Total: 293601 ns
[2020-08-18T07:53:11.522+0000][6][safepoint    ] Safepoint "Cleanup", Time since last: 1327075616 ns, Reaching safepoint: 3316605 ns, At safepoint: 4800 ns, Total: 3321405 ns
[2020-08-18T07:53:13.112+0000][6][safepoint    ] Safepoint "Cleanup", Time since last: 1589176395 ns, Reaching safepoint: 210101 ns, At safepoint: 3500 ns, Total: 213601 ns
[2020-08-18T07:53:14.114+0000][6][safepoint    ] Safepoint "Cleanup", Time since last: 1002150247 ns, Reaching safepoint: 190500 ns, At safepoint: 5800 ns, Total: 196300 ns
[2020-08-18T07:53:14.668+0000][6][safepoint    ] Safepoint "BulkRevokeBias", Time since last: 553288599 ns, Reaching safepoint: 458701 ns, At safepoint: 66100 ns, Total: 524801 ns
[2020-08-18T07:53:14.672+0000][6][safepoint    ] Safepoint "BulkRevokeBias", Time since last: 3967106 ns, Reaching safepoint: 39500 ns, At safepoint: 79600 ns, Total: 119100 ns
[2020-08-18T07:53:14.819+0000][6][gc,start     ] GC(12) Pause Young (Concurrent Start) (G1 Evacuation Pause)
[2020-08-18T07:53:14.820+0000][6][gc,task      ] GC(12) Using 2 workers of 2 for evacuation
[2020-08-18T07:53:14.820+0000][6][gc,age       ] GC(12) Desired survivor size 20447232 bytes, new threshold 15 (max threshold 15)
[2020-08-18T07:53:14.872+0000][6][gc,age       ] GC(12) Age table with threshold 15 (max threshold 15)
[2020-08-18T07:53:14.872+0000][6][gc,age       ] GC(12) - age   1:   10306760 bytes,   10306760 total
[2020-08-18T07:53:14.873+0000][6][gc,age       ] GC(12) - age   2:    4369280 bytes,   14676040 total
[2020-08-18T07:53:14.873+0000][6][gc,phases    ] GC(12)   Pre Evacuate Collection Set: 0.5ms
[2020-08-18T07:53:14.874+0000][6][gc,phases    ] GC(12)   Merge Heap Roots: 0.3ms
[2020-08-18T07:53:14.874+0000][6][gc,phases    ] GC(12)   Evacuate Collection Set: 45.5ms
[2020-08-18T07:53:14.874+0000][6][gc,phases    ] GC(12)   Post Evacuate Collection Set: 5.0ms
[2020-08-18T07:53:14.875+0000][6][gc,phases    ] GC(12)   Other: 2.9ms
[2020-08-18T07:53:14.875+0000][6][gc,heap      ] GC(12) Eden regions: 302->0(292)
[2020-08-18T07:53:14.875+0000][6][gc,heap      ] GC(12) Survivor regions: 5->15(39)
[2020-08-18T07:53:14.875+0000][6][gc,heap      ] GC(12) Old regions: 41->41
[2020-08-18T07:53:14.875+0000][6][gc,heap      ] GC(12) Archive regions: 2->2
[2020-08-18T07:53:14.876+0000][6][gc,heap      ] GC(12) Humongous regions: 1->1
[2020-08-18T07:53:14.876+0000][6][gc,metaspace ] GC(12) Metaspace: 55554K(60828K)->55554K(60828K) NonClass: 48073K(51376K)->48073K(51376K) Class: 7481K(9452K)->7481K(9452K)
[2020-08-18T07:53:14.876+0000][6][gc           ] GC(12) Pause Young (Concurrent Start) (G1 Evacuation Pause) 349M->57M(512M) 57.331ms
[2020-08-18T07:53:14.876+0000][6][gc,cpu       ] GC(12) User=0.05s Sys=0.00s Real=0.05s
[2020-08-18T07:53:14.877+0000][6][gc           ] GC(13) Concurrent Cycle
[2020-08-18T07:53:14.877+0000][6][gc,marking   ] GC(13) Concurrent Clear Claimed Marks
[2020-08-18T07:53:14.878+0000][6][gc,marking   ] GC(13) Concurrent Clear Claimed Marks 0.994ms
[2020-08-18T07:53:14.878+0000][6][gc,marking   ] GC(13) Concurrent Scan Root Regions
[2020-08-18T07:53:14.877+0000][6][safepoint    ] Safepoint "G1CollectForAllocation", Time since last: 146853712 ns, Reaching safepoint: 57500 ns, At safepoint: 58032384 ns, Total: 58089884 ns
[2020-08-18T07:53:14.891+0000][6][safepoint    ] Safepoint "BulkRevokeBias", Time since last: 14309320 ns, Reaching safepoint: 115901 ns, At safepoint: 89600 ns, Total: 205501 ns
[2020-08-18T07:53:14.903+0000][6][gc,marking   ] GC(13) Concurrent Scan Root Regions 25.075ms
[2020-08-18T07:53:14.904+0000][6][gc,marking   ] GC(13) Concurrent Mark (21.132s)
[2020-08-18T07:53:14.904+0000][6][gc,marking   ] GC(13) Concurrent Mark From Roots
[2020-08-18T07:53:14.904+0000][6][gc,task      ] GC(13) Using 1 workers of 1 for marking
[2020-08-18T07:53:15.008+0000][6][safepoint    ] Safepoint "CollectForMetadataAllocation", Time since last: 116701768 ns, Reaching safepoint: 76700 ns, At safepoint: 103701 ns, Total: 180401 ns
[2020-08-18T07:53:15.067+0000][6][gc,marking   ] GC(13) Concurrent Mark From Roots 162.699ms
[2020-08-18T07:53:15.067+0000][6][gc,marking   ] GC(13) Concurrent Preclean
[2020-08-18T07:53:15.068+0000][6][gc,marking   ] GC(13) Concurrent Preclean 0.419ms
[2020-08-18T07:53:15.068+0000][6][gc,marking   ] GC(13) Concurrent Mark (21.132s, 21.296s) 164.256ms
[2020-08-18T07:53:15.069+0000][6][gc,start     ] GC(13) Pause Remark
[2020-08-18T07:53:15.078+0000][6][gc           ] GC(13) Pause Remark 74M->74M(512M) 9.132ms
[2020-08-18T07:53:15.079+0000][6][gc,cpu       ] GC(13) User=0.01s Sys=0.00s Real=0.01s
[2020-08-18T07:53:15.080+0000][6][safepoint    ] Safepoint "G1Concurrent", Time since last: 60151386 ns, Reaching safepoint: 97301 ns, At safepoint: 11955417 ns, Total: 12052718 ns
[2020-08-18T07:53:15.084+0000][6][gc,marking   ] GC(13) Concurrent Rebuild Remembered Sets
[2020-08-18T07:53:15.210+0000][6][gc,marking   ] GC(13) Concurrent Rebuild Remembered Sets 125.949ms
[2020-08-18T07:53:15.217+0000][6][gc,start     ] GC(13) Pause Cleanup
[2020-08-18T07:53:15.217+0000][6][gc           ] GC(13) Pause Cleanup 87M->87M(512M) 0.602ms
[2020-08-18T07:53:15.218+0000][6][gc,cpu       ] GC(13) User=0.00s Sys=0.00s Real=0.00s
[2020-08-18T07:53:15.226+0000][6][safepoint    ] Safepoint "G1Concurrent", Time since last: 135584596 ns, Reaching safepoint: 739101 ns, At safepoint: 8886213 ns, Total: 9625314 ns
[2020-08-18T07:53:15.226+0000][6][gc,marking   ] GC(13) Concurrent Cleanup for Next Mark
[2020-08-18T07:53:15.228+0000][6][gc,marking   ] GC(13) Concurrent Cleanup for Next Mark 1.735ms
[2020-08-18T07:53:15.228+0000][6][gc           ] GC(13) Concurrent Cycle 351.426ms
[2020-08-18T07:53:15.644+0000][6][safepoint    ] Safepoint "BulkRevokeBias", Time since last: 417907103 ns, Reaching safepoint: 551601 ns, At safepoint: 93200 ns, Total: 644801 ns
[2020-08-18T07:53:16.820+0000][6][safepoint    ] Safepoint "ICBufferFull", Time since last: 1174241194 ns, Reaching safepoint: 1558801 ns, At safepoint: 7900 ns, Total: 1566701 ns
[2020-08-18T07:53:18.100+0000][6][safepoint    ] Safepoint "Cleanup", Time since last: 1280068062 ns, Reaching safepoint: 90200 ns, At safepoint: 2600 ns, Total: 92800 ns
[2020-08-18T07:53:19.130+0000][6][safepoint    ] Safepoint "Cleanup", Time since last: 1029074052 ns, Reaching safepoint: 274600 ns, At safepoint: 9500 ns, Total: 284100 ns
[2020-08-18T07:53:19.198+0000][6][safepoint    ] Safepoint "BulkRevokeBias", Time since last: 67634330 ns, Reaching safepoint: 124500 ns, At safepoint: 312500 ns, Total: 437000 ns
[2020-08-18T07:53:19.830+0000][6][gc,start     ] GC(14) Pause Young (Concurrent Start) (G1 Evacuation Pause)
[2020-08-18T07:53:19.830+0000][6][gc,task      ] GC(14) Using 2 workers of 2 for evacuation
[2020-08-18T07:53:19.831+0000][6][gc,age       ] GC(14) Desired survivor size 20447232 bytes, new threshold 15 (max threshold 15)
[2020-08-18T07:53:19.910+0000][6][gc,age       ] GC(14) Age table with threshold 15 (max threshold 15)
[2020-08-18T07:53:19.911+0000][6][gc,age       ] GC(14) - age   1:    8418368 bytes,    8418368 total
[2020-08-18T07:53:19.911+0000][6][gc,age       ] GC(14) - age   2:    9776696 bytes,   18195064 total
[2020-08-18T07:53:19.911+0000][6][gc,age       ] GC(14) - age   3:    4330624 bytes,   22525688 total
[2020-08-18T07:53:19.912+0000][6][gc,phases    ] GC(14)   Pre Evacuate Collection Set: 0.7ms
[2020-08-18T07:53:19.912+0000][6][gc,phases    ] GC(14)   Merge Heap Roots: 0.1ms
[2020-08-18T07:53:19.912+0000][6][gc,phases    ] GC(14)   Evacuate Collection Set: 76.7ms
[2020-08-18T07:53:19.913+0000][6][gc,phases    ] GC(14)   Post Evacuate Collection Set: 1.2ms
[2020-08-18T07:53:19.913+0000][6][gc,phases    ] GC(14)   Other: 3.1ms
[2020-08-18T07:53:19.913+0000][6][gc,heap      ] GC(14) Eden regions: 292->0(285)
[2020-08-18T07:53:19.914+0000][6][gc,heap      ] GC(14) Survivor regions: 15->22(39)
[2020-08-18T07:53:19.914+0000][6][gc,heap      ] GC(14) Old regions: 41->41
[2020-08-18T07:53:19.914+0000][6][gc,heap      ] GC(14) Archive regions: 2->2
[2020-08-18T07:53:19.914+0000][6][gc,heap      ] GC(14) Humongous regions: 1->1
[2020-08-18T07:53:19.915+0000][6][gc,metaspace ] GC(14) Metaspace: 80763K(87452K)->80763K(87452K) NonClass: 69673K(73648K)->69673K(73648K) Class: 11090K(13804K)->11090K(13804K)
[2020-08-18T07:53:19.915+0000][6][gc           ] GC(14) Pause Young (Concurrent Start) (G1 Evacuation Pause) 349M->64M(512M) 84.938ms
[2020-08-18T07:53:19.915+0000][6][gc,cpu       ] GC(14) User=0.09s Sys=0.00s Real=0.08s
[2020-08-18T07:53:19.916+0000][6][gc           ] GC(15) Concurrent Cycle
[2020-08-18T07:53:19.916+0000][6][gc,marking   ] GC(15) Concurrent Clear Claimed Marks
[2020-08-18T07:53:19.918+0000][6][safepoint    ] Safepoint "G1CollectForAllocation", Time since last: 632018478 ns, Reaching safepoint: 162200 ns, At safepoint: 87735239 ns, Total: 87897439 ns
[2020-08-18T07:53:19.918+0000][6][gc,marking   ] GC(15) Concurrent Clear Claimed Marks 2.362ms
[2020-08-18T07:53:19.919+0000][6][gc,marking   ] GC(15) Concurrent Scan Root Regions
[2020-08-18T07:53:19.986+0000][6][gc,marking   ] GC(15) Concurrent Scan Root Regions 67.037ms
[2020-08-18T07:53:19.986+0000][6][gc,marking   ] GC(15) Concurrent Mark (26.214s)
[2020-08-18T07:53:19.987+0000][6][gc,marking   ] GC(15) Concurrent Mark From Roots
[2020-08-18T07:53:19.987+0000][6][gc,task      ] GC(15) Using 1 workers of 1 for marking
[2020-08-18T07:53:20.207+0000][6][gc,marking   ] GC(15) Concurrent Mark From Roots 220.479ms
[2020-08-18T07:53:20.208+0000][6][gc,marking   ] GC(15) Concurrent Preclean
[2020-08-18T07:53:20.208+0000][6][gc,marking   ] GC(15) Concurrent Preclean 0.423ms
[2020-08-18T07:53:20.208+0000][6][gc,marking   ] GC(15) Concurrent Mark (26.214s, 26.436s) 221.934ms
[2020-08-18T07:53:20.209+0000][6][gc,start     ] GC(15) Pause Remark
[2020-08-18T07:53:20.215+0000][6][gc           ] GC(15) Pause Remark 71M->71M(512M) 6.729ms
[2020-08-18T07:53:20.216+0000][6][gc,cpu       ] GC(15) User=0.01s Sys=0.00s Real=0.00s
[2020-08-18T07:53:20.216+0000][6][safepoint    ] Safepoint "G1Concurrent", Time since last: 291037628 ns, Reaching safepoint: 107400 ns, At safepoint: 7645103 ns, Total: 7752503 ns
[2020-08-18T07:53:20.217+0000][6][gc,marking   ] GC(15) Concurrent Rebuild Remembered Sets
[2020-08-18T07:53:20.272+0000][6][gc,marking   ] GC(15) Concurrent Rebuild Remembered Sets 55.410ms
[2020-08-18T07:53:20.275+0000][6][gc,start     ] GC(15) Pause Cleanup
[2020-08-18T07:53:20.276+0000][6][gc           ] GC(15) Pause Cleanup 71M->71M(512M) 0.664ms
[2020-08-18T07:53:20.276+0000][6][gc,cpu       ] GC(15) User=0.00s Sys=0.00s Real=0.00s
[2020-08-18T07:53:20.277+0000][6][safepoint    ] Safepoint "G1Concurrent", Time since last: 57926225 ns, Reaching safepoint: 782601 ns, At safepoint: 1467600 ns, Total: 2250201 ns
[2020-08-18T07:53:20.278+0000][6][gc,marking   ] GC(15) Concurrent Cleanup for Next Mark
[2020-08-18T07:53:20.281+0000][6][gc,marking   ] GC(15) Concurrent Cleanup for Next Mark 2.985ms
[2020-08-18T07:53:20.283+0000][6][gc           ] GC(15) Concurrent Cycle 366.965ms
[2020-08-18T07:53:22.277+0000][6][safepoint    ] Safepoint "Cleanup", Time since last: 2000603879 ns, Reaching safepoint: 79700 ns, At safepoint: 2600 ns, Total: 82300 ns
[2020-08-18T07:53:23.278+0000][6][safepoint    ] Safepoint "Cleanup", Time since last: 1000617240 ns, Reaching safepoint: 70400 ns, At safepoint: 2700 ns, Total: 73100 ns
[2020-08-18T07:53:24.108+0000][6][safepoint    ] Safepoint "BulkRevokeBias", Time since last: 830330460 ns, Reaching safepoint: 59101 ns, At safepoint: 190800 ns, Total: 249901 ns
[2020-08-18T07:53:26.109+0000][6][safepoint    ] Safepoint "Cleanup", Time since last: 2000887209 ns, Reaching safepoint: 79801 ns, At safepoint: 3400 ns, Total: 83201 ns
[2020-08-18T07:53:28.110+0000][6][safepoint    ] Safepoint "Cleanup", Time since last: 2000744409 ns, Reaching safepoint: 80000 ns, At safepoint: 2600 ns, Total: 82600 ns
[2020-08-18T07:53:30.111+0000][6][safepoint    ] Safepoint "Cleanup", Time since last: 2000789810 ns, Reaching safepoint: 105200 ns, At safepoint: 5300 ns, Total: 110500 ns
[2020-08-18T07:53:32.949+0000][6][safepoint    ] Safepoint "Cleanup", Time since last: 2837879861 ns, Reaching safepoint: 60900 ns, At safepoint: 2900 ns, Total: 63800 ns
[2020-08-18T07:53:32.952+0000][6][safepoint    ] Safepoint "BulkRevokeBias", Time since last: 1947900 ns, Reaching safepoint: 170400 ns, At safepoint: 355600 ns, Total: 526000 ns
[2020-08-18T07:53:34.152+0000][6][safepoint    ] Safepoint "Cleanup", Time since last: 1199670287 ns, Reaching safepoint: 244800 ns, At safepoint: 29100 ns, Total: 273900 ns
[2020-08-18T07:53:36.153+0000][6][safepoint    ] Safepoint "Cleanup", Time since last: 2001331979 ns, Reaching safepoint: 81700 ns, At safepoint: 3200 ns, Total: 84900 ns
[2020-08-18T07:53:38.590+0000][6][safepoint    ] Safepoint "Cleanup", Time since last: 2436489683 ns, Reaching safepoint: 117000 ns, At safepoint: 3700 ns, Total: 120700 ns
[2020-08-18T07:53:42.581+0000][6][safepoint    ] Safepoint "Cleanup", Time since last: 3991514893 ns, Reaching safepoint: 142000 ns, At safepoint: 3000 ns, Total: 145000 ns
[2020-08-18T07:53:43.582+0000][6][safepoint    ] Safepoint "Cleanup", Time since last: 1000748497 ns, Reaching safepoint: 110599 ns, At safepoint: 2800 ns, Total: 113399 ns
[2020-08-18T07:53:48.024+0000][6][safepoint    ] Safepoint "Cleanup", Time since last: 4441130559 ns, Reaching safepoint: 391000 ns, At safepoint: 8600 ns, Total: 399600 ns
[2020-08-18T07:53:49.026+0000][6][safepoint    ] Safepoint "Cleanup", Time since last: 1002202365 ns, Reaching safepoint: 229300 ns, At safepoint: 6600 ns, Total: 235900 ns
[2020-08-18T07:53:50.028+0000][6][safepoint    ] Safepoint "Cleanup", Time since last: 1001345266 ns, Reaching safepoint: 302700 ns, At safepoint: 10100 ns, Total: 312800 ns
[2020-08-18T07:54:05.427+0000][6][safepoint    ] Safepoint "Cleanup", Time since last: 15399359735 ns, Reaching safepoint: 393800 ns, At safepoint: 12300 ns, Total: 406100 ns
[2020-08-18T07:54:08.431+0000][6][safepoint    ] Safepoint "Cleanup", Time since last: 3003231284 ns, Reaching safepoint: 490100 ns, At safepoint: 12600 ns, Total: 502700 ns
[2020-08-18T07:54:10.434+0000][6][safepoint    ] Safepoint "Cleanup", Time since last: 2002529355 ns, Reaching safepoint: 451200 ns, At safepoint: 11500 ns, Total: 462700 ns
[2020-08-18T07:54:12.437+0000][6][safepoint    ] Safepoint "Cleanup", Time since last: 2002708305 ns, Reaching safepoint: 180900 ns, At safepoint: 4200 ns, Total: 185100 ns
[2020-08-18T07:54:13.439+0000][6][safepoint    ] Safepoint "Cleanup", Time since last: 1001321348 ns, Reaching safepoint: 281100 ns, At safepoint: 7100 ns, Total: 288200 ns
[2020-08-18T07:54:19.441+0000][6][safepoint    ] Safepoint "Cleanup", Time since last: 6001967394 ns, Reaching safepoint: 617700 ns, At safepoint: 13600 ns, Total: 631300 ns
[2020-08-18T07:54:20.444+0000][6][safepoint    ] Safepoint "Cleanup", Time since last: 1002536283 ns, Reaching safepoint: 107601 ns, At safepoint: 3200 ns, Total: 110801 ns
[2020-08-18T07:54:24.446+0000][6][safepoint    ] Safepoint "Cleanup", Time since last: 4001513311 ns, Reaching safepoint: 376900 ns, At safepoint: 12300 ns, Total: 389200 ns
[2020-08-18T07:54:28.449+0000][6][safepoint    ] Safepoint "Cleanup", Time since last: 4003241397 ns, Reaching safepoint: 156501 ns, At safepoint: 3700 ns, Total: 160201 ns
[2020-08-18T07:54:30.451+0000][6][safepoint    ] Safepoint "Cleanup", Time since last: 2001249565 ns, Reaching safepoint: 164800 ns, At safepoint: 4100 ns, Total: 168900 ns
[2020-08-18T07:54:33.452+0000][6][safepoint    ] Safepoint "Cleanup", Time since last: 3001226499 ns, Reaching safepoint: 128700 ns, At safepoint: 5300 ns, Total: 134000 ns
[2020-08-18T07:54:37.454+0000][6][safepoint    ] Safepoint "Cleanup", Time since last: 4001549098 ns, Reaching safepoint: 155500 ns, At safepoint: 7100 ns, Total: 162600 ns
[2020-08-18T07:54:43.455+0000][6][safepoint    ] Safepoint "Cleanup", Time since last: 6001612287 ns, Reaching safepoint: 122300 ns, At safepoint: 3700 ns, Total: 126000 ns
[2020-08-18T07:54:50.458+0000][6][safepoint    ] Safepoint "Cleanup", Time since last: 7002366409 ns, Reaching safepoint: 467600 ns, At safepoint: 55200 ns, Total: 522800 ns
[2020-08-18T07:54:53.462+0000][6][safepoint    ] Safepoint "Cleanup", Time since last: 3003717481 ns, Reaching safepoint: 333500 ns, At safepoint: 11500 ns, Total: 345000 ns
[2020-08-18T07:54:57.466+0000][6][safepoint    ] Safepoint "Cleanup", Time since last: 4003664275 ns, Reaching safepoint: 369600 ns, At safepoint: 11900 ns, Total: 381500 ns
[2020-08-18T07:55:00.470+0000][6][safepoint    ] Safepoint "Cleanup", Time since last: 3003251642 ns, Reaching safepoint: 611900 ns, At safepoint: 22200 ns, Total: 634100 ns
[2020-08-18T07:55:02.473+0000][6][safepoint    ] Safepoint "Cleanup", Time since last: 2002726058 ns, Reaching safepoint: 326600 ns, At safepoint: 12300 ns, Total: 338900 ns
[2020-08-18T07:55:03.476+0000][6][safepoint    ] Safepoint "Cleanup", Time since last: 1002468279 ns, Reaching safepoint: 374100 ns, At safepoint: 13700 ns, Total: 387800 ns
[2020-08-18T07:55:06.479+0000][6][safepoint    ] Safepoint "Cleanup", Time since last: 3002986736 ns, Reaching safepoint: 108600 ns, At safepoint: 3000 ns, Total: 111600 ns
[2020-08-18T07:55:07.480+0000][6][safepoint    ] Safepoint "Cleanup", Time since last: 1000772779 ns, Reaching safepoint: 110100 ns, At safepoint: 2700 ns, Total: 112800 ns
[2020-08-18T07:55:17.485+0000][6][safepoint    ] Safepoint "Cleanup", Time since last: 10004097798 ns, Reaching safepoint: 395500 ns, At safepoint: 13700 ns, Total: 409200 ns
[2020-08-18T07:55:18.487+0000][6][safepoint    ] Safepoint "Cleanup", Time since last: 1002412890 ns, Reaching safepoint: 175000 ns, At safepoint: 3800 ns, Total: 178800 ns
[2020-08-18T07:55:20.489+0000][6][safepoint    ] Safepoint "Cleanup", Time since last: 2001136479 ns, Reaching safepoint: 407500 ns, At safepoint: 12300 ns, Total: 419800 ns
[2020-08-18T07:55:25.492+0000][6][safepoint    ] Safepoint "Cleanup", Time since last: 5003247859 ns, Reaching safepoint: 209999 ns, At safepoint: 5600 ns, Total: 215599 ns
[2020-08-18T07:55:28.495+0000][6][safepoint    ] Safepoint "Cleanup", Time since last: 3001854164 ns, Reaching safepoint: 301798 ns, At safepoint: 10700 ns, Total: 312498 ns
[2020-08-18T07:55:41.501+0000][6][safepoint    ] Safepoint "Cleanup", Time since last: 13005420046 ns, Reaching safepoint: 581799 ns, At safepoint: 11900 ns, Total: 593699 ns
[2020-08-18T07:55:49.506+0000][6][safepoint    ] Safepoint "Cleanup", Time since last: 8004581878 ns, Reaching safepoint: 571499 ns, At safepoint: 17600 ns, Total: 589099 ns
[2020-08-18T07:55:52.511+0000][6][safepoint    ] Safepoint "Cleanup", Time since last: 3004670830 ns, Reaching safepoint: 181400 ns, At safepoint: 5000 ns, Total: 186400 ns
[2020-08-18T07:55:55.513+0000][6][safepoint    ] Safepoint "Cleanup", Time since last: 3001759631 ns, Reaching safepoint: 211200 ns, At safepoint: 5900 ns, Total: 217100 ns
[2020-08-18T07:56:03.515+0000][6][safepoint    ] Safepoint "Cleanup", Time since last: 8002243219 ns, Reaching safepoint: 312600 ns, At safepoint: 7600 ns, Total: 320200 ns
[2020-08-18T07:56:20.520+0000][6][safepoint    ] Safepoint "Cleanup", Time since last: 17005092430 ns, Reaching safepoint: 234700 ns, At safepoint: 5300 ns, Total: 240000 ns
[2020-08-18T07:56:23.523+0000][6][safepoint    ] Safepoint "Cleanup", Time since last: 3001896919 ns, Reaching safepoint: 418300 ns, At safepoint: 14100 ns, Total: 432400 ns
[2020-08-18T07:56:28.527+0000][6][safepoint    ] Safepoint "Cleanup", Time since last: 5003900614 ns, Reaching safepoint: 486500 ns, At safepoint: 12200 ns, Total: 498700 ns
[2020-08-18T07:56:38.533+0000][6][safepoint    ] Safepoint "Cleanup", Time since last: 10005500652 ns, Reaching safepoint: 492800 ns, At safepoint: 15500 ns, Total: 508300 ns
[2020-08-18T07:56:39.812+0000][6][safepoint    ] Safepoint "Cleanup", Time since last: 1274190205 ns, Reaching safepoint: 4127898 ns, At safepoint: 31500 ns, Total: 4159398 ns
[2020-08-18T07:56:40.083+0000][6][safepoint    ] Safepoint "BulkRevokeBias", Time since last: 271155031 ns, Reaching safepoint: 197200 ns, At safepoint: 323699 ns, Total: 520899 ns
[2020-08-18T07:56:40.118+0000][6][safepoint    ] Safepoint "BulkRevokeBias", Time since last: 33570079 ns, Reaching safepoint: 521700 ns, At safepoint: 411700 ns, Total: 933400 ns
[2020-08-18T07:56:40.140+0000][6][gc,heap,exit ] Heap
[2020-08-18T07:56:40.140+0000][6][gc,heap,exit ]  garbage-first heap   total 524288K, used 194071K [0x00000000e0000000, 0x0000000100000000)
[2020-08-18T07:56:40.146+0000][6][gc,heap,exit ]   region size 1024K, 148 young (151552K), 22 survivors (22528K)
[2020-08-18T07:56:40.147+0000][6][gc,heap,exit ]  Metaspace       used 82873K, capacity 89456K, committed 89628K, reserved 1124352K
[2020-08-18T07:56:40.147+0000][6][gc,heap,exit ]   class space    used 11355K, capacity 14085K, committed 14188K, reserved 1048576K
