[2020-08-18T07:19:36.350+0000][7][gc,heap] Heap region size: 1M
[2020-08-18T07:19:36.351+0000][7][gc,heap,coops] Heap address: 0x00000000e0000000, size: 512 MB, Compressed Oops mode: 32-bit
[2020-08-18T07:19:36.539+0000][7][gc           ] Using G1
[2020-08-18T07:19:36.540+0000][7][gc,cds       ] Mark closed archive regions in map: [0x00000000fff00000, 0x00000000fff7eff8]
[2020-08-18T07:19:36.541+0000][7][gc,cds       ] Mark open archive regions in map: [0x00000000ffe00000, 0x00000000ffe51ff8]
[2020-08-18T07:19:36.556+0000][7][gc           ] Periodic GC disabled
[2020-08-18T07:19:37.260+0000][7][gc,start     ] GC(0) Pause Young (Normal) (G1 Evacuation Pause)
[2020-08-18T07:19:37.261+0000][7][gc,task      ] GC(0) Using 2 workers of 2 for evacuation
[2020-08-18T07:19:37.263+0000][7][gc,age       ] GC(0) Desired survivor size 2097152 bytes, new threshold 15 (max threshold 15)
[2020-08-18T07:19:37.281+0000][7][gc,age       ] GC(0) Age table with threshold 15 (max threshold 15)
[2020-08-18T07:19:37.282+0000][7][gc,age       ] GC(0) - age   1:    2617672 bytes,    2617672 total
[2020-08-18T07:19:37.282+0000][7][gc,phases    ] GC(0)   Pre Evacuate Collection Set: 0.1ms
[2020-08-18T07:19:37.283+0000][7][gc,phases    ] GC(0)   Merge Heap Roots: 0.0ms
[2020-08-18T07:19:37.283+0000][7][gc,phases    ] GC(0)   Evacuate Collection Set: 15.9ms
[2020-08-18T07:19:37.283+0000][7][gc,phases    ] GC(0)   Post Evacuate Collection Set: 0.3ms
[2020-08-18T07:19:37.284+0000][7][gc,phases    ] GC(0)   Other: 5.7ms
[2020-08-18T07:19:37.284+0000][7][gc,heap      ] GC(0) Eden regions: 25->0(22)
[2020-08-18T07:19:37.284+0000][7][gc,heap      ] GC(0) Survivor regions: 0->3(4)
[2020-08-18T07:19:37.284+0000][7][gc,heap      ] GC(0) Old regions: 0->0
[2020-08-18T07:19:37.285+0000][7][gc,heap      ] GC(0) Archive regions: 2->2
[2020-08-18T07:19:37.285+0000][7][gc,heap      ] GC(0) Humongous regions: 1->1
[2020-08-18T07:19:37.285+0000][7][gc,metaspace ] GC(0) Metaspace: 5513K(8320K)->5513K(8320K) NonClass: 4905K(7424K)->4905K(7424K) Class: 608K(896K)->608K(896K)
[2020-08-18T07:19:37.288+0000][7][gc           ] GC(0) Pause Young (Normal) (G1 Evacuation Pause) 26M->4M(512M) 27.801ms
[2020-08-18T07:19:37.289+0000][7][gc,cpu       ] GC(0) User=0.02s Sys=0.00s Real=0.03s
[2020-08-18T07:19:37.289+0000][7][safepoint    ] Safepoint "G1CollectForAllocation", Time since last: 708537144 ns, Reaching safepoint: 1155500 ns, At safepoint: 28649006 ns, Total: 29804506 ns
[2020-08-18T07:19:38.469+0000][7][gc,start     ] GC(1) Pause Young (Normal) (G1 Evacuation Pause)
[2020-08-18T07:19:38.470+0000][7][gc,task      ] GC(1) Using 2 workers of 2 for evacuation
[2020-08-18T07:19:38.470+0000][7][gc,age       ] GC(1) Desired survivor size 2097152 bytes, new threshold 1 (max threshold 15)
[2020-08-18T07:19:38.480+0000][7][gc,age       ] GC(1) Age table with threshold 1 (max threshold 15)
[2020-08-18T07:19:38.481+0000][7][gc,age       ] GC(1) - age   1:    1084776 bytes,    1084776 total
[2020-08-18T07:19:38.481+0000][7][gc,phases    ] GC(1)   Pre Evacuate Collection Set: 0.1ms
[2020-08-18T07:19:38.482+0000][7][gc,phases    ] GC(1)   Merge Heap Roots: 0.1ms
[2020-08-18T07:19:38.483+0000][7][gc,phases    ] GC(1)   Evacuate Collection Set: 8.9ms
[2020-08-18T07:19:38.483+0000][7][gc,phases    ] GC(1)   Post Evacuate Collection Set: 0.4ms
[2020-08-18T07:19:38.483+0000][7][gc,phases    ] GC(1)   Other: 1.8ms
[2020-08-18T07:19:38.483+0000][7][gc,heap      ] GC(1) Eden regions: 22->0(29)
[2020-08-18T07:19:38.484+0000][7][gc,heap      ] GC(1) Survivor regions: 3->2(4)
[2020-08-18T07:19:38.484+0000][7][gc,heap      ] GC(1) Old regions: 0->3
[2020-08-18T07:19:38.484+0000][7][gc,heap      ] GC(1) Archive regions: 2->2
[2020-08-18T07:19:38.484+0000][7][gc,heap      ] GC(1) Humongous regions: 1->1
[2020-08-18T07:19:38.485+0000][7][gc,metaspace ] GC(1) Metaspace: 9938K(11008K)->9938K(11008K) NonClass: 8709K(9472K)->8709K(9472K) Class: 1229K(1536K)->1229K(1536K)
[2020-08-18T07:19:38.485+0000][7][gc           ] GC(1) Pause Young (Normal) (G1 Evacuation Pause) 26M->5M(512M) 15.527ms
[2020-08-18T07:19:38.485+0000][7][gc,cpu       ] GC(1) User=0.01s Sys=0.00s Real=0.01s
[2020-08-18T07:19:38.486+0000][7][safepoint    ] Safepoint "G1CollectForAllocation", Time since last: 1180423140 ns, Reaching safepoint: 160900 ns, At safepoint: 16104803 ns, Total: 16265703 ns
[2020-08-18T07:19:39.201+0000][7][gc,start     ] GC(2) Pause Young (Normal) (G1 Evacuation Pause)
[2020-08-18T07:19:39.203+0000][7][gc,task      ] GC(2) Using 2 workers of 2 for evacuation
[2020-08-18T07:19:39.204+0000][7][gc,age       ] GC(2) Desired survivor size 2097152 bytes, new threshold 15 (max threshold 15)
[2020-08-18T07:19:39.223+0000][7][gc,age       ] GC(2) Age table with threshold 15 (max threshold 15)
[2020-08-18T07:19:39.224+0000][7][gc,age       ] GC(2) - age   1:    3036928 bytes,    3036928 total
[2020-08-18T07:19:39.225+0000][7][gc,age       ] GC(2) - age   2:    1045432 bytes,    4082360 total
[2020-08-18T07:19:39.225+0000][7][gc,phases    ] GC(2)   Pre Evacuate Collection Set: 0.1ms
[2020-08-18T07:19:39.225+0000][7][gc,phases    ] GC(2)   Merge Heap Roots: 0.1ms
[2020-08-18T07:19:39.225+0000][7][gc,phases    ] GC(2)   Evacuate Collection Set: 17.0ms
[2020-08-18T07:19:39.226+0000][7][gc,phases    ] GC(2)   Post Evacuate Collection Set: 2.4ms
[2020-08-18T07:19:39.226+0000][7][gc,phases    ] GC(2)   Other: 4.0ms
[2020-08-18T07:19:39.226+0000][7][gc,heap      ] GC(2) Eden regions: 29->0(69)
[2020-08-18T07:19:39.226+0000][7][gc,heap      ] GC(2) Survivor regions: 2->4(4)
[2020-08-18T07:19:39.227+0000][7][gc,heap      ] GC(2) Old regions: 3->4
[2020-08-18T07:19:39.227+0000][7][gc,heap      ] GC(2) Archive regions: 2->2
[2020-08-18T07:19:39.227+0000][7][gc,heap      ] GC(2) Humongous regions: 1->1
[2020-08-18T07:19:39.227+0000][7][gc,metaspace ] GC(2) Metaspace: 13491K(14208K)->13491K(14208K) NonClass: 11857K(12288K)->11857K(12288K) Class: 1634K(1920K)->1634K(1920K)
[2020-08-18T07:19:39.228+0000][7][gc           ] GC(2) Pause Young (Normal) (G1 Evacuation Pause) 34M->8M(512M) 26.153ms
[2020-08-18T07:19:39.228+0000][7][gc,cpu       ] GC(2) User=0.03s Sys=0.00s Real=0.02s
[2020-08-18T07:19:39.228+0000][7][safepoint    ] Safepoint "G1CollectForAllocation", Time since last: 715643345 ns, Reaching safepoint: 164200 ns, At safepoint: 26716806 ns, Total: 26881006 ns
[2020-08-18T07:19:40.259+0000][7][safepoint    ] Safepoint "Cleanup", Time since last: 1030714309 ns, Reaching safepoint: 247500 ns, At safepoint: 2900 ns, Total: 250400 ns
[2020-08-18T07:19:40.301+0000][7][gc,start     ] GC(3) Pause Young (Normal) (G1 Evacuation Pause)
[2020-08-18T07:19:40.302+0000][7][gc,task      ] GC(3) Using 2 workers of 2 for evacuation
[2020-08-18T07:19:40.302+0000][7][gc,age       ] GC(3) Desired survivor size 4718592 bytes, new threshold 15 (max threshold 15)
[2020-08-18T07:19:40.318+0000][7][gc,age       ] GC(3) Age table with threshold 15 (max threshold 15)
[2020-08-18T07:19:40.319+0000][7][gc,age       ] GC(3) - age   1:    3533096 bytes,    3533096 total
[2020-08-18T07:19:40.319+0000][7][gc,age       ] GC(3) - age   2:    1927096 bytes,    5460192 total
[2020-08-18T07:19:40.319+0000][7][gc,age       ] GC(3) - age   3:    1024864 bytes,    6485056 total
[2020-08-18T07:19:40.319+0000][7][gc,phases    ] GC(3)   Pre Evacuate Collection Set: 0.1ms
[2020-08-18T07:19:40.320+0000][7][gc,phases    ] GC(3)   Merge Heap Roots: 0.1ms
[2020-08-18T07:19:40.320+0000][7][gc,phases    ] GC(3)   Evacuate Collection Set: 14.9ms
[2020-08-18T07:19:40.320+0000][7][gc,phases    ] GC(3)   Post Evacuate Collection Set: 0.5ms
[2020-08-18T07:19:40.320+0000][7][gc,phases    ] GC(3)   Other: 2.8ms
[2020-08-18T07:19:40.321+0000][7][gc,heap      ] GC(3) Eden regions: 68->0(135)
[2020-08-18T07:19:40.321+0000][7][gc,heap      ] GC(3) Survivor regions: 4->7(9)
[2020-08-18T07:19:40.321+0000][7][gc,heap      ] GC(3) Old regions: 4->4
[2020-08-18T07:19:40.321+0000][7][gc,heap      ] GC(3) Archive regions: 2->2
[2020-08-18T07:19:40.321+0000][7][gc,heap      ] GC(3) Humongous regions: 2->1
[2020-08-18T07:19:40.322+0000][7][gc,metaspace ] GC(3) Metaspace: 17078K(18048K)->17078K(18048K) NonClass: 14980K(15616K)->14980K(15616K) Class: 2098K(2432K)->2098K(2432K)
[2020-08-18T07:19:40.322+0000][7][gc           ] GC(3) Pause Young (Normal) (G1 Evacuation Pause) 77M->11M(512M) 20.885ms
[2020-08-18T07:19:40.322+0000][7][gc,cpu       ] GC(3) User=0.02s Sys=0.00s Real=0.02s
[2020-08-18T07:19:40.322+0000][7][safepoint    ] Safepoint "G1CollectForAllocation", Time since last: 41953808 ns, Reaching safepoint: 44500 ns, At safepoint: 21347305 ns, Total: 21391805 ns
[2020-08-18T07:19:40.324+0000][7][safepoint    ] Safepoint "BulkRevokeBias", Time since last: 1654200 ns, Reaching safepoint: 266800 ns, At safepoint: 86100 ns, Total: 352900 ns
[2020-08-18T07:19:40.328+0000][7][safepoint    ] Safepoint "BulkRevokeBias", Time since last: 3173501 ns, Reaching safepoint: 515400 ns, At safepoint: 85300 ns, Total: 600700 ns
[2020-08-18T07:19:40.329+0000][7][safepoint    ] Safepoint "BulkRevokeBias", Time since last: 412700 ns, Reaching safepoint: 157400 ns, At safepoint: 58800 ns, Total: 216200 ns
[2020-08-18T07:19:40.857+0000][7][gc,start     ] GC(4) Pause Young (Normal) (G1 Evacuation Pause)
[2020-08-18T07:19:40.858+0000][7][gc,task      ] GC(4) Using 2 workers of 2 for evacuation
[2020-08-18T07:19:40.858+0000][7][gc,age       ] GC(4) Desired survivor size 9437184 bytes, new threshold 15 (max threshold 15)
[2020-08-18T07:19:40.873+0000][7][gc,age       ] GC(4) Age table with threshold 15 (max threshold 15)
[2020-08-18T07:19:40.874+0000][7][gc,age       ] GC(4) - age   1:    1324720 bytes,    1324720 total
[2020-08-18T07:19:40.875+0000][7][gc,age       ] GC(4) - age   2:    3491040 bytes,    4815760 total
[2020-08-18T07:19:40.875+0000][7][gc,age       ] GC(4) - age   3:    1927008 bytes,    6742768 total
[2020-08-18T07:19:40.875+0000][7][gc,age       ] GC(4) - age   4:    1024864 bytes,    7767632 total
[2020-08-18T07:19:40.876+0000][7][gc,phases    ] GC(4)   Pre Evacuate Collection Set: 0.1ms
[2020-08-18T07:19:40.876+0000][7][gc,phases    ] GC(4)   Merge Heap Roots: 0.1ms
[2020-08-18T07:19:40.877+0000][7][gc,phases    ] GC(4)   Evacuate Collection Set: 14.0ms
[2020-08-18T07:19:40.877+0000][7][gc,phases    ] GC(4)   Post Evacuate Collection Set: 0.9ms
[2020-08-18T07:19:40.877+0000][7][gc,phases    ] GC(4)   Other: 3.6ms
[2020-08-18T07:19:40.878+0000][7][gc,heap      ] GC(4) Eden regions: 135->0(299)
[2020-08-18T07:19:40.878+0000][7][gc,heap      ] GC(4) Survivor regions: 7->8(18)
[2020-08-18T07:19:40.878+0000][7][gc,heap      ] GC(4) Old regions: 4->4
[2020-08-18T07:19:40.878+0000][7][gc,heap      ] GC(4) Archive regions: 2->2
[2020-08-18T07:19:40.879+0000][7][gc,heap      ] GC(4) Humongous regions: 1->1
[2020-08-18T07:19:40.879+0000][7][gc,metaspace ] GC(4) Metaspace: 17357K(18304K)->17357K(18304K) NonClass: 15235K(15872K)->15235K(15872K) Class: 2122K(2432K)->2122K(2432K)
[2020-08-18T07:19:40.879+0000][7][gc           ] GC(4) Pause Young (Normal) (G1 Evacuation Pause) 146M->12M(512M) 21.938ms
[2020-08-18T07:19:40.879+0000][7][gc,cpu       ] GC(4) User=0.02s Sys=0.00s Real=0.03s
[2020-08-18T07:19:40.883+0000][7][safepoint    ] Safepoint "G1CollectForAllocation", Time since last: 528155407 ns, Reaching safepoint: 129000 ns, At safepoint: 25667105 ns, Total: 25796105 ns
[2020-08-18T07:19:40.884+0000][7][safepoint    ] Safepoint "BulkRevokeBias", Time since last: 829501 ns, Reaching safepoint: 70900 ns, At safepoint: 141600 ns, Total: 212500 ns
[2020-08-18T07:19:42.095+0000][7][gc,start     ] GC(5) Pause Young (Normal) (G1 Evacuation Pause)
[2020-08-18T07:19:42.096+0000][7][gc,task      ] GC(5) Using 2 workers of 2 for evacuation
[2020-08-18T07:19:42.096+0000][7][gc,age       ] GC(5) Desired survivor size 20447232 bytes, new threshold 15 (max threshold 15)
[2020-08-18T07:19:42.117+0000][7][gc,age       ] GC(5) Age table with threshold 15 (max threshold 15)
[2020-08-18T07:19:42.118+0000][7][gc,age       ] GC(5) - age   1:    4638736 bytes,    4638736 total
[2020-08-18T07:19:42.118+0000][7][gc,age       ] GC(5) - age   2:     450824 bytes,    5089560 total
[2020-08-18T07:19:42.118+0000][7][gc,age       ] GC(5) - age   3:    3485832 bytes,    8575392 total
[2020-08-18T07:19:42.119+0000][7][gc,age       ] GC(5) - age   4:    1927008 bytes,   10502400 total
[2020-08-18T07:19:42.119+0000][7][gc,age       ] GC(5) - age   5:    1024864 bytes,   11527264 total
[2020-08-18T07:19:42.119+0000][7][gc,phases    ] GC(5)   Pre Evacuate Collection Set: 0.2ms
[2020-08-18T07:19:42.120+0000][7][gc,phases    ] GC(5)   Merge Heap Roots: 0.1ms
[2020-08-18T07:19:42.120+0000][7][gc,phases    ] GC(5)   Evacuate Collection Set: 20.0ms
[2020-08-18T07:19:42.120+0000][7][gc,phases    ] GC(5)   Post Evacuate Collection Set: 0.8ms
[2020-08-18T07:19:42.120+0000][7][gc,phases    ] GC(5)   Other: 3.1ms
[2020-08-18T07:19:42.121+0000][7][gc,heap      ] GC(5) Eden regions: 299->0(295)
[2020-08-18T07:19:42.122+0000][7][gc,heap      ] GC(5) Survivor regions: 8->12(39)
[2020-08-18T07:19:42.122+0000][7][gc,heap      ] GC(5) Old regions: 4->4
[2020-08-18T07:19:42.123+0000][7][gc,heap      ] GC(5) Archive regions: 2->2
[2020-08-18T07:19:42.126+0000][7][gc,heap      ] GC(5) Humongous regions: 1->1
[2020-08-18T07:19:42.127+0000][7][gc,metaspace ] GC(5) Metaspace: 18536K(19840K)->18536K(19840K) NonClass: 16239K(17152K)->16239K(17152K) Class: 2297K(2688K)->2297K(2688K)
[2020-08-18T07:19:42.127+0000][7][gc           ] GC(5) Pause Young (Normal) (G1 Evacuation Pause) 311M->16M(512M) 32.268ms
[2020-08-18T07:19:42.128+0000][7][gc,cpu       ] GC(5) User=0.02s Sys=0.00s Real=0.03s
[2020-08-18T07:19:42.128+0000][7][safepoint    ] Safepoint "G1CollectForAllocation", Time since last: 1211209045 ns, Reaching safepoint: 80300 ns, At safepoint: 33062907 ns, Total: 33143207 ns
[2020-08-18T07:19:42.172+0000][7][safepoint    ] Safepoint "BulkRevokeBias", Time since last: 43985809 ns, Reaching safepoint: 39200 ns, At safepoint: 34400 ns, Total: 73600 ns
[2020-08-18T07:19:42.173+0000][7][safepoint    ] Safepoint "BulkRevokeBias", Time since last: 673900 ns, Reaching safepoint: 170400 ns, At safepoint: 403200 ns, Total: 573600 ns
[2020-08-18T07:19:42.809+0000][7][gc,start     ] GC(6) Pause Young (Concurrent Start) (Metadata GC Threshold)
[2020-08-18T07:19:42.809+0000][7][gc,task      ] GC(6) Using 2 workers of 2 for evacuation
[2020-08-18T07:19:42.810+0000][7][gc,age       ] GC(6) Desired survivor size 20447232 bytes, new threshold 15 (max threshold 15)
[2020-08-18T07:19:42.840+0000][7][gc,age       ] GC(6) Age table with threshold 15 (max threshold 15)
[2020-08-18T07:19:42.840+0000][7][gc,age       ] GC(6) - age   1:    1946872 bytes,    1946872 total
[2020-08-18T07:19:42.841+0000][7][gc,age       ] GC(6) - age   2:    4410176 bytes,    6357048 total
[2020-08-18T07:19:42.841+0000][7][gc,age       ] GC(6) - age   3:     450488 bytes,    6807536 total
[2020-08-18T07:19:42.841+0000][7][gc,age       ] GC(6) - age   4:    3484760 bytes,   10292296 total
[2020-08-18T07:19:42.842+0000][7][gc,age       ] GC(6) - age   5:    1926912 bytes,   12219208 total
[2020-08-18T07:19:42.842+0000][7][gc,age       ] GC(6) - age   6:    1024704 bytes,   13243912 total
[2020-08-18T07:19:42.842+0000][7][gc,phases    ] GC(6)   Pre Evacuate Collection Set: 0.3ms
[2020-08-18T07:19:42.842+0000][7][gc,phases    ] GC(6)   Merge Heap Roots: 0.1ms
[2020-08-18T07:19:42.843+0000][7][gc,phases    ] GC(6)   Evacuate Collection Set: 28.6ms
[2020-08-18T07:19:42.843+0000][7][gc,phases    ] GC(6)   Post Evacuate Collection Set: 0.7ms
[2020-08-18T07:19:42.843+0000][7][gc,phases    ] GC(6)   Other: 3.8ms
[2020-08-18T07:19:42.843+0000][7][gc,heap      ] GC(6) Eden regions: 187->0(294)
[2020-08-18T07:19:42.843+0000][7][gc,heap      ] GC(6) Survivor regions: 12->13(39)
[2020-08-18T07:19:42.844+0000][7][gc,heap      ] GC(6) Old regions: 4->4
[2020-08-18T07:19:42.844+0000][7][gc,heap      ] GC(6) Archive regions: 2->2
[2020-08-18T07:19:42.844+0000][7][gc,heap      ] GC(6) Humongous regions: 1->1
[2020-08-18T07:19:42.844+0000][7][gc,metaspace ] GC(6) Metaspace: 19704K(21248K)->19704K(21248K) NonClass: 17291K(18432K)->17291K(18432K) Class: 2412K(2816K)->2412K(2816K)
[2020-08-18T07:19:42.844+0000][7][gc           ] GC(6) Pause Young (Concurrent Start) (Metadata GC Threshold) 202M->17M(512M) 35.814ms
[2020-08-18T07:19:42.845+0000][7][gc,cpu       ] GC(6) User=0.05s Sys=0.00s Real=0.03s
[2020-08-18T07:19:42.845+0000][7][safepoint    ] Safepoint "CollectForMetadataAllocation", Time since last: 631210428 ns, Reaching safepoint: 3982001 ns, At safepoint: 36557608 ns, Total: 40539609 ns
[2020-08-18T07:19:42.845+0000][7][gc           ] GC(7) Concurrent Cycle
[2020-08-18T07:19:42.846+0000][7][gc,marking   ] GC(7) Concurrent Clear Claimed Marks
[2020-08-18T07:19:42.848+0000][7][gc,marking   ] GC(7) Concurrent Clear Claimed Marks 1.839ms
[2020-08-18T07:19:42.848+0000][7][gc,marking   ] GC(7) Concurrent Scan Root Regions
[2020-08-18T07:19:42.865+0000][7][gc,marking   ] GC(7) Concurrent Scan Root Regions 17.294ms
[2020-08-18T07:19:42.866+0000][7][gc,marking   ] GC(7) Concurrent Mark (6.530s)
[2020-08-18T07:19:42.866+0000][7][gc,marking   ] GC(7) Concurrent Mark From Roots
[2020-08-18T07:19:42.867+0000][7][gc,task      ] GC(7) Using 1 workers of 1 for marking
[2020-08-18T07:19:42.902+0000][7][gc,marking   ] GC(7) Concurrent Mark From Roots 36.072ms
[2020-08-18T07:19:42.903+0000][7][gc,marking   ] GC(7) Concurrent Preclean
[2020-08-18T07:19:42.904+0000][7][gc,marking   ] GC(7) Concurrent Preclean 0.508ms
[2020-08-18T07:19:42.904+0000][7][gc,marking   ] GC(7) Concurrent Mark (6.530s, 6.568s) 38.168ms
[2020-08-18T07:19:42.908+0000][7][gc,start     ] GC(7) Pause Remark
[2020-08-18T07:19:42.917+0000][7][gc           ] GC(7) Pause Remark 25M->25M(512M) 8.838ms
[2020-08-18T07:19:42.917+0000][7][gc,cpu       ] GC(7) User=0.01s Sys=0.00s Real=0.01s
[2020-08-18T07:19:42.918+0000][7][safepoint    ] Safepoint "G1Concurrent", Time since last: 59281712 ns, Reaching safepoint: 3244600 ns, At safepoint: 9877602 ns, Total: 13122202 ns
[2020-08-18T07:19:42.918+0000][7][gc,marking   ] GC(7) Concurrent Rebuild Remembered Sets
[2020-08-18T07:19:42.921+0000][7][gc,marking   ] GC(7) Concurrent Rebuild Remembered Sets 2.855ms
[2020-08-18T07:19:42.925+0000][7][gc,start     ] GC(7) Pause Cleanup
[2020-08-18T07:19:42.925+0000][7][gc           ] GC(7) Pause Cleanup 29M->29M(512M) 0.616ms
[2020-08-18T07:19:42.926+0000][7][gc,cpu       ] GC(7) User=0.00s Sys=0.00s Real=0.00s
[2020-08-18T07:19:42.926+0000][7][safepoint    ] Safepoint "G1Concurrent", Time since last: 3560901 ns, Reaching safepoint: 3598701 ns, At safepoint: 1336100 ns, Total: 4934801 ns
[2020-08-18T07:19:42.926+0000][7][gc,marking   ] GC(7) Concurrent Cleanup for Next Mark
[2020-08-18T07:19:42.928+0000][7][gc,marking   ] GC(7) Concurrent Cleanup for Next Mark 1.322ms
[2020-08-18T07:19:42.928+0000][7][gc           ] GC(7) Concurrent Cycle 82.876ms
[2020-08-18T07:19:43.470+0000][7][gc,start     ] GC(8) Pause Young (Normal) (G1 Evacuation Pause)
[2020-08-18T07:19:43.470+0000][7][gc,task      ] GC(8) Using 2 workers of 2 for evacuation
[2020-08-18T07:19:43.471+0000][7][gc,age       ] GC(8) Desired survivor size 20447232 bytes, new threshold 15 (max threshold 15)
[2020-08-18T07:19:43.492+0000][7][gc,age       ] GC(8) Age table with threshold 15 (max threshold 15)
[2020-08-18T07:19:43.492+0000][7][gc,age       ] GC(8) - age   1:    1600032 bytes,    1600032 total
[2020-08-18T07:19:43.493+0000][7][gc,age       ] GC(8) - age   2:    1920224 bytes,    3520256 total
[2020-08-18T07:19:43.493+0000][7][gc,age       ] GC(8) - age   3:    4409088 bytes,    7929344 total
[2020-08-18T07:19:43.493+0000][7][gc,age       ] GC(8) - age   4:     450488 bytes,    8379832 total
[2020-08-18T07:19:43.493+0000][7][gc,age       ] GC(8) - age   5:    3439272 bytes,   11819104 total
[2020-08-18T07:19:43.494+0000][7][gc,age       ] GC(8) - age   6:    1919984 bytes,   13739088 total
[2020-08-18T07:19:43.494+0000][7][gc,age       ] GC(8) - age   7:    1022720 bytes,   14761808 total
[2020-08-18T07:19:43.494+0000][7][gc,phases    ] GC(8)   Pre Evacuate Collection Set: 0.3ms
[2020-08-18T07:19:43.495+0000][7][gc,phases    ] GC(8)   Merge Heap Roots: 0.1ms
[2020-08-18T07:19:43.495+0000][7][gc,phases    ] GC(8)   Evacuate Collection Set: 19.8ms
[2020-08-18T07:19:43.495+0000][7][gc,phases    ] GC(8)   Post Evacuate Collection Set: 0.8ms
[2020-08-18T07:19:43.495+0000][7][gc,phases    ] GC(8)   Other: 4.0ms
[2020-08-18T07:19:43.496+0000][7][gc,heap      ] GC(8) Eden regions: 294->0(292)
[2020-08-18T07:19:43.496+0000][7][gc,heap      ] GC(8) Survivor regions: 13->15(39)
[2020-08-18T07:19:43.496+0000][7][gc,heap      ] GC(8) Old regions: 3->3
[2020-08-18T07:19:43.496+0000][7][gc,heap      ] GC(8) Archive regions: 2->2
[2020-08-18T07:19:43.497+0000][7][gc,heap      ] GC(8) Humongous regions: 1->1
[2020-08-18T07:19:43.497+0000][7][gc,metaspace ] GC(8) Metaspace: 20079K(21888K)->20079K(21888K) NonClass: 17597K(18944K)->17597K(18944K) Class: 2481K(2944K)->2481K(2944K)
[2020-08-18T07:19:43.497+0000][7][gc           ] GC(8) Pause Young (Normal) (G1 Evacuation Pause) 311M->19M(512M) 27.590ms
[2020-08-18T07:19:43.497+0000][7][gc,cpu       ] GC(8) User=0.02s Sys=0.00s Real=0.02s
[2020-08-18T07:19:43.498+0000][7][safepoint    ] Safepoint "G1CollectForAllocation", Time since last: 543194610 ns, Reaching safepoint: 190700 ns, At safepoint: 28216206 ns, Total: 28406906 ns
[2020-08-18T07:19:44.780+0000][7][safepoint    ] Safepoint "Cleanup", Time since last: 1281165019 ns, Reaching safepoint: 1135600 ns, At safepoint: 20000 ns, Total: 1155600 ns
[2020-08-18T07:19:46.000+0000][7][safepoint    ] Safepoint "ICBufferFull", Time since last: 1219872326 ns, Reaching safepoint: 310100 ns, At safepoint: 3400 ns, Total: 313500 ns
[2020-08-18T07:19:46.927+0000][7][gc,start     ] GC(9) Pause Young (Normal) (G1 Evacuation Pause)
[2020-08-18T07:19:46.928+0000][7][gc,task      ] GC(9) Using 2 workers of 2 for evacuation
[2020-08-18T07:19:46.928+0000][7][gc,age       ] GC(9) Desired survivor size 20447232 bytes, new threshold 15 (max threshold 15)
[2020-08-18T07:19:47.041+0000][7][gc,age       ] GC(9) Age table with threshold 15 (max threshold 15)
[2020-08-18T07:19:47.042+0000][7][gc,age       ] GC(9) - age   1:   17347512 bytes,   17347512 total
[2020-08-18T07:19:47.042+0000][7][gc,age       ] GC(9) - age   2:     973616 bytes,   18321128 total
[2020-08-18T07:19:47.042+0000][7][gc,age       ] GC(9) - age   3:    1907672 bytes,   20228800 total
[2020-08-18T07:19:47.043+0000][7][gc,age       ] GC(9) - age   4:    4378872 bytes,   24607672 total
[2020-08-18T07:19:47.043+0000][7][gc,age       ] GC(9) - age   5:     443264 bytes,   25050936 total
[2020-08-18T07:19:47.043+0000][7][gc,age       ] GC(9) - age   6:    3395232 bytes,   28446168 total
[2020-08-18T07:19:47.043+0000][7][gc,age       ] GC(9) - age   7:    1894744 bytes,   30340912 total
[2020-08-18T07:19:47.044+0000][7][gc,age       ] GC(9) - age   8:    1012384 bytes,   31353296 total
[2020-08-18T07:19:47.044+0000][7][gc,phases    ] GC(9)   Pre Evacuate Collection Set: 0.1ms
[2020-08-18T07:19:47.044+0000][7][gc,phases    ] GC(9)   Merge Heap Roots: 0.1ms
[2020-08-18T07:19:47.044+0000][7][gc,phases    ] GC(9)   Evacuate Collection Set: 108.2ms
[2020-08-18T07:19:47.045+0000][7][gc,phases    ] GC(9)   Post Evacuate Collection Set: 4.5ms
[2020-08-18T07:19:47.045+0000][7][gc,phases    ] GC(9)   Other: 3.9ms
[2020-08-18T07:19:47.045+0000][7][gc,heap      ] GC(9) Eden regions: 292->0(276)
[2020-08-18T07:19:47.045+0000][7][gc,heap      ] GC(9) Survivor regions: 15->31(39)
[2020-08-18T07:19:47.046+0000][7][gc,heap      ] GC(9) Old regions: 3->3
[2020-08-18T07:19:47.046+0000][7][gc,heap      ] GC(9) Archive regions: 2->2
[2020-08-18T07:19:47.046+0000][7][gc,heap      ] GC(9) Humongous regions: 1->1
[2020-08-18T07:19:47.046+0000][7][gc,metaspace ] GC(9) Metaspace: 29283K(32000K)->29283K(32000K) NonClass: 25564K(27392K)->25564K(27392K) Class: 3719K(4608K)->3719K(4608K)
[2020-08-18T07:19:47.046+0000][7][gc           ] GC(9) Pause Young (Normal) (G1 Evacuation Pause) 311M->35M(512M) 119.380ms
[2020-08-18T07:19:47.047+0000][7][gc,cpu       ] GC(9) User=0.15s Sys=0.00s Real=0.12s
[2020-08-18T07:19:47.047+0000][7][safepoint    ] Safepoint "G1CollectForAllocation", Time since last: 922624046 ns, Reaching safepoint: 4239701 ns, At safepoint: 119834632 ns, Total: 124074333 ns
[2020-08-18T07:19:48.048+0000][7][safepoint    ] Safepoint "Cleanup", Time since last: 1000705167 ns, Reaching safepoint: 303900 ns, At safepoint: 10500 ns, Total: 314400 ns
[2020-08-18T07:19:48.375+0000][7][gc,start     ] GC(10) Pause Young (Concurrent Start) (Metadata GC Threshold)
[2020-08-18T07:19:48.376+0000][7][gc,task      ] GC(10) Using 2 workers of 2 for evacuation
[2020-08-18T07:19:48.376+0000][7][gc,age       ] GC(10) Desired survivor size 20447232 bytes, new threshold 4 (max threshold 15)
[2020-08-18T07:19:48.466+0000][7][gc,age       ] GC(10) Age table with threshold 4 (max threshold 15)
[2020-08-18T07:19:48.466+0000][7][gc,age       ] GC(10) - age   1:   12213432 bytes,   12213432 total
[2020-08-18T07:19:48.467+0000][7][gc,age       ] GC(10) - age   2:   16608568 bytes,   28822000 total
[2020-08-18T07:19:48.467+0000][7][gc,age       ] GC(10) - age   3:     973616 bytes,   29795616 total
[2020-08-18T07:19:48.467+0000][7][gc,age       ] GC(10) - age   4:    1904616 bytes,   31700232 total
[2020-08-18T07:19:48.467+0000][7][gc,phases    ] GC(10)   Pre Evacuate Collection Set: 0.3ms
[2020-08-18T07:19:48.468+0000][7][gc,phases    ] GC(10)   Merge Heap Roots: 0.1ms
[2020-08-18T07:19:48.468+0000][7][gc,phases    ] GC(10)   Evacuate Collection Set: 88.1ms
[2020-08-18T07:19:48.468+0000][7][gc,phases    ] GC(10)   Post Evacuate Collection Set: 1.1ms
[2020-08-18T07:19:48.468+0000][7][gc,phases    ] GC(10)   Other: 2.7ms
[2020-08-18T07:19:48.469+0000][7][gc,heap      ] GC(10) Eden regions: 106->0(55)
[2020-08-18T07:19:48.469+0000][7][gc,heap      ] GC(10) Survivor regions: 31->31(39)
[2020-08-18T07:19:48.469+0000][7][gc,heap      ] GC(10) Old regions: 3->14
[2020-08-18T07:19:48.469+0000][7][gc,heap      ] GC(10) Archive regions: 2->2
[2020-08-18T07:19:48.469+0000][7][gc,heap      ] GC(10) Humongous regions: 1->1
[2020-08-18T07:19:48.470+0000][7][gc,metaspace ] GC(10) Metaspace: 32496K(35628K)->32496K(35628K) NonClass: 28243K(30380K)->28243K(30380K) Class: 4252K(5248K)->4252K(5248K)
[2020-08-18T07:19:48.470+0000][7][gc           ] GC(10) Pause Young (Concurrent Start) (Metadata GC Threshold) 141M->46M(512M) 94.636ms
[2020-08-18T07:19:48.470+0000][7][gc,cpu       ] GC(10) User=0.09s Sys=0.00s Real=0.10s
[2020-08-18T07:19:48.470+0000][7][gc           ] GC(11) Concurrent Cycle
[2020-08-18T07:19:48.471+0000][7][gc,marking   ] GC(11) Concurrent Clear Claimed Marks
[2020-08-18T07:19:48.472+0000][7][gc,marking   ] GC(11) Concurrent Clear Claimed Marks 0.669ms
[2020-08-18T07:19:48.472+0000][7][gc,marking   ] GC(11) Concurrent Scan Root Regions
[2020-08-18T07:19:48.472+0000][7][safepoint    ] Safepoint "CollectForMetadataAllocation", Time since last: 325070587 ns, Reaching safepoint: 2107000 ns, At safepoint: 97322426 ns, Total: 99429426 ns
[2020-08-18T07:19:48.610+0000][7][safepoint    ] Safepoint "CollectForMetadataAllocation", Time since last: 134790236 ns, Reaching safepoint: 2436701 ns, At safepoint: 465400 ns, Total: 2902101 ns
[2020-08-18T07:19:48.633+0000][7][gc,marking   ] GC(11) Concurrent Scan Root Regions 161.258ms
[2020-08-18T07:19:48.643+0000][7][gc,marking   ] GC(11) Concurrent Mark (12.307s)
[2020-08-18T07:19:48.644+0000][7][gc,marking   ] GC(11) Concurrent Mark From Roots
[2020-08-18T07:19:48.645+0000][7][gc,task      ] GC(11) Using 1 workers of 1 for marking
[2020-08-18T07:19:48.665+0000][7][gc,marking   ] GC(11) Concurrent Mark From Roots 21.020ms
[2020-08-18T07:19:48.666+0000][7][gc,marking   ] GC(11) Concurrent Preclean
[2020-08-18T07:19:48.666+0000][7][gc,marking   ] GC(11) Concurrent Preclean 0.683ms
[2020-08-18T07:19:48.667+0000][7][gc,marking   ] GC(11) Concurrent Mark (12.307s, 12.331s) 24.082ms
[2020-08-18T07:19:48.670+0000][7][gc,start     ] GC(11) Pause Remark
[2020-08-18T07:19:48.683+0000][7][gc           ] GC(11) Pause Remark 54M->54M(512M) 13.833ms
[2020-08-18T07:19:48.684+0000][7][gc,cpu       ] GC(11) User=0.02s Sys=0.00s Real=0.01s
[2020-08-18T07:19:48.685+0000][7][safepoint    ] Safepoint "G1Concurrent", Time since last: 57240215 ns, Reaching safepoint: 2208201 ns, At safepoint: 14951304 ns, Total: 17159505 ns
[2020-08-18T07:19:48.685+0000][7][gc,marking   ] GC(11) Concurrent Rebuild Remembered Sets
[2020-08-18T07:19:48.737+0000][7][gc,marking   ] GC(11) Concurrent Rebuild Remembered Sets 51.847ms
[2020-08-18T07:19:48.738+0000][7][gc,start     ] GC(11) Pause Cleanup
[2020-08-18T07:19:48.739+0000][7][gc           ] GC(11) Pause Cleanup 54M->54M(512M) 0.630ms
[2020-08-18T07:19:48.739+0000][7][gc,cpu       ] GC(11) User=0.00s Sys=0.00s Real=0.00s
[2020-08-18T07:19:48.739+0000][7][safepoint    ] Safepoint "G1Concurrent", Time since last: 52873614 ns, Reaching safepoint: 706200 ns, At safepoint: 1288000 ns, Total: 1994200 ns
[2020-08-18T07:19:48.740+0000][7][gc,marking   ] GC(11) Concurrent Cleanup for Next Mark
[2020-08-18T07:19:48.742+0000][7][gc,marking   ] GC(11) Concurrent Cleanup for Next Mark 1.946ms
[2020-08-18T07:19:48.742+0000][7][gc           ] GC(11) Concurrent Cycle 271.521ms
[2020-08-18T07:19:49.288+0000][7][gc,start     ] GC(12) Pause Young (Concurrent Start) (G1 Evacuation Pause)
[2020-08-18T07:19:49.289+0000][7][gc,task      ] GC(12) Using 2 workers of 2 for evacuation
[2020-08-18T07:19:49.290+0000][7][gc,age       ] GC(12) Desired survivor size 7864320 bytes, new threshold 1 (max threshold 15)
[2020-08-18T07:19:49.449+0000][7][gc,age       ] GC(12) Age table with threshold 1 (max threshold 15)
[2020-08-18T07:19:49.451+0000][7][gc,age       ] GC(12) - age   1:     978296 bytes,     978296 total
[2020-08-18T07:19:49.451+0000][7][gc,phases    ] GC(12)   Pre Evacuate Collection Set: 0.7ms
[2020-08-18T07:19:49.452+0000][7][gc,phases    ] GC(12)   Merge Heap Roots: 0.4ms
[2020-08-18T07:19:49.453+0000][7][gc,phases    ] GC(12)   Evacuate Collection Set: 152.6ms
[2020-08-18T07:19:49.453+0000][7][gc,phases    ] GC(12)   Post Evacuate Collection Set: 5.0ms
[2020-08-18T07:19:49.454+0000][7][gc,phases    ] GC(12)   Other: 4.4ms
[2020-08-18T07:19:49.454+0000][7][gc,heap      ] GC(12) Eden regions: 85->0(180)
[2020-08-18T07:19:49.454+0000][7][gc,heap      ] GC(12) Survivor regions: 31->2(15)
[2020-08-18T07:19:49.455+0000][7][gc,heap      ] GC(12) Old regions: 14->45
[2020-08-18T07:19:49.455+0000][7][gc,heap      ] GC(12) Archive regions: 2->2
[2020-08-18T07:19:49.456+0000][7][gc,heap      ] GC(12) Humongous regions: 1->1
[2020-08-18T07:19:49.457+0000][7][gc,metaspace ] GC(12) Metaspace: 34655K(37932K)->34655K(37932K) NonClass: 30148K(32428K)->30148K(32428K) Class: 4507K(5504K)->4507K(5504K)
[2020-08-18T07:19:49.458+0000][7][gc           ] GC(12) Pause Young (Concurrent Start) (G1 Evacuation Pause) 131M->47M(512M) 169.435ms
[2020-08-18T07:19:49.459+0000][7][gc,cpu       ] GC(12) User=0.16s Sys=0.00s Real=0.17s
[2020-08-18T07:19:49.460+0000][7][gc           ] GC(13) Concurrent Cycle
[2020-08-18T07:19:49.462+0000][7][gc,marking   ] GC(13) Concurrent Clear Claimed Marks
[2020-08-18T07:19:49.463+0000][7][gc,marking   ] GC(13) Concurrent Clear Claimed Marks 1.655ms
[2020-08-18T07:19:49.464+0000][7][gc,marking   ] GC(13) Concurrent Scan Root Regions
[2020-08-18T07:19:49.467+0000][7][safepoint    ] Safepoint "G1CollectForAllocation", Time since last: 548844447 ns, Reaching safepoint: 181700 ns, At safepoint: 178193447 ns, Total: 178375147 ns
[2020-08-18T07:19:49.663+0000][7][gc,marking   ] GC(13) Concurrent Scan Root Regions 199.074ms
[2020-08-18T07:19:49.663+0000][7][gc,marking   ] GC(13) Concurrent Mark (13.327s)
[2020-08-18T07:19:49.664+0000][7][gc,marking   ] GC(13) Concurrent Mark From Roots
[2020-08-18T07:19:49.664+0000][7][gc,task      ] GC(13) Using 1 workers of 1 for marking
[2020-08-18T07:19:49.770+0000][7][gc,marking   ] GC(13) Concurrent Mark From Roots 106.690ms
[2020-08-18T07:19:49.771+0000][7][gc,marking   ] GC(13) Concurrent Preclean
[2020-08-18T07:19:49.772+0000][7][gc,marking   ] GC(13) Concurrent Preclean 0.819ms
[2020-08-18T07:19:49.772+0000][7][gc,marking   ] GC(13) Concurrent Mark (13.327s, 13.437s) 109.091ms
[2020-08-18T07:19:49.774+0000][7][gc,start     ] GC(13) Pause Remark
[2020-08-18T07:19:49.797+0000][7][gc           ] GC(13) Pause Remark 79M->79M(512M) 23.077ms
[2020-08-18T07:19:49.798+0000][7][gc,cpu       ] GC(13) User=0.02s Sys=0.00s Real=0.02s
[2020-08-18T07:19:49.798+0000][7][safepoint    ] Safepoint "G1Concurrent", Time since last: 306863182 ns, Reaching safepoint: 605900 ns, At safepoint: 24193907 ns, Total: 24799807 ns
[2020-08-18T07:19:49.799+0000][7][gc,marking   ] GC(13) Concurrent Rebuild Remembered Sets
[2020-08-18T07:19:49.802+0000][7][safepoint    ] Safepoint "BulkRevokeBias", Time since last: 2810700 ns, Reaching safepoint: 953301 ns, At safepoint: 155800 ns, Total: 1109101 ns
[2020-08-18T07:19:50.062+0000][7][gc,marking   ] GC(13) Concurrent Rebuild Remembered Sets 262.776ms
[2020-08-18T07:19:50.063+0000][7][gc,start     ] GC(13) Pause Cleanup
[2020-08-18T07:19:50.063+0000][7][gc           ] GC(13) Pause Cleanup 81M->81M(512M) 0.762ms
[2020-08-18T07:19:50.064+0000][7][gc,cpu       ] GC(13) User=0.00s Sys=0.00s Real=0.00s
[2020-08-18T07:19:50.064+0000][7][safepoint    ] Safepoint "G1Concurrent", Time since last: 260057169 ns, Reaching safepoint: 272200 ns, At safepoint: 1726101 ns, Total: 1998301 ns
[2020-08-18T07:19:50.065+0000][7][gc,marking   ] GC(13) Concurrent Cleanup for Next Mark
[2020-08-18T07:19:50.071+0000][7][gc,marking   ] GC(13) Concurrent Cleanup for Next Mark 5.921ms
[2020-08-18T07:19:50.071+0000][7][gc           ] GC(13) Concurrent Cycle 611.260ms
[2020-08-18T07:19:51.226+0000][7][safepoint    ] Safepoint "Cleanup", Time since last: 1155683708 ns, Reaching safepoint: 6242701 ns, At safepoint: 58900 ns, Total: 6301601 ns
[2020-08-18T07:19:52.308+0000][7][safepoint    ] Safepoint "Cleanup", Time since last: 1080918999 ns, Reaching safepoint: 373801 ns, At safepoint: 2900 ns, Total: 376701 ns
[2020-08-18T07:19:53.767+0000][7][safepoint    ] Safepoint "Cleanup", Time since last: 1452136522 ns, Reaching safepoint: 7629702 ns, At safepoint: 8800 ns, Total: 7638502 ns
[2020-08-18T07:19:54.525+0000][7][gc,start     ] GC(14) Pause Young (Normal) (G1 Evacuation Pause)
[2020-08-18T07:19:54.525+0000][7][gc,task      ] GC(14) Using 2 workers of 2 for evacuation
[2020-08-18T07:19:54.526+0000][7][gc,age       ] GC(14) Desired survivor size 12582912 bytes, new threshold 15 (max threshold 15)
[2020-08-18T07:19:54.618+0000][7][gc,age       ] GC(14) Age table with threshold 15 (max threshold 15)
[2020-08-18T07:19:54.618+0000][7][gc,age       ] GC(14) - age   1:    9133800 bytes,    9133800 total
[2020-08-18T07:19:54.618+0000][7][gc,age       ] GC(14) - age   2:     919256 bytes,   10053056 total
[2020-08-18T07:19:54.619+0000][7][gc,phases    ] GC(14)   Pre Evacuate Collection Set: 0.1ms
[2020-08-18T07:19:54.619+0000][7][gc,phases    ] GC(14)   Merge Heap Roots: 0.3ms
[2020-08-18T07:19:54.620+0000][7][gc,phases    ] GC(14)   Evacuate Collection Set: 84.8ms
[2020-08-18T07:19:54.620+0000][7][gc,phases    ] GC(14)   Post Evacuate Collection Set: 6.3ms
[2020-08-18T07:19:54.621+0000][7][gc,phases    ] GC(14)   Other: 2.9ms
[2020-08-18T07:19:54.621+0000][7][gc,heap      ] GC(14) Eden regions: 190->0(158)
[2020-08-18T07:19:54.622+0000][7][gc,heap      ] GC(14) Survivor regions: 2->10(24)
[2020-08-18T07:19:54.622+0000][7][gc,heap      ] GC(14) Old regions: 45->45
[2020-08-18T07:19:54.623+0000][7][gc,heap      ] GC(14) Archive regions: 2->2
[2020-08-18T07:19:54.623+0000][7][gc,heap      ] GC(14) Humongous regions: 1->1
[2020-08-18T07:19:54.624+0000][7][gc,metaspace ] GC(14) Metaspace: 52641K(57900K)->52641K(57900K) NonClass: 45478K(48812K)->45478K(48812K) Class: 7162K(9088K)->7162K(9088K)
[2020-08-18T07:19:54.624+0000][7][gc           ] GC(14) Pause Young (Normal) (G1 Evacuation Pause) 237M->56M(512M) 99.444ms
[2020-08-18T07:19:54.624+0000][7][gc,cpu       ] GC(14) User=0.09s Sys=0.00s Real=0.10s
[2020-08-18T07:19:54.625+0000][7][safepoint    ] Safepoint "G1CollectForAllocation", Time since last: 757149420 ns, Reaching safepoint: 102400 ns, At safepoint: 100262930 ns, Total: 100365330 ns
[2020-08-18T07:19:54.644+0000][7][safepoint    ] Safepoint "BulkRevokeBias", Time since last: 13529404 ns, Reaching safepoint: 5658201 ns, At safepoint: 179800 ns, Total: 5838001 ns
[2020-08-18T07:19:55.335+0000][7][safepoint    ] Safepoint "BulkRevokeBias", Time since last: 689827001 ns, Reaching safepoint: 529200 ns, At safepoint: 131700 ns, Total: 660900 ns
[2020-08-18T07:19:55.355+0000][7][safepoint    ] Safepoint "BulkRevokeBias", Time since last: 20300206 ns, Reaching safepoint: 65400 ns, At safepoint: 90900 ns, Total: 156300 ns
[2020-08-18T07:19:55.952+0000][7][gc,start     ] GC(15) Pause Young (Concurrent Start) (Metadata GC Threshold)
[2020-08-18T07:19:55.953+0000][7][gc,task      ] GC(15) Using 2 workers of 2 for evacuation
[2020-08-18T07:19:55.953+0000][7][gc,age       ] GC(15) Desired survivor size 11010048 bytes, new threshold 15 (max threshold 15)
[2020-08-18T07:19:55.991+0000][7][gc,age       ] GC(15) Age table with threshold 15 (max threshold 15)
[2020-08-18T07:19:55.992+0000][7][gc,age       ] GC(15) - age   1:    1395024 bytes,    1395024 total
[2020-08-18T07:19:55.993+0000][7][gc,age       ] GC(15) - age   2:    8927592 bytes,   10322616 total
[2020-08-18T07:19:55.993+0000][7][gc,age       ] GC(15) - age   3:     917880 bytes,   11240496 total
[2020-08-18T07:19:55.994+0000][7][gc,phases    ] GC(15)   Pre Evacuate Collection Set: 0.5ms
[2020-08-18T07:19:55.994+0000][7][gc,phases    ] GC(15)   Merge Heap Roots: 0.2ms
[2020-08-18T07:19:55.994+0000][7][gc,phases    ] GC(15)   Evacuate Collection Set: 32.0ms
[2020-08-18T07:19:55.995+0000][7][gc,phases    ] GC(15)   Post Evacuate Collection Set: 5.1ms
[2020-08-18T07:19:55.995+0000][7][gc,phases    ] GC(15)   Other: 3.6ms
[2020-08-18T07:19:55.997+0000][7][gc,heap      ] GC(15) Eden regions: 92->0(186)
[2020-08-18T07:19:55.997+0000][7][gc,heap      ] GC(15) Survivor regions: 10->11(21)
[2020-08-18T07:19:55.997+0000][7][gc,heap      ] GC(15) Old regions: 45->45
[2020-08-18T07:19:55.998+0000][7][gc,heap      ] GC(15) Archive regions: 2->2
[2020-08-18T07:19:55.998+0000][7][gc,heap      ] GC(15) Humongous regions: 1->1
[2020-08-18T07:19:55.998+0000][7][gc,metaspace ] GC(15) Metaspace: 57900K(63220K)->57900K(63220K) NonClass: 49927K(53164K)->49927K(53164K) Class: 7972K(10056K)->7972K(10056K)
[2020-08-18T07:19:55.999+0000][7][gc           ] GC(15) Pause Young (Concurrent Start) (Metadata GC Threshold) 147M->57M(512M) 46.375ms
[2020-08-18T07:19:55.999+0000][7][gc,cpu       ] GC(15) User=0.03s Sys=0.01s Real=0.05s
[2020-08-18T07:19:55.999+0000][7][gc           ] GC(16) Concurrent Cycle
[2020-08-18T07:19:56.000+0000][7][gc,marking   ] GC(16) Concurrent Clear Claimed Marks
[2020-08-18T07:19:56.001+0000][7][gc,marking   ] GC(16) Concurrent Clear Claimed Marks 1.645ms
[2020-08-18T07:19:56.002+0000][7][gc,marking   ] GC(16) Concurrent Scan Root Regions
[2020-08-18T07:19:55.999+0000][7][safepoint    ] Safepoint "CollectForMetadataAllocation", Time since last: 596162374 ns, Reaching safepoint: 988900 ns, At safepoint: 47146614 ns, Total: 48135514 ns
[2020-08-18T07:19:56.020+0000][7][gc,marking   ] GC(16) Concurrent Scan Root Regions 17.817ms
[2020-08-18T07:19:56.020+0000][7][gc,marking   ] GC(16) Concurrent Mark (19.684s)
[2020-08-18T07:19:56.020+0000][7][gc,marking   ] GC(16) Concurrent Mark From Roots
[2020-08-18T07:19:56.021+0000][7][gc,task      ] GC(16) Using 1 workers of 1 for marking
[2020-08-18T07:19:56.062+0000][7][safepoint    ] Safepoint "CollectForMetadataAllocation", Time since last: 62757118 ns, Reaching safepoint: 98100 ns, At safepoint: 121200 ns, Total: 219300 ns
[2020-08-18T07:19:56.107+0000][7][gc,marking   ] GC(16) Concurrent Mark From Roots 86.632ms
[2020-08-18T07:19:56.108+0000][7][gc,marking   ] GC(16) Concurrent Preclean
[2020-08-18T07:19:56.109+0000][7][gc,marking   ] GC(16) Concurrent Preclean 1.169ms
[2020-08-18T07:19:56.110+0000][7][gc,marking   ] GC(16) Concurrent Mark (19.684s, 19.774s) 89.804ms
[2020-08-18T07:19:56.111+0000][7][gc,start     ] GC(16) Pause Remark
[2020-08-18T07:19:56.122+0000][7][gc           ] GC(16) Pause Remark 61M->61M(512M) 10.611ms
[2020-08-18T07:19:56.123+0000][7][gc,cpu       ] GC(16) User=0.01s Sys=0.00s Real=0.01s
[2020-08-18T07:19:56.123+0000][7][safepoint    ] Safepoint "G1Concurrent", Time since last: 48210914 ns, Reaching safepoint: 622900 ns, At safepoint: 12082304 ns, Total: 12705204 ns
[2020-08-18T07:19:56.124+0000][7][gc,marking   ] GC(16) Concurrent Rebuild Remembered Sets
[2020-08-18T07:19:56.206+0000][7][gc,marking   ] GC(16) Concurrent Rebuild Remembered Sets 82.282ms
[2020-08-18T07:19:56.208+0000][7][gc,start     ] GC(16) Pause Cleanup
[2020-08-18T07:19:56.208+0000][7][gc           ] GC(16) Pause Cleanup 63M->63M(512M) 0.681ms
[2020-08-18T07:19:56.209+0000][7][gc,cpu       ] GC(16) User=0.00s Sys=0.00s Real=0.01s
[2020-08-18T07:19:56.209+0000][7][safepoint    ] Safepoint "G1Concurrent", Time since last: 83301024 ns, Reaching safepoint: 1017900 ns, At safepoint: 1398900 ns, Total: 2416800 ns
[2020-08-18T07:19:56.209+0000][7][gc,marking   ] GC(16) Concurrent Cleanup for Next Mark
[2020-08-18T07:19:56.211+0000][7][gc,marking   ] GC(16) Concurrent Cleanup for Next Mark 1.337ms
[2020-08-18T07:19:56.211+0000][7][gc           ] GC(16) Concurrent Cycle 211.710ms
[2020-08-18T07:19:56.292+0000][7][safepoint    ] Safepoint "BulkRevokeBias", Time since last: 82570625 ns, Reaching safepoint: 115500 ns, At safepoint: 67900 ns, Total: 183400 ns
[2020-08-18T07:19:57.300+0000][7][safepoint    ] Safepoint "Cleanup", Time since last: 1000791591 ns, Reaching safepoint: 7598602 ns, At safepoint: 11800 ns, Total: 7610402 ns
[2020-08-18T07:19:58.899+0000][7][safepoint    ] Safepoint "Cleanup", Time since last: 1598248365 ns, Reaching safepoint: 137900 ns, At safepoint: 3000 ns, Total: 140900 ns
[2020-08-18T07:19:59.900+0000][7][safepoint    ] Safepoint "Cleanup", Time since last: 1000764288 ns, Reaching safepoint: 193500 ns, At safepoint: 4100 ns, Total: 197600 ns
[2020-08-18T07:20:01.003+0000][7][safepoint    ] Safepoint "Cleanup", Time since last: 1100367910 ns, Reaching safepoint: 3178200 ns, At safepoint: 5000 ns, Total: 3183200 ns
[2020-08-18T07:20:02.027+0000][7][safepoint    ] Safepoint "ICBufferFull", Time since last: 1023101495 ns, Reaching safepoint: 535300 ns, At safepoint: 11400 ns, Total: 546700 ns
[2020-08-18T07:20:02.306+0000][7][safepoint    ] Safepoint "BulkRevokeBias", Time since last: 278633153 ns, Reaching safepoint: 148300 ns, At safepoint: 387100 ns, Total: 535400 ns
[2020-08-18T07:20:02.508+0000][7][gc,start     ] GC(17) Pause Young (Concurrent Start) (G1 Evacuation Pause)
[2020-08-18T07:20:02.509+0000][7][gc,task      ] GC(17) Using 2 workers of 2 for evacuation
[2020-08-18T07:20:02.509+0000][7][gc,age       ] GC(17) Desired survivor size 14155776 bytes, new threshold 15 (max threshold 15)
[2020-08-18T07:20:02.553+0000][7][gc,age       ] GC(17) Age table with threshold 15 (max threshold 15)
[2020-08-18T07:20:02.554+0000][7][gc,age       ] GC(17) - age   1:    6957008 bytes,    6957008 total
[2020-08-18T07:20:02.554+0000][7][gc,age       ] GC(17) - age   2:    1288112 bytes,    8245120 total
[2020-08-18T07:20:02.554+0000][7][gc,age       ] GC(17) - age   3:    8779088 bytes,   17024208 total
[2020-08-18T07:20:02.555+0000][7][gc,age       ] GC(17) - age   4:     814832 bytes,   17839040 total
[2020-08-18T07:20:02.555+0000][7][gc,phases    ] GC(17)   Pre Evacuate Collection Set: 0.8ms
[2020-08-18T07:20:02.555+0000][7][gc,phases    ] GC(17)   Merge Heap Roots: 0.2ms
[2020-08-18T07:20:02.556+0000][7][gc,phases    ] GC(17)   Evacuate Collection Set: 39.5ms
[2020-08-18T07:20:02.556+0000][7][gc,phases    ] GC(17)   Post Evacuate Collection Set: 3.1ms
[2020-08-18T07:20:02.556+0000][7][gc,phases    ] GC(17)   Other: 3.1ms
[2020-08-18T07:20:02.557+0000][7][gc,heap      ] GC(17) Eden regions: 203->0(200)
[2020-08-18T07:20:02.557+0000][7][gc,heap      ] GC(17) Survivor regions: 11->18(27)
[2020-08-18T07:20:02.557+0000][7][gc,heap      ] GC(17) Old regions: 45->45
[2020-08-18T07:20:02.557+0000][7][gc,heap      ] GC(17) Archive regions: 2->2
[2020-08-18T07:20:02.558+0000][7][gc,heap      ] GC(17) Humongous regions: 1->1
[2020-08-18T07:20:02.558+0000][7][gc,metaspace ] GC(17) Metaspace: 78334K(85056K)->78334K(85056K) NonClass: 67620K(71544K)->67620K(71544K) Class: 10713K(13512K)->10713K(13512K)
[2020-08-18T07:20:02.558+0000][7][gc           ] GC(17) Pause Young (Concurrent Start) (G1 Evacuation Pause) 260M->63M(512M) 50.055ms
[2020-08-18T07:20:02.559+0000][7][gc,cpu       ] GC(17) User=0.05s Sys=0.00s Real=0.05s
[2020-08-18T07:20:02.559+0000][7][safepoint    ] Safepoint "G1CollectForAllocation", Time since last: 202211239 ns, Reaching safepoint: 151900 ns, At safepoint: 50617110 ns, Total: 50769010 ns
[2020-08-18T07:20:02.559+0000][7][gc           ] GC(18) Concurrent Cycle
[2020-08-18T07:20:02.562+0000][7][gc,marking   ] GC(18) Concurrent Clear Claimed Marks
[2020-08-18T07:20:02.564+0000][7][gc,marking   ] GC(18) Concurrent Clear Claimed Marks 1.378ms
[2020-08-18T07:20:02.564+0000][7][gc,marking   ] GC(18) Concurrent Scan Root Regions
[2020-08-18T07:20:02.661+0000][7][gc,marking   ] GC(18) Concurrent Scan Root Regions 96.446ms
[2020-08-18T07:20:02.661+0000][7][gc,marking   ] GC(18) Concurrent Mark (26.325s)
[2020-08-18T07:20:02.662+0000][7][gc,marking   ] GC(18) Concurrent Mark From Roots
[2020-08-18T07:20:02.662+0000][7][gc,task      ] GC(18) Using 1 workers of 1 for marking
[2020-08-18T07:20:02.896+0000][7][gc,marking   ] GC(18) Concurrent Mark From Roots 234.822ms
[2020-08-18T07:20:02.897+0000][7][gc,marking   ] GC(18) Concurrent Preclean
[2020-08-18T07:20:02.897+0000][7][gc,marking   ] GC(18) Concurrent Preclean 0.489ms
[2020-08-18T07:20:02.898+0000][7][gc,marking   ] GC(18) Concurrent Mark (26.325s, 26.562s) 236.429ms
[2020-08-18T07:20:02.898+0000][7][gc,start     ] GC(18) Pause Remark
[2020-08-18T07:20:02.906+0000][7][gc           ] GC(18) Pause Remark 75M->75M(512M) 7.491ms
[2020-08-18T07:20:02.906+0000][7][gc,cpu       ] GC(18) User=0.01s Sys=0.00s Real=0.00s
[2020-08-18T07:20:02.906+0000][7][safepoint    ] Safepoint "G1Concurrent", Time since last: 338942264 ns, Reaching safepoint: 208700 ns, At safepoint: 8397202 ns, Total: 8605902 ns
[2020-08-18T07:20:02.907+0000][7][gc,marking   ] GC(18) Concurrent Rebuild Remembered Sets
[2020-08-18T07:20:03.082+0000][7][gc,marking   ] GC(18) Concurrent Rebuild Remembered Sets 174.824ms
[2020-08-18T07:20:03.083+0000][7][gc,start     ] GC(18) Pause Cleanup
[2020-08-18T07:20:03.084+0000][7][gc           ] GC(18) Pause Cleanup 84M->84M(512M) 0.582ms
[2020-08-18T07:20:03.084+0000][7][gc,cpu       ] GC(18) User=0.00s Sys=0.00s Real=0.00s
[2020-08-18T07:20:03.084+0000][7][safepoint    ] Safepoint "G1Concurrent", Time since last: 175678233 ns, Reaching safepoint: 1196100 ns, At safepoint: 1133601 ns, Total: 2329701 ns
[2020-08-18T07:20:03.085+0000][7][gc,marking   ] GC(18) Concurrent Cleanup for Next Mark
[2020-08-18T07:20:03.086+0000][7][gc,marking   ] GC(18) Concurrent Cleanup for Next Mark 1.301ms
[2020-08-18T07:20:03.086+0000][7][gc           ] GC(18) Concurrent Cycle 527.135ms
[2020-08-18T07:20:04.253+0000][7][safepoint    ] Safepoint "BulkRevokeBias", Time since last: 1165340722 ns, Reaching safepoint: 124900 ns, At safepoint: 3041200 ns, Total: 3166100 ns
[2020-08-18T07:20:04.269+0000][7][safepoint    ] Safepoint "BulkRevokeBias", Time since last: 16110003 ns, Reaching safepoint: 70800 ns, At safepoint: 188500 ns, Total: 259300 ns
[2020-08-18T07:20:05.505+0000][7][safepoint    ] Safepoint "Cleanup", Time since last: 1235803736 ns, Reaching safepoint: 166200 ns, At safepoint: 5300 ns, Total: 171500 ns
[2020-08-18T07:20:06.506+0000][7][safepoint    ] Safepoint "Cleanup", Time since last: 1000769690 ns, Reaching safepoint: 72400 ns, At safepoint: 2700 ns, Total: 75100 ns
[2020-08-18T07:20:09.508+0000][7][safepoint    ] Safepoint "Cleanup", Time since last: 3001266019 ns, Reaching safepoint: 116700 ns, At safepoint: 3100 ns, Total: 119800 ns
[2020-08-18T07:20:10.509+0000][7][safepoint    ] Safepoint "Cleanup", Time since last: 1001619959 ns, Reaching safepoint: 243400 ns, At safepoint: 11800 ns, Total: 255200 ns
[2020-08-18T07:20:13.512+0000][7][safepoint    ] Safepoint "Cleanup", Time since last: 3002300374 ns, Reaching safepoint: 76600 ns, At safepoint: 2200 ns, Total: 78800 ns
[2020-08-18T07:20:25.514+0000][7][safepoint    ] Safepoint "Cleanup", Time since last: 12002000676 ns, Reaching safepoint: 98800 ns, At safepoint: 2400 ns, Total: 101200 ns
[2020-08-18T07:20:26.515+0000][7][safepoint    ] Safepoint "Cleanup", Time since last: 1000691983 ns, Reaching safepoint: 75000 ns, At safepoint: 2900 ns, Total: 77900 ns
[2020-08-18T07:20:30.516+0000][7][safepoint    ] Safepoint "Cleanup", Time since last: 4001286632 ns, Reaching safepoint: 433100 ns, At safepoint: 11200 ns, Total: 444300 ns
[2020-08-18T07:20:31.519+0000][7][safepoint    ] Safepoint "Cleanup", Time since last: 1002158883 ns, Reaching safepoint: 141700 ns, At safepoint: 7000 ns, Total: 148700 ns
[2020-08-18T07:20:33.520+0000][7][safepoint    ] Safepoint "Cleanup", Time since last: 2000972405 ns, Reaching safepoint: 90800 ns, At safepoint: 4600 ns, Total: 95400 ns
[2020-08-18T07:20:35.521+0000][7][safepoint    ] Safepoint "Cleanup", Time since last: 2001051514 ns, Reaching safepoint: 398000 ns, At safepoint: 65900 ns, Total: 463900 ns
[2020-08-18T07:20:40.084+0000][7][safepoint    ] Safepoint "Cleanup", Time since last: 4562532846 ns, Reaching safepoint: 122900 ns, At safepoint: 3300 ns, Total: 126200 ns
[2020-08-18T07:20:43.085+0000][7][safepoint    ] Safepoint "Cleanup", Time since last: 3001134396 ns, Reaching safepoint: 103200 ns, At safepoint: 3100 ns, Total: 106300 ns
[2020-08-18T07:20:46.087+0000][7][safepoint    ] Safepoint "Cleanup", Time since last: 3001305796 ns, Reaching safepoint: 169700 ns, At safepoint: 3400 ns, Total: 173100 ns
[2020-08-18T07:20:47.088+0000][7][safepoint    ] Safepoint "Cleanup", Time since last: 1000989599 ns, Reaching safepoint: 518900 ns, At safepoint: 21300 ns, Total: 540200 ns
[2020-08-18T07:20:51.092+0000][7][safepoint    ] Safepoint "Cleanup", Time since last: 4003707174 ns, Reaching safepoint: 446600 ns, At safepoint: 11800 ns, Total: 458400 ns
[2020-08-18T07:20:53.097+0000][7][safepoint    ] Safepoint "Cleanup", Time since last: 2003804457 ns, Reaching safepoint: 495100 ns, At safepoint: 12600 ns, Total: 507700 ns
[2020-08-18T07:20:55.100+0000][7][safepoint    ] Safepoint "Cleanup", Time since last: 2002722157 ns, Reaching safepoint: 126100 ns, At safepoint: 2900 ns, Total: 129000 ns
[2020-08-18T07:21:01.101+0000][7][safepoint    ] Safepoint "Cleanup", Time since last: 6001526101 ns, Reaching safepoint: 119700 ns, At safepoint: 3400 ns, Total: 123100 ns
[2020-08-18T07:21:03.103+0000][7][safepoint    ] Safepoint "Cleanup", Time since last: 2001165174 ns, Reaching safepoint: 242200 ns, At safepoint: 7500 ns, Total: 249700 ns
[2020-08-18T07:21:09.106+0000][7][safepoint    ] Safepoint "Cleanup", Time since last: 6003061094 ns, Reaching safepoint: 605000 ns, At safepoint: 14300 ns, Total: 619300 ns
[2020-08-18T07:21:11.111+0000][7][safepoint    ] Safepoint "Cleanup", Time since last: 2003875897 ns, Reaching safepoint: 380100 ns, At safepoint: 12800 ns, Total: 392900 ns
[2020-08-18T07:21:16.115+0000][7][safepoint    ] Safepoint "Cleanup", Time since last: 5004057326 ns, Reaching safepoint: 85700 ns, At safepoint: 2700 ns, Total: 88400 ns
[2020-08-18T07:21:19.117+0000][7][safepoint    ] Safepoint "Cleanup", Time since last: 3001515043 ns, Reaching safepoint: 339800 ns, At safepoint: 10900 ns, Total: 350700 ns
[2020-08-18T07:21:20.120+0000][7][safepoint    ] Safepoint "Cleanup", Time since last: 1002884590 ns, Reaching safepoint: 528091 ns, At safepoint: 20499 ns, Total: 548590 ns
[2020-08-18T07:21:25.123+0000][7][safepoint    ] Safepoint "Cleanup", Time since last: 5003082131 ns, Reaching safepoint: 155600 ns, At safepoint: 3400 ns, Total: 159000 ns
[2020-08-18T07:21:32.859+0000][7][safepoint    ] Safepoint "Cleanup", Time since last: 7735682305 ns, Reaching safepoint: 123700 ns, At safepoint: 3200 ns, Total: 126900 ns
[2020-08-18T07:21:33.860+0000][7][safepoint    ] Safepoint "Cleanup", Time since last: 1000781791 ns, Reaching safepoint: 621400 ns, At safepoint: 22400 ns, Total: 643800 ns
[2020-08-18T07:21:39.832+0000][7][safepoint    ] Safepoint "Cleanup", Time since last: 5971660671 ns, Reaching safepoint: 355700 ns, At safepoint: 15900 ns, Total: 371600 ns
[2020-08-18T07:21:40.834+0000][7][safepoint    ] Safepoint "Cleanup", Time since last: 1001695272 ns, Reaching safepoint: 295099 ns, At safepoint: 11600 ns, Total: 306699 ns
[2020-08-18T07:21:42.837+0000][7][safepoint    ] Safepoint "Cleanup", Time since last: 2002664844 ns, Reaching safepoint: 293500 ns, At safepoint: 10500 ns, Total: 304000 ns
[2020-08-18T07:21:47.841+0000][7][safepoint    ] Safepoint "Cleanup", Time since last: 5002834130 ns, Reaching safepoint: 510100 ns, At safepoint: 14400 ns, Total: 524500 ns
[2020-08-18T07:21:49.844+0000][7][safepoint    ] Safepoint "Cleanup", Time since last: 2003489682 ns, Reaching safepoint: 147300 ns, At safepoint: 5300 ns, Total: 152600 ns
[2020-08-18T07:21:57.848+0000][7][safepoint    ] Safepoint "Cleanup", Time since last: 8003368608 ns, Reaching safepoint: 194000 ns, At safepoint: 4100 ns, Total: 198100 ns
[2020-08-18T07:21:58.849+0000][7][safepoint    ] Safepoint "Cleanup", Time since last: 1001093877 ns, Reaching safepoint: 145700 ns, At safepoint: 6300 ns, Total: 152000 ns
[2020-08-18T07:21:59.851+0000][7][safepoint    ] Safepoint "Cleanup", Time since last: 1000972476 ns, Reaching safepoint: 449700 ns, At safepoint: 11700 ns, Total: 461400 ns
[2020-08-18T07:22:02.855+0000][7][safepoint    ] Safepoint "Cleanup", Time since last: 3004120598 ns, Reaching safepoint: 487400 ns, At safepoint: 14100 ns, Total: 501500 ns
[2020-08-18T07:22:08.861+0000][7][safepoint    ] Safepoint "Cleanup", Time since last: 6004767620 ns, Reaching safepoint: 391400 ns, At safepoint: 12000 ns, Total: 403400 ns
[2020-08-18T07:22:12.865+0000][7][safepoint    ] Safepoint "Cleanup", Time since last: 4004013430 ns, Reaching safepoint: 493000 ns, At safepoint: 13100 ns, Total: 506100 ns
[2020-08-18T07:22:14.868+0000][7][safepoint    ] Safepoint "Cleanup", Time since last: 2003177216 ns, Reaching safepoint: 285600 ns, At safepoint: 9500 ns, Total: 295100 ns
[2020-08-18T07:22:35.877+0000][7][safepoint    ] Safepoint "Cleanup", Time since last: 21007987612 ns, Reaching safepoint: 454700 ns, At safepoint: 24700 ns, Total: 479400 ns
[2020-08-18T07:22:38.883+0000][7][safepoint    ] Safepoint "Cleanup", Time since last: 3004858794 ns, Reaching safepoint: 1607301 ns, At safepoint: 21000 ns, Total: 1628301 ns
[2020-08-18T07:22:39.886+0000][7][safepoint    ] Safepoint "Cleanup", Time since last: 1002086298 ns, Reaching safepoint: 125400 ns, At safepoint: 3800 ns, Total: 129200 ns
[2020-08-18T07:22:40.887+0000][7][safepoint    ] Safepoint "Cleanup", Time since last: 1001154787 ns, Reaching safepoint: 384700 ns, At safepoint: 11600 ns, Total: 396300 ns
[2020-08-18T07:22:53.895+0000][7][safepoint    ] Safepoint "Cleanup", Time since last: 13006766468 ns, Reaching safepoint: 670400 ns, At safepoint: 18400 ns, Total: 688800 ns
[2020-08-18T07:22:55.898+0000][7][safepoint    ] Safepoint "Cleanup", Time since last: 2003037422 ns, Reaching safepoint: 441700 ns, At safepoint: 8200 ns, Total: 449900 ns
[2020-08-18T07:23:02.903+0000][7][safepoint    ] Safepoint "Cleanup", Time since last: 7003807340 ns, Reaching safepoint: 657900 ns, At safepoint: 11600 ns, Total: 669500 ns
[2020-08-18T07:23:11.907+0000][7][safepoint    ] Safepoint "Cleanup", Time since last: 9004023396 ns, Reaching safepoint: 579000 ns, At safepoint: 11900 ns, Total: 590900 ns
[2020-08-18T07:23:12.910+0000][7][safepoint    ] Safepoint "Cleanup", Time since last: 1002647456 ns, Reaching safepoint: 446300 ns, At safepoint: 13500 ns, Total: 459800 ns
[2020-08-18T07:23:15.914+0000][7][safepoint    ] Safepoint "Cleanup", Time since last: 3003345134 ns, Reaching safepoint: 131300 ns, At safepoint: 3300 ns, Total: 134600 ns
[2020-08-18T07:23:25.918+0000][7][safepoint    ] Safepoint "Cleanup", Time since last: 10003899448 ns, Reaching safepoint: 502400 ns, At safepoint: 12300 ns, Total: 514700 ns
[2020-08-18T07:23:30.922+0000][7][safepoint    ] Safepoint "Cleanup", Time since last: 5003878813 ns, Reaching safepoint: 131000 ns, At safepoint: 3500 ns, Total: 134500 ns
[2020-08-18T07:23:32.924+0000][7][safepoint    ] Safepoint "Cleanup", Time since last: 2001118926 ns, Reaching safepoint: 398600 ns, At safepoint: 11400 ns, Total: 410000 ns
[2020-08-18T07:23:55.932+0000][7][safepoint    ] Safepoint "Cleanup", Time since last: 23007939498 ns, Reaching safepoint: 649800 ns, At safepoint: 15400 ns, Total: 665200 ns
[2020-08-18T07:24:02.937+0000][7][safepoint    ] Safepoint "Cleanup", Time since last: 7003959370 ns, Reaching safepoint: 329500 ns, At safepoint: 9000 ns, Total: 338500 ns
[2020-08-18T07:24:25.944+0000][7][safepoint    ] Safepoint "Cleanup", Time since last: 23007131999 ns, Reaching safepoint: 586000 ns, At safepoint: 13800 ns, Total: 599800 ns
[2020-08-18T07:24:26.947+0000][7][safepoint    ] Safepoint "Cleanup", Time since last: 1002496722 ns, Reaching safepoint: 447800 ns, At safepoint: 14600 ns, Total: 462400 ns
[2020-08-18T07:24:42.954+0000][7][safepoint    ] Safepoint "Cleanup", Time since last: 16006501097 ns, Reaching safepoint: 173200 ns, At safepoint: 3600 ns, Total: 176800 ns
[2020-08-18T07:24:45.956+0000][7][safepoint    ] Safepoint "Cleanup", Time since last: 3001306414 ns, Reaching safepoint: 431600 ns, At safepoint: 11900 ns, Total: 443500 ns
[2020-08-18T07:24:47.959+0000][7][safepoint    ] Safepoint "Cleanup", Time since last: 2002628709 ns, Reaching safepoint: 232400 ns, At safepoint: 6900 ns, Total: 239300 ns
[2020-08-18T07:24:55.963+0000][7][safepoint    ] Safepoint "Cleanup", Time since last: 8003646418 ns, Reaching safepoint: 294800 ns, At safepoint: 9100 ns, Total: 303900 ns
[2020-08-18T07:25:00.966+0000][7][safepoint    ] Safepoint "Cleanup", Time since last: 5002882203 ns, Reaching safepoint: 156200 ns, At safepoint: 3700 ns, Total: 159900 ns
[2020-08-18T07:25:02.967+0000][7][safepoint    ] Safepoint "Cleanup", Time since last: 2001186960 ns, Reaching safepoint: 170300 ns, At safepoint: 3500 ns, Total: 173800 ns
[2020-08-18T07:25:10.971+0000][7][safepoint    ] Safepoint "Cleanup", Time since last: 8003919767 ns, Reaching safepoint: 466900 ns, At safepoint: 13800 ns, Total: 480700 ns
[2020-08-18T07:25:32.980+0000][7][safepoint    ] Safepoint "Cleanup", Time since last: 22007988065 ns, Reaching safepoint: 702800 ns, At safepoint: 18200 ns, Total: 721000 ns
[2020-08-18T07:26:33.001+0000][7][safepoint    ] Safepoint "Cleanup", Time since last: 60020408627 ns, Reaching safepoint: 597700 ns, At safepoint: 92500 ns, Total: 690200 ns
[2020-08-18T07:26:56.011+0000][7][safepoint    ] Safepoint "Cleanup", Time since last: 23009403185 ns, Reaching safepoint: 497000 ns, At safepoint: 89600 ns, Total: 586600 ns
[2020-08-18T07:26:58.015+0000][7][safepoint    ] Safepoint "Cleanup", Time since last: 2003186778 ns, Reaching safepoint: 210400 ns, At safepoint: 6000 ns, Total: 216400 ns
[2020-08-18T07:27:03.018+0000][7][safepoint    ] Safepoint "Cleanup", Time since last: 5002770252 ns, Reaching safepoint: 233100 ns, At safepoint: 6900 ns, Total: 240000 ns
[2020-08-18T07:27:26.025+0000][7][safepoint    ] Safepoint "Cleanup", Time since last: 23007051185 ns, Reaching safepoint: 282800 ns, At safepoint: 87300 ns, Total: 370100 ns
[2020-08-18T07:27:31.029+0000][7][safepoint    ] Safepoint "Cleanup", Time since last: 5003589280 ns, Reaching safepoint: 542300 ns, At safepoint: 19400 ns, Total: 561700 ns
[2020-08-18T07:27:52.039+0000][7][safepoint    ] Safepoint "Cleanup", Time since last: 21009111686 ns, Reaching safepoint: 506200 ns, At safepoint: 14000 ns, Total: 520200 ns
[2020-08-18T07:28:03.045+0000][7][safepoint    ] Safepoint "Cleanup", Time since last: 11005965490 ns, Reaching safepoint: 117100 ns, At safepoint: 3000 ns, Total: 120100 ns
[2020-08-18T07:28:29.054+0000][7][safepoint    ] Safepoint "Cleanup", Time since last: 26008618482 ns, Reaching safepoint: 481200 ns, At safepoint: 12800 ns, Total: 494000 ns
[2020-08-18T07:28:38.061+0000][7][safepoint    ] Safepoint "Cleanup", Time since last: 9005921388 ns, Reaching safepoint: 585700 ns, At safepoint: 13200 ns, Total: 598900 ns
[2020-08-18T07:29:03.069+0000][7][safepoint    ] Safepoint "Cleanup", Time since last: 25008763280 ns, Reaching safepoint: 100600 ns, At safepoint: 3300 ns, Total: 103900 ns
[2020-08-18T07:29:12.074+0000][7][safepoint    ] Safepoint "Cleanup", Time since last: 9003664719 ns, Reaching safepoint: 479300 ns, At safepoint: 12200 ns, Total: 491500 ns
[2020-08-18T07:29:13.077+0000][7][safepoint    ] Safepoint "Cleanup", Time since last: 1003269707 ns, Reaching safepoint: 282200 ns, At safepoint: 8200 ns, Total: 290400 ns
[2020-08-18T07:29:33.085+0000][7][safepoint    ] Safepoint "Cleanup", Time since last: 20007942501 ns, Reaching safepoint: 324800 ns, At safepoint: 61400 ns, Total: 386200 ns
[2020-08-18T07:30:03.099+0000][7][safepoint    ] Safepoint "Cleanup", Time since last: 30013453370 ns, Reaching safepoint: 143000 ns, At safepoint: 3400 ns, Total: 146400 ns
[2020-08-18T07:30:40.661+0000][7][gc,start     ] GC(19) Pause Young (Normal) (G1 Evacuation Pause)
[2020-08-18T07:30:40.663+0000][7][gc,task      ] GC(19) Using 2 workers of 2 for evacuation
[2020-08-18T07:30:40.665+0000][7][gc,age       ] GC(19) Desired survivor size 14680064 bytes, new threshold 3 (max threshold 15)
[2020-08-18T07:30:40.723+0000][7][gc,age       ] GC(19) Age table with threshold 3 (max threshold 15)
[2020-08-18T07:30:40.724+0000][7][gc,age       ] GC(19) - age   1:    1320208 bytes,    1320208 total
[2020-08-18T07:30:40.725+0000][7][gc,age       ] GC(19) - age   2:    6672728 bytes,    7992936 total
[2020-08-18T07:30:40.725+0000][7][gc,age       ] GC(19) - age   3:    1281848 bytes,    9274784 total
[2020-08-18T07:30:40.726+0000][7][gc,phases    ] GC(19)   Pre Evacuate Collection Set: 0.6ms
[2020-08-18T07:30:40.726+0000][7][gc,phases    ] GC(19)   Merge Heap Roots: 1.1ms
[2020-08-18T07:30:40.727+0000][7][gc,phases    ] GC(19)   Evacuate Collection Set: 53.1ms
[2020-08-18T07:30:40.727+0000][7][gc,phases    ] GC(19)   Post Evacuate Collection Set: 1.9ms
[2020-08-18T07:30:40.728+0000][7][gc,phases    ] GC(19)   Other: 8.5ms
[2020-08-18T07:30:40.728+0000][7][gc,heap      ] GC(19) Eden regions: 200->0(263)
[2020-08-18T07:30:40.728+0000][7][gc,heap      ] GC(19) Survivor regions: 18->9(28)
[2020-08-18T07:30:40.729+0000][7][gc,heap      ] GC(19) Old regions: 45->54
[2020-08-18T07:30:40.729+0000][7][gc,heap      ] GC(19) Archive regions: 2->2
[2020-08-18T07:30:40.729+0000][7][gc,heap      ] GC(19) Humongous regions: 1->1
[2020-08-18T07:30:40.730+0000][7][gc,metaspace ] GC(19) Metaspace: 82804K(89536K)->82804K(89536K) NonClass: 71478K(75384K)->71478K(75384K) Class: 11326K(14152K)->11326K(14152K)
[2020-08-18T07:30:40.730+0000][7][gc           ] GC(19) Pause Young (Normal) (G1 Evacuation Pause) 263M->64M(512M) 69.494ms
[2020-08-18T07:30:40.731+0000][7][gc,cpu       ] GC(19) User=0.08s Sys=0.00s Real=0.07s
[2020-08-18T07:30:40.731+0000][7][safepoint    ] Safepoint "G1CollectForAllocation", Time since last: 37561034417 ns, Reaching safepoint: 414800 ns, At safepoint: 70548597 ns, Total: 70963397 ns
[2020-08-18T07:30:47.734+0000][7][safepoint    ] Safepoint "Cleanup", Time since last: 7002034383 ns, Reaching safepoint: 427100 ns, At safepoint: 12500 ns, Total: 439600 ns
[2020-08-18T07:30:56.741+0000][7][safepoint    ] Safepoint "Cleanup", Time since last: 9006915880 ns, Reaching safepoint: 99900 ns, At safepoint: 2800 ns, Total: 102700 ns
[2020-08-18T07:31:03.743+0000][7][safepoint    ] Safepoint "Cleanup", Time since last: 7002586651 ns, Reaching safepoint: 148700 ns, At safepoint: 3600 ns, Total: 152300 ns
[2020-08-18T07:31:05.745+0000][7][safepoint    ] Safepoint "Cleanup", Time since last: 2001099778 ns, Reaching safepoint: 160000 ns, At safepoint: 4000 ns, Total: 164000 ns
[2020-08-18T07:32:04.765+0000][7][safepoint    ] Safepoint "Cleanup", Time since last: 59019313100 ns, Reaching safepoint: 611800 ns, At safepoint: 22700 ns, Total: 634500 ns
[2020-08-18T07:33:12.784+0000][7][safepoint    ] Safepoint "Cleanup", Time since last: 68019446023 ns, Reaching safepoint: 182900 ns, At safepoint: 3100 ns, Total: 186000 ns
[2020-08-18T07:34:46.807+0000][7][safepoint    ] Safepoint "Cleanup", Time since last: 94023034272 ns, Reaching safepoint: 141100 ns, At safepoint: 2600 ns, Total: 143700 ns
[2020-08-18T07:34:50.809+0000][7][safepoint    ] Safepoint "Cleanup", Time since last: 4001576701 ns, Reaching safepoint: 123800 ns, At safepoint: 4900 ns, Total: 128700 ns
[2020-08-18T07:34:51.810+0000][7][safepoint    ] Safepoint "Cleanup", Time since last: 1001041291 ns, Reaching safepoint: 184500 ns, At safepoint: 6900 ns, Total: 191400 ns
[2020-08-18T07:35:02.749+0000][7][safepoint    ] Safepoint "Cleanup", Time since last: 10938112057 ns, Reaching safepoint: 330900 ns, At safepoint: 10200 ns, Total: 341100 ns
[2020-08-18T07:35:03.752+0000][7][safepoint    ] Safepoint "Cleanup", Time since last: 1002754681 ns, Reaching safepoint: 372400 ns, At safepoint: 10700 ns, Total: 383100 ns
[2020-08-18T07:35:22.759+0000][7][safepoint    ] Safepoint "Cleanup", Time since last: 19006714210 ns, Reaching safepoint: 121400 ns, At safepoint: 3600 ns, Total: 125000 ns
[2020-08-18T07:35:30.762+0000][7][safepoint    ] Safepoint "Cleanup", Time since last: 8003053969 ns, Reaching safepoint: 382400 ns, At safepoint: 10100 ns, Total: 392500 ns
[2020-08-18T07:35:33.765+0000][7][safepoint    ] Safepoint "Cleanup", Time since last: 3002438702 ns, Reaching safepoint: 610700 ns, At safepoint: 15900 ns, Total: 626600 ns
[2020-08-18T07:36:31.785+0000][7][safepoint    ] Safepoint "Cleanup", Time since last: 58018703079 ns, Reaching safepoint: 640600 ns, At safepoint: 12000 ns, Total: 652600 ns
[2020-08-18T07:37:58.992+0000][7][safepoint    ] Safepoint "Cleanup", Time since last: 87206876603 ns, Reaching safepoint: 189100 ns, At safepoint: 9100 ns, Total: 198200 ns
[2020-08-18T07:37:59.996+0000][7][safepoint    ] Safepoint "Cleanup", Time since last: 1003744742 ns, Reaching safepoint: 146700 ns, At safepoint: 3700 ns, Total: 150400 ns
[2020-08-18T07:38:23.666+0000][7][safepoint    ] Safepoint "Cleanup", Time since last: 23670006684 ns, Reaching safepoint: 135900 ns, At safepoint: 2100 ns, Total: 138000 ns
[2020-08-18T07:38:24.175+0000][7][safepoint    ] Safepoint "BulkRevokeBias", Time since last: 508790740 ns, Reaching safepoint: 151800 ns, At safepoint: 97901 ns, Total: 249701 ns
[2020-08-18T07:38:24.201+0000][7][safepoint    ] Safepoint "BulkRevokeBias", Time since last: 26325307 ns, Reaching safepoint: 193900 ns, At safepoint: 92400 ns, Total: 286300 ns
[2020-08-18T07:38:24.218+0000][7][gc,heap,exit ] Heap
[2020-08-18T07:38:24.218+0000][7][gc,heap,exit ]  garbage-first heap   total 524288K, used 193001K [0x00000000e0000000, 0x0000000100000000)
[2020-08-18T07:38:24.219+0000][7][gc,heap,exit ]   region size 1024K, 134 young (137216K), 9 survivors (9216K)
[2020-08-18T07:38:24.219+0000][7][gc,heap,exit ]  Metaspace       used 83041K, capacity 89617K, committed 89792K, reserved 1124352K
[2020-08-18T07:38:24.219+0000][7][gc,heap,exit ]   class space    used 11368K, capacity 14097K, committed 14152K, reserved 1048576K
