[2020-08-18T07:56:54.705+0000][6][gc,heap] Heap region size: 1M
[2020-08-18T07:56:54.705+0000][6][gc,heap,coops] Heap address: 0x00000000e0000000, size: 512 MB, Compressed Oops mode: 32-bit
[2020-08-18T07:56:54.889+0000][6][gc           ] Using G1
[2020-08-18T07:56:54.890+0000][6][gc,cds       ] Mark closed archive regions in map: [0x00000000fff00000, 0x00000000fff7eff8]
[2020-08-18T07:56:54.891+0000][6][gc,cds       ] Mark open archive regions in map: [0x00000000ffe00000, 0x00000000ffe51ff8]
[2020-08-18T07:56:54.907+0000][6][gc           ] Periodic GC disabled
[2020-08-18T07:56:55.577+0000][6][gc,start     ] GC(0) Pause Young (Normal) (G1 Evacuation Pause)
[2020-08-18T07:56:55.578+0000][6][gc,task      ] GC(0) Using 2 workers of 2 for evacuation
[2020-08-18T07:56:55.578+0000][6][gc,age       ] GC(0) Desired survivor size 2097152 bytes, new threshold 15 (max threshold 15)
[2020-08-18T07:56:55.583+0000][6][gc,age       ] GC(0) Age table with threshold 15 (max threshold 15)
[2020-08-18T07:56:55.583+0000][6][gc,age       ] GC(0) - age   1:    2617656 bytes,    2617656 total
[2020-08-18T07:56:55.583+0000][6][gc,phases    ] GC(0)   Pre Evacuate Collection Set: 0.1ms
[2020-08-18T07:56:55.584+0000][6][gc,phases    ] GC(0)   Merge Heap Roots: 0.0ms
[2020-08-18T07:56:55.584+0000][6][gc,phases    ] GC(0)   Evacuate Collection Set: 3.4ms
[2020-08-18T07:56:55.585+0000][6][gc,phases    ] GC(0)   Post Evacuate Collection Set: 0.4ms
[2020-08-18T07:56:55.586+0000][6][gc,phases    ] GC(0)   Other: 2.5ms
[2020-08-18T07:56:55.586+0000][6][gc,heap      ] GC(0) Eden regions: 25->0(23)
[2020-08-18T07:56:55.586+0000][6][gc,heap      ] GC(0) Survivor regions: 0->3(4)
[2020-08-18T07:56:55.587+0000][6][gc,heap      ] GC(0) Old regions: 0->0
[2020-08-18T07:56:55.587+0000][6][gc,heap      ] GC(0) Archive regions: 2->2
[2020-08-18T07:56:55.587+0000][6][gc,heap      ] GC(0) Humongous regions: 1->1
[2020-08-18T07:56:55.588+0000][6][gc,metaspace ] GC(0) Metaspace: 5506K(8320K)->5506K(8320K) NonClass: 4898K(7424K)->4898K(7424K) Class: 608K(896K)->608K(896K)
[2020-08-18T07:56:55.588+0000][6][gc           ] GC(0) Pause Young (Normal) (G1 Evacuation Pause) 26M->4M(512M) 10.876ms
[2020-08-18T07:56:55.588+0000][6][gc,cpu       ] GC(0) User=0.00s Sys=0.00s Real=0.02s
[2020-08-18T07:56:55.588+0000][6][safepoint    ] Safepoint "G1CollectForAllocation", Time since last: 674111684 ns, Reaching safepoint: 243000 ns, At safepoint: 11556403 ns, Total: 11799403 ns
[2020-08-18T07:56:56.755+0000][6][gc,start     ] GC(1) Pause Young (Normal) (G1 Evacuation Pause)
[2020-08-18T07:56:56.755+0000][6][gc,task      ] GC(1) Using 2 workers of 2 for evacuation
[2020-08-18T07:56:56.756+0000][6][gc,age       ] GC(1) Desired survivor size 2097152 bytes, new threshold 1 (max threshold 15)
[2020-08-18T07:56:56.764+0000][6][gc,age       ] GC(1) Age table with threshold 1 (max threshold 15)
[2020-08-18T07:56:56.765+0000][6][gc,age       ] GC(1) - age   1:    1126096 bytes,    1126096 total
[2020-08-18T07:56:56.765+0000][6][gc,phases    ] GC(1)   Pre Evacuate Collection Set: 0.2ms
[2020-08-18T07:56:56.765+0000][6][gc,phases    ] GC(1)   Merge Heap Roots: 0.0ms
[2020-08-18T07:56:56.765+0000][6][gc,phases    ] GC(1)   Evacuate Collection Set: 7.5ms
[2020-08-18T07:56:56.766+0000][6][gc,phases    ] GC(1)   Post Evacuate Collection Set: 0.4ms
[2020-08-18T07:56:56.766+0000][6][gc,phases    ] GC(1)   Other: 2.3ms
[2020-08-18T07:56:56.766+0000][6][gc,heap      ] GC(1) Eden regions: 23->0(29)
[2020-08-18T07:56:56.767+0000][6][gc,heap      ] GC(1) Survivor regions: 3->2(4)
[2020-08-18T07:56:56.767+0000][6][gc,heap      ] GC(1) Old regions: 0->3
[2020-08-18T07:56:56.767+0000][6][gc,heap      ] GC(1) Archive regions: 2->2
[2020-08-18T07:56:56.768+0000][6][gc,heap      ] GC(1) Humongous regions: 1->1
[2020-08-18T07:56:56.768+0000][6][gc,metaspace ] GC(1) Metaspace: 10105K(11008K)->10105K(11008K) NonClass: 8855K(9472K)->8855K(9472K) Class: 1250K(1536K)->1250K(1536K)
[2020-08-18T07:56:56.768+0000][6][gc           ] GC(1) Pause Young (Normal) (G1 Evacuation Pause) 27M->5M(512M) 13.459ms
[2020-08-18T07:56:56.768+0000][6][gc,cpu       ] GC(1) User=0.00s Sys=0.00s Real=0.02s
[2020-08-18T07:56:56.769+0000][6][safepoint    ] Safepoint "G1CollectForAllocation", Time since last: 1165999020 ns, Reaching safepoint: 164000 ns, At safepoint: 14236904 ns, Total: 14400904 ns
[2020-08-18T07:56:57.379+0000][6][gc,start     ] GC(2) Pause Young (Normal) (G1 Evacuation Pause)
[2020-08-18T07:56:57.379+0000][6][gc,task      ] GC(2) Using 2 workers of 2 for evacuation
[2020-08-18T07:56:57.380+0000][6][gc,age       ] GC(2) Desired survivor size 2097152 bytes, new threshold 15 (max threshold 15)
[2020-08-18T07:56:57.396+0000][6][gc,age       ] GC(2) Age table with threshold 15 (max threshold 15)
[2020-08-18T07:56:57.397+0000][6][gc,age       ] GC(2) - age   1:    3099552 bytes,    3099552 total
[2020-08-18T07:56:57.397+0000][6][gc,age       ] GC(2) - age   2:    1090184 bytes,    4189736 total
[2020-08-18T07:56:57.397+0000][6][gc,phases    ] GC(2)   Pre Evacuate Collection Set: 0.2ms
[2020-08-18T07:56:57.398+0000][6][gc,phases    ] GC(2)   Merge Heap Roots: 0.1ms
[2020-08-18T07:56:57.398+0000][6][gc,phases    ] GC(2)   Evacuate Collection Set: 15.0ms
[2020-08-18T07:56:57.398+0000][6][gc,phases    ] GC(2)   Post Evacuate Collection Set: 0.7ms
[2020-08-18T07:56:57.398+0000][6][gc,phases    ] GC(2)   Other: 2.4ms
[2020-08-18T07:56:57.399+0000][6][gc,heap      ] GC(2) Eden regions: 29->0(38)
[2020-08-18T07:56:57.399+0000][6][gc,heap      ] GC(2) Survivor regions: 2->4(4)
[2020-08-18T07:56:57.399+0000][6][gc,heap      ] GC(2) Old regions: 3->4
[2020-08-18T07:56:57.399+0000][6][gc,heap      ] GC(2) Archive regions: 2->2
[2020-08-18T07:56:57.400+0000][6][gc,heap      ] GC(2) Humongous regions: 1->1
[2020-08-18T07:56:57.400+0000][6][gc,metaspace ] GC(2) Metaspace: 13333K(13952K)->13333K(13952K) NonClass: 11701K(12032K)->11701K(12032K) Class: 1631K(1920K)->1631K(1920K)
[2020-08-18T07:56:57.400+0000][6][gc           ] GC(2) Pause Young (Normal) (G1 Evacuation Pause) 34M->8M(512M) 21.360ms
[2020-08-18T07:56:57.400+0000][6][gc,cpu       ] GC(2) User=0.03s Sys=0.00s Real=0.02s
[2020-08-18T07:56:57.401+0000][6][safepoint    ] Safepoint "G1CollectForAllocation", Time since last: 609873067 ns, Reaching safepoint: 155600 ns, At safepoint: 21809506 ns, Total: 21965106 ns
[2020-08-18T07:56:57.895+0000][6][gc,start     ] GC(3) Pause Young (Normal) (G1 Evacuation Pause)
[2020-08-18T07:56:57.897+0000][6][gc,task      ] GC(3) Using 2 workers of 2 for evacuation
[2020-08-18T07:56:57.899+0000][6][gc,age       ] GC(3) Desired survivor size 3145728 bytes, new threshold 2 (max threshold 15)
[2020-08-18T07:56:57.922+0000][6][gc,age       ] GC(3) Age table with threshold 2 (max threshold 15)
[2020-08-18T07:56:57.923+0000][6][gc,age       ] GC(3) - age   1:    3097840 bytes,    3097840 total
[2020-08-18T07:56:57.924+0000][6][gc,age       ] GC(3) - age   2:    1879184 bytes,    4977024 total
[2020-08-18T07:56:57.925+0000][6][gc,phases    ] GC(3)   Pre Evacuate Collection Set: 0.1ms
[2020-08-18T07:56:57.925+0000][6][gc,phases    ] GC(3)   Merge Heap Roots: 0.1ms
[2020-08-18T07:56:57.926+0000][6][gc,phases    ] GC(3)   Evacuate Collection Set: 21.9ms
[2020-08-18T07:56:57.927+0000][6][gc,phases    ] GC(3)   Post Evacuate Collection Set: 0.7ms
[2020-08-18T07:56:57.928+0000][6][gc,phases    ] GC(3)   Other: 6.4ms
[2020-08-18T07:56:57.929+0000][6][gc,heap      ] GC(3) Eden regions: 37->0(181)
[2020-08-18T07:56:57.930+0000][6][gc,heap      ] GC(3) Survivor regions: 4->5(6)
[2020-08-18T07:56:57.931+0000][6][gc,heap      ] GC(3) Old regions: 4->5
[2020-08-18T07:56:57.932+0000][6][gc,heap      ] GC(3) Archive regions: 2->2
[2020-08-18T07:56:57.934+0000][6][gc,heap      ] GC(3) Humongous regions: 1->1
[2020-08-18T07:56:57.935+0000][6][gc,metaspace ] GC(3) Metaspace: 14033K(14720K)->14033K(14720K) NonClass: 12347K(12800K)->12347K(12800K) Class: 1686K(1920K)->1686K(1920K)
[2020-08-18T07:56:57.935+0000][6][gc           ] GC(3) Pause Young (Normal) (G1 Evacuation Pause) 45M->11M(512M) 39.824ms
[2020-08-18T07:56:57.935+0000][6][gc,cpu       ] GC(3) User=0.04s Sys=0.00s Real=0.04s
[2020-08-18T07:56:57.936+0000][6][safepoint    ] Safepoint "G1CollectForAllocation", Time since last: 494421235 ns, Reaching safepoint: 195400 ns, At safepoint: 40519811 ns, Total: 40715211 ns
[2020-08-18T07:56:57.945+0000][6][safepoint    ] Safepoint "BulkRevokeBias", Time since last: 8885203 ns, Reaching safepoint: 242800 ns, At safepoint: 126900 ns, Total: 369700 ns
[2020-08-18T07:56:58.968+0000][6][safepoint    ] Safepoint "Cleanup", Time since last: 1021933880 ns, Reaching safepoint: 1126800 ns, At safepoint: 8600 ns, Total: 1135400 ns
[2020-08-18T07:56:59.969+0000][6][safepoint    ] Safepoint "Cleanup", Time since last: 1000712774 ns, Reaching safepoint: 225100 ns, At safepoint: 4500 ns, Total: 229600 ns
[2020-08-18T07:57:00.294+0000][6][gc,start     ] GC(4) Pause Young (Normal) (G1 Evacuation Pause)
[2020-08-18T07:57:00.295+0000][6][gc,task      ] GC(4) Using 2 workers of 2 for evacuation
[2020-08-18T07:57:00.296+0000][6][gc,age       ] GC(4) Desired survivor size 12582912 bytes, new threshold 15 (max threshold 15)
[2020-08-18T07:57:00.317+0000][6][gc,age       ] GC(4) Age table with threshold 15 (max threshold 15)
[2020-08-18T07:57:00.318+0000][6][gc,age       ] GC(4) - age   1:    4364904 bytes,    4364904 total
[2020-08-18T07:57:00.318+0000][6][gc,age       ] GC(4) - age   2:     862408 bytes,    5227312 total
[2020-08-18T07:57:00.318+0000][6][gc,age       ] GC(4) - age   3:    1878496 bytes,    7105808 total
[2020-08-18T07:57:00.319+0000][6][gc,phases    ] GC(4)   Pre Evacuate Collection Set: 0.2ms
[2020-08-18T07:57:00.319+0000][6][gc,phases    ] GC(4)   Merge Heap Roots: 0.1ms
[2020-08-18T07:57:00.319+0000][6][gc,phases    ] GC(4)   Evacuate Collection Set: 20.1ms
[2020-08-18T07:57:00.320+0000][6][gc,phases    ] GC(4)   Post Evacuate Collection Set: 0.6ms
[2020-08-18T07:57:00.320+0000][6][gc,phases    ] GC(4)   Other: 4.3ms
[2020-08-18T07:57:00.320+0000][6][gc,heap      ] GC(4) Eden regions: 180->0(300)
[2020-08-18T07:57:00.321+0000][6][gc,heap      ] GC(4) Survivor regions: 5->7(24)
[2020-08-18T07:57:00.321+0000][6][gc,heap      ] GC(4) Old regions: 5->5
[2020-08-18T07:57:00.321+0000][6][gc,heap      ] GC(4) Archive regions: 2->2
[2020-08-18T07:57:00.322+0000][6][gc,heap      ] GC(4) Humongous regions: 2->1
[2020-08-18T07:57:00.322+0000][6][gc,metaspace ] GC(4) Metaspace: 17133K(18048K)->17133K(18048K) NonClass: 15015K(15616K)->15015K(15616K) Class: 2117K(2432K)->2117K(2432K)
[2020-08-18T07:57:00.322+0000][6][gc           ] GC(4) Pause Young (Normal) (G1 Evacuation Pause) 192M->13M(512M) 28.803ms
[2020-08-18T07:57:00.323+0000][6][gc,cpu       ] GC(4) User=0.02s Sys=0.01s Real=0.03s
[2020-08-18T07:57:00.324+0000][6][safepoint    ] Safepoint "G1CollectForAllocation", Time since last: 324037922 ns, Reaching safepoint: 268500 ns, At safepoint: 31009052 ns, Total: 31277552 ns
[2020-08-18T07:57:00.328+0000][6][safepoint    ] Safepoint "BulkRevokeBias", Time since last: 3803707 ns, Reaching safepoint: 128600 ns, At safepoint: 81500 ns, Total: 210100 ns
[2020-08-18T07:57:00.330+0000][6][safepoint    ] Safepoint "BulkRevokeBias", Time since last: 1040602 ns, Reaching safepoint: 36900 ns, At safepoint: 74300 ns, Total: 111200 ns
[2020-08-18T07:57:00.332+0000][6][safepoint    ] Safepoint "BulkRevokeBias", Time since last: 554301 ns, Reaching safepoint: 2119804 ns, At safepoint: 81300 ns, Total: 2201104 ns
[2020-08-18T07:57:01.673+0000][6][gc,start     ] GC(5) Pause Young (Normal) (G1 Evacuation Pause)
[2020-08-18T07:57:01.674+0000][6][gc,task      ] GC(5) Using 2 workers of 2 for evacuation
[2020-08-18T07:57:01.675+0000][6][gc,age       ] GC(5) Desired survivor size 20447232 bytes, new threshold 15 (max threshold 15)
[2020-08-18T07:57:01.686+0000][6][gc,age       ] GC(5) Age table with threshold 15 (max threshold 15)
[2020-08-18T07:57:01.687+0000][6][gc,age       ] GC(5) - age   1:    4700600 bytes,    4700600 total
[2020-08-18T07:57:01.687+0000][6][gc,age       ] GC(5) - age   2:    3041280 bytes,    7741880 total
[2020-08-18T07:57:01.688+0000][6][gc,age       ] GC(5) - age   3:     862280 bytes,    8604160 total
[2020-08-18T07:57:01.688+0000][6][gc,age       ] GC(5) - age   4:    1878496 bytes,   10482656 total
[2020-08-18T07:57:01.689+0000][6][gc,phases    ] GC(5)   Pre Evacuate Collection Set: 0.1ms
[2020-08-18T07:57:01.689+0000][6][gc,phases    ] GC(5)   Merge Heap Roots: 0.1ms
[2020-08-18T07:57:01.689+0000][6][gc,phases    ] GC(5)   Evacuate Collection Set: 10.4ms
[2020-08-18T07:57:01.689+0000][6][gc,phases    ] GC(5)   Post Evacuate Collection Set: 0.7ms
[2020-08-18T07:57:01.690+0000][6][gc,phases    ] GC(5)   Other: 4.0ms
[2020-08-18T07:57:01.690+0000][6][gc,heap      ] GC(5) Eden regions: 300->0(296)
[2020-08-18T07:57:01.690+0000][6][gc,heap      ] GC(5) Survivor regions: 7->11(39)
[2020-08-18T07:57:01.691+0000][6][gc,heap      ] GC(5) Old regions: 5->5
[2020-08-18T07:57:01.691+0000][6][gc,heap      ] GC(5) Archive regions: 2->2
[2020-08-18T07:57:01.691+0000][6][gc,heap      ] GC(5) Humongous regions: 1->1
[2020-08-18T07:57:01.691+0000][6][gc,metaspace ] GC(5) Metaspace: 18410K(19840K)->18410K(19840K) NonClass: 16105K(17152K)->16105K(17152K) Class: 2305K(2688K)->2305K(2688K)
[2020-08-18T07:57:01.692+0000][6][gc           ] GC(5) Pause Young (Normal) (G1 Evacuation Pause) 313M->16M(512M) 18.336ms
[2020-08-18T07:57:01.692+0000][6][gc,cpu       ] GC(5) User=0.02s Sys=0.00s Real=0.02s
[2020-08-18T07:57:01.692+0000][6][safepoint    ] Safepoint "G1CollectForAllocation", Time since last: 1340791461 ns, Reaching safepoint: 138700 ns, At safepoint: 18794432 ns, Total: 18933132 ns
[2020-08-18T07:57:02.488+0000][6][gc,start     ] GC(6) Pause Young (Normal) (G1 Evacuation Pause)
[2020-08-18T07:57:02.489+0000][6][gc,task      ] GC(6) Using 2 workers of 2 for evacuation
[2020-08-18T07:57:02.489+0000][6][gc,age       ] GC(6) Desired survivor size 20447232 bytes, new threshold 15 (max threshold 15)
[2020-08-18T07:57:02.510+0000][6][gc,age       ] GC(6) Age table with threshold 15 (max threshold 15)
[2020-08-18T07:57:02.511+0000][6][gc,age       ] GC(6) - age   1:    4456000 bytes,    4456000 total
[2020-08-18T07:57:02.511+0000][6][gc,age       ] GC(6) - age   2:    4465864 bytes,    8921864 total
[2020-08-18T07:57:02.511+0000][6][gc,age       ] GC(6) - age   3:    3041024 bytes,   11962888 total
[2020-08-18T07:57:02.512+0000][6][gc,age       ] GC(6) - age   4:     862280 bytes,   12825168 total
[2020-08-18T07:57:02.512+0000][6][gc,age       ] GC(6) - age   5:    1878496 bytes,   14703664 total
[2020-08-18T07:57:02.512+0000][6][gc,phases    ] GC(6)   Pre Evacuate Collection Set: 0.1ms
[2020-08-18T07:57:02.512+0000][6][gc,phases    ] GC(6)   Merge Heap Roots: 0.1ms
[2020-08-18T07:57:02.513+0000][6][gc,phases    ] GC(6)   Evacuate Collection Set: 19.8ms
[2020-08-18T07:57:02.513+0000][6][gc,phases    ] GC(6)   Post Evacuate Collection Set: 0.7ms
[2020-08-18T07:57:02.513+0000][6][gc,phases    ] GC(6)   Other: 3.4ms
[2020-08-18T07:57:02.513+0000][6][gc,heap      ] GC(6) Eden regions: 296->0(292)
[2020-08-18T07:57:02.513+0000][6][gc,heap      ] GC(6) Survivor regions: 11->15(39)
[2020-08-18T07:57:02.514+0000][6][gc,heap      ] GC(6) Old regions: 5->5
[2020-08-18T07:57:02.514+0000][6][gc,heap      ] GC(6) Archive regions: 2->2
[2020-08-18T07:57:02.514+0000][6][gc,heap      ] GC(6) Humongous regions: 1->1
[2020-08-18T07:57:02.514+0000][6][gc,metaspace ] GC(6) Metaspace: 19691K(21248K)->19691K(21248K) NonClass: 17257K(18432K)->17257K(18432K) Class: 2433K(2816K)->2433K(2816K)
[2020-08-18T07:57:02.515+0000][6][gc           ] GC(6) Pause Young (Normal) (G1 Evacuation Pause) 312M->21M(512M) 26.608ms
[2020-08-18T07:57:02.515+0000][6][gc,cpu       ] GC(6) User=0.02s Sys=0.00s Real=0.02s
[2020-08-18T07:57:02.515+0000][6][safepoint    ] Safepoint "G1CollectForAllocation", Time since last: 795866642 ns, Reaching safepoint: 137701 ns, At safepoint: 27144745 ns, Total: 27282446 ns
[2020-08-18T07:57:02.519+0000][6][safepoint    ] Safepoint "BulkRevokeBias", Time since last: 3869307 ns, Reaching safepoint: 203300 ns, At safepoint: 54500 ns, Total: 257800 ns
[2020-08-18T07:57:02.520+0000][6][safepoint    ] Safepoint "BulkRevokeBias", Time since last: 424301 ns, Reaching safepoint: 357601 ns, At safepoint: 75300 ns, Total: 432901 ns
[2020-08-18T07:57:02.713+0000][6][gc,start     ] GC(7) Pause Young (Concurrent Start) (Metadata GC Threshold)
[2020-08-18T07:57:02.714+0000][6][gc,task      ] GC(7) Using 2 workers of 2 for evacuation
[2020-08-18T07:57:02.714+0000][6][gc,age       ] GC(7) Desired survivor size 20447232 bytes, new threshold 15 (max threshold 15)
[2020-08-18T07:57:02.734+0000][6][gc,age       ] GC(7) Age table with threshold 15 (max threshold 15)
[2020-08-18T07:57:02.734+0000][6][gc,age       ] GC(7) - age   1:     401800 bytes,     401800 total
[2020-08-18T07:57:02.735+0000][6][gc,age       ] GC(7) - age   2:    2379896 bytes,    2781696 total
[2020-08-18T07:57:02.735+0000][6][gc,age       ] GC(7) - age   3:    4465456 bytes,    7247152 total
[2020-08-18T07:57:02.735+0000][6][gc,age       ] GC(7) - age   4:    3041024 bytes,   10288176 total
[2020-08-18T07:57:02.735+0000][6][gc,age       ] GC(7) - age   5:     862280 bytes,   11150456 total
[2020-08-18T07:57:02.736+0000][6][gc,age       ] GC(7) - age   6:    1878496 bytes,   13028952 total
[2020-08-18T07:57:02.736+0000][6][gc,phases    ] GC(7)   Pre Evacuate Collection Set: 0.2ms
[2020-08-18T07:57:02.736+0000][6][gc,phases    ] GC(7)   Merge Heap Roots: 0.1ms
[2020-08-18T07:57:02.736+0000][6][gc,phases    ] GC(7)   Evacuate Collection Set: 18.5ms
[2020-08-18T07:57:02.737+0000][6][gc,phases    ] GC(7)   Post Evacuate Collection Set: 0.5ms
[2020-08-18T07:57:02.737+0000][6][gc,phases    ] GC(7)   Other: 3.3ms
[2020-08-18T07:57:02.737+0000][6][gc,heap      ] GC(7) Eden regions: 116->0(294)
[2020-08-18T07:57:02.737+0000][6][gc,heap      ] GC(7) Survivor regions: 15->13(39)
[2020-08-18T07:57:02.738+0000][6][gc,heap      ] GC(7) Old regions: 5->5
[2020-08-18T07:57:02.738+0000][6][gc,heap      ] GC(7) Archive regions: 2->2
[2020-08-18T07:57:02.738+0000][6][gc,heap      ] GC(7) Humongous regions: 1->1
[2020-08-18T07:57:02.738+0000][6][gc,metaspace ] GC(7) Metaspace: 19865K(21296K)->19865K(21296K) NonClass: 17397K(18432K)->17397K(18432K) Class: 2467K(2864K)->2467K(2864K)
[2020-08-18T07:57:02.739+0000][6][gc           ] GC(7) Pause Young (Concurrent Start) (Metadata GC Threshold) 136M->19M(512M) 25.360ms
[2020-08-18T07:57:02.739+0000][6][gc,cpu       ] GC(7) User=0.02s Sys=0.00s Real=0.03s
[2020-08-18T07:57:02.739+0000][6][gc           ] GC(8) Concurrent Cycle
[2020-08-18T07:57:02.740+0000][6][gc,marking   ] GC(8) Concurrent Clear Claimed Marks
[2020-08-18T07:57:02.740+0000][6][gc,marking   ] GC(8) Concurrent Clear Claimed Marks 0.362ms
[2020-08-18T07:57:02.740+0000][6][gc,marking   ] GC(8) Concurrent Scan Root Regions
[2020-08-18T07:57:02.741+0000][6][safepoint    ] Safepoint "CollectForMetadataAllocation", Time since last: 193085525 ns, Reaching safepoint: 53501 ns, At safepoint: 27263346 ns, Total: 27316847 ns
[2020-08-18T07:57:02.752+0000][6][gc,marking   ] GC(8) Concurrent Scan Root Regions 12.088ms
[2020-08-18T07:57:02.753+0000][6][gc,marking   ] GC(8) Concurrent Mark (8.062s)
[2020-08-18T07:57:02.753+0000][6][gc,marking   ] GC(8) Concurrent Mark From Roots
[2020-08-18T07:57:02.754+0000][6][gc,task      ] GC(8) Using 1 workers of 1 for marking
[2020-08-18T07:57:02.781+0000][6][gc,marking   ] GC(8) Concurrent Mark From Roots 27.763ms
[2020-08-18T07:57:02.785+0000][6][gc,marking   ] GC(8) Concurrent Preclean
[2020-08-18T07:57:02.786+0000][6][gc,marking   ] GC(8) Concurrent Preclean 0.667ms
[2020-08-18T07:57:02.786+0000][6][gc,marking   ] GC(8) Concurrent Mark (8.062s, 8.095s) 33.067ms
[2020-08-18T07:57:02.787+0000][6][gc,start     ] GC(8) Pause Remark
[2020-08-18T07:57:02.794+0000][6][gc           ] GC(8) Pause Remark 32M->32M(512M) 7.191ms
[2020-08-18T07:57:02.794+0000][6][gc,cpu       ] GC(8) User=0.00s Sys=0.00s Real=0.01s
[2020-08-18T07:57:02.795+0000][6][safepoint    ] Safepoint "G1Concurrent", Time since last: 46024377 ns, Reaching safepoint: 99200 ns, At safepoint: 7979614 ns, Total: 8078814 ns
[2020-08-18T07:57:02.799+0000][6][gc,marking   ] GC(8) Concurrent Rebuild Remembered Sets
[2020-08-18T07:57:02.817+0000][6][gc,marking   ] GC(8) Concurrent Rebuild Remembered Sets 17.605ms
[2020-08-18T07:57:02.819+0000][6][gc,start     ] GC(8) Pause Cleanup
[2020-08-18T07:57:02.819+0000][6][gc           ] GC(8) Pause Cleanup 43M->43M(512M) 0.451ms
[2020-08-18T07:57:02.820+0000][6][gc,cpu       ] GC(8) User=0.00s Sys=0.00s Real=0.00s
[2020-08-18T07:57:02.820+0000][6][safepoint    ] Safepoint "G1Concurrent", Time since last: 23563540 ns, Reaching safepoint: 498100 ns, At safepoint: 1119102 ns, Total: 1617202 ns
[2020-08-18T07:57:02.825+0000][6][gc,marking   ] GC(8) Concurrent Cleanup for Next Mark
[2020-08-18T07:57:02.828+0000][6][gc,marking   ] GC(8) Concurrent Cleanup for Next Mark 2.681ms
[2020-08-18T07:57:02.828+0000][6][gc           ] GC(8) Concurrent Cycle 88.592ms
[2020-08-18T07:57:04.044+0000][6][safepoint    ] Safepoint "Cleanup", Time since last: 1223313263 ns, Reaching safepoint: 403901 ns, At safepoint: 2500 ns, Total: 406401 ns
[2020-08-18T07:57:05.343+0000][6][safepoint    ] Safepoint "Cleanup", Time since last: 1298980191 ns, Reaching safepoint: 638901 ns, At safepoint: 7200 ns, Total: 646101 ns
[2020-08-18T07:57:06.106+0000][6][gc,start     ] GC(9) Pause Young (Normal) (G1 Evacuation Pause)
[2020-08-18T07:57:06.108+0000][6][gc,task      ] GC(9) Using 2 workers of 2 for evacuation
[2020-08-18T07:57:06.109+0000][6][gc,age       ] GC(9) Desired survivor size 20447232 bytes, new threshold 15 (max threshold 15)
[2020-08-18T07:57:06.164+0000][6][gc,age       ] GC(9) Age table with threshold 15 (max threshold 15)
[2020-08-18T07:57:06.164+0000][6][gc,age       ] GC(9) - age   1:   11946216 bytes,   11946216 total
[2020-08-18T07:57:06.165+0000][6][gc,age       ] GC(9) - age   2:     373232 bytes,   12319448 total
[2020-08-18T07:57:06.165+0000][6][gc,age       ] GC(9) - age   3:    2364512 bytes,   14683960 total
[2020-08-18T07:57:06.165+0000][6][gc,age       ] GC(9) - age   4:    4435552 bytes,   19119512 total
[2020-08-18T07:57:06.165+0000][6][gc,age       ] GC(9) - age   5:    3008592 bytes,   22128104 total
[2020-08-18T07:57:06.166+0000][6][gc,age       ] GC(9) - age   6:     828376 bytes,   22956480 total
[2020-08-18T07:57:06.166+0000][6][gc,age       ] GC(9) - age   7:    1844680 bytes,   24801160 total
[2020-08-18T07:57:06.166+0000][6][gc,phases    ] GC(9)   Pre Evacuate Collection Set: 0.2ms
[2020-08-18T07:57:06.167+0000][6][gc,phases    ] GC(9)   Merge Heap Roots: 0.1ms
[2020-08-18T07:57:06.167+0000][6][gc,phases    ] GC(9)   Evacuate Collection Set: 49.6ms
[2020-08-18T07:57:06.167+0000][6][gc,phases    ] GC(9)   Post Evacuate Collection Set: 3.6ms
[2020-08-18T07:57:06.167+0000][6][gc,phases    ] GC(9)   Other: 6.7ms
[2020-08-18T07:57:06.168+0000][6][gc,heap      ] GC(9) Eden regions: 294->0(282)
[2020-08-18T07:57:06.168+0000][6][gc,heap      ] GC(9) Survivor regions: 13->25(39)
[2020-08-18T07:57:06.168+0000][6][gc,heap      ] GC(9) Old regions: 5->5
[2020-08-18T07:57:06.169+0000][6][gc,heap      ] GC(9) Archive regions: 2->2
[2020-08-18T07:57:06.169+0000][6][gc,heap      ] GC(9) Humongous regions: 1->1
[2020-08-18T07:57:06.169+0000][6][gc,metaspace ] GC(9) Metaspace: 29040K(31664K)->29040K(31664K) NonClass: 25352K(27136K)->25352K(27136K) Class: 3687K(4528K)->3687K(4528K)
[2020-08-18T07:57:06.170+0000][6][gc           ] GC(9) Pause Young (Normal) (G1 Evacuation Pause) 313M->30M(512M) 63.642ms
[2020-08-18T07:57:06.170+0000][6][gc,cpu       ] GC(9) User=0.06s Sys=0.00s Real=0.07s
[2020-08-18T07:57:06.170+0000][6][safepoint    ] Safepoint "G1CollectForAllocation", Time since last: 762645186 ns, Reaching safepoint: 216601 ns, At safepoint: 64265008 ns, Total: 64481609 ns
[2020-08-18T07:57:07.177+0000][6][safepoint    ] Safepoint "Cleanup", Time since last: 1001912690 ns, Reaching safepoint: 4809408 ns, At safepoint: 8400 ns, Total: 4817808 ns
[2020-08-18T07:57:08.180+0000][6][safepoint    ] Safepoint "Cleanup", Time since last: 1000620129 ns, Reaching safepoint: 2185500 ns, At safepoint: 6300 ns, Total: 2191800 ns
[2020-08-18T07:57:08.497+0000][6][safepoint    ] Safepoint "BulkRevokeBias", Time since last: 316287932 ns, Reaching safepoint: 192700 ns, At safepoint: 685301 ns, Total: 878001 ns
[2020-08-18T07:57:09.229+0000][6][gc,start     ] GC(10) Pause Young (Concurrent Start) (Metadata GC Threshold)
[2020-08-18T07:57:09.230+0000][6][gc,task      ] GC(10) Using 2 workers of 2 for evacuation
[2020-08-18T07:57:09.230+0000][6][gc,age       ] GC(10) Desired survivor size 20447232 bytes, new threshold 5 (max threshold 15)
[2020-08-18T07:57:09.353+0000][6][gc,age       ] GC(10) Age table with threshold 5 (max threshold 15)
[2020-08-18T07:57:09.353+0000][6][gc,age       ] GC(10) - age   1:   18268184 bytes,   18268184 total
[2020-08-18T07:57:09.354+0000][6][gc,age       ] GC(10) - age   2:   11048096 bytes,   29316280 total
[2020-08-18T07:57:09.354+0000][6][gc,age       ] GC(10) - age   3:     373200 bytes,   29689480 total
[2020-08-18T07:57:09.354+0000][6][gc,age       ] GC(10) - age   4:    2358280 bytes,   32047760 total
[2020-08-18T07:57:09.355+0000][6][gc,age       ] GC(10) - age   5:    4432560 bytes,   36480320 total
[2020-08-18T07:57:09.355+0000][6][gc,phases    ] GC(10)   Pre Evacuate Collection Set: 0.4ms
[2020-08-18T07:57:09.356+0000][6][gc,phases    ] GC(10)   Merge Heap Roots: 0.1ms
[2020-08-18T07:57:09.356+0000][6][gc,phases    ] GC(10)   Evacuate Collection Set: 120.1ms
[2020-08-18T07:57:09.357+0000][6][gc,phases    ] GC(10)   Post Evacuate Collection Set: 1.1ms
[2020-08-18T07:57:09.358+0000][6][gc,phases    ] GC(10)   Other: 4.0ms
[2020-08-18T07:57:09.358+0000][6][gc,heap      ] GC(10) Eden regions: 171->0(135)
[2020-08-18T07:57:09.359+0000][6][gc,heap      ] GC(10) Survivor regions: 25->36(39)
[2020-08-18T07:57:09.360+0000][6][gc,heap      ] GC(10) Old regions: 5->10
[2020-08-18T07:57:09.360+0000][6][gc,heap      ] GC(10) Archive regions: 2->2
[2020-08-18T07:57:09.366+0000][6][gc,heap      ] GC(10) Humongous regions: 1->1
[2020-08-18T07:57:09.367+0000][6][gc,metaspace ] GC(10) Metaspace: 32855K(35920K)->32855K(35920K) NonClass: 28538K(30624K)->28538K(30624K) Class: 4317K(5296K)->4317K(5296K)
[2020-08-18T07:57:09.367+0000][6][gc           ] GC(10) Pause Young (Concurrent Start) (Metadata GC Threshold) 201M->47M(512M) 137.443ms
[2020-08-18T07:57:09.367+0000][6][gc,cpu       ] GC(10) User=0.12s Sys=0.00s Real=0.13s
[2020-08-18T07:57:09.368+0000][6][gc           ] GC(11) Concurrent Cycle
[2020-08-18T07:57:09.368+0000][6][gc,marking   ] GC(11) Concurrent Clear Claimed Marks
[2020-08-18T07:57:09.368+0000][6][gc,marking   ] GC(11) Concurrent Clear Claimed Marks 0.413ms
[2020-08-18T07:57:09.369+0000][6][gc,marking   ] GC(11) Concurrent Scan Root Regions
[2020-08-18T07:57:09.372+0000][6][safepoint    ] Safepoint "CollectForMetadataAllocation", Time since last: 731038933 ns, Reaching safepoint: 1307801 ns, At safepoint: 138326463 ns, Total: 139634264 ns
[2020-08-18T07:57:09.417+0000][6][safepoint    ] Safepoint "CollectForMetadataAllocation", Time since last: 45682521 ns, Reaching safepoint: 3629902 ns, At safepoint: 131200 ns, Total: 3761102 ns
[2020-08-18T07:57:09.476+0000][6][safepoint    ] Safepoint "CollectForMetadataAllocation", Time since last: 54848925 ns, Reaching safepoint: 4047201 ns, At safepoint: 144301 ns, Total: 4191502 ns
[2020-08-18T07:57:09.485+0000][6][gc,marking   ] GC(11) Concurrent Scan Root Regions 115.943ms
[2020-08-18T07:57:09.486+0000][6][gc,marking   ] GC(11) Concurrent Mark (14.795s)
[2020-08-18T07:57:09.492+0000][6][gc,marking   ] GC(11) Concurrent Mark From Roots
[2020-08-18T07:57:09.493+0000][6][gc,task      ] GC(11) Using 1 workers of 1 for marking
[2020-08-18T07:57:09.507+0000][6][gc,marking   ] GC(11) Concurrent Mark From Roots 14.820ms
[2020-08-18T07:57:09.508+0000][6][gc,marking   ] GC(11) Concurrent Preclean
[2020-08-18T07:57:09.508+0000][6][gc,marking   ] GC(11) Concurrent Preclean 0.434ms
[2020-08-18T07:57:09.508+0000][6][gc,marking   ] GC(11) Concurrent Mark (14.795s, 14.818s) 22.909ms
[2020-08-18T07:57:09.514+0000][6][gc,start     ] GC(11) Pause Remark
[2020-08-18T07:57:09.525+0000][6][gc           ] GC(11) Pause Remark 51M->51M(512M) 11.117ms
[2020-08-18T07:57:09.526+0000][6][gc,cpu       ] GC(11) User=0.01s Sys=0.00s Real=0.01s
[2020-08-18T07:57:09.526+0000][6][safepoint    ] Safepoint "G1Concurrent", Time since last: 32522014 ns, Reaching safepoint: 5403803 ns, At safepoint: 11961305 ns, Total: 17365108 ns
[2020-08-18T07:57:09.526+0000][6][gc,marking   ] GC(11) Concurrent Rebuild Remembered Sets
[2020-08-18T07:57:09.544+0000][6][gc,marking   ] GC(11) Concurrent Rebuild Remembered Sets 17.809ms
[2020-08-18T07:57:09.545+0000][6][gc,start     ] GC(11) Pause Cleanup
[2020-08-18T07:57:09.546+0000][6][gc           ] GC(11) Pause Cleanup 51M->51M(512M) 0.568ms
[2020-08-18T07:57:09.546+0000][6][gc,cpu       ] GC(11) User=0.00s Sys=0.00s Real=0.00s
[2020-08-18T07:57:09.546+0000][6][safepoint    ] Safepoint "G1Concurrent", Time since last: 18691009 ns, Reaching safepoint: 502500 ns, At safepoint: 1180401 ns, Total: 1682901 ns
[2020-08-18T07:57:09.547+0000][6][gc,marking   ] GC(11) Concurrent Cleanup for Next Mark
[2020-08-18T07:57:09.549+0000][6][gc,marking   ] GC(11) Concurrent Cleanup for Next Mark 1.751ms
[2020-08-18T07:57:09.549+0000][6][gc           ] GC(11) Concurrent Cycle 181.788ms
[2020-08-18T07:57:10.551+0000][6][safepoint    ] Safepoint "Cleanup", Time since last: 1000522056 ns, Reaching safepoint: 4466102 ns, At safepoint: 5900 ns, Total: 4472002 ns
[2020-08-18T07:57:12.237+0000][6][safepoint    ] Safepoint "Cleanup", Time since last: 1680547167 ns, Reaching safepoint: 5113002 ns, At safepoint: 13400 ns, Total: 5126402 ns
[2020-08-18T07:57:12.350+0000][6][gc,start     ] GC(12) Pause Young (Concurrent Start) (G1 Evacuation Pause)
[2020-08-18T07:57:12.351+0000][6][gc,task      ] GC(12) Using 2 workers of 2 for evacuation
[2020-08-18T07:57:12.351+0000][6][gc,age       ] GC(12) Desired survivor size 14155776 bytes, new threshold 1 (max threshold 15)
[2020-08-18T07:57:12.442+0000][6][gc,age       ] GC(12) Age table with threshold 1 (max threshold 15)
[2020-08-18T07:57:12.443+0000][6][gc,age       ] GC(12) - age   1:    4232680 bytes,    4232680 total
[2020-08-18T07:57:12.444+0000][6][gc,phases    ] GC(12)   Pre Evacuate Collection Set: 0.5ms
[2020-08-18T07:57:12.444+0000][6][gc,phases    ] GC(12)   Merge Heap Roots: 0.1ms
[2020-08-18T07:57:12.444+0000][6][gc,phases    ] GC(12)   Evacuate Collection Set: 86.6ms
[2020-08-18T07:57:12.445+0000][6][gc,phases    ] GC(12)   Post Evacuate Collection Set: 3.8ms
[2020-08-18T07:57:12.445+0000][6][gc,phases    ] GC(12)   Other: 2.6ms
[2020-08-18T07:57:12.446+0000][6][gc,heap      ] GC(12) Eden regions: 180->0(288)
[2020-08-18T07:57:12.446+0000][6][gc,heap      ] GC(12) Survivor regions: 36->5(27)
[2020-08-18T07:57:12.446+0000][6][gc,heap      ] GC(12) Old regions: 10->45
[2020-08-18T07:57:12.447+0000][6][gc,heap      ] GC(12) Archive regions: 2->2
[2020-08-18T07:57:12.447+0000][6][gc,heap      ] GC(12) Humongous regions: 1->1
[2020-08-18T07:57:12.447+0000][6][gc,metaspace ] GC(12) Metaspace: 44778K(49232K)->44778K(49232K) NonClass: 38703K(41632K)->38703K(41632K) Class: 6074K(7600K)->6074K(7600K)
[2020-08-18T07:57:12.447+0000][6][gc           ] GC(12) Pause Young (Concurrent Start) (G1 Evacuation Pause) 227M->51M(512M) 97.275ms
[2020-08-18T07:57:12.448+0000][6][gc,cpu       ] GC(12) User=0.12s Sys=0.00s Real=0.09s
[2020-08-18T07:57:12.448+0000][6][gc           ] GC(13) Concurrent Cycle
[2020-08-18T07:57:12.448+0000][6][gc,marking   ] GC(13) Concurrent Clear Claimed Marks
[2020-08-18T07:57:12.449+0000][6][gc,marking   ] GC(13) Concurrent Clear Claimed Marks 0.588ms
[2020-08-18T07:57:12.449+0000][6][gc,marking   ] GC(13) Concurrent Scan Root Regions
[2020-08-18T07:57:12.448+0000][6][safepoint    ] Safepoint "G1CollectForAllocation", Time since last: 112873252 ns, Reaching safepoint: 63800 ns, At safepoint: 98140945 ns, Total: 98204745 ns
[2020-08-18T07:57:12.479+0000][6][gc,marking   ] GC(13) Concurrent Scan Root Regions 29.870ms
[2020-08-18T07:57:12.480+0000][6][gc,marking   ] GC(13) Concurrent Mark (17.789s)
[2020-08-18T07:57:12.480+0000][6][gc,marking   ] GC(13) Concurrent Mark From Roots
[2020-08-18T07:57:12.480+0000][6][gc,task      ] GC(13) Using 1 workers of 1 for marking
[2020-08-18T07:57:12.499+0000][6][gc,marking   ] GC(13) Concurrent Mark From Roots 19.259ms
[2020-08-18T07:57:12.500+0000][6][gc,marking   ] GC(13) Concurrent Preclean
[2020-08-18T07:57:12.500+0000][6][gc,marking   ] GC(13) Concurrent Preclean 0.428ms
[2020-08-18T07:57:12.500+0000][6][gc,marking   ] GC(13) Concurrent Mark (17.789s, 17.810s) 20.852ms
[2020-08-18T07:57:12.501+0000][6][gc,start     ] GC(13) Pause Remark
[2020-08-18T07:57:12.509+0000][6][gc           ] GC(13) Pause Remark 52M->52M(512M) 8.571ms
[2020-08-18T07:57:12.510+0000][6][gc,cpu       ] GC(13) User=0.00s Sys=0.00s Real=0.01s
[2020-08-18T07:57:12.510+0000][6][safepoint    ] Safepoint "G1Concurrent", Time since last: 52488724 ns, Reaching safepoint: 84700 ns, At safepoint: 9358504 ns, Total: 9443204 ns
[2020-08-18T07:57:12.517+0000][6][gc,marking   ] GC(13) Concurrent Rebuild Remembered Sets
[2020-08-18T07:57:12.605+0000][6][gc,marking   ] GC(13) Concurrent Rebuild Remembered Sets 87.983ms
[2020-08-18T07:57:12.612+0000][6][gc,start     ] GC(13) Pause Cleanup
[2020-08-18T07:57:12.612+0000][6][gc           ] GC(13) Pause Cleanup 55M->55M(512M) 0.656ms
[2020-08-18T07:57:12.613+0000][6][gc,cpu       ] GC(13) User=0.00s Sys=0.00s Real=0.00s
[2020-08-18T07:57:12.613+0000][6][safepoint    ] Safepoint "G1Concurrent", Time since last: 95577444 ns, Reaching safepoint: 5938002 ns, At safepoint: 1289001 ns, Total: 7227003 ns
[2020-08-18T07:57:12.613+0000][6][gc,marking   ] GC(13) Concurrent Cleanup for Next Mark
[2020-08-18T07:57:12.615+0000][6][gc,marking   ] GC(13) Concurrent Cleanup for Next Mark 1.398ms
[2020-08-18T07:57:12.615+0000][6][gc           ] GC(13) Concurrent Cycle 167.113ms
[2020-08-18T07:57:14.398+0000][6][safepoint    ] Safepoint "Cleanup", Time since last: 1785121714 ns, Reaching safepoint: 219200 ns, At safepoint: 3100 ns, Total: 222300 ns
[2020-08-18T07:57:15.421+0000][6][safepoint    ] Safepoint "Cleanup", Time since last: 1022358867 ns, Reaching safepoint: 714200 ns, At safepoint: 3800 ns, Total: 718000 ns
[2020-08-18T07:57:15.712+0000][6][safepoint    ] Safepoint "BulkRevokeBias", Time since last: 290462033 ns, Reaching safepoint: 54900 ns, At safepoint: 235900 ns, Total: 290800 ns
[2020-08-18T07:57:15.743+0000][6][safepoint    ] Safepoint "BulkRevokeBias", Time since last: 30539014 ns, Reaching safepoint: 68800 ns, At safepoint: 223900 ns, Total: 292700 ns
[2020-08-18T07:57:17.208+0000][6][safepoint    ] Safepoint "Cleanup", Time since last: 1461882844 ns, Reaching safepoint: 3517502 ns, At safepoint: 26900 ns, Total: 3544402 ns
[2020-08-18T07:57:18.453+0000][6][safepoint    ] Safepoint "Cleanup", Time since last: 1243352864 ns, Reaching safepoint: 1603101 ns, At safepoint: 11300 ns, Total: 1614401 ns
[2020-08-18T07:57:18.454+0000][6][safepoint    ] Safepoint "BulkRevokeBias", Time since last: 825901 ns, Reaching safepoint: 98100 ns, At safepoint: 149000 ns, Total: 247100 ns
[2020-08-18T07:57:19.819+0000][6][safepoint    ] Safepoint "Cleanup", Time since last: 1359801126 ns, Reaching safepoint: 4355503 ns, At safepoint: 5100 ns, Total: 4360603 ns
[2020-08-18T07:57:20.102+0000][6][gc,start     ] GC(14) Pause Young (Normal) (G1 Evacuation Pause)
[2020-08-18T07:57:20.102+0000][6][gc,task      ] GC(14) Using 2 workers of 2 for evacuation
[2020-08-18T07:57:20.102+0000][6][gc,age       ] GC(14) Desired survivor size 19398656 bytes, new threshold 15 (max threshold 15)
[2020-08-18T07:57:20.189+0000][6][gc,age       ] GC(14) Age table with threshold 15 (max threshold 15)
[2020-08-18T07:57:20.191+0000][6][gc,age       ] GC(14) - age   1:   10439872 bytes,   10439872 total
[2020-08-18T07:57:20.193+0000][6][gc,age       ] GC(14) - age   2:    4103744 bytes,   14543616 total
[2020-08-18T07:57:20.194+0000][6][gc,phases    ] GC(14)   Pre Evacuate Collection Set: 0.2ms
[2020-08-18T07:57:20.195+0000][6][gc,phases    ] GC(14)   Merge Heap Roots: 0.3ms
[2020-08-18T07:57:20.195+0000][6][gc,phases    ] GC(14)   Evacuate Collection Set: 81.3ms
[2020-08-18T07:57:20.196+0000][6][gc,phases    ] GC(14)   Post Evacuate Collection Set: 4.1ms
[2020-08-18T07:57:20.196+0000][6][gc,phases    ] GC(14)   Other: 6.4ms
[2020-08-18T07:57:20.197+0000][6][gc,heap      ] GC(14) Eden regions: 288->0(282)
[2020-08-18T07:57:20.197+0000][6][gc,heap      ] GC(14) Survivor regions: 5->15(37)
[2020-08-18T07:57:20.197+0000][6][gc,heap      ] GC(14) Old regions: 45->45
[2020-08-18T07:57:20.198+0000][6][gc,heap      ] GC(14) Archive regions: 2->2
[2020-08-18T07:57:20.198+0000][6][gc,heap      ] GC(14) Humongous regions: 1->1
[2020-08-18T07:57:20.199+0000][6][gc,metaspace ] GC(14) Metaspace: 68355K(74192K)->68355K(74192K) NonClass: 59056K(62624K)->59056K(62624K) Class: 9299K(11568K)->9299K(11568K)
[2020-08-18T07:57:20.199+0000][6][gc           ] GC(14) Pause Young (Normal) (G1 Evacuation Pause) 339M->61M(512M) 97.536ms
[2020-08-18T07:57:20.200+0000][6][gc,cpu       ] GC(14) User=0.09s Sys=0.00s Real=0.10s
[2020-08-18T07:57:20.200+0000][6][safepoint    ] Safepoint "G1CollectForAllocation", Time since last: 282813951 ns, Reaching safepoint: 122700 ns, At safepoint: 98434453 ns, Total: 98557153 ns
[2020-08-18T07:57:21.271+0000][6][safepoint    ] Safepoint "Cleanup", Time since last: 1070739072 ns, Reaching safepoint: 194100 ns, At safepoint: 2900 ns, Total: 197000 ns
[2020-08-18T07:57:22.415+0000][6][safepoint    ] Safepoint "Cleanup", Time since last: 1144145411 ns, Reaching safepoint: 126800 ns, At safepoint: 4800 ns, Total: 131600 ns
[2020-08-18T07:57:23.018+0000][6][gc,start     ] GC(15) Pause Young (Concurrent Start) (Metadata GC Threshold)
[2020-08-18T07:57:23.019+0000][6][gc,task      ] GC(15) Using 2 workers of 2 for evacuation
[2020-08-18T07:57:23.020+0000][6][gc,age       ] GC(15) Desired survivor size 19922944 bytes, new threshold 15 (max threshold 15)
[2020-08-18T07:57:23.097+0000][6][gc,age       ] GC(15) Age table with threshold 15 (max threshold 15)
[2020-08-18T07:57:23.098+0000][6][gc,age       ] GC(15) - age   1:    2870640 bytes,    2870640 total
[2020-08-18T07:57:23.098+0000][6][gc,age       ] GC(15) - age   2:    9906888 bytes,   12777528 total
[2020-08-18T07:57:23.099+0000][6][gc,age       ] GC(15) - age   3:    4095288 bytes,   16872816 total
[2020-08-18T07:57:23.099+0000][6][gc,phases    ] GC(15)   Pre Evacuate Collection Set: 0.7ms
[2020-08-18T07:57:23.100+0000][6][gc,phases    ] GC(15)   Merge Heap Roots: 2.3ms
[2020-08-18T07:57:23.100+0000][6][gc,phases    ] GC(15)   Evacuate Collection Set: 70.1ms
[2020-08-18T07:57:23.100+0000][6][gc,phases    ] GC(15)   Post Evacuate Collection Set: 4.1ms
[2020-08-18T07:57:23.101+0000][6][gc,phases    ] GC(15)   Other: 3.7ms
[2020-08-18T07:57:23.101+0000][6][gc,heap      ] GC(15) Eden regions: 69->0(281)
[2020-08-18T07:57:23.101+0000][6][gc,heap      ] GC(15) Survivor regions: 15->17(38)
[2020-08-18T07:57:23.102+0000][6][gc,heap      ] GC(15) Old regions: 45->45
[2020-08-18T07:57:23.102+0000][6][gc,heap      ] GC(15) Archive regions: 2->2
[2020-08-18T07:57:23.102+0000][6][gc,heap      ] GC(15) Humongous regions: 1->1
[2020-08-18T07:57:23.103+0000][6][gc,metaspace ] GC(15) Metaspace: 75830K(82000K)->75830K(82000K) NonClass: 65425K(69024K)->65425K(69024K) Class: 10404K(12976K)->10404K(12976K)
[2020-08-18T07:57:23.103+0000][6][gc           ] GC(15) Pause Young (Concurrent Start) (Metadata GC Threshold) 130M->63M(512M) 84.971ms
[2020-08-18T07:57:23.104+0000][6][gc,cpu       ] GC(15) User=0.07s Sys=0.00s Real=0.08s
[2020-08-18T07:57:23.104+0000][6][gc           ] GC(16) Concurrent Cycle
[2020-08-18T07:57:23.105+0000][6][gc,marking   ] GC(16) Concurrent Clear Claimed Marks
[2020-08-18T07:57:23.104+0000][6][safepoint    ] Safepoint "CollectForMetadataAllocation", Time since last: 602829722 ns, Reaching safepoint: 105600 ns, At safepoint: 85885646 ns, Total: 85991246 ns
[2020-08-18T07:57:23.112+0000][6][gc,marking   ] GC(16) Concurrent Clear Claimed Marks 7.880ms
[2020-08-18T07:57:23.113+0000][6][gc,marking   ] GC(16) Concurrent Scan Root Regions
[2020-08-18T07:57:23.168+0000][6][gc,marking   ] GC(16) Concurrent Scan Root Regions 55.160ms
[2020-08-18T07:57:23.169+0000][6][gc,marking   ] GC(16) Concurrent Mark (28.479s)
[2020-08-18T07:57:23.170+0000][6][gc,marking   ] GC(16) Concurrent Mark From Roots
[2020-08-18T07:57:23.170+0000][6][gc,task      ] GC(16) Using 1 workers of 1 for marking
[2020-08-18T07:57:23.255+0000][6][safepoint    ] Safepoint "CollectForMetadataAllocation", Time since last: 151094681 ns, Reaching safepoint: 89600 ns, At safepoint: 198100 ns, Total: 287700 ns
[2020-08-18T07:57:23.306+0000][6][safepoint    ] Safepoint "CollectForMetadataAllocation", Time since last: 47719226 ns, Reaching safepoint: 3055701 ns, At safepoint: 200200 ns, Total: 3255901 ns
[2020-08-18T07:57:23.510+0000][6][gc,marking   ] GC(16) Concurrent Mark From Roots 340.163ms
[2020-08-18T07:57:23.511+0000][6][gc,marking   ] GC(16) Concurrent Preclean
[2020-08-18T07:57:23.511+0000][6][safepoint    ] Safepoint "CollectForMetadataAllocation", Time since last: 204556710 ns, Reaching safepoint: 193400 ns, At safepoint: 204000 ns, Total: 397400 ns
[2020-08-18T07:57:23.512+0000][6][gc,marking   ] GC(16) Concurrent Preclean 0.842ms
[2020-08-18T07:57:23.512+0000][6][gc,marking   ] GC(16) Concurrent Mark (28.479s, 28.821s) 342.465ms
[2020-08-18T07:57:23.512+0000][6][gc,start     ] GC(16) Pause Remark
[2020-08-18T07:57:23.535+0000][6][gc           ] GC(16) Pause Remark 73M->73M(512M) 22.624ms
[2020-08-18T07:57:23.537+0000][6][gc,cpu       ] GC(16) User=0.02s Sys=0.00s Real=0.02s
[2020-08-18T07:57:23.538+0000][6][safepoint    ] Safepoint "G1Concurrent", Time since last: 973101 ns, Reaching safepoint: 124400 ns, At safepoint: 25168013 ns, Total: 25292413 ns
[2020-08-18T07:57:23.538+0000][6][gc,marking   ] GC(16) Concurrent Rebuild Remembered Sets
[2020-08-18T07:57:23.677+0000][6][gc,marking   ] GC(16) Concurrent Rebuild Remembered Sets 139.206ms
[2020-08-18T07:57:23.681+0000][6][gc,start     ] GC(16) Pause Cleanup
[2020-08-18T07:57:23.683+0000][6][gc           ] GC(16) Pause Cleanup 75M->75M(512M) 2.494ms
[2020-08-18T07:57:23.684+0000][6][gc,cpu       ] GC(16) User=0.00s Sys=0.00s Real=0.00s
[2020-08-18T07:57:23.685+0000][6][safepoint    ] Safepoint "G1Concurrent", Time since last: 141347276 ns, Reaching safepoint: 1784801 ns, At safepoint: 3929002 ns, Total: 5713803 ns
[2020-08-18T07:57:23.685+0000][6][gc,marking   ] GC(16) Concurrent Cleanup for Next Mark
[2020-08-18T07:57:23.689+0000][6][gc,marking   ] GC(16) Concurrent Cleanup for Next Mark 4.170ms
[2020-08-18T07:57:23.692+0000][6][gc           ] GC(16) Concurrent Cycle 588.077ms
[2020-08-18T07:57:24.355+0000][6][safepoint    ] Safepoint "BulkRevokeBias", Time since last: 670214503 ns, Reaching safepoint: 313000 ns, At safepoint: 98400 ns, Total: 411400 ns
[2020-08-18T07:57:25.129+0000][6][safepoint    ] Safepoint "BulkRevokeBias", Time since last: 773788481 ns, Reaching safepoint: 98900 ns, At safepoint: 121000 ns, Total: 219900 ns
[2020-08-18T07:57:26.065+0000][6][safepoint    ] Safepoint "BulkRevokeBias", Time since last: 934738899 ns, Reaching safepoint: 303700 ns, At safepoint: 192000 ns, Total: 495700 ns
[2020-08-18T07:57:26.086+0000][6][safepoint    ] Safepoint "BulkRevokeBias", Time since last: 21274702 ns, Reaching safepoint: 171600 ns, At safepoint: 287300 ns, Total: 458900 ns
[2020-08-18T07:57:27.300+0000][6][safepoint    ] Safepoint "Cleanup", Time since last: 1214035328 ns, Reaching safepoint: 130600 ns, At safepoint: 3300 ns, Total: 133900 ns
[2020-08-18T07:57:28.301+0000][6][safepoint    ] Safepoint "Cleanup", Time since last: 1000724706 ns, Reaching safepoint: 90300 ns, At safepoint: 3800 ns, Total: 94100 ns
[2020-08-18T07:57:29.302+0000][6][safepoint    ] Safepoint "Cleanup", Time since last: 1000820805 ns, Reaching safepoint: 82000 ns, At safepoint: 3000 ns, Total: 85000 ns
[2020-08-18T07:57:34.303+0000][6][safepoint    ] Safepoint "Cleanup", Time since last: 5001244056 ns, Reaching safepoint: 77300 ns, At safepoint: 3000 ns, Total: 80300 ns
[2020-08-18T07:57:39.305+0000][6][safepoint    ] Safepoint "Cleanup", Time since last: 5001193455 ns, Reaching safepoint: 78000 ns, At safepoint: 2500 ns, Total: 80500 ns
[2020-08-18T07:57:40.306+0000][6][safepoint    ] Safepoint "Cleanup", Time since last: 1000779973 ns, Reaching safepoint: 77900 ns, At safepoint: 2700 ns, Total: 80600 ns
[2020-08-18T07:57:43.306+0000][6][safepoint    ] Safepoint "Cleanup", Time since last: 3000814531 ns, Reaching safepoint: 74400 ns, At safepoint: 2900 ns, Total: 77300 ns
[2020-08-18T07:57:44.307+0000][6][safepoint    ] Safepoint "Cleanup", Time since last: 1000764510 ns, Reaching safepoint: 232900 ns, At safepoint: 6500 ns, Total: 239400 ns
[2020-08-18T07:57:47.309+0000][6][safepoint    ] Safepoint "Cleanup", Time since last: 3001007230 ns, Reaching safepoint: 93900 ns, At safepoint: 3500 ns, Total: 97400 ns
[2020-08-18T07:57:49.309+0000][6][safepoint    ] Safepoint "Cleanup", Time since last: 2000773422 ns, Reaching safepoint: 78200 ns, At safepoint: 2700 ns, Total: 80900 ns
[2020-08-18T07:57:52.311+0000][6][safepoint    ] Safepoint "Cleanup", Time since last: 3001266336 ns, Reaching safepoint: 528400 ns, At safepoint: 21000 ns, Total: 549400 ns
[2020-08-18T07:57:54.314+0000][6][safepoint    ] Safepoint "Cleanup", Time since last: 2002594523 ns, Reaching safepoint: 339200 ns, At safepoint: 10600 ns, Total: 349800 ns
[2020-08-18T07:57:56.257+0000][6][safepoint    ] Safepoint "Cleanup", Time since last: 1942605017 ns, Reaching safepoint: 137900 ns, At safepoint: 3400 ns, Total: 141300 ns
[2020-08-18T07:57:59.283+0000][6][safepoint    ] Safepoint "Cleanup", Time since last: 3025989225 ns, Reaching safepoint: 155900 ns, At safepoint: 2900 ns, Total: 158800 ns
[2020-08-18T07:58:08.286+0000][6][safepoint    ] Safepoint "Cleanup", Time since last: 9002209863 ns, Reaching safepoint: 216200 ns, At safepoint: 22200 ns, Total: 238400 ns
[2020-08-18T07:58:09.289+0000][6][safepoint    ] Safepoint "Cleanup", Time since last: 1002663607 ns, Reaching safepoint: 1062900 ns, At safepoint: 122100 ns, Total: 1185000 ns
[2020-08-18T07:58:12.295+0000][6][safepoint    ] Safepoint "Cleanup", Time since last: 3005457820 ns, Reaching safepoint: 440200 ns, At safepoint: 20900 ns, Total: 461100 ns
[2020-08-18T07:58:14.299+0000][6][safepoint    ] Safepoint "Cleanup", Time since last: 2003448554 ns, Reaching safepoint: 370200 ns, At safepoint: 28900 ns, Total: 399100 ns
[2020-08-18T07:58:17.300+0000][6][safepoint    ] Safepoint "Cleanup", Time since last: 3001105531 ns, Reaching safepoint: 136500 ns, At safepoint: 3100 ns, Total: 139600 ns
[2020-08-18T07:58:25.303+0000][6][safepoint    ] Safepoint "Cleanup", Time since last: 8002836330 ns, Reaching safepoint: 118100 ns, At safepoint: 4500 ns, Total: 122600 ns
[2020-08-18T07:58:32.307+0000][6][safepoint    ] Safepoint "Cleanup", Time since last: 7003318103 ns, Reaching safepoint: 280600 ns, At safepoint: 7000 ns, Total: 287600 ns
[2020-08-18T07:58:37.309+0000][6][safepoint    ] Safepoint "Cleanup", Time since last: 5001666131 ns, Reaching safepoint: 181300 ns, At safepoint: 5300 ns, Total: 186600 ns
[2020-08-18T07:58:38.311+0000][6][safepoint    ] Safepoint "Cleanup", Time since last: 1001499266 ns, Reaching safepoint: 172400 ns, At safepoint: 4100 ns, Total: 176500 ns
[2020-08-18T07:58:39.312+0000][6][safepoint    ] Safepoint "Cleanup", Time since last: 1000953866 ns, Reaching safepoint: 463500 ns, At safepoint: 7200 ns, Total: 470700 ns
[2020-08-18T07:58:41.315+0000][6][safepoint    ] Safepoint "Cleanup", Time since last: 2002113532 ns, Reaching safepoint: 473800 ns, At safepoint: 12300 ns, Total: 486100 ns
[2020-08-18T07:58:42.317+0000][6][safepoint    ] Safepoint "Cleanup", Time since last: 1002360266 ns, Reaching safepoint: 179700 ns, At safepoint: 4500 ns, Total: 184200 ns
[2020-08-18T07:58:54.322+0000][6][safepoint    ] Safepoint "Cleanup", Time since last: 12004333276 ns, Reaching safepoint: 415800 ns, At safepoint: 13100 ns, Total: 428900 ns
[2020-08-18T07:58:55.325+0000][6][safepoint    ] Safepoint "Cleanup", Time since last: 1002917476 ns, Reaching safepoint: 290400 ns, At safepoint: 6900 ns, Total: 297300 ns
[2020-08-18T07:58:58.327+0000][6][safepoint    ] Safepoint "Cleanup", Time since last: 3002041731 ns, Reaching safepoint: 231800 ns, At safepoint: 6200 ns, Total: 238000 ns
[2020-08-18T07:58:59.328+0000][6][safepoint    ] Safepoint "Cleanup", Time since last: 1000933876 ns, Reaching safepoint: 135100 ns, At safepoint: 3500 ns, Total: 138600 ns
[2020-08-18T07:59:00.329+0000][6][safepoint    ] Safepoint "Cleanup", Time since last: 1000950377 ns, Reaching safepoint: 107000 ns, At safepoint: 3000 ns, Total: 110000 ns
[2020-08-18T07:59:03.332+0000][6][safepoint    ] Safepoint "Cleanup", Time since last: 3001719401 ns, Reaching safepoint: 311800 ns, At safepoint: 11700 ns, Total: 323500 ns
[2020-08-18T07:59:04.335+0000][6][safepoint    ] Safepoint "Cleanup", Time since last: 1002416833 ns, Reaching safepoint: 885000 ns, At safepoint: 15200 ns, Total: 900200 ns
[2020-08-18T07:59:12.339+0000][6][safepoint    ] Safepoint "Cleanup", Time since last: 8003707998 ns, Reaching safepoint: 139200 ns, At safepoint: 3000 ns, Total: 142200 ns
[2020-08-18T07:59:13.340+0000][6][safepoint    ] Safepoint "Cleanup", Time since last: 1000798893 ns, Reaching safepoint: 111500 ns, At safepoint: 3300 ns, Total: 114800 ns
[2020-08-18T07:59:18.342+0000][6][safepoint    ] Safepoint "Cleanup", Time since last: 5001878848 ns, Reaching safepoint: 386000 ns, At safepoint: 12700 ns, Total: 398700 ns
[2020-08-18T07:59:19.344+0000][6][safepoint    ] Safepoint "Cleanup", Time since last: 1002048585 ns, Reaching safepoint: 164500 ns, At safepoint: 3700 ns, Total: 168200 ns
[2020-08-18T07:59:25.346+0000][6][safepoint    ] Safepoint "Cleanup", Time since last: 6001839052 ns, Reaching safepoint: 251200 ns, At safepoint: 6600 ns, Total: 257800 ns
[2020-08-18T07:59:30.348+0000][6][safepoint    ] Safepoint "Cleanup", Time since last: 5001941457 ns, Reaching safepoint: 163900 ns, At safepoint: 6300 ns, Total: 170200 ns
[2020-08-18T07:59:33.351+0000][6][safepoint    ] Safepoint "Cleanup", Time since last: 3002020283 ns, Reaching safepoint: 252000 ns, At safepoint: 12000 ns, Total: 264000 ns
[2020-08-18T07:59:54.359+0000][6][safepoint    ] Safepoint "Cleanup", Time since last: 21007900107 ns, Reaching safepoint: 152700 ns, At safepoint: 2900 ns, Total: 155600 ns
[2020-08-18T07:59:57.361+0000][6][safepoint    ] Safepoint "Cleanup", Time since last: 3001784527 ns, Reaching safepoint: 467900 ns, At safepoint: 11300 ns, Total: 479200 ns
[2020-08-18T08:00:00.365+0000][6][safepoint    ] Safepoint "Cleanup", Time since last: 3003538702 ns, Reaching safepoint: 118200 ns, At safepoint: 3300 ns, Total: 121500 ns
[2020-08-18T08:00:08.368+0000][6][safepoint    ] Safepoint "Cleanup", Time since last: 8003294409 ns, Reaching safepoint: 116100 ns, At safepoint: 3700 ns, Total: 119800 ns
[2020-08-18T08:00:12.371+0000][6][safepoint    ] Safepoint "Cleanup", Time since last: 4002336877 ns, Reaching safepoint: 476700 ns, At safepoint: 11100 ns, Total: 487800 ns
[2020-08-18T08:00:24.377+0000][6][safepoint    ] Safepoint "Cleanup", Time since last: 12005618955 ns, Reaching safepoint: 884600 ns, At safepoint: 28300 ns, Total: 912900 ns
[2020-08-18T08:00:25.382+0000][6][safepoint    ] Safepoint "Cleanup", Time since last: 1003566100 ns, Reaching safepoint: 626400 ns, At safepoint: 30700 ns, Total: 657100 ns
[2020-08-18T08:00:33.387+0000][6][safepoint    ] Safepoint "Cleanup", Time since last: 8004759910 ns, Reaching safepoint: 454600 ns, At safepoint: 12500 ns, Total: 467100 ns
[2020-08-18T08:00:34.390+0000][6][safepoint    ] Safepoint "Cleanup", Time since last: 1003130939 ns, Reaching safepoint: 350500 ns, At safepoint: 10200 ns, Total: 360700 ns
[2020-08-18T08:00:39.397+0000][6][safepoint    ] Safepoint "Cleanup", Time since last: 5006092091 ns, Reaching safepoint: 474100 ns, At safepoint: 12700 ns, Total: 486800 ns
[2020-08-18T08:00:44.401+0000][6][safepoint    ] Safepoint "Cleanup", Time since last: 5003975022 ns, Reaching safepoint: 512400 ns, At safepoint: 12000 ns, Total: 524400 ns
[2020-08-18T08:00:49.405+0000][6][safepoint    ] Safepoint "Cleanup", Time since last: 5003617474 ns, Reaching safepoint: 202501 ns, At safepoint: 5400 ns, Total: 207901 ns
[2020-08-18T08:00:55.407+0000][6][safepoint    ] Safepoint "Cleanup", Time since last: 6001857469 ns, Reaching safepoint: 174600 ns, At safepoint: 4200 ns, Total: 178800 ns
[2020-08-18T08:01:19.415+0000][6][safepoint    ] Safepoint "Cleanup", Time since last: 24007580176 ns, Reaching safepoint: 556299 ns, At safepoint: 10500 ns, Total: 566799 ns
[2020-08-18T08:01:48.426+0000][6][safepoint    ] Safepoint "Cleanup", Time since last: 29009439575 ns, Reaching safepoint: 672000 ns, At safepoint: 35400 ns, Total: 707400 ns
[2020-08-18T08:01:49.428+0000][6][safepoint    ] Safepoint "Cleanup", Time since last: 1002511874 ns, Reaching safepoint: 91400 ns, At safepoint: 2700 ns, Total: 94100 ns
[2020-08-18T08:02:16.444+0000][6][safepoint    ] Safepoint "Cleanup", Time since last: 27015152649 ns, Reaching safepoint: 243300 ns, At safepoint: 7700 ns, Total: 251000 ns
[2020-08-18T08:02:24.447+0000][6][safepoint    ] Safepoint "Cleanup", Time since last: 8003451635 ns, Reaching safepoint: 455900 ns, At safepoint: 11800 ns, Total: 467700 ns
[2020-08-18T08:02:25.451+0000][6][safepoint    ] Safepoint "Cleanup", Time since last: 1002500703 ns, Reaching safepoint: 667000 ns, At safepoint: 35600 ns, Total: 702600 ns
[2020-08-18T08:02:29.456+0000][6][safepoint    ] Safepoint "Cleanup", Time since last: 4005047321 ns, Reaching safepoint: 277300 ns, At safepoint: 9500 ns, Total: 286800 ns
[2020-08-18T08:02:34.460+0000][6][safepoint    ] Safepoint "Cleanup", Time since last: 5003234841 ns, Reaching safepoint: 380601 ns, At safepoint: 11300 ns, Total: 391901 ns
[2020-08-18T08:02:42.464+0000][6][safepoint    ] Safepoint "Cleanup", Time since last: 8004455475 ns, Reaching safepoint: 386200 ns, At safepoint: 11700 ns, Total: 397900 ns
[2020-08-18T08:02:55.470+0000][6][safepoint    ] Safepoint "Cleanup", Time since last: 13005294583 ns, Reaching safepoint: 614000 ns, At safepoint: 14500 ns, Total: 628500 ns
[2020-08-18T08:04:07.495+0000][6][safepoint    ] Safepoint "Cleanup", Time since last: 72023292993 ns, Reaching safepoint: 1426801 ns, At safepoint: 4300 ns, Total: 1431101 ns
[2020-08-18T08:04:08.497+0000][6][safepoint    ] Safepoint "Cleanup", Time since last: 1001352248 ns, Reaching safepoint: 163700 ns, At safepoint: 4700 ns, Total: 168400 ns
[2020-08-18T08:04:19.230+0000][6][gc,start     ] GC(17) Pause Young (Concurrent Start) (G1 Evacuation Pause)
[2020-08-18T08:04:19.232+0000][6][gc,task      ] GC(17) Using 2 workers of 2 for evacuation
[2020-08-18T08:04:19.233+0000][6][gc,age       ] GC(17) Desired survivor size 19922944 bytes, new threshold 15 (max threshold 15)
[2020-08-18T08:04:19.349+0000][6][gc,age       ] GC(17) Age table with threshold 15 (max threshold 15)
[2020-08-18T08:04:19.349+0000][6][gc,age       ] GC(17) - age   1:    1925120 bytes,    1925120 total
[2020-08-18T08:04:19.350+0000][6][gc,age       ] GC(17) - age   2:    2625080 bytes,    4550200 total
[2020-08-18T08:04:19.350+0000][6][gc,age       ] GC(17) - age   3:    9802992 bytes,   14353192 total
[2020-08-18T08:04:19.351+0000][6][gc,age       ] GC(17) - age   4:    4084352 bytes,   18437544 total
[2020-08-18T08:04:19.351+0000][6][gc,phases    ] GC(17)   Pre Evacuate Collection Set: 1.3ms
[2020-08-18T08:04:19.352+0000][6][gc,phases    ] GC(17)   Merge Heap Roots: 0.6ms
[2020-08-18T08:04:19.352+0000][6][gc,phases    ] GC(17)   Evacuate Collection Set: 107.2ms
[2020-08-18T08:04:19.352+0000][6][gc,phases    ] GC(17)   Post Evacuate Collection Set: 5.4ms
[2020-08-18T08:04:19.353+0000][6][gc,phases    ] GC(17)   Other: 8.2ms
[2020-08-18T08:04:19.353+0000][6][gc,heap      ] GC(17) Eden regions: 281->0(287)
[2020-08-18T08:04:19.353+0000][6][gc,heap      ] GC(17) Survivor regions: 17->18(38)
[2020-08-18T08:04:19.354+0000][6][gc,heap      ] GC(17) Old regions: 45->45
[2020-08-18T08:04:19.354+0000][6][gc,heap      ] GC(17) Archive regions: 2->2
[2020-08-18T08:04:19.355+0000][6][gc,heap      ] GC(17) Humongous regions: 1->1
[2020-08-18T08:04:19.355+0000][6][gc,metaspace ] GC(17) Metaspace: 82812K(89552K)->82812K(89552K) NonClass: 71485K(75424K)->71485K(75424K) Class: 11327K(14128K)->11327K(14128K)
[2020-08-18T08:04:19.356+0000][6][gc           ] GC(17) Pause Young (Concurrent Start) (G1 Evacuation Pause) 344M->64M(512M) 125.226ms
[2020-08-18T08:04:19.356+0000][6][gc,cpu       ] GC(17) User=0.07s Sys=0.02s Real=0.12s
[2020-08-18T08:04:19.356+0000][6][safepoint    ] Safepoint "G1CollectForAllocation", Time since last: 10730455345 ns, Reaching safepoint: 184900 ns, At safepoint: 128950100 ns, Total: 129135000 ns
[2020-08-18T08:04:19.357+0000][6][gc           ] GC(18) Concurrent Cycle
[2020-08-18T08:04:19.358+0000][6][gc,marking   ] GC(18) Concurrent Clear Claimed Marks
[2020-08-18T08:04:19.358+0000][6][gc,marking   ] GC(18) Concurrent Clear Claimed Marks 0.761ms
[2020-08-18T08:04:19.359+0000][6][gc,marking   ] GC(18) Concurrent Scan Root Regions
[2020-08-18T08:04:19.410+0000][6][gc,marking   ] GC(18) Concurrent Scan Root Regions 51.181ms
[2020-08-18T08:04:19.411+0000][6][gc,marking   ] GC(18) Concurrent Mark (444.720s)
[2020-08-18T08:04:19.411+0000][6][gc,marking   ] GC(18) Concurrent Mark From Roots
[2020-08-18T08:04:19.412+0000][6][gc,task      ] GC(18) Using 1 workers of 1 for marking
[2020-08-18T08:04:19.752+0000][6][gc,marking   ] GC(18) Concurrent Mark From Roots 340.935ms
[2020-08-18T08:04:19.753+0000][6][gc,marking   ] GC(18) Concurrent Preclean
[2020-08-18T08:04:19.754+0000][6][gc,marking   ] GC(18) Concurrent Preclean 0.494ms
[2020-08-18T08:04:19.754+0000][6][gc,marking   ] GC(18) Concurrent Mark (444.720s, 445.063s) 343.263ms
[2020-08-18T08:04:19.755+0000][6][gc,start     ] GC(18) Pause Remark
[2020-08-18T08:04:19.783+0000][6][gc           ] GC(18) Pause Remark 67M->67M(512M) 28.694ms
[2020-08-18T08:04:19.784+0000][6][gc,cpu       ] GC(18) User=0.01s Sys=0.01s Real=0.03s
[2020-08-18T08:04:19.784+0000][6][safepoint    ] Safepoint "G1Concurrent", Time since last: 398278402 ns, Reaching safepoint: 128500 ns, At safepoint: 29573600 ns, Total: 29702100 ns
[2020-08-18T08:04:19.785+0000][6][gc,marking   ] GC(18) Concurrent Rebuild Remembered Sets
[2020-08-18T08:04:19.834+0000][6][gc,marking   ] GC(18) Concurrent Rebuild Remembered Sets 49.237ms
[2020-08-18T08:04:19.837+0000][6][gc,start     ] GC(18) Pause Cleanup
[2020-08-18T08:04:19.840+0000][6][gc           ] GC(18) Pause Cleanup 67M->67M(512M) 2.749ms
[2020-08-18T08:04:19.841+0000][6][gc,cpu       ] GC(18) User=0.00s Sys=0.00s Real=0.01s
[2020-08-18T08:04:19.841+0000][6][safepoint    ] Safepoint "G1Concurrent", Time since last: 50687600 ns, Reaching safepoint: 2498200 ns, At safepoint: 3563900 ns, Total: 6062100 ns
[2020-08-18T08:04:19.841+0000][6][gc,marking   ] GC(18) Concurrent Cleanup for Next Mark
[2020-08-18T08:04:19.843+0000][6][gc,marking   ] GC(18) Concurrent Cleanup for Next Mark 1.892ms
[2020-08-18T08:04:19.843+0000][6][gc           ] GC(18) Concurrent Cycle 486.295ms
[2020-08-18T08:04:23.843+0000][6][safepoint    ] Safepoint "Cleanup", Time since last: 4001437872 ns, Reaching safepoint: 421400 ns, At safepoint: 15100 ns, Total: 436500 ns
[2020-08-18T08:04:49.852+0000][6][safepoint    ] Safepoint "Cleanup", Time since last: 26008548091 ns, Reaching safepoint: 601099 ns, At safepoint: 15300 ns, Total: 616399 ns
[2020-08-18T08:05:12.822+0000][6][safepoint    ] Safepoint "Cleanup", Time since last: 22962266442 ns, Reaching safepoint: 7785600 ns, At safepoint: 6500 ns, Total: 7792100 ns
[2020-08-18T08:05:13.264+0000][6][safepoint    ] Safepoint "BulkRevokeBias", Time since last: 440096997 ns, Reaching safepoint: 647400 ns, At safepoint: 1115500 ns, Total: 1762900 ns
[2020-08-18T08:05:13.352+0000][6][safepoint    ] Safepoint "BulkRevokeBias", Time since last: 88156899 ns, Reaching safepoint: 181600 ns, At safepoint: 201600 ns, Total: 383200 ns
[2020-08-18T08:05:13.389+0000][6][gc,heap,exit ] Heap
[2020-08-18T08:05:13.390+0000][6][gc,heap,exit ]  garbage-first heap   total 524288K, used 103145K [0x00000000e0000000, 0x0000000100000000)
[2020-08-18T08:05:13.390+0000][6][gc,heap,exit ]   region size 1024K, 55 young (56320K), 18 survivors (18432K)
[2020-08-18T08:05:13.390+0000][6][gc,heap,exit ]  Metaspace       used 82963K, capacity 89518K, committed 89808K, reserved 1124352K
[2020-08-18T08:05:13.391+0000][6][gc,heap,exit ]   class space    used 11357K, capacity 14085K, committed 14128K, reserved 1048576K
