[2020-08-18T08:08:51.283+0000][72][gc] Using Concurrent Mark Sweep
[2020-08-18T08:08:51.285+0000][72][gc,heap,coops] Heap address: 0x00000000e0000000, size: 512 MB, Compressed Oops mode: 32-bit
[2020-08-18T08:08:51.602+0000][72][safepoint    ] Safepoint "EnableBiasedLocking", Time since last: 153996061 ns, Reaching safepoint: 120800 ns, At safepoint: 35400 ns, Total: 156200 ns
[2020-08-18T08:08:51.604+0000][72][gc,heap,exit ] Heap
[2020-08-18T08:08:51.605+0000][72][gc,heap,exit ]  par new generation   total 153344K, used 8179K [0x00000000e0000000, 0x00000000ea660000, 0x00000000ea660000)
[2020-08-18T08:08:51.606+0000][72][gc,heap,exit ]   eden space 136320K,   6% used [0x00000000e0000000, 0x00000000e07fce60, 0x00000000e8520000)
[2020-08-18T08:08:51.628+0000][72][gc,heap,exit ]   from space 17024K,   0% used [0x00000000e8520000, 0x00000000e8520000, 0x00000000e95c0000)
[2020-08-18T08:08:51.629+0000][72][gc,heap,exit ]   to   space 17024K,   0% used [0x00000000e95c0000, 0x00000000e95c0000, 0x00000000ea660000)
[2020-08-18T08:08:51.629+0000][72][gc,heap,exit ]  concurrent mark-sweep generation total 353920K, used 0K [0x00000000ea660000, 0x0000000100000000, 0x0000000100000000)
[2020-08-18T08:08:51.630+0000][72][gc,heap,exit ]  Metaspace       used 165K, capacity 4480K, committed 4480K, reserved 1056768K
[2020-08-18T08:08:51.630+0000][72][gc,heap,exit ]   class space    used 6K, capacity 384K, committed 384K, reserved 1048576K
