[2020-08-18T06:55:27.786+0000][6][gc,heap] Heap region size: 1M
[2020-08-18T06:55:27.787+0000][6][gc,heap,coops] Heap address: 0x00000000e0000000, size: 512 MB, Compressed Oops mode: 32-bit
[2020-08-18T06:55:27.966+0000][6][gc           ] Using G1
[2020-08-18T06:55:27.967+0000][6][gc,cds       ] Mark closed archive regions in map: [0x00000000fff00000, 0x00000000fff7eff8]
[2020-08-18T06:55:27.970+0000][6][gc,cds       ] Mark open archive regions in map: [0x00000000ffe00000, 0x00000000ffe51ff8]
[2020-08-18T06:55:27.990+0000][6][gc           ] Periodic GC disabled
[2020-08-18T06:55:28.982+0000][6][gc,start     ] GC(0) Pause Young (Normal) (G1 Evacuation Pause)
[2020-08-18T06:55:28.982+0000][6][gc,task      ] GC(0) Using 2 workers of 2 for evacuation
[2020-08-18T06:55:28.983+0000][6][gc,age       ] GC(0) Desired survivor size 2097152 bytes, new threshold 15 (max threshold 15)
[2020-08-18T06:55:28.991+0000][6][gc,age       ] GC(0) Age table with threshold 15 (max threshold 15)
[2020-08-18T06:55:28.992+0000][6][gc,age       ] GC(0) - age   1:    2697024 bytes,    2697024 total
[2020-08-18T06:55:28.992+0000][6][gc,phases    ] GC(0)   Pre Evacuate Collection Set: 0.1ms
[2020-08-18T06:55:28.992+0000][6][gc,phases    ] GC(0)   Merge Heap Roots: 0.0ms
[2020-08-18T06:55:28.993+0000][6][gc,phases    ] GC(0)   Evacuate Collection Set: 7.4ms
[2020-08-18T06:55:28.993+0000][6][gc,phases    ] GC(0)   Post Evacuate Collection Set: 0.3ms
[2020-08-18T06:55:28.993+0000][6][gc,phases    ] GC(0)   Other: 2.5ms
[2020-08-18T06:55:28.994+0000][6][gc,heap      ] GC(0) Eden regions: 25->0(22)
[2020-08-18T06:55:28.994+0000][6][gc,heap      ] GC(0) Survivor regions: 0->3(4)
[2020-08-18T06:55:28.994+0000][6][gc,heap      ] GC(0) Old regions: 0->0
[2020-08-18T06:55:28.995+0000][6][gc,heap      ] GC(0) Archive regions: 2->2
[2020-08-18T06:55:28.995+0000][6][gc,heap      ] GC(0) Humongous regions: 1->1
[2020-08-18T06:55:28.995+0000][6][gc,metaspace ] GC(0) Metaspace: 5890K(8704K)->5890K(8704K) NonClass: 5234K(7680K)->5234K(7680K) Class: 655K(1024K)->655K(1024K)
[2020-08-18T06:55:28.995+0000][6][gc           ] GC(0) Pause Young (Normal) (G1 Evacuation Pause) 26M->4M(512M) 13.639ms
[2020-08-18T06:55:28.996+0000][6][gc,cpu       ] GC(0) User=0.01s Sys=0.01s Real=0.01s
[2020-08-18T06:55:28.996+0000][6][safepoint    ] Safepoint "G1CollectForAllocation", Time since last: 997336147 ns, Reaching safepoint: 144700 ns, At safepoint: 14297599 ns, Total: 14442299 ns
[2020-08-18T06:55:30.101+0000][6][safepoint    ] Safepoint "Cleanup", Time since last: 1104654741 ns, Reaching safepoint: 303400 ns, At safepoint: 3100 ns, Total: 306500 ns
[2020-08-18T06:55:30.500+0000][6][gc,start     ] GC(1) Pause Young (Normal) (G1 Evacuation Pause)
[2020-08-18T06:55:30.501+0000][6][gc,task      ] GC(1) Using 2 workers of 2 for evacuation
[2020-08-18T06:55:30.501+0000][6][gc,age       ] GC(1) Desired survivor size 2097152 bytes, new threshold 1 (max threshold 15)
[2020-08-18T06:55:30.511+0000][6][gc,age       ] GC(1) Age table with threshold 1 (max threshold 15)
[2020-08-18T06:55:30.512+0000][6][gc,age       ] GC(1) - age   1:    1029328 bytes,    1029328 total
[2020-08-18T06:55:30.512+0000][6][gc,phases    ] GC(1)   Pre Evacuate Collection Set: 0.2ms
[2020-08-18T06:55:30.513+0000][6][gc,phases    ] GC(1)   Merge Heap Roots: 0.1ms
[2020-08-18T06:55:30.514+0000][6][gc,phases    ] GC(1)   Evacuate Collection Set: 9.0ms
[2020-08-18T06:55:30.514+0000][6][gc,phases    ] GC(1)   Post Evacuate Collection Set: 0.4ms
[2020-08-18T06:55:30.515+0000][6][gc,phases    ] GC(1)   Other: 3.0ms
[2020-08-18T06:55:30.515+0000][6][gc,heap      ] GC(1) Eden regions: 22->0(30)
[2020-08-18T06:55:30.515+0000][6][gc,heap      ] GC(1) Survivor regions: 3->1(4)
[2020-08-18T06:55:30.516+0000][6][gc,heap      ] GC(1) Old regions: 0->3
[2020-08-18T06:55:30.516+0000][6][gc,heap      ] GC(1) Archive regions: 2->2
[2020-08-18T06:55:30.516+0000][6][gc,heap      ] GC(1) Humongous regions: 1->1
[2020-08-18T06:55:30.517+0000][6][gc,metaspace ] GC(1) Metaspace: 10065K(11008K)->10065K(11008K) NonClass: 8816K(9472K)->8816K(9472K) Class: 1249K(1536K)->1249K(1536K)
[2020-08-18T06:55:30.517+0000][6][gc           ] GC(1) Pause Young (Normal) (G1 Evacuation Pause) 26M->5M(512M) 17.543ms
[2020-08-18T06:55:30.518+0000][6][gc,cpu       ] GC(1) User=0.01s Sys=0.00s Real=0.01s
[2020-08-18T06:55:30.518+0000][6][safepoint    ] Safepoint "G1CollectForAllocation", Time since last: 398608979 ns, Reaching safepoint: 206100 ns, At safepoint: 18534999 ns, Total: 18741099 ns
[2020-08-18T06:55:31.720+0000][6][gc,start     ] GC(2) Pause Young (Normal) (G1 Evacuation Pause)
[2020-08-18T06:55:31.721+0000][6][gc,task      ] GC(2) Using 2 workers of 2 for evacuation
[2020-08-18T06:55:31.721+0000][6][gc,age       ] GC(2) Desired survivor size 2097152 bytes, new threshold 15 (max threshold 15)
[2020-08-18T06:55:31.737+0000][6][gc,age       ] GC(2) Age table with threshold 15 (max threshold 15)
[2020-08-18T06:55:31.738+0000][6][gc,age       ] GC(2) - age   1:    1937880 bytes,    1937880 total
[2020-08-18T06:55:31.738+0000][6][gc,age       ] GC(2) - age   2:     998592 bytes,    2936472 total
[2020-08-18T06:55:31.739+0000][6][gc,phases    ] GC(2)   Pre Evacuate Collection Set: 0.2ms
[2020-08-18T06:55:31.739+0000][6][gc,phases    ] GC(2)   Merge Heap Roots: 0.1ms
[2020-08-18T06:55:31.740+0000][6][gc,phases    ] GC(2)   Evacuate Collection Set: 14.2ms
[2020-08-18T06:55:31.740+0000][6][gc,phases    ] GC(2)   Post Evacuate Collection Set: 0.9ms
[2020-08-18T06:55:31.741+0000][6][gc,phases    ] GC(2)   Other: 3.3ms
[2020-08-18T06:55:31.741+0000][6][gc,heap      ] GC(2) Eden regions: 30->0(54)
[2020-08-18T06:55:31.742+0000][6][gc,heap      ] GC(2) Survivor regions: 1->3(4)
[2020-08-18T06:55:31.742+0000][6][gc,heap      ] GC(2) Old regions: 3->3
[2020-08-18T06:55:31.742+0000][6][gc,heap      ] GC(2) Archive regions: 2->2
[2020-08-18T06:55:31.743+0000][6][gc,heap      ] GC(2) Humongous regions: 1->1
[2020-08-18T06:55:31.743+0000][6][gc,metaspace ] GC(2) Metaspace: 13502K(14208K)->13502K(14208K) NonClass: 11857K(12288K)->11857K(12288K) Class: 1644K(1920K)->1644K(1920K)
[2020-08-18T06:55:31.744+0000][6][gc           ] GC(2) Pause Young (Normal) (G1 Evacuation Pause) 35M->7M(512M) 23.659ms
[2020-08-18T06:55:31.744+0000][6][gc,cpu       ] GC(2) User=0.01s Sys=0.00s Real=0.02s
[2020-08-18T06:55:31.745+0000][6][safepoint    ] Safepoint "G1CollectForAllocation", Time since last: 1201420035 ns, Reaching safepoint: 247600 ns, At safepoint: 24479899 ns, Total: 24727499 ns
[2020-08-18T06:55:31.746+0000][6][safepoint    ] Safepoint "BulkRevokeBias", Time since last: 732700 ns, Reaching safepoint: 157700 ns, At safepoint: 247200 ns, Total: 404900 ns
[2020-08-18T06:55:32.747+0000][6][safepoint    ] Safepoint "Cleanup", Time since last: 1001104346 ns, Reaching safepoint: 475000 ns, At safepoint: 6400 ns, Total: 481400 ns
[2020-08-18T06:55:33.753+0000][6][safepoint    ] Safepoint "Cleanup", Time since last: 1001537665 ns, Reaching safepoint: 4467200 ns, At safepoint: 11300 ns, Total: 4478500 ns
[2020-08-18T06:55:33.968+0000][6][gc,start     ] GC(3) Pause Young (Normal) (G1 Evacuation Pause)
[2020-08-18T06:55:33.971+0000][6][gc,task      ] GC(3) Using 2 workers of 2 for evacuation
[2020-08-18T06:55:33.972+0000][6][gc,age       ] GC(3) Desired survivor size 4194304 bytes, new threshold 15 (max threshold 15)
[2020-08-18T06:55:34.002+0000][6][gc,age       ] GC(3) Age table with threshold 15 (max threshold 15)
[2020-08-18T06:55:34.003+0000][6][gc,age       ] GC(3) - age   1:    2870768 bytes,    2870768 total
[2020-08-18T06:55:34.004+0000][6][gc,age       ] GC(3) - age   2:    1895096 bytes,    4765864 total
[2020-08-18T06:55:34.005+0000][6][gc,age       ] GC(3) - age   3:     992624 bytes,    5758488 total
[2020-08-18T06:55:34.007+0000][6][gc,phases    ] GC(3)   Pre Evacuate Collection Set: 0.7ms
[2020-08-18T06:55:34.008+0000][6][gc,phases    ] GC(3)   Merge Heap Roots: 0.1ms
[2020-08-18T06:55:34.008+0000][6][gc,phases    ] GC(3)   Evacuate Collection Set: 26.5ms
[2020-08-18T06:55:34.009+0000][6][gc,phases    ] GC(3)   Post Evacuate Collection Set: 1.1ms
[2020-08-18T06:55:34.009+0000][6][gc,phases    ] GC(3)   Other: 10.0ms
[2020-08-18T06:55:34.010+0000][6][gc,heap      ] GC(3) Eden regions: 54->0(118)
[2020-08-18T06:55:34.011+0000][6][gc,heap      ] GC(3) Survivor regions: 3->6(8)
[2020-08-18T06:55:34.011+0000][6][gc,heap      ] GC(3) Old regions: 3->3
[2020-08-18T06:55:34.012+0000][6][gc,heap      ] GC(3) Archive regions: 2->2
[2020-08-18T06:55:34.019+0000][6][gc,heap      ] GC(3) Humongous regions: 2->1
[2020-08-18T06:55:34.020+0000][6][gc,metaspace ] GC(3) Metaspace: 14939K(15616K)->14939K(15616K) NonClass: 13143K(13568K)->13143K(13568K) Class: 1795K(2048K)->1795K(2048K)
[2020-08-18T06:55:34.022+0000][6][gc           ] GC(3) Pause Young (Normal) (G1 Evacuation Pause) 62M->10M(512M) 53.439ms
[2020-08-18T06:55:34.023+0000][6][gc,cpu       ] GC(3) User=0.03s Sys=0.00s Real=0.05s
[2020-08-18T06:55:34.025+0000][6][safepoint    ] Safepoint "G1CollectForAllocation", Time since last: 214473295 ns, Reaching safepoint: 446800 ns, At safepoint: 56484399 ns, Total: 56931199 ns
[2020-08-18T06:55:34.085+0000][6][safepoint    ] Safepoint "BulkRevokeBias", Time since last: 59792198 ns, Reaching safepoint: 54400 ns, At safepoint: 61300 ns, Total: 115700 ns
[2020-08-18T06:55:34.098+0000][6][safepoint    ] Safepoint "BulkRevokeBias", Time since last: 13028400 ns, Reaching safepoint: 566800 ns, At safepoint: 83600 ns, Total: 650400 ns
[2020-08-18T06:55:35.483+0000][6][safepoint    ] Safepoint "Cleanup", Time since last: 1376758066 ns, Reaching safepoint: 8185100 ns, At safepoint: 21900 ns, Total: 8207000 ns
[2020-08-18T06:55:35.678+0000][6][gc,start     ] GC(4) Pause Young (Normal) (G1 Evacuation Pause)
[2020-08-18T06:55:35.679+0000][6][gc,task      ] GC(4) Using 2 workers of 2 for evacuation
[2020-08-18T06:55:35.679+0000][6][gc,age       ] GC(4) Desired survivor size 8388608 bytes, new threshold 15 (max threshold 15)
[2020-08-18T06:55:35.700+0000][6][gc,age       ] GC(4) Age table with threshold 15 (max threshold 15)
[2020-08-18T06:55:35.701+0000][6][gc,age       ] GC(4) - age   1:    1378264 bytes,    1378264 total
[2020-08-18T06:55:35.701+0000][6][gc,age       ] GC(4) - age   2:    2842232 bytes,    4220496 total
[2020-08-18T06:55:35.702+0000][6][gc,age       ] GC(4) - age   3:    1894368 bytes,    6114864 total
[2020-08-18T06:55:35.702+0000][6][gc,age       ] GC(4) - age   4:     978368 bytes,    7093232 total
[2020-08-18T06:55:35.703+0000][6][gc,phases    ] GC(4)   Pre Evacuate Collection Set: 0.3ms
[2020-08-18T06:55:35.704+0000][6][gc,phases    ] GC(4)   Merge Heap Roots: 0.1ms
[2020-08-18T06:55:35.704+0000][6][gc,phases    ] GC(4)   Evacuate Collection Set: 19.0ms
[2020-08-18T06:55:35.705+0000][6][gc,phases    ] GC(4)   Post Evacuate Collection Set: 0.8ms
[2020-08-18T06:55:35.705+0000][6][gc,phases    ] GC(4)   Other: 4.9ms
[2020-08-18T06:55:35.706+0000][6][gc,heap      ] GC(4) Eden regions: 118->0(237)
[2020-08-18T06:55:35.707+0000][6][gc,heap      ] GC(4) Survivor regions: 6->7(16)
[2020-08-18T06:55:35.707+0000][6][gc,heap      ] GC(4) Old regions: 3->3
[2020-08-18T06:55:35.707+0000][6][gc,heap      ] GC(4) Archive regions: 2->2
[2020-08-18T06:55:35.708+0000][6][gc,heap      ] GC(4) Humongous regions: 1->1
[2020-08-18T06:55:35.708+0000][6][gc,metaspace ] GC(4) Metaspace: 17159K(18048K)->17159K(18048K) NonClass: 15041K(15616K)->15041K(15616K) Class: 2117K(2432K)->2117K(2432K)
[2020-08-18T06:55:35.709+0000][6][gc           ] GC(4) Pause Young (Normal) (G1 Evacuation Pause) 128M->11M(512M) 30.387ms
[2020-08-18T06:55:35.711+0000][6][gc,cpu       ] GC(4) User=0.02s Sys=0.00s Real=0.03s
[2020-08-18T06:55:35.712+0000][6][safepoint    ] Safepoint "G1CollectForAllocation", Time since last: 193111695 ns, Reaching safepoint: 1778900 ns, At safepoint: 33522299 ns, Total: 35301199 ns
[2020-08-18T06:55:36.722+0000][6][safepoint    ] Safepoint "Cleanup", Time since last: 1009969575 ns, Reaching safepoint: 558400 ns, At safepoint: 5700 ns, Total: 564100 ns
[2020-08-18T06:55:37.056+0000][6][gc,start     ] GC(5) Pause Young (Normal) (G1 Evacuation Pause)
[2020-08-18T06:55:37.057+0000][6][gc,task      ] GC(5) Using 2 workers of 2 for evacuation
[2020-08-18T06:55:37.058+0000][6][gc,age       ] GC(5) Desired survivor size 16252928 bytes, new threshold 15 (max threshold 15)
[2020-08-18T06:55:37.102+0000][6][gc,age       ] GC(5) Age table with threshold 15 (max threshold 15)
[2020-08-18T06:55:37.103+0000][6][gc,age       ] GC(5) - age   1:    3960784 bytes,    3960784 total
[2020-08-18T06:55:37.104+0000][6][gc,age       ] GC(5) - age   2:     961688 bytes,    4922472 total
[2020-08-18T06:55:37.105+0000][6][gc,age       ] GC(5) - age   3:    2841584 bytes,    7764056 total
[2020-08-18T06:55:37.106+0000][6][gc,age       ] GC(5) - age   4:    1894368 bytes,    9658424 total
[2020-08-18T06:55:37.107+0000][6][gc,age       ] GC(5) - age   5:     978368 bytes,   10636792 total
[2020-08-18T06:55:37.108+0000][6][gc,phases    ] GC(5)   Pre Evacuate Collection Set: 0.2ms
[2020-08-18T06:55:37.109+0000][6][gc,phases    ] GC(5)   Merge Heap Roots: 0.2ms
[2020-08-18T06:55:37.109+0000][6][gc,phases    ] GC(5)   Evacuate Collection Set: 42.4ms
[2020-08-18T06:55:37.110+0000][6][gc,phases    ] GC(5)   Post Evacuate Collection Set: 0.9ms
[2020-08-18T06:55:37.111+0000][6][gc,phases    ] GC(5)   Other: 8.2ms
[2020-08-18T06:55:37.111+0000][6][gc,heap      ] GC(5) Eden regions: 237->0(296)
[2020-08-18T06:55:37.112+0000][6][gc,heap      ] GC(5) Survivor regions: 7->11(31)
[2020-08-18T06:55:37.112+0000][6][gc,heap      ] GC(5) Old regions: 3->3
[2020-08-18T06:55:37.112+0000][6][gc,heap      ] GC(5) Archive regions: 2->2
[2020-08-18T06:55:37.113+0000][6][gc,heap      ] GC(5) Humongous regions: 1->1
[2020-08-18T06:55:37.113+0000][6][gc,metaspace ] GC(5) Metaspace: 18068K(19200K)->18068K(19200K) NonClass: 15835K(16640K)->15835K(16640K) Class: 2233K(2560K)->2233K(2560K)
[2020-08-18T06:55:37.114+0000][6][gc           ] GC(5) Pause Young (Normal) (G1 Evacuation Pause) 248M->14M(512M) 57.185ms
[2020-08-18T06:55:37.114+0000][6][gc,cpu       ] GC(5) User=0.03s Sys=0.00s Real=0.06s
[2020-08-18T06:55:37.114+0000][6][safepoint    ] Safepoint "G1CollectForAllocation", Time since last: 330345992 ns, Reaching safepoint: 3752400 ns, At safepoint: 58182899 ns, Total: 61935299 ns
[2020-08-18T06:55:37.118+0000][6][safepoint    ] Safepoint "BulkRevokeBias", Time since last: 3269200 ns, Reaching safepoint: 115400 ns, At safepoint: 486900 ns, Total: 602300 ns
[2020-08-18T06:55:38.127+0000][6][safepoint    ] Safepoint "Cleanup", Time since last: 1006179475 ns, Reaching safepoint: 2105600 ns, At safepoint: 64100 ns, Total: 2169700 ns
[2020-08-18T06:55:38.733+0000][6][gc,start     ] GC(6) Pause Young (Normal) (G1 Evacuation Pause)
[2020-08-18T06:55:38.734+0000][6][gc,task      ] GC(6) Using 2 workers of 2 for evacuation
[2020-08-18T06:55:38.735+0000][6][gc,age       ] GC(6) Desired survivor size 20447232 bytes, new threshold 15 (max threshold 15)
[2020-08-18T06:55:38.761+0000][6][gc,age       ] GC(6) Age table with threshold 15 (max threshold 15)
[2020-08-18T06:55:38.762+0000][6][gc,age       ] GC(6) - age   1:    1981928 bytes,    1981928 total
[2020-08-18T06:55:38.762+0000][6][gc,age       ] GC(6) - age   2:    3280544 bytes,    5262472 total
[2020-08-18T06:55:38.763+0000][6][gc,age       ] GC(6) - age   3:     957800 bytes,    6220272 total
[2020-08-18T06:55:38.763+0000][6][gc,age       ] GC(6) - age   4:    2841336 bytes,    9061608 total
[2020-08-18T06:55:38.764+0000][6][gc,age       ] GC(6) - age   5:    1894368 bytes,   10955976 total
[2020-08-18T06:55:38.764+0000][6][gc,age       ] GC(6) - age   6:     978208 bytes,   11934184 total
[2020-08-18T06:55:38.765+0000][6][gc,phases    ] GC(6)   Pre Evacuate Collection Set: 0.2ms
[2020-08-18T06:55:38.765+0000][6][gc,phases    ] GC(6)   Merge Heap Roots: 0.1ms
[2020-08-18T06:55:38.766+0000][6][gc,phases    ] GC(6)   Evacuate Collection Set: 25.0ms
[2020-08-18T06:55:38.767+0000][6][gc,phases    ] GC(6)   Post Evacuate Collection Set: 1.0ms
[2020-08-18T06:55:38.767+0000][6][gc,phases    ] GC(6)   Other: 5.3ms
[2020-08-18T06:55:38.768+0000][6][gc,heap      ] GC(6) Eden regions: 296->0(295)
[2020-08-18T06:55:38.774+0000][6][gc,heap      ] GC(6) Survivor regions: 11->12(39)
[2020-08-18T06:55:38.775+0000][6][gc,heap      ] GC(6) Old regions: 3->3
[2020-08-18T06:55:38.775+0000][6][gc,heap      ] GC(6) Archive regions: 2->2
[2020-08-18T06:55:38.776+0000][6][gc,heap      ] GC(6) Humongous regions: 1->1
[2020-08-18T06:55:38.776+0000][6][gc,metaspace ] GC(6) Metaspace: 18857K(20224K)->18857K(20224K) NonClass: 16507K(17408K)->16507K(17408K) Class: 2350K(2816K)->2350K(2816K)
[2020-08-18T06:55:38.777+0000][6][gc           ] GC(6) Pause Young (Normal) (G1 Evacuation Pause) 310M->16M(512M) 43.433ms
[2020-08-18T06:55:38.777+0000][6][gc,cpu       ] GC(6) User=0.05s Sys=0.00s Real=0.04s
[2020-08-18T06:55:38.778+0000][6][safepoint    ] Safepoint "G1CollectForAllocation", Time since last: 606449485 ns, Reaching safepoint: 301000 ns, At safepoint: 44308199 ns, Total: 44609199 ns
[2020-08-18T06:55:38.786+0000][6][safepoint    ] Safepoint "BulkRevokeBias", Time since last: 8667900 ns, Reaching safepoint: 42600 ns, At safepoint: 56700 ns, Total: 99300 ns
[2020-08-18T06:55:38.787+0000][6][safepoint    ] Safepoint "BulkRevokeBias", Time since last: 714000 ns, Reaching safepoint: 41200 ns, At safepoint: 77800 ns, Total: 119000 ns
[2020-08-18T06:55:39.791+0000][6][safepoint    ] Safepoint "Cleanup", Time since last: 1001639575 ns, Reaching safepoint: 1760800 ns, At safepoint: 10100 ns, Total: 1770900 ns
[2020-08-18T06:55:39.838+0000][6][gc,start     ] GC(7) Pause Young (Normal) (G1 Evacuation Pause)
[2020-08-18T06:55:39.840+0000][6][gc,task      ] GC(7) Using 2 workers of 2 for evacuation
[2020-08-18T06:55:39.841+0000][6][gc,age       ] GC(7) Desired survivor size 20447232 bytes, new threshold 15 (max threshold 15)
[2020-08-18T06:55:39.876+0000][6][gc,age       ] GC(7) Age table with threshold 15 (max threshold 15)
[2020-08-18T06:55:39.877+0000][6][gc,age       ] GC(7) - age   1:    2245704 bytes,    2245704 total
[2020-08-18T06:55:39.878+0000][6][gc,age       ] GC(7) - age   2:    1906464 bytes,    4152168 total
[2020-08-18T06:55:39.878+0000][6][gc,age       ] GC(7) - age   3:    3279192 bytes,    7431360 total
[2020-08-18T06:55:39.878+0000][6][gc,age       ] GC(7) - age   4:     957464 bytes,    8388824 total
[2020-08-18T06:55:39.879+0000][6][gc,age       ] GC(7) - age   5:    2840328 bytes,   11229152 total
[2020-08-18T06:55:39.879+0000][6][gc,age       ] GC(7) - age   6:    1894272 bytes,   13123424 total
[2020-08-18T06:55:39.880+0000][6][gc,age       ] GC(7) - age   7:     978208 bytes,   14101632 total
[2020-08-18T06:55:39.880+0000][6][gc,phases    ] GC(7)   Pre Evacuate Collection Set: 0.1ms
[2020-08-18T06:55:39.881+0000][6][gc,phases    ] GC(7)   Merge Heap Roots: 0.1ms
[2020-08-18T06:55:39.881+0000][6][gc,phases    ] GC(7)   Evacuate Collection Set: 32.8ms
[2020-08-18T06:55:39.881+0000][6][gc,phases    ] GC(7)   Post Evacuate Collection Set: 1.1ms
[2020-08-18T06:55:39.882+0000][6][gc,phases    ] GC(7)   Other: 7.8ms
[2020-08-18T06:55:39.883+0000][6][gc,heap      ] GC(7) Eden regions: 295->0(293)
[2020-08-18T06:55:39.883+0000][6][gc,heap      ] GC(7) Survivor regions: 12->14(39)
[2020-08-18T06:55:39.883+0000][6][gc,heap      ] GC(7) Old regions: 3->3
[2020-08-18T06:55:39.884+0000][6][gc,heap      ] GC(7) Archive regions: 2->2
[2020-08-18T06:55:39.884+0000][6][gc,heap      ] GC(7) Humongous regions: 1->1
[2020-08-18T06:55:39.885+0000][6][gc,metaspace ] GC(7) Metaspace: 19799K(21248K)->19799K(21248K) NonClass: 17353K(18432K)->17353K(18432K) Class: 2445K(2816K)->2445K(2816K)
[2020-08-18T06:55:39.885+0000][6][gc           ] GC(7) Pause Young (Normal) (G1 Evacuation Pause) 311M->18M(512M) 46.712ms
[2020-08-18T06:55:39.886+0000][6][gc,cpu       ] GC(7) User=0.04s Sys=0.00s Real=0.04s
[2020-08-18T06:55:39.886+0000][6][safepoint    ] Safepoint "G1CollectForAllocation", Time since last: 46790599 ns, Reaching safepoint: 868700 ns, At safepoint: 47525499 ns, Total: 48394199 ns
[2020-08-18T06:55:39.964+0000][6][gc,start     ] GC(8) Pause Young (Concurrent Start) (Metadata GC Threshold)
[2020-08-18T06:55:39.965+0000][6][gc,task      ] GC(8) Using 2 workers of 2 for evacuation
[2020-08-18T06:55:39.965+0000][6][gc,age       ] GC(8) Desired survivor size 20447232 bytes, new threshold 15 (max threshold 15)
[2020-08-18T06:55:39.997+0000][6][gc,age       ] GC(8) Age table with threshold 15 (max threshold 15)
[2020-08-18T06:55:39.998+0000][6][gc,age       ] GC(8) - age   1:      75632 bytes,      75632 total
[2020-08-18T06:55:39.998+0000][6][gc,age       ] GC(8) - age   2:    1846216 bytes,    1921848 total
[2020-08-18T06:55:40.000+0000][6][gc,age       ] GC(8) - age   3:    1906464 bytes,    3828312 total
[2020-08-18T06:55:40.001+0000][6][gc,age       ] GC(8) - age   4:    3279192 bytes,    7107504 total
[2020-08-18T06:55:40.001+0000][6][gc,age       ] GC(8) - age   5:     957464 bytes,    8064968 total
[2020-08-18T06:55:40.001+0000][6][gc,age       ] GC(8) - age   6:    2840328 bytes,   10905296 total
[2020-08-18T06:55:40.002+0000][6][gc,age       ] GC(8) - age   7:    1894272 bytes,   12799568 total
[2020-08-18T06:55:40.002+0000][6][gc,age       ] GC(8) - age   8:     978208 bytes,   13777776 total
[2020-08-18T06:55:40.003+0000][6][gc,phases    ] GC(8)   Pre Evacuate Collection Set: 0.3ms
[2020-08-18T06:55:40.003+0000][6][gc,phases    ] GC(8)   Merge Heap Roots: 0.1ms
[2020-08-18T06:55:40.004+0000][6][gc,phases    ] GC(8)   Evacuate Collection Set: 30.2ms
[2020-08-18T06:55:40.004+0000][6][gc,phases    ] GC(8)   Post Evacuate Collection Set: 0.8ms
[2020-08-18T06:55:40.004+0000][6][gc,phases    ] GC(8)   Other: 7.4ms
[2020-08-18T06:55:40.005+0000][6][gc,heap      ] GC(8) Eden regions: 23->0(293)
[2020-08-18T06:55:40.005+0000][6][gc,heap      ] GC(8) Survivor regions: 14->14(39)
[2020-08-18T06:55:40.005+0000][6][gc,heap      ] GC(8) Old regions: 3->3
[2020-08-18T06:55:40.006+0000][6][gc,heap      ] GC(8) Archive regions: 2->2
[2020-08-18T06:55:40.006+0000][6][gc,heap      ] GC(8) Humongous regions: 1->1
[2020-08-18T06:55:40.007+0000][6][gc,metaspace ] GC(8) Metaspace: 19851K(21248K)->19851K(21248K) NonClass: 17394K(18432K)->17394K(18432K) Class: 2456K(2816K)->2456K(2816K)
[2020-08-18T06:55:40.007+0000][6][gc           ] GC(8) Pause Young (Concurrent Start) (Metadata GC Threshold) 40M->18M(512M) 42.953ms
[2020-08-18T06:55:40.008+0000][6][gc,cpu       ] GC(8) User=0.03s Sys=0.00s Real=0.04s
[2020-08-18T06:55:40.008+0000][6][gc           ] GC(9) Concurrent Cycle
[2020-08-18T06:55:40.008+0000][6][gc,marking   ] GC(9) Concurrent Clear Claimed Marks
[2020-08-18T06:55:40.008+0000][6][safepoint    ] Safepoint "CollectForMetadataAllocation", Time since last: 77590398 ns, Reaching safepoint: 597800 ns, At safepoint: 44370199 ns, Total: 44967999 ns
[2020-08-18T06:55:40.009+0000][6][gc,marking   ] GC(9) Concurrent Clear Claimed Marks 0.652ms
[2020-08-18T06:55:40.012+0000][6][gc,marking   ] GC(9) Concurrent Scan Root Regions
[2020-08-18T06:55:40.027+0000][6][gc,marking   ] GC(9) Concurrent Scan Root Regions 15.172ms
[2020-08-18T06:55:40.028+0000][6][gc,marking   ] GC(9) Concurrent Mark (12.255s)
[2020-08-18T06:55:40.028+0000][6][gc,marking   ] GC(9) Concurrent Mark From Roots
[2020-08-18T06:55:40.028+0000][6][gc,task      ] GC(9) Using 1 workers of 1 for marking
[2020-08-18T06:55:40.048+0000][6][gc,marking   ] GC(9) Concurrent Mark From Roots 20.108ms
[2020-08-18T06:55:40.049+0000][6][gc,marking   ] GC(9) Concurrent Preclean
[2020-08-18T06:55:40.049+0000][6][gc,marking   ] GC(9) Concurrent Preclean 0.616ms
[2020-08-18T06:55:40.050+0000][6][gc,marking   ] GC(9) Concurrent Mark (12.255s, 12.277s) 22.162ms
[2020-08-18T06:55:40.051+0000][6][gc,start     ] GC(9) Pause Remark
[2020-08-18T06:55:40.058+0000][6][gc           ] GC(9) Pause Remark 25M->25M(512M) 7.242ms
[2020-08-18T06:55:40.059+0000][6][gc,cpu       ] GC(9) User=0.01s Sys=0.00s Real=0.01s
[2020-08-18T06:55:40.059+0000][6][safepoint    ] Safepoint "G1Concurrent", Time since last: 41768099 ns, Reaching safepoint: 347900 ns, At safepoint: 8537400 ns, Total: 8885300 ns
[2020-08-18T06:55:40.060+0000][6][gc,marking   ] GC(9) Concurrent Rebuild Remembered Sets
[2020-08-18T06:55:40.072+0000][6][gc,marking   ] GC(9) Concurrent Rebuild Remembered Sets 12.577ms
[2020-08-18T06:55:40.078+0000][6][gc,start     ] GC(9) Pause Cleanup
[2020-08-18T06:55:40.079+0000][6][gc           ] GC(9) Pause Cleanup 27M->27M(512M) 0.877ms
[2020-08-18T06:55:40.080+0000][6][gc,cpu       ] GC(9) User=0.00s Sys=0.00s Real=0.00s
[2020-08-18T06:55:40.080+0000][6][safepoint    ] Safepoint "G1Concurrent", Time since last: 13708699 ns, Reaching safepoint: 5631900 ns, At safepoint: 1832600 ns, Total: 7464500 ns
[2020-08-18T06:55:40.081+0000][6][gc,marking   ] GC(9) Concurrent Cleanup for Next Mark
[2020-08-18T06:55:40.082+0000][6][gc,marking   ] GC(9) Concurrent Cleanup for Next Mark 1.548ms
[2020-08-18T06:55:40.083+0000][6][gc           ] GC(9) Concurrent Cycle 74.718ms
[2020-08-18T06:55:41.082+0000][6][safepoint    ] Safepoint "Cleanup", Time since last: 1001381876 ns, Reaching safepoint: 89800 ns, At safepoint: 2500 ns, Total: 92300 ns
[2020-08-18T06:55:42.036+0000][6][gc,start     ] GC(10) Pause Young (Normal) (G1 Evacuation Pause)
[2020-08-18T06:55:42.037+0000][6][gc,task      ] GC(10) Using 2 workers of 2 for evacuation
[2020-08-18T06:55:42.037+0000][6][gc,age       ] GC(10) Desired survivor size 20447232 bytes, new threshold 15 (max threshold 15)
[2020-08-18T06:55:42.066+0000][6][gc,age       ] GC(10) Age table with threshold 15 (max threshold 15)
[2020-08-18T06:55:42.067+0000][6][gc,age       ] GC(10) - age   1:    2012104 bytes,    2012104 total
[2020-08-18T06:55:42.067+0000][6][gc,age       ] GC(10) - age   2:      57624 bytes,    2069728 total
[2020-08-18T06:55:42.068+0000][6][gc,age       ] GC(10) - age   3:    1835264 bytes,    3904992 total
[2020-08-18T06:55:42.068+0000][6][gc,age       ] GC(10) - age   4:    1896880 bytes,    5801872 total
[2020-08-18T06:55:42.068+0000][6][gc,age       ] GC(10) - age   5:    3266368 bytes,    9068240 total
[2020-08-18T06:55:42.069+0000][6][gc,age       ] GC(10) - age   6:     952936 bytes,   10021176 total
[2020-08-18T06:55:42.069+0000][6][gc,age       ] GC(10) - age   7:    2818312 bytes,   12839488 total
[2020-08-18T06:55:42.073+0000][6][gc,age       ] GC(10) - age   8:    1872160 bytes,   14711648 total
[2020-08-18T06:55:42.073+0000][6][gc,age       ] GC(10) - age   9:     970904 bytes,   15682552 total
[2020-08-18T06:55:42.074+0000][6][gc,phases    ] GC(10)   Pre Evacuate Collection Set: 0.3ms
[2020-08-18T06:55:42.074+0000][6][gc,phases    ] GC(10)   Merge Heap Roots: 0.2ms
[2020-08-18T06:55:42.075+0000][6][gc,phases    ] GC(10)   Evacuate Collection Set: 26.9ms
[2020-08-18T06:55:42.075+0000][6][gc,phases    ] GC(10)   Post Evacuate Collection Set: 1.1ms
[2020-08-18T06:55:42.076+0000][6][gc,phases    ] GC(10)   Other: 9.6ms
[2020-08-18T06:55:42.076+0000][6][gc,heap      ] GC(10) Eden regions: 293->0(291)
[2020-08-18T06:55:42.076+0000][6][gc,heap      ] GC(10) Survivor regions: 14->16(39)
[2020-08-18T06:55:42.077+0000][6][gc,heap      ] GC(10) Old regions: 3->3
[2020-08-18T06:55:42.077+0000][6][gc,heap      ] GC(10) Archive regions: 2->2
[2020-08-18T06:55:42.077+0000][6][gc,heap      ] GC(10) Humongous regions: 1->1
[2020-08-18T06:55:42.078+0000][6][gc,metaspace ] GC(10) Metaspace: 24762K(27008K)->24762K(27008K) NonClass: 21683K(23296K)->21683K(23296K) Class: 3078K(3712K)->3078K(3712K)
[2020-08-18T06:55:42.078+0000][6][gc           ] GC(10) Pause Young (Normal) (G1 Evacuation Pause) 311M->20M(512M) 42.165ms
[2020-08-18T06:55:42.078+0000][6][gc,cpu       ] GC(10) User=0.03s Sys=0.00s Real=0.05s
[2020-08-18T06:55:42.079+0000][6][safepoint    ] Safepoint "G1CollectForAllocation", Time since last: 953757600 ns, Reaching safepoint: 368300 ns, At safepoint: 42920800 ns, Total: 43289100 ns
[2020-08-18T06:55:43.579+0000][6][safepoint    ] Safepoint "ICBufferFull", Time since last: 1499289502 ns, Reaching safepoint: 1025600 ns, At safepoint: 6400 ns, Total: 1032000 ns
[2020-08-18T06:55:44.580+0000][6][safepoint    ] Safepoint "Cleanup", Time since last: 1000773501 ns, Reaching safepoint: 175800 ns, At safepoint: 14000 ns, Total: 189800 ns
[2020-08-18T06:55:45.582+0000][6][safepoint    ] Safepoint "Cleanup", Time since last: 1001344901 ns, Reaching safepoint: 325300 ns, At safepoint: 4700 ns, Total: 330000 ns
[2020-08-18T06:55:46.674+0000][6][safepoint    ] Safepoint "BulkRevokeBias", Time since last: 1091507201 ns, Reaching safepoint: 866600 ns, At safepoint: 147200 ns, Total: 1013800 ns
[2020-08-18T06:55:48.311+0000][6][safepoint    ] Safepoint "Cleanup", Time since last: 1636718502 ns, Reaching safepoint: 243500 ns, At safepoint: 6800 ns, Total: 250300 ns
[2020-08-18T06:55:50.313+0000][6][safepoint    ] Safepoint "Cleanup", Time since last: 2001902777 ns, Reaching safepoint: 217400 ns, At safepoint: 42800 ns, Total: 260200 ns
[2020-08-18T06:55:51.329+0000][6][safepoint    ] Safepoint "Cleanup", Time since last: 1005393879 ns, Reaching safepoint: 9823900 ns, At safepoint: 82400 ns, Total: 9906300 ns
[2020-08-18T06:55:52.342+0000][6][safepoint    ] Safepoint "Cleanup", Time since last: 1008366779 ns, Reaching safepoint: 4433500 ns, At safepoint: 20500 ns, Total: 4454000 ns
[2020-08-18T06:55:53.344+0000][6][safepoint    ] Safepoint "Cleanup", Time since last: 1002167279 ns, Reaching safepoint: 272100 ns, At safepoint: 42600 ns, Total: 314700 ns
[2020-08-18T06:55:54.345+0000][6][safepoint    ] Safepoint "Cleanup", Time since last: 1001194280 ns, Reaching safepoint: 169300 ns, At safepoint: 4900 ns, Total: 174200 ns
[2020-08-18T06:55:55.347+0000][6][safepoint    ] Safepoint "Cleanup", Time since last: 1001093479 ns, Reaching safepoint: 256400 ns, At safepoint: 6500 ns, Total: 262900 ns
[2020-08-18T06:55:55.822+0000][6][gc,start     ] GC(11) Pause Young (Concurrent Start) (Metadata GC Threshold)
[2020-08-18T06:55:55.823+0000][6][gc,task      ] GC(11) Using 2 workers of 2 for evacuation
[2020-08-18T06:55:55.824+0000][6][gc,age       ] GC(11) Desired survivor size 20447232 bytes, new threshold 15 (max threshold 15)
[2020-08-18T06:55:56.342+0000][6][gc,age       ] GC(11) Age table with threshold 15 (max threshold 15)
[2020-08-18T06:55:56.364+0000][6][gc,age       ] GC(11) - age   1:   25220752 bytes,   25220752 total
[2020-08-18T06:55:56.365+0000][6][gc,age       ] GC(11) - age   2:    1960128 bytes,   27180880 total
[2020-08-18T06:55:56.373+0000][6][gc,age       ] GC(11) - age   3:      57528 bytes,   27238408 total
[2020-08-18T06:55:56.374+0000][6][gc,age       ] GC(11) - age   4:    1831416 bytes,   29069824 total
[2020-08-18T06:55:56.375+0000][6][gc,age       ] GC(11) - age   5:    1880584 bytes,   30950408 total
[2020-08-18T06:55:56.376+0000][6][gc,age       ] GC(11) - age   6:    3258480 bytes,   34208888 total
[2020-08-18T06:55:56.377+0000][6][gc,age       ] GC(11) - age   7:     931160 bytes,   35140048 total
[2020-08-18T06:55:56.379+0000][6][gc,age       ] GC(11) - age   8:    2805144 bytes,   37945192 total
[2020-08-18T06:55:56.380+0000][6][gc,age       ] GC(11) - age   9:    1868656 bytes,   39813848 total
[2020-08-18T06:55:56.381+0000][6][gc,age       ] GC(11) - age  10:     966184 bytes,   40780032 total
[2020-08-18T06:55:56.382+0000][6][gc,mmu       ] GC(11) MMU target violated: 201.0ms (200.0ms/201.0ms)
[2020-08-18T06:55:56.382+0000][6][gc,phases    ] GC(11)   Pre Evacuate Collection Set: 0.8ms
[2020-08-18T06:55:56.383+0000][6][gc,phases    ] GC(11)   Merge Heap Roots: 0.3ms
[2020-08-18T06:55:56.384+0000][6][gc,phases    ] GC(11)   Evacuate Collection Set: 496.1ms
[2020-08-18T06:55:56.384+0000][6][gc,phases    ] GC(11)   Post Evacuate Collection Set: 16.8ms
[2020-08-18T06:55:56.385+0000][6][gc,phases    ] GC(11)   Other: 46.3ms
[2020-08-18T06:55:56.385+0000][6][gc,heap      ] GC(11) Eden regions: 244->0(65)
[2020-08-18T06:55:56.386+0000][6][gc,heap      ] GC(11) Survivor regions: 16->39(39)
[2020-08-18T06:55:56.387+0000][6][gc,heap      ] GC(11) Old regions: 3->5
[2020-08-18T06:55:56.388+0000][6][gc,heap      ] GC(11) Archive regions: 2->2
[2020-08-18T06:55:56.389+0000][6][gc,heap      ] GC(11) Humongous regions: 1->1
[2020-08-18T06:55:56.390+0000][6][gc,metaspace ] GC(11) Metaspace: 32867K(35840K)->32867K(35840K) NonClass: 28543K(30592K)->28543K(30592K) Class: 4324K(5248K)->4324K(5248K)
[2020-08-18T06:55:56.392+0000][6][gc           ] GC(11) Pause Young (Concurrent Start) (Metadata GC Threshold) 264M->45M(512M) 569.700ms
[2020-08-18T06:55:56.394+0000][6][gc,cpu       ] GC(11) User=0.58s Sys=0.03s Real=0.57s
[2020-08-18T06:55:56.395+0000][6][gc           ] GC(12) Concurrent Cycle
[2020-08-18T06:55:56.396+0000][6][gc,marking   ] GC(12) Concurrent Clear Claimed Marks
[2020-08-18T06:55:56.397+0000][6][gc,marking   ] GC(12) Concurrent Clear Claimed Marks 1.219ms
[2020-08-18T06:55:56.398+0000][6][gc,marking   ] GC(12) Concurrent Scan Root Regions
[2020-08-18T06:55:56.397+0000][6][safepoint    ] Safepoint "CollectForMetadataAllocation", Time since last: 475019190 ns, Reaching safepoint: 333400 ns, At safepoint: 574509188 ns, Total: 574842588 ns
[2020-08-18T06:55:56.457+0000][6][safepoint    ] Safepoint "CollectForMetadataAllocation", Time since last: 59748499 ns, Reaching safepoint: 241300 ns, At safepoint: 305500 ns, Total: 546800 ns
[2020-08-18T06:55:56.592+0000][6][gc,marking   ] GC(12) Concurrent Scan Root Regions 194.389ms
[2020-08-18T06:55:56.594+0000][6][gc,marking   ] GC(12) Concurrent Mark (28.821s)
[2020-08-18T06:55:56.595+0000][6][gc,marking   ] GC(12) Concurrent Mark From Roots
[2020-08-18T06:55:56.596+0000][6][gc,task      ] GC(12) Using 1 workers of 1 for marking
[2020-08-18T06:55:56.655+0000][6][gc,marking   ] GC(12) Concurrent Mark From Roots 60.244ms
[2020-08-18T06:55:56.656+0000][6][gc,marking   ] GC(12) Concurrent Preclean
[2020-08-18T06:55:56.657+0000][6][gc,marking   ] GC(12) Concurrent Preclean 0.842ms
[2020-08-18T06:55:56.658+0000][6][gc,marking   ] GC(12) Concurrent Mark (28.821s, 28.885s) 63.800ms
[2020-08-18T06:55:56.667+0000][6][gc,start     ] GC(12) Pause Remark
[2020-08-18T06:55:56.702+0000][6][gc           ] GC(12) Pause Remark 48M->48M(512M) 34.650ms
[2020-08-18T06:55:56.703+0000][6][gc,cpu       ] GC(12) User=0.03s Sys=0.01s Real=0.04s
[2020-08-18T06:55:56.704+0000][6][safepoint    ] Safepoint "G1Concurrent", Time since last: 201447796 ns, Reaching safepoint: 8805700 ns, At safepoint: 36974699 ns, Total: 45780399 ns
[2020-08-18T06:55:56.713+0000][6][gc,marking   ] GC(12) Concurrent Rebuild Remembered Sets
[2020-08-18T06:55:56.772+0000][6][gc,marking   ] GC(12) Concurrent Rebuild Remembered Sets 59.736ms
[2020-08-18T06:55:56.776+0000][6][gc,start     ] GC(12) Pause Cleanup
[2020-08-18T06:55:56.777+0000][6][gc           ] GC(12) Pause Cleanup 49M->49M(512M) 1.099ms
[2020-08-18T06:55:56.778+0000][6][gc,cpu       ] GC(12) User=0.00s Sys=0.00s Real=0.00s
[2020-08-18T06:55:56.778+0000][6][safepoint    ] Safepoint "G1Concurrent", Time since last: 70386698 ns, Reaching safepoint: 1481700 ns, At safepoint: 2427200 ns, Total: 3908900 ns
[2020-08-18T06:55:56.779+0000][6][gc,marking   ] GC(12) Concurrent Cleanup for Next Mark
[2020-08-18T06:55:56.784+0000][6][gc,marking   ] GC(12) Concurrent Cleanup for Next Mark 4.708ms
[2020-08-18T06:55:56.785+0000][6][gc           ] GC(12) Concurrent Cycle 389.478ms
[2020-08-18T06:55:57.761+0000][6][gc,start     ] GC(13) Pause Young (Concurrent Start) (G1 Evacuation Pause)
[2020-08-18T06:55:57.763+0000][6][gc,task      ] GC(13) Using 2 workers of 2 for evacuation
[2020-08-18T06:55:57.764+0000][6][gc,age       ] GC(13) Desired survivor size 6815744 bytes, new threshold 1 (max threshold 15)
[2020-08-18T06:55:58.062+0000][6][gc,age       ] GC(13) Age table with threshold 1 (max threshold 15)
[2020-08-18T06:55:58.065+0000][6][gc,age       ] GC(13) - age   1:     524064 bytes,     524064 total
[2020-08-18T06:55:58.085+0000][6][gc,mmu       ] GC(13) MMU target violated: 201.0ms (200.0ms/201.0ms)
[2020-08-18T06:55:58.088+0000][6][gc,phases    ] GC(13)   Pre Evacuate Collection Set: 0.9ms
[2020-08-18T06:55:58.089+0000][6][gc,phases    ] GC(13)   Merge Heap Roots: 0.5ms
[2020-08-18T06:55:58.091+0000][6][gc,phases    ] GC(13)   Evacuate Collection Set: 291.4ms
[2020-08-18T06:55:58.097+0000][6][gc,phases    ] GC(13)   Post Evacuate Collection Set: 4.4ms
[2020-08-18T06:55:58.099+0000][6][gc,phases    ] GC(13)   Other: 29.4ms
[2020-08-18T06:55:58.100+0000][6][gc,heap      ] GC(13) Eden regions: 65->0(300)
[2020-08-18T06:55:58.105+0000][6][gc,heap      ] GC(13) Survivor regions: 39->1(13)
[2020-08-18T06:55:58.110+0000][6][gc,heap      ] GC(13) Old regions: 5->45
[2020-08-18T06:55:58.112+0000][6][gc,heap      ] GC(13) Archive regions: 2->2
[2020-08-18T06:55:58.113+0000][6][gc,heap      ] GC(13) Humongous regions: 1->1
[2020-08-18T06:55:58.113+0000][6][gc,metaspace ] GC(13) Metaspace: 34627K(37912K)->34627K(37912K) NonClass: 30111K(32408K)->30111K(32408K) Class: 4515K(5504K)->4515K(5504K)
[2020-08-18T06:55:58.115+0000][6][gc           ] GC(13) Pause Young (Concurrent Start) (G1 Evacuation Pause) 110M->46M(512M) 353.463ms
[2020-08-18T06:55:58.118+0000][6][gc,cpu       ] GC(13) User=0.30s Sys=0.02s Real=0.36s
[2020-08-18T06:55:58.120+0000][6][gc           ] GC(14) Concurrent Cycle
[2020-08-18T06:55:58.135+0000][6][gc,marking   ] GC(14) Concurrent Clear Claimed Marks
[2020-08-18T06:55:58.137+0000][6][gc,marking   ] GC(14) Concurrent Clear Claimed Marks 1.744ms
[2020-08-18T06:55:58.125+0000][6][safepoint    ] Safepoint "G1CollectForAllocation", Time since last: 980605481 ns, Reaching safepoint: 2263899 ns, At safepoint: 363239372 ns, Total: 365503271 ns
[2020-08-18T06:55:58.139+0000][6][gc,marking   ] GC(14) Concurrent Scan Root Regions
[2020-08-18T06:55:58.388+0000][6][gc,marking   ] GC(14) Concurrent Scan Root Regions 249.447ms
[2020-08-18T06:55:58.390+0000][6][gc,marking   ] GC(14) Concurrent Mark (30.617s)
[2020-08-18T06:55:58.391+0000][6][gc,marking   ] GC(14) Concurrent Mark From Roots
[2020-08-18T06:55:58.391+0000][6][gc,task      ] GC(14) Using 1 workers of 1 for marking
[2020-08-18T06:55:58.475+0000][6][gc,marking   ] GC(14) Concurrent Mark From Roots 84.033ms
[2020-08-18T06:55:58.476+0000][6][gc,marking   ] GC(14) Concurrent Preclean
[2020-08-18T06:55:58.478+0000][6][gc,marking   ] GC(14) Concurrent Preclean 2.336ms
[2020-08-18T06:55:58.479+0000][6][gc,marking   ] GC(14) Concurrent Mark (30.617s, 30.706s) 89.281ms
[2020-08-18T06:55:58.480+0000][6][gc,start     ] GC(14) Pause Remark
[2020-08-18T06:55:58.508+0000][6][gc           ] GC(14) Pause Remark 90M->90M(512M) 27.342ms
[2020-08-18T06:55:58.509+0000][6][gc,cpu       ] GC(14) User=0.03s Sys=0.00s Real=0.03s
[2020-08-18T06:55:58.510+0000][6][safepoint    ] Safepoint "G1Concurrent", Time since last: 355165075 ns, Reaching safepoint: 463700 ns, At safepoint: 29441890 ns, Total: 29905590 ns
[2020-08-18T06:55:58.510+0000][6][gc,marking   ] GC(14) Concurrent Rebuild Remembered Sets
[2020-08-18T06:55:59.076+0000][6][gc,marking   ] GC(14) Concurrent Rebuild Remembered Sets 565.285ms
[2020-08-18T06:55:59.081+0000][6][gc,start     ] GC(14) Pause Cleanup
[2020-08-18T06:55:59.082+0000][6][gc           ] GC(14) Pause Cleanup 92M->92M(512M) 1.177ms
[2020-08-18T06:55:59.083+0000][6][gc,cpu       ] GC(14) User=0.00s Sys=0.00s Real=0.00s
[2020-08-18T06:55:59.084+0000][6][safepoint    ] Safepoint "G1Concurrent", Time since last: 568039099 ns, Reaching safepoint: 3214899 ns, At safepoint: 2679999 ns, Total: 5894898 ns
[2020-08-18T06:55:59.084+0000][6][gc,marking   ] GC(14) Concurrent Cleanup for Next Mark
[2020-08-18T06:55:59.103+0000][6][gc,marking   ] GC(14) Concurrent Cleanup for Next Mark 18.724ms
[2020-08-18T06:55:59.108+0000][6][gc           ] GC(14) Concurrent Cycle 988.507ms
[2020-08-18T06:56:00.085+0000][6][safepoint    ] Safepoint "Cleanup", Time since last: 1001033948 ns, Reaching safepoint: 306000 ns, At safepoint: 11700 ns, Total: 317700 ns
[2020-08-18T06:56:01.086+0000][6][safepoint    ] Safepoint "Cleanup", Time since last: 1001141647 ns, Reaching safepoint: 191600 ns, At safepoint: 13000 ns, Total: 204600 ns
[2020-08-18T06:56:02.161+0000][6][safepoint    ] Safepoint "Cleanup", Time since last: 1074155121 ns, Reaching safepoint: 110800 ns, At safepoint: 3400 ns, Total: 114200 ns
[2020-08-18T06:56:04.131+0000][6][safepoint    ] Safepoint "Cleanup", Time since last: 1969569207 ns, Reaching safepoint: 920399 ns, At safepoint: 6700 ns, Total: 927099 ns
[2020-08-18T06:56:05.133+0000][6][safepoint    ] Safepoint "Cleanup", Time since last: 1001603687 ns, Reaching safepoint: 393000 ns, At safepoint: 13400 ns, Total: 406400 ns
[2020-08-18T06:56:06.135+0000][6][safepoint    ] Safepoint "Cleanup", Time since last: 1001307489 ns, Reaching safepoint: 1089297 ns, At safepoint: 14900 ns, Total: 1104197 ns
[2020-08-18T06:56:07.143+0000][6][safepoint    ] Safepoint "Cleanup", Time since last: 1007284012 ns, Reaching safepoint: 293099 ns, At safepoint: 9100 ns, Total: 302199 ns
[2020-08-18T06:56:08.165+0000][6][safepoint    ] Safepoint "Cleanup", Time since last: 1006465915 ns, Reaching safepoint: 15092649 ns, At safepoint: 23800 ns, Total: 15116449 ns
[2020-08-18T06:56:09.345+0000][6][safepoint    ] Safepoint "Cleanup", Time since last: 1180127631 ns, Reaching safepoint: 413498 ns, At safepoint: 54600 ns, Total: 468098 ns
[2020-08-18T06:56:10.357+0000][6][safepoint    ] Safepoint "Cleanup", Time since last: 1003266638 ns, Reaching safepoint: 8290399 ns, At safepoint: 13000 ns, Total: 8303399 ns
[2020-08-18T06:56:11.359+0000][6][safepoint    ] Safepoint "Cleanup", Time since last: 1001446347 ns, Reaching safepoint: 354600 ns, At safepoint: 10000 ns, Total: 364600 ns
[2020-08-18T06:56:13.150+0000][6][safepoint    ] Safepoint "Cleanup", Time since last: 1790441705 ns, Reaching safepoint: 1285900 ns, At safepoint: 13100 ns, Total: 1299000 ns
[2020-08-18T06:56:15.005+0000][6][safepoint    ] Safepoint "Cleanup", Time since last: 1853730491 ns, Reaching safepoint: 471299 ns, At safepoint: 24300 ns, Total: 495599 ns
[2020-08-18T06:56:16.009+0000][6][safepoint    ] Safepoint "Cleanup", Time since last: 1002868643 ns, Reaching safepoint: 2004796 ns, At safepoint: 19900 ns, Total: 2024696 ns
[2020-08-18T06:56:16.903+0000][6][safepoint    ] Safepoint "BulkRevokeBias", Time since last: 885829783 ns, Reaching safepoint: 7603885 ns, At safepoint: 339499 ns, Total: 7943384 ns
[2020-08-18T06:56:16.976+0000][6][safepoint    ] Safepoint "BulkRevokeBias", Time since last: 69014159 ns, Reaching safepoint: 217399 ns, At safepoint: 3134894 ns, Total: 3352293 ns
[2020-08-18T06:56:16.979+0000][6][safepoint    ] Safepoint "BulkRevokeBias", Time since last: 2831994 ns, Reaching safepoint: 326499 ns, At safepoint: 514799 ns, Total: 841298 ns
[2020-08-18T06:56:17.164+0000][6][safepoint    ] Safepoint "BulkRevokeBias", Time since last: 184035523 ns, Reaching safepoint: 784498 ns, At safepoint: 176300 ns, Total: 960798 ns
[2020-08-18T06:56:18.865+0000][6][safepoint    ] Safepoint "Cleanup", Time since last: 1700066914 ns, Reaching safepoint: 987998 ns, At safepoint: 14900 ns, Total: 1002898 ns
[2020-08-18T06:56:19.261+0000][6][gc,start     ] GC(15) Pause Young (Concurrent Start) (Metadata GC Threshold)
[2020-08-18T06:56:19.262+0000][6][gc,task      ] GC(15) Using 2 workers of 2 for evacuation
[2020-08-18T06:56:19.263+0000][6][gc,age       ] GC(15) Desired survivor size 19922944 bytes, new threshold 15 (max threshold 15)
[2020-08-18T06:56:19.433+0000][6][gc,age       ] GC(15) Age table with threshold 15 (max threshold 15)
[2020-08-18T06:56:19.437+0000][6][gc,age       ] GC(15) - age   1:   10581544 bytes,   10581544 total
[2020-08-18T06:56:19.441+0000][6][gc,age       ] GC(15) - age   2:     467352 bytes,   11048896 total
[2020-08-18T06:56:19.444+0000][6][gc,phases    ] GC(15)   Pre Evacuate Collection Set: 1.6ms
[2020-08-18T06:56:19.446+0000][6][gc,phases    ] GC(15)   Merge Heap Roots: 1.5ms
[2020-08-18T06:56:19.447+0000][6][gc,phases    ] GC(15)   Evacuate Collection Set: 148.8ms
[2020-08-18T06:56:19.448+0000][6][gc,phases    ] GC(15)   Post Evacuate Collection Set: 16.0ms
[2020-08-18T06:56:19.450+0000][6][gc,phases    ] GC(15)   Other: 15.9ms
[2020-08-18T06:56:19.451+0000][6][gc,heap      ] GC(15) Eden regions: 299->0(118)
[2020-08-18T06:56:19.454+0000][6][gc,heap      ] GC(15) Survivor regions: 1->11(38)
[2020-08-18T06:56:19.455+0000][6][gc,heap      ] GC(15) Old regions: 45->45
[2020-08-18T06:56:19.459+0000][6][gc,heap      ] GC(15) Archive regions: 2->2
[2020-08-18T06:56:19.464+0000][6][gc,heap      ] GC(15) Humongous regions: 1->1
[2020-08-18T06:56:19.468+0000][6][gc,metaspace ] GC(15) Metaspace: 57915K(63188K)->57915K(63188K) NonClass: 49928K(53076K)->49928K(53076K) Class: 7986K(10112K)->7986K(10112K)
[2020-08-18T06:56:19.470+0000][6][gc           ] GC(15) Pause Young (Concurrent Start) (Metadata GC Threshold) 345M->56M(512M) 209.496ms
[2020-08-18T06:56:19.474+0000][6][gc,cpu       ] GC(15) User=0.22s Sys=0.02s Real=0.21s
[2020-08-18T06:56:19.475+0000][6][gc           ] GC(16) Concurrent Cycle
[2020-08-18T06:56:19.477+0000][6][gc,marking   ] GC(16) Concurrent Clear Claimed Marks
[2020-08-18T06:56:19.479+0000][6][gc,marking   ] GC(16) Concurrent Clear Claimed Marks 2.358ms
[2020-08-18T06:56:19.481+0000][6][gc,marking   ] GC(16) Concurrent Scan Root Regions
[2020-08-18T06:56:19.476+0000][6][safepoint    ] Safepoint "CollectForMetadataAllocation", Time since last: 393440893 ns, Reaching safepoint: 1785396 ns, At safepoint: 215648158 ns, Total: 217433554 ns
[2020-08-18T06:56:19.547+0000][6][gc,marking   ] GC(16) Concurrent Scan Root Regions 66.822ms
[2020-08-18T06:56:19.553+0000][6][gc,marking   ] GC(16) Concurrent Mark (51.780s)
[2020-08-18T06:56:19.560+0000][6][gc,marking   ] GC(16) Concurrent Mark From Roots
[2020-08-18T06:56:19.563+0000][6][gc,task      ] GC(16) Using 1 workers of 1 for marking
[2020-08-18T06:56:19.635+0000][6][safepoint    ] Safepoint "CollectForMetadataAllocation", Time since last: 153574185 ns, Reaching safepoint: 4356591 ns, At safepoint: 370499 ns, Total: 4727090 ns
[2020-08-18T06:56:19.890+0000][6][safepoint    ] Safepoint "CollectForMetadataAllocation", Time since last: 247721342 ns, Reaching safepoint: 7259200 ns, At safepoint: 561100 ns, Total: 7820300 ns
[2020-08-18T06:56:20.140+0000][6][safepoint    ] Safepoint "CollectForMetadataAllocation", Time since last: 240988382 ns, Reaching safepoint: 7820299 ns, At safepoint: 698300 ns, Total: 8518599 ns
[2020-08-18T06:56:20.328+0000][6][safepoint    ] Safepoint "CollectForMetadataAllocation", Time since last: 170094687 ns, Reaching safepoint: 10122899 ns, At safepoint: 8297500 ns, Total: 18420399 ns
[2020-08-18T06:56:20.414+0000][6][gc,marking   ] GC(16) Concurrent Mark From Roots 853.650ms
[2020-08-18T06:56:20.419+0000][6][gc,marking   ] GC(16) Concurrent Preclean
[2020-08-18T06:56:20.421+0000][6][gc,marking   ] GC(16) Concurrent Preclean 2.562ms
[2020-08-18T06:56:20.423+0000][6][gc,marking   ] GC(16) Concurrent Mark (51.780s, 52.650s) 869.748ms
[2020-08-18T06:56:20.434+0000][6][gc,start     ] GC(16) Pause Remark
[2020-08-18T06:56:20.476+0000][6][gc           ] GC(16) Pause Remark 65M->65M(512M) 41.950ms
[2020-08-18T06:56:20.477+0000][6][gc,cpu       ] GC(16) User=0.02s Sys=0.01s Real=0.04s
[2020-08-18T06:56:20.478+0000][6][safepoint    ] Safepoint "G1Concurrent", Time since last: 97135292 ns, Reaching safepoint: 8420100 ns, At safepoint: 44492296 ns, Total: 52912396 ns
[2020-08-18T06:56:20.482+0000][6][gc,marking   ] GC(16) Concurrent Rebuild Remembered Sets
[2020-08-18T06:56:21.094+0000][6][gc,marking   ] GC(16) Concurrent Rebuild Remembered Sets 612.231ms
[2020-08-18T06:56:21.099+0000][6][gc,start     ] GC(16) Pause Cleanup
[2020-08-18T06:56:21.101+0000][6][gc           ] GC(16) Pause Cleanup 70M->70M(512M) 1.986ms
[2020-08-18T06:56:21.106+0000][6][gc,cpu       ] GC(16) User=0.00s Sys=0.00s Real=0.00s
[2020-08-18T06:56:21.109+0000][6][safepoint    ] Safepoint "G1Concurrent", Time since last: 617069554 ns, Reaching safepoint: 4045099 ns, At safepoint: 9727000 ns, Total: 13772099 ns
[2020-08-18T06:56:21.110+0000][6][gc,marking   ] GC(16) Concurrent Cleanup for Next Mark
[2020-08-18T06:56:21.123+0000][6][gc,marking   ] GC(16) Concurrent Cleanup for Next Mark 12.535ms
[2020-08-18T06:56:21.132+0000][6][gc           ] GC(16) Concurrent Cycle 1656.554ms
[2020-08-18T06:56:23.113+0000][6][safepoint    ] Safepoint "Cleanup", Time since last: 2001531048 ns, Reaching safepoint: 2570603 ns, At safepoint: 15400 ns, Total: 2586003 ns
[2020-08-18T06:56:24.806+0000][6][safepoint    ] Safepoint "Cleanup", Time since last: 1686960350 ns, Reaching safepoint: 6003909 ns, At safepoint: 27900 ns, Total: 6031809 ns
[2020-08-18T06:56:25.620+0000][6][gc,start     ] GC(17) Pause Young (Concurrent Start) (G1 Evacuation Pause)
[2020-08-18T06:56:25.622+0000][6][gc,task      ] GC(17) Using 2 workers of 2 for evacuation
[2020-08-18T06:56:25.623+0000][6][gc,age       ] GC(17) Desired survivor size 8912896 bytes, new threshold 1 (max threshold 15)
[2020-08-18T06:56:25.723+0000][6][gc,age       ] GC(17) Age table with threshold 1 (max threshold 15)
[2020-08-18T06:56:25.724+0000][6][gc,age       ] GC(17) - age   1:    4176504 bytes,    4176504 total
[2020-08-18T06:56:25.725+0000][6][gc,phases    ] GC(17)   Pre Evacuate Collection Set: 5.8ms
[2020-08-18T06:56:25.726+0000][6][gc,phases    ] GC(17)   Merge Heap Roots: 0.3ms
[2020-08-18T06:56:25.727+0000][6][gc,phases    ] GC(17)   Evacuate Collection Set: 90.4ms
[2020-08-18T06:56:25.728+0000][6][gc,phases    ] GC(17)   Post Evacuate Collection Set: 2.4ms
[2020-08-18T06:56:25.729+0000][6][gc,phases    ] GC(17)   Other: 5.9ms
[2020-08-18T06:56:25.729+0000][6][gc,heap      ] GC(17) Eden regions: 118->0(271)
[2020-08-18T06:56:25.730+0000][6][gc,heap      ] GC(17) Survivor regions: 11->5(17)
[2020-08-18T06:56:25.731+0000][6][gc,heap      ] GC(17) Old regions: 45->55
[2020-08-18T06:56:25.732+0000][6][gc,heap      ] GC(17) Archive regions: 2->2
[2020-08-18T06:56:25.733+0000][6][gc,heap      ] GC(17) Humongous regions: 1->1
[2020-08-18T06:56:25.734+0000][6][gc,metaspace ] GC(17) Metaspace: 69347K(75220K)->69347K(75220K) NonClass: 59864K(63316K)->59864K(63316K) Class: 9483K(11904K)->9483K(11904K)
[2020-08-18T06:56:25.735+0000][6][gc           ] GC(17) Pause Young (Concurrent Start) (G1 Evacuation Pause) 174M->61M(512M) 114.398ms
[2020-08-18T06:56:25.735+0000][6][gc,cpu       ] GC(17) User=0.13s Sys=0.00s Real=0.11s
[2020-08-18T06:56:25.736+0000][6][safepoint    ] Safepoint "G1CollectForAllocation", Time since last: 813996531 ns, Reaching safepoint: 104100 ns, At safepoint: 115897275 ns, Total: 116001375 ns
[2020-08-18T06:56:25.736+0000][6][gc           ] GC(18) Concurrent Cycle
[2020-08-18T06:56:25.744+0000][6][gc,marking   ] GC(18) Concurrent Clear Claimed Marks
[2020-08-18T06:56:25.745+0000][6][gc,marking   ] GC(18) Concurrent Clear Claimed Marks 1.281ms
[2020-08-18T06:56:25.745+0000][6][gc,marking   ] GC(18) Concurrent Scan Root Regions
[2020-08-18T06:56:25.808+0000][6][gc,marking   ] GC(18) Concurrent Scan Root Regions 62.329ms
[2020-08-18T06:56:25.809+0000][6][gc,marking   ] GC(18) Concurrent Mark (58.036s)
[2020-08-18T06:56:25.809+0000][6][gc,marking   ] GC(18) Concurrent Mark From Roots
[2020-08-18T06:56:25.810+0000][6][gc,task      ] GC(18) Using 1 workers of 1 for marking
[2020-08-18T06:56:26.250+0000][6][gc,marking   ] GC(18) Concurrent Mark From Roots 440.556ms
[2020-08-18T06:56:26.251+0000][6][gc,marking   ] GC(18) Concurrent Preclean
[2020-08-18T06:56:26.251+0000][6][gc,marking   ] GC(18) Concurrent Preclean 0.769ms
[2020-08-18T06:56:26.252+0000][6][gc,marking   ] GC(18) Concurrent Mark (58.036s, 58.479s) 443.507ms
[2020-08-18T06:56:26.255+0000][6][gc,start     ] GC(18) Pause Remark
[2020-08-18T06:56:26.270+0000][6][gc           ] GC(18) Pause Remark 71M->71M(512M) 14.870ms
[2020-08-18T06:56:26.271+0000][6][gc,cpu       ] GC(18) User=0.02s Sys=0.00s Real=0.02s
[2020-08-18T06:56:26.271+0000][6][safepoint    ] Safepoint "G1Concurrent", Time since last: 516521881 ns, Reaching safepoint: 2326203 ns, At safepoint: 16278025 ns, Total: 18604228 ns
[2020-08-18T06:56:26.272+0000][6][gc,marking   ] GC(18) Concurrent Rebuild Remembered Sets
[2020-08-18T06:56:26.687+0000][6][gc,marking   ] GC(18) Concurrent Rebuild Remembered Sets 414.951ms
[2020-08-18T06:56:26.689+0000][6][gc,start     ] GC(18) Pause Cleanup
[2020-08-18T06:56:26.690+0000][6][gc           ] GC(18) Pause Cleanup 79M->79M(512M) 0.962ms
[2020-08-18T06:56:26.691+0000][6][gc,cpu       ] GC(18) User=0.00s Sys=0.00s Real=0.00s
[2020-08-18T06:56:26.691+0000][6][safepoint    ] Safepoint "G1Concurrent", Time since last: 416556329 ns, Reaching safepoint: 1657203 ns, At safepoint: 2022503 ns, Total: 3679706 ns
[2020-08-18T06:56:26.692+0000][6][gc,marking   ] GC(18) Concurrent Cleanup for Next Mark
[2020-08-18T06:56:26.695+0000][6][gc,marking   ] GC(18) Concurrent Cleanup for Next Mark 3.368ms
[2020-08-18T06:56:26.696+0000][6][gc           ] GC(18) Concurrent Cycle 959.956ms
[2020-08-18T06:56:27.713+0000][6][safepoint    ] Safepoint "Cleanup", Time since last: 1021625044 ns, Reaching safepoint: 178700 ns, At safepoint: 3800 ns, Total: 182500 ns
[2020-08-18T06:56:28.970+0000][6][safepoint    ] Safepoint "Cleanup", Time since last: 1255861398 ns, Reaching safepoint: 470601 ns, At safepoint: 6700 ns, Total: 477301 ns
[2020-08-18T06:56:29.056+0000][6][safepoint    ] Safepoint "BulkRevokeBias", Time since last: 86389031 ns, Reaching safepoint: 134100 ns, At safepoint: 108200 ns, Total: 242300 ns
[2020-08-18T06:56:29.333+0000][6][safepoint    ] Safepoint "BulkRevokeBias", Time since last: 272870493 ns, Reaching safepoint: 3080701 ns, At safepoint: 491800 ns, Total: 3572501 ns
[2020-08-18T06:56:30.410+0000][6][safepoint    ] Safepoint "Cleanup", Time since last: 1069375408 ns, Reaching safepoint: 7997502 ns, At safepoint: 40100 ns, Total: 8037602 ns
[2020-08-18T06:56:31.420+0000][6][safepoint    ] Safepoint "Cleanup", Time since last: 1008953590 ns, Reaching safepoint: 1289900 ns, At safepoint: 20600 ns, Total: 1310500 ns
[2020-08-18T06:56:31.596+0000][6][safepoint    ] Safepoint "BulkRevokeBias", Time since last: 172238350 ns, Reaching safepoint: 3452701 ns, At safepoint: 398700 ns, Total: 3851401 ns
[2020-08-18T06:56:31.669+0000][6][safepoint    ] Safepoint "BulkRevokeBias", Time since last: 71665820 ns, Reaching safepoint: 172500 ns, At safepoint: 250301 ns, Total: 422801 ns
[2020-08-18T06:56:33.240+0000][6][safepoint    ] Safepoint "Cleanup", Time since last: 1571646851 ns, Reaching safepoint: 188400 ns, At safepoint: 5800 ns, Total: 194200 ns
[2020-08-18T06:56:36.244+0000][6][safepoint    ] Safepoint "Cleanup", Time since last: 3003665563 ns, Reaching safepoint: 122500 ns, At safepoint: 3400 ns, Total: 125900 ns
[2020-08-18T06:56:40.246+0000][6][safepoint    ] Safepoint "Cleanup", Time since last: 4001334934 ns, Reaching safepoint: 137800 ns, At safepoint: 5100 ns, Total: 142900 ns
[2020-08-18T06:56:41.248+0000][6][safepoint    ] Safepoint "Cleanup", Time since last: 1002351817 ns, Reaching safepoint: 116000 ns, At safepoint: 3600 ns, Total: 119600 ns
[2020-08-18T06:56:45.249+0000][6][safepoint    ] Safepoint "Cleanup", Time since last: 4001309760 ns, Reaching safepoint: 93600 ns, At safepoint: 3300 ns, Total: 96900 ns
[2020-08-18T06:56:47.251+0000][6][safepoint    ] Safepoint "Cleanup", Time since last: 2000939061 ns, Reaching safepoint: 90000 ns, At safepoint: 3100 ns, Total: 93100 ns
[2020-08-18T06:56:48.251+0000][6][safepoint    ] Safepoint "Cleanup", Time since last: 1000733031 ns, Reaching safepoint: 92300 ns, At safepoint: 3300 ns, Total: 95600 ns
[2020-08-18T06:56:49.252+0000][6][safepoint    ] Safepoint "Cleanup", Time since last: 1000897830 ns, Reaching safepoint: 89200 ns, At safepoint: 3200 ns, Total: 92400 ns
[2020-08-18T06:56:50.253+0000][6][safepoint    ] Safepoint "Cleanup", Time since last: 1000882230 ns, Reaching safepoint: 78901 ns, At safepoint: 3100 ns, Total: 82001 ns
[2020-08-18T06:56:52.254+0000][6][safepoint    ] Safepoint "Cleanup", Time since last: 2000953460 ns, Reaching safepoint: 88400 ns, At safepoint: 3200 ns, Total: 91600 ns
[2020-08-18T06:56:55.255+0000][6][safepoint    ] Safepoint "Cleanup", Time since last: 3001003954 ns, Reaching safepoint: 85101 ns, At safepoint: 3200 ns, Total: 88301 ns
[2020-08-18T06:56:56.256+0000][6][safepoint    ] Safepoint "Cleanup", Time since last: 1000773125 ns, Reaching safepoint: 87900 ns, At safepoint: 3000 ns, Total: 90900 ns
[2020-08-18T06:56:59.258+0000][6][safepoint    ] Safepoint "Cleanup", Time since last: 3001105854 ns, Reaching safepoint: 96300 ns, At safepoint: 3200 ns, Total: 99500 ns
[2020-08-18T06:57:00.694+0000][6][safepoint    ] Safepoint "Cleanup", Time since last: 1435949797 ns, Reaching safepoint: 104500 ns, At safepoint: 3000 ns, Total: 107500 ns
[2020-08-18T06:57:08.696+0000][6][safepoint    ] Safepoint "Cleanup", Time since last: 8001793131 ns, Reaching safepoint: 149900 ns, At safepoint: 4600 ns, Total: 154500 ns
[2020-08-18T06:57:12.697+0000][6][safepoint    ] Safepoint "Cleanup", Time since last: 4001426201 ns, Reaching safepoint: 282200 ns, At safepoint: 5800 ns, Total: 288000 ns
[2020-08-18T06:57:16.701+0000][6][safepoint    ] Safepoint "Cleanup", Time since last: 4002405832 ns, Reaching safepoint: 876900 ns, At safepoint: 33300 ns, Total: 910200 ns
[2020-08-18T06:57:17.705+0000][6][safepoint    ] Safepoint "Cleanup", Time since last: 1004126998 ns, Reaching safepoint: 376900 ns, At safepoint: 8100 ns, Total: 385000 ns
[2020-08-18T06:57:18.708+0000][6][safepoint    ] Safepoint "Cleanup", Time since last: 1002550308 ns, Reaching safepoint: 545000 ns, At safepoint: 20400 ns, Total: 565400 ns
[2020-08-18T06:57:19.712+0000][6][safepoint    ] Safepoint "Cleanup", Time since last: 1002652108 ns, Reaching safepoint: 637699 ns, At safepoint: 27000 ns, Total: 664699 ns
[2020-08-18T06:57:21.715+0000][6][safepoint    ] Safepoint "Cleanup", Time since last: 2002949216 ns, Reaching safepoint: 330100 ns, At safepoint: 10100 ns, Total: 340200 ns
[2020-08-18T06:57:22.718+0000][6][safepoint    ] Safepoint "Cleanup", Time since last: 1002614108 ns, Reaching safepoint: 652400 ns, At safepoint: 21100 ns, Total: 673500 ns
[2020-08-18T06:57:27.722+0000][6][safepoint    ] Safepoint "Cleanup", Time since last: 5003413725 ns, Reaching safepoint: 104700 ns, At safepoint: 2900 ns, Total: 107600 ns
[2020-08-18T06:57:28.723+0000][6][safepoint    ] Safepoint "Cleanup", Time since last: 1000807159 ns, Reaching safepoint: 284500 ns, At safepoint: 6500 ns, Total: 291000 ns
[2020-08-18T06:57:29.724+0000][6][safepoint    ] Safepoint "Cleanup", Time since last: 1000773260 ns, Reaching safepoint: 161700 ns, At safepoint: 6300 ns, Total: 168000 ns
[2020-08-18T06:57:33.726+0000][6][safepoint    ] Safepoint "Cleanup", Time since last: 4002054212 ns, Reaching safepoint: 552400 ns, At safepoint: 34000 ns, Total: 586400 ns
[2020-08-18T06:57:37.729+0000][6][safepoint    ] Safepoint "Cleanup", Time since last: 4002785098 ns, Reaching safepoint: 161600 ns, At safepoint: 3400 ns, Total: 165000 ns
[2020-08-18T06:57:38.731+0000][6][safepoint    ] Safepoint "Cleanup", Time since last: 1001439000 ns, Reaching safepoint: 406300 ns, At safepoint: 11400 ns, Total: 417700 ns
[2020-08-18T06:57:42.735+0000][6][safepoint    ] Safepoint "Cleanup", Time since last: 4003426154 ns, Reaching safepoint: 360696 ns, At safepoint: 10900 ns, Total: 371596 ns
[2020-08-18T06:57:59.741+0000][6][safepoint    ] Safepoint "Cleanup", Time since last: 17006057521 ns, Reaching safepoint: 121500 ns, At safepoint: 3000 ns, Total: 124500 ns
[2020-08-18T06:58:02.742+0000][6][safepoint    ] Safepoint "Cleanup", Time since last: 3001193968 ns, Reaching safepoint: 94800 ns, At safepoint: 3300 ns, Total: 98100 ns
[2020-08-18T06:58:03.744+0000][6][safepoint    ] Safepoint "Cleanup", Time since last: 1001108622 ns, Reaching safepoint: 394600 ns, At safepoint: 12000 ns, Total: 406600 ns
[2020-08-18T06:58:07.746+0000][6][safepoint    ] Safepoint "Cleanup", Time since last: 4002424602 ns, Reaching safepoint: 86000 ns, At safepoint: 5300 ns, Total: 91300 ns
[2020-08-18T06:58:12.749+0000][6][safepoint    ] Safepoint "Cleanup", Time since last: 5002010263 ns, Reaching safepoint: 461300 ns, At safepoint: 12800 ns, Total: 474100 ns
[2020-08-18T06:58:16.752+0000][6][safepoint    ] Safepoint "Cleanup", Time since last: 4002988724 ns, Reaching safepoint: 452901 ns, At safepoint: 12000 ns, Total: 464901 ns
[2020-08-18T06:58:17.755+0000][6][safepoint    ] Safepoint "Cleanup", Time since last: 1002270022 ns, Reaching safepoint: 176100 ns, At safepoint: 7400 ns, Total: 183500 ns
[2020-08-18T06:58:19.757+0000][6][safepoint    ] Safepoint "Cleanup", Time since last: 2001370242 ns, Reaching safepoint: 901701 ns, At safepoint: 13900 ns, Total: 915601 ns
[2020-08-18T06:58:29.768+0000][6][safepoint    ] Safepoint "Cleanup", Time since last: 10005740459 ns, Reaching safepoint: 4325898 ns, At safepoint: 729000 ns, Total: 5054898 ns
[2020-08-18T06:58:34.773+0000][6][safepoint    ] Safepoint "Cleanup", Time since last: 5004613670 ns, Reaching safepoint: 491899 ns, At safepoint: 122900 ns, Total: 614799 ns
[2020-08-18T06:58:37.777+0000][6][safepoint    ] Safepoint "Cleanup", Time since last: 3003389452 ns, Reaching safepoint: 405000 ns, At safepoint: 16200 ns, Total: 421200 ns
[2020-08-18T06:58:58.785+0000][6][safepoint    ] Safepoint "Cleanup", Time since last: 21007288489 ns, Reaching safepoint: 391400 ns, At safepoint: 10200 ns, Total: 401600 ns
[2020-08-18T06:58:59.788+0000][6][safepoint    ] Safepoint "Cleanup", Time since last: 1002983428 ns, Reaching safepoint: 105100 ns, At safepoint: 3000 ns, Total: 108100 ns
[2020-08-18T06:59:01.790+0000][6][safepoint    ] Safepoint "Cleanup", Time since last: 2001441030 ns, Reaching safepoint: 436401 ns, At safepoint: 14500 ns, Total: 450901 ns
[2020-08-18T06:59:02.792+0000][6][safepoint    ] Safepoint "Cleanup", Time since last: 1002557685 ns, Reaching safepoint: 263700 ns, At safepoint: 8500 ns, Total: 272200 ns
[2020-08-18T06:59:04.794+0000][6][safepoint    ] Safepoint "Cleanup", Time since last: 2001063367 ns, Reaching safepoint: 219000 ns, At safepoint: 7300 ns, Total: 226300 ns
[2020-08-18T06:59:11.797+0000][6][safepoint    ] Safepoint "Cleanup", Time since last: 7002619335 ns, Reaching safepoint: 183600 ns, At safepoint: 4100 ns, Total: 187700 ns
[2020-08-18T06:59:22.801+0000][6][safepoint    ] Safepoint "Cleanup", Time since last: 11004153293 ns, Reaching safepoint: 205500 ns, At safepoint: 4600 ns, Total: 210100 ns
[2020-08-18T06:59:27.804+0000][6][safepoint    ] Safepoint "Cleanup", Time since last: 5002049800 ns, Reaching safepoint: 609504 ns, At safepoint: 21000 ns, Total: 630504 ns
[2020-08-18T06:59:29.807+0000][6][safepoint    ] Safepoint "Cleanup", Time since last: 2003044114 ns, Reaching safepoint: 113400 ns, At safepoint: 2800 ns, Total: 116200 ns
[2020-08-18T06:59:37.810+0000][6][safepoint    ] Safepoint "Cleanup", Time since last: 8002740493 ns, Reaching safepoint: 405098 ns, At safepoint: 12000 ns, Total: 417098 ns
[2020-08-18T06:59:42.814+0000][6][safepoint    ] Safepoint "Cleanup", Time since last: 5003335963 ns, Reaching safepoint: 384800 ns, At safepoint: 11800 ns, Total: 396600 ns
[2020-08-18T06:59:43.817+0000][6][safepoint    ] Safepoint "Cleanup", Time since last: 1002528765 ns, Reaching safepoint: 403001 ns, At safepoint: 12700 ns, Total: 415701 ns
[2020-08-18T06:59:47.821+0000][6][safepoint    ] Safepoint "Cleanup", Time since last: 4003707955 ns, Reaching safepoint: 416601 ns, At safepoint: 11700 ns, Total: 428301 ns
[2020-08-18T06:59:59.826+0000][6][safepoint    ] Safepoint "Cleanup", Time since last: 12005551277 ns, Reaching safepoint: 189800 ns, At safepoint: 5800 ns, Total: 195600 ns
[2020-08-18T07:00:37.840+0000][6][safepoint    ] Safepoint "Cleanup", Time since last: 38013495549 ns, Reaching safepoint: 347300 ns, At safepoint: 6500 ns, Total: 353800 ns
[2020-08-18T07:00:41.844+0000][6][safepoint    ] Safepoint "Cleanup", Time since last: 4002956691 ns, Reaching safepoint: 509200 ns, At safepoint: 14900 ns, Total: 524100 ns
[2020-08-18T07:00:47.848+0000][6][safepoint    ] Safepoint "Cleanup", Time since last: 6003799306 ns, Reaching safepoint: 569900 ns, At safepoint: 11000 ns, Total: 580900 ns
[2020-08-18T07:00:52.852+0000][6][safepoint    ] Safepoint "Cleanup", Time since last: 5003608129 ns, Reaching safepoint: 422100 ns, At safepoint: 12800 ns, Total: 434900 ns
[2020-08-18T07:00:57.855+0000][6][safepoint    ] Safepoint "Cleanup", Time since last: 5002762857 ns, Reaching safepoint: 382200 ns, At safepoint: 8300 ns, Total: 390500 ns
[2020-08-18T07:00:59.858+0000][6][safepoint    ] Safepoint "Cleanup", Time since last: 2002161370 ns, Reaching safepoint: 413900 ns, At safepoint: 13900 ns, Total: 427800 ns
[2020-08-18T07:01:02.862+0000][6][safepoint    ] Safepoint "Cleanup", Time since last: 3003686998 ns, Reaching safepoint: 457000 ns, At safepoint: 14900 ns, Total: 471900 ns
[2020-08-18T07:01:20.870+0000][6][safepoint    ] Safepoint "Cleanup", Time since last: 18007441082 ns, Reaching safepoint: 249500 ns, At safepoint: 9600 ns, Total: 259100 ns
[2020-08-18T07:01:22.872+0000][6][safepoint    ] Safepoint "Cleanup", Time since last: 2002157908 ns, Reaching safepoint: 141700 ns, At safepoint: 4700 ns, Total: 146400 ns
[2020-08-18T07:01:27.876+0000][6][safepoint    ] Safepoint "Cleanup", Time since last: 5003311782 ns, Reaching safepoint: 387800 ns, At safepoint: 10000 ns, Total: 397800 ns
[2020-08-18T07:01:29.878+0000][6][safepoint    ] Safepoint "Cleanup", Time since last: 2002413607 ns, Reaching safepoint: 177800 ns, At safepoint: 4800 ns, Total: 182600 ns
[2020-08-18T07:01:32.881+0000][6][safepoint    ] Safepoint "Cleanup", Time since last: 3001835161 ns, Reaching safepoint: 464000 ns, At safepoint: 12400 ns, Total: 476400 ns
[2020-08-18T07:01:42.462+0000][6][gc,start     ] GC(19) Pause Young (Normal) (G1 Evacuation Pause)
[2020-08-18T07:01:42.463+0000][6][gc,task      ] GC(19) Using 2 workers of 2 for evacuation
[2020-08-18T07:01:42.463+0000][6][gc,age       ] GC(19) Desired survivor size 19398656 bytes, new threshold 15 (max threshold 15)
[2020-08-18T07:01:42.495+0000][6][gc,age       ] GC(19) Age table with threshold 15 (max threshold 15)
[2020-08-18T07:01:42.495+0000][6][gc,age       ] GC(19) - age   1:    4105616 bytes,    4105616 total
[2020-08-18T07:01:42.496+0000][6][gc,age       ] GC(19) - age   2:    3722280 bytes,    7827896 total
[2020-08-18T07:01:42.497+0000][6][gc,phases    ] GC(19)   Pre Evacuate Collection Set: 0.1ms
[2020-08-18T07:01:42.497+0000][6][gc,phases    ] GC(19)   Merge Heap Roots: 0.4ms
[2020-08-18T07:01:42.498+0000][6][gc,phases    ] GC(19)   Evacuate Collection Set: 29.0ms
[2020-08-18T07:01:42.498+0000][6][gc,phases    ] GC(19)   Post Evacuate Collection Set: 1.3ms
[2020-08-18T07:01:42.498+0000][6][gc,phases    ] GC(19)   Other: 3.9ms
[2020-08-18T07:01:42.499+0000][6][gc,heap      ] GC(19) Eden regions: 289->0(290)
[2020-08-18T07:01:42.499+0000][6][gc,heap      ] GC(19) Survivor regions: 5->8(37)
[2020-08-18T07:01:42.500+0000][6][gc,heap      ] GC(19) Old regions: 55->55
[2020-08-18T07:01:42.500+0000][6][gc,heap      ] GC(19) Archive regions: 2->2
[2020-08-18T07:01:42.500+0000][6][gc,heap      ] GC(19) Humongous regions: 1->1
[2020-08-18T07:01:42.501+0000][6][gc,metaspace ] GC(19) Metaspace: 82764K(89428K)->82764K(89428K) NonClass: 71435K(75348K)->71435K(75348K) Class: 11328K(14080K)->11328K(14080K)
[2020-08-18T07:01:42.501+0000][6][gc           ] GC(19) Pause Young (Normal) (G1 Evacuation Pause) 350M->64M(512M) 39.377ms
[2020-08-18T07:01:42.502+0000][6][gc,cpu       ] GC(19) User=0.04s Sys=0.01s Real=0.04s
[2020-08-18T07:01:42.502+0000][6][safepoint    ] Safepoint "G1CollectForAllocation", Time since last: 9581020019 ns, Reaching safepoint: 118200 ns, At safepoint: 40217609 ns, Total: 40335809 ns
[2020-08-18T07:01:53.508+0000][6][safepoint    ] Safepoint "Cleanup", Time since last: 11005580892 ns, Reaching safepoint: 89600 ns, At safepoint: 2700 ns, Total: 92300 ns
[2020-08-18T07:02:16.151+0000][6][safepoint    ] Safepoint "Cleanup", Time since last: 22641190611 ns, Reaching safepoint: 2096599 ns, At safepoint: 20000 ns, Total: 2116599 ns
[2020-08-18T07:02:16.367+0000][6][safepoint    ] Safepoint "BulkRevokeBias", Time since last: 212458861 ns, Reaching safepoint: 348300 ns, At safepoint: 986200 ns, Total: 1334500 ns
[2020-08-18T07:02:16.464+0000][6][safepoint    ] Safepoint "BulkRevokeBias", Time since last: 98290036 ns, Reaching safepoint: 594999 ns, At safepoint: 521300 ns, Total: 1116299 ns
[2020-08-18T07:02:16.541+0000][6][gc,heap,exit ] Heap
[2020-08-18T07:02:16.541+0000][6][gc,heap,exit ]  garbage-first heap   total 524288K, used 90436K [0x00000000e0000000, 0x0000000100000000)
[2020-08-18T07:02:16.542+0000][6][gc,heap,exit ]   region size 1024K, 33 young (33792K), 8 survivors (8192K)
[2020-08-18T07:02:16.542+0000][6][gc,heap,exit ]  Metaspace       used 82924K, capacity 89522K, committed 89812K, reserved 1124352K
[2020-08-18T07:02:16.543+0000][6][gc,heap,exit ]   class space    used 11357K, capacity 14085K, committed 14208K, reserved 1048576K
