[2021-04-25T14:35:36.232+0000][7][gc,heap] Heap region size: 1M
[2021-04-25T14:35:36.232+0000][7][gc,heap,coops] Heap address: 0x00000000e0000000, size: 512 MB, Compressed Oops mode: 32-bit
[2021-04-25T14:35:36.355+0000][7][gc           ] Using G1
[2021-04-25T14:35:36.355+0000][7][gc,cds       ] Mark closed archive regions in map: [0x00000000fff00000, 0x00000000fff7eff8]
[2021-04-25T14:35:36.356+0000][7][gc,cds       ] Mark open archive regions in map: [0x00000000ffe00000, 0x00000000ffe51ff8]
[2021-04-25T14:35:36.372+0000][7][gc           ] Periodic GC disabled
[2021-04-25T14:35:36.764+0000][7][gc,start     ] GC(0) Pause Young (Normal) (G1 Evacuation Pause)
[2021-04-25T14:35:36.765+0000][7][gc,task      ] GC(0) Using 2 workers of 2 for evacuation
[2021-04-25T14:35:36.766+0000][7][gc,age       ] GC(0) Desired survivor size 2097152 bytes, new threshold 15 (max threshold 15)
[2021-04-25T14:35:36.770+0000][7][gc,age       ] GC(0) Age table with threshold 15 (max threshold 15)
[2021-04-25T14:35:36.771+0000][7][gc,age       ] GC(0) - age   1:    2658136 bytes,    2658136 total
[2021-04-25T14:35:36.771+0000][7][gc,phases    ] GC(0)   Pre Evacuate Collection Set: 0.2ms
[2021-04-25T14:35:36.772+0000][7][gc,phases    ] GC(0)   Merge Heap Roots: 0.0ms
[2021-04-25T14:35:36.772+0000][7][gc,phases    ] GC(0)   Evacuate Collection Set: 3.1ms
[2021-04-25T14:35:36.772+0000][7][gc,phases    ] GC(0)   Post Evacuate Collection Set: 0.5ms
[2021-04-25T14:35:36.773+0000][7][gc,phases    ] GC(0)   Other: 3.2ms
[2021-04-25T14:35:36.773+0000][7][gc,heap      ] GC(0) Eden regions: 25->0(23)
[2021-04-25T14:35:36.773+0000][7][gc,heap      ] GC(0) Survivor regions: 0->3(4)
[2021-04-25T14:35:36.774+0000][7][gc,heap      ] GC(0) Old regions: 0->0
[2021-04-25T14:35:36.774+0000][7][gc,heap      ] GC(0) Archive regions: 2->2
[2021-04-25T14:35:36.774+0000][7][gc,heap      ] GC(0) Humongous regions: 1->1
[2021-04-25T14:35:36.775+0000][7][gc,metaspace ] GC(0) Metaspace: 5650K(8320K)->5650K(8320K) NonClass: 5023K(7424K)->5023K(7424K) Class: 627K(896K)->627K(896K)
[2021-04-25T14:35:36.775+0000][7][gc           ] GC(0) Pause Young (Normal) (G1 Evacuation Pause) 26M->4M(512M) 10.922ms
[2021-04-25T14:35:36.775+0000][7][gc,cpu       ] GC(0) User=0.00s Sys=0.01s Real=0.01s
[2021-04-25T14:35:36.776+0000][7][safepoint    ] Safepoint "G1CollectForAllocation", Time since last: 396461600 ns, Reaching safepoint: 260300 ns, At safepoint: 11663700 ns, Total: 11924000 ns
[2021-04-25T14:35:37.428+0000][7][gc,start     ] GC(1) Pause Young (Normal) (G1 Evacuation Pause)
[2021-04-25T14:35:37.429+0000][7][gc,task      ] GC(1) Using 2 workers of 2 for evacuation
[2021-04-25T14:35:37.429+0000][7][gc,age       ] GC(1) Desired survivor size 2097152 bytes, new threshold 1 (max threshold 15)
[2021-04-25T14:35:37.435+0000][7][gc,age       ] GC(1) Age table with threshold 1 (max threshold 15)
[2021-04-25T14:35:37.436+0000][7][gc,age       ] GC(1) - age   1:    1158216 bytes,    1158216 total
[2021-04-25T14:35:37.437+0000][7][gc,phases    ] GC(1)   Pre Evacuate Collection Set: 0.1ms
[2021-04-25T14:35:37.437+0000][7][gc,phases    ] GC(1)   Merge Heap Roots: 0.1ms
[2021-04-25T14:35:37.438+0000][7][gc,phases    ] GC(1)   Evacuate Collection Set: 4.5ms
[2021-04-25T14:35:37.438+0000][7][gc,phases    ] GC(1)   Post Evacuate Collection Set: 0.9ms
[2021-04-25T14:35:37.438+0000][7][gc,phases    ] GC(1)   Other: 3.0ms
[2021-04-25T14:35:37.439+0000][7][gc,heap      ] GC(1) Eden regions: 23->0(30)
[2021-04-25T14:35:37.439+0000][7][gc,heap      ] GC(1) Survivor regions: 3->2(4)
[2021-04-25T14:35:37.440+0000][7][gc,heap      ] GC(1) Old regions: 0->3
[2021-04-25T14:35:37.440+0000][7][gc,heap      ] GC(1) Archive regions: 2->2
[2021-04-25T14:35:37.440+0000][7][gc,heap      ] GC(1) Humongous regions: 1->1
[2021-04-25T14:35:37.441+0000][7][gc,metaspace ] GC(1) Metaspace: 10176K(11008K)->10176K(11008K) NonClass: 8915K(9472K)->8915K(9472K) Class: 1261K(1536K)->1261K(1536K)
[2021-04-25T14:35:37.441+0000][7][gc           ] GC(1) Pause Young (Normal) (G1 Evacuation Pause) 27M->5M(512M) 13.088ms
[2021-04-25T14:35:37.441+0000][7][gc,cpu       ] GC(1) User=0.01s Sys=0.00s Real=0.02s
[2021-04-25T14:35:37.442+0000][7][safepoint    ] Safepoint "G1CollectForAllocation", Time since last: 652170400 ns, Reaching safepoint: 167800 ns, At safepoint: 13866100 ns, Total: 14033900 ns
[2021-04-25T14:35:37.863+0000][7][gc,start     ] GC(2) Pause Young (Normal) (G1 Evacuation Pause)
[2021-04-25T14:35:37.864+0000][7][gc,task      ] GC(2) Using 2 workers of 2 for evacuation
[2021-04-25T14:35:37.864+0000][7][gc,age       ] GC(2) Desired survivor size 2097152 bytes, new threshold 15 (max threshold 15)
[2021-04-25T14:35:37.871+0000][7][gc,age       ] GC(2) Age table with threshold 15 (max threshold 15)
[2021-04-25T14:35:37.872+0000][7][gc,age       ] GC(2) - age   1:    1900488 bytes,    1900488 total
[2021-04-25T14:35:37.872+0000][7][gc,age       ] GC(2) - age   2:    1107240 bytes,    3007728 total
[2021-04-25T14:35:37.872+0000][7][gc,phases    ] GC(2)   Pre Evacuate Collection Set: 0.1ms
[2021-04-25T14:35:37.873+0000][7][gc,phases    ] GC(2)   Merge Heap Roots: 0.1ms
[2021-04-25T14:35:37.873+0000][7][gc,phases    ] GC(2)   Evacuate Collection Set: 5.7ms
[2021-04-25T14:35:37.874+0000][7][gc,phases    ] GC(2)   Post Evacuate Collection Set: 0.8ms
[2021-04-25T14:35:37.874+0000][7][gc,phases    ] GC(2)   Other: 2.7ms
[2021-04-25T14:35:37.874+0000][7][gc,heap      ] GC(2) Eden regions: 30->0(40)
[2021-04-25T14:35:37.875+0000][7][gc,heap      ] GC(2) Survivor regions: 2->3(4)
[2021-04-25T14:35:37.875+0000][7][gc,heap      ] GC(2) Old regions: 3->3
[2021-04-25T14:35:37.876+0000][7][gc,heap      ] GC(2) Archive regions: 2->2
[2021-04-25T14:35:37.876+0000][7][gc,heap      ] GC(2) Humongous regions: 1->1
[2021-04-25T14:35:37.876+0000][7][gc,metaspace ] GC(2) Metaspace: 13545K(14208K)->13545K(14208K) NonClass: 11891K(12288K)->11891K(12288K) Class: 1654K(1920K)->1654K(1920K)
[2021-04-25T14:35:37.877+0000][7][gc           ] GC(2) Pause Young (Normal) (G1 Evacuation Pause) 35M->7M(512M) 14.031ms
[2021-04-25T14:35:37.877+0000][7][gc,cpu       ] GC(2) User=0.01s Sys=0.00s Real=0.01s
[2021-04-25T14:35:37.878+0000][7][safepoint    ] Safepoint "G1CollectForAllocation", Time since last: 420871300 ns, Reaching safepoint: 197900 ns, At safepoint: 14885900 ns, Total: 15083800 ns
[2021-04-25T14:35:37.879+0000][7][safepoint    ] Safepoint "BulkRevokeBias", Time since last: 539200 ns, Reaching safepoint: 235600 ns, At safepoint: 89700 ns, Total: 325300 ns
[2021-04-25T14:35:38.206+0000][7][gc,start     ] GC(3) Pause Young (Normal) (G1 Evacuation Pause)
[2021-04-25T14:35:38.207+0000][7][gc,task      ] GC(3) Using 2 workers of 2 for evacuation
[2021-04-25T14:35:38.207+0000][7][gc,age       ] GC(3) Desired survivor size 3145728 bytes, new threshold 15 (max threshold 15)
[2021-04-25T14:35:38.217+0000][7][gc,age       ] GC(3) Age table with threshold 15 (max threshold 15)
[2021-04-25T14:35:38.218+0000][7][gc,age       ] GC(3) - age   1:    3311968 bytes,    3311968 total
[2021-04-25T14:35:38.218+0000][7][gc,age       ] GC(3) - age   2:    1865128 bytes,    5177096 total
[2021-04-25T14:35:38.233+0000][7][gc,age       ] GC(3) - age   3:    1107192 bytes,    6284288 total
[2021-04-25T14:35:38.236+0000][7][gc,phases    ] GC(3)   Pre Evacuate Collection Set: 0.1ms
[2021-04-25T14:35:38.238+0000][7][gc,phases    ] GC(3)   Merge Heap Roots: 0.1ms
[2021-04-25T14:35:38.240+0000][7][gc,phases    ] GC(3)   Evacuate Collection Set: 8.4ms
[2021-04-25T14:35:38.242+0000][7][gc,phases    ] GC(3)   Post Evacuate Collection Set: 1.0ms
[2021-04-25T14:35:38.244+0000][7][gc,phases    ] GC(3)   Other: 20.0ms
[2021-04-25T14:35:38.245+0000][7][gc,heap      ] GC(3) Eden regions: 40->0(77)
[2021-04-25T14:35:38.247+0000][7][gc,heap      ] GC(3) Survivor regions: 3->6(6)
[2021-04-25T14:35:38.249+0000][7][gc,heap      ] GC(3) Old regions: 3->3
[2021-04-25T14:35:38.251+0000][7][gc,heap      ] GC(3) Archive regions: 2->2
[2021-04-25T14:35:38.253+0000][7][gc,heap      ] GC(3) Humongous regions: 1->1
[2021-04-25T14:35:38.255+0000][7][gc,metaspace ] GC(3) Metaspace: 14008K(14720K)->14008K(14720K) NonClass: 12328K(12800K)->12328K(12800K) Class: 1680K(1920K)->1680K(1920K)
[2021-04-25T14:35:38.256+0000][7][gc           ] GC(3) Pause Young (Normal) (G1 Evacuation Pause) 47M->10M(512M) 50.060ms
[2021-04-25T14:35:38.258+0000][7][gc,cpu       ] GC(3) User=0.02s Sys=0.00s Real=0.05s
[2021-04-25T14:35:38.267+0000][7][safepoint    ] Safepoint "G1CollectForAllocation", Time since last: 327373500 ns, Reaching safepoint: 97000 ns, At safepoint: 60407000 ns, Total: 60504000 ns
[2021-04-25T14:35:38.680+0000][7][gc,start     ] GC(4) Pause Young (Normal) (G1 Evacuation Pause)
[2021-04-25T14:35:38.681+0000][7][gc,task      ] GC(4) Using 2 workers of 2 for evacuation
[2021-04-25T14:35:38.682+0000][7][gc,age       ] GC(4) Desired survivor size 5767168 bytes, new threshold 3 (max threshold 15)
[2021-04-25T14:35:38.690+0000][7][gc,age       ] GC(4) Age table with threshold 3 (max threshold 15)
[2021-04-25T14:35:38.691+0000][7][gc,age       ] GC(4) - age   1:    3395552 bytes,    3395552 total
[2021-04-25T14:35:38.692+0000][7][gc,age       ] GC(4) - age   2:     803056 bytes,    4198608 total
[2021-04-25T14:35:38.692+0000][7][gc,age       ] GC(4) - age   3:    1864312 bytes,    6062920 total
[2021-04-25T14:35:38.692+0000][7][gc,phases    ] GC(4)   Pre Evacuate Collection Set: 0.2ms
[2021-04-25T14:35:38.693+0000][7][gc,phases    ] GC(4)   Merge Heap Roots: 0.1ms
[2021-04-25T14:35:38.693+0000][7][gc,phases    ] GC(4)   Evacuate Collection Set: 6.9ms
[2021-04-25T14:35:38.694+0000][7][gc,phases    ] GC(4)   Post Evacuate Collection Set: 1.0ms
[2021-04-25T14:35:38.694+0000][7][gc,phases    ] GC(4)   Other: 4.0ms
[2021-04-25T14:35:38.694+0000][7][gc,heap      ] GC(4) Eden regions: 77->0(145)
[2021-04-25T14:35:38.695+0000][7][gc,heap      ] GC(4) Survivor regions: 6->7(11)
[2021-04-25T14:35:38.695+0000][7][gc,heap      ] GC(4) Old regions: 3->4
[2021-04-25T14:35:38.695+0000][7][gc,heap      ] GC(4) Archive regions: 2->2
[2021-04-25T14:35:38.696+0000][7][gc,heap      ] GC(4) Humongous regions: 2->1
[2021-04-25T14:35:38.696+0000][7][gc,metaspace ] GC(4) Metaspace: 16992K(17792K)->16992K(17792K) NonClass: 14893K(15360K)->14893K(15360K) Class: 2098K(2432K)->2098K(2432K)
[2021-04-25T14:35:38.696+0000][7][gc           ] GC(4) Pause Young (Normal) (G1 Evacuation Pause) 88M->12M(512M) 15.707ms
[2021-04-25T14:35:38.696+0000][7][gc,cpu       ] GC(4) User=0.02s Sys=0.00s Real=0.02s
[2021-04-25T14:35:38.698+0000][7][safepoint    ] Safepoint "G1CollectForAllocation", Time since last: 413408500 ns, Reaching safepoint: 338200 ns, At safepoint: 18047200 ns, Total: 18385400 ns
[2021-04-25T14:35:38.759+0000][7][safepoint    ] Safepoint "BulkRevokeBias", Time since last: 60307200 ns, Reaching safepoint: 114800 ns, At safepoint: 39800 ns, Total: 154600 ns
[2021-04-25T14:35:38.761+0000][7][safepoint    ] Safepoint "BulkRevokeBias", Time since last: 1836800 ns, Reaching safepoint: 122300 ns, At safepoint: 45500 ns, Total: 167800 ns
[2021-04-25T14:35:39.037+0000][7][gc,start     ] GC(5) Pause Young (Normal) (G1 Evacuation Pause)
[2021-04-25T14:35:39.037+0000][7][gc,task      ] GC(5) Using 2 workers of 2 for evacuation
[2021-04-25T14:35:39.038+0000][7][gc,age       ] GC(5) Desired survivor size 9961472 bytes, new threshold 15 (max threshold 15)
[2021-04-25T14:35:39.050+0000][7][gc,age       ] GC(5) Age table with threshold 15 (max threshold 15)
[2021-04-25T14:35:39.051+0000][7][gc,age       ] GC(5) - age   1:    1371472 bytes,    1371472 total
[2021-04-25T14:35:39.063+0000][7][gc,age       ] GC(5) - age   2:    2673808 bytes,    4045280 total
[2021-04-25T14:35:39.064+0000][7][gc,age       ] GC(5) - age   3:     803008 bytes,    4848288 total
[2021-04-25T14:35:39.064+0000][7][gc,age       ] GC(5) - age   4:    1864312 bytes,    6712600 total
[2021-04-25T14:35:39.064+0000][7][gc,phases    ] GC(5)   Pre Evacuate Collection Set: 0.1ms
[2021-04-25T14:35:39.065+0000][7][gc,phases    ] GC(5)   Merge Heap Roots: 0.1ms
[2021-04-25T14:35:39.065+0000][7][gc,phases    ] GC(5)   Evacuate Collection Set: 10.6ms
[2021-04-25T14:35:39.065+0000][7][gc,phases    ] GC(5)   Post Evacuate Collection Set: 0.8ms
[2021-04-25T14:35:39.066+0000][7][gc,phases    ] GC(5)   Other: 16.3ms
[2021-04-25T14:35:39.066+0000][7][gc,heap      ] GC(5) Eden regions: 144->0(300)
[2021-04-25T14:35:39.066+0000][7][gc,heap      ] GC(5) Survivor regions: 7->7(19)
[2021-04-25T14:35:39.066+0000][7][gc,heap      ] GC(5) Old regions: 4->4
[2021-04-25T14:35:39.067+0000][7][gc,heap      ] GC(5) Archive regions: 2->2
[2021-04-25T14:35:39.067+0000][7][gc,heap      ] GC(5) Humongous regions: 1->1
[2021-04-25T14:35:39.067+0000][7][gc,metaspace ] GC(5) Metaspace: 17181K(18048K)->17181K(18048K) NonClass: 15068K(15616K)->15068K(15616K) Class: 2112K(2432K)->2112K(2432K)
[2021-04-25T14:35:39.067+0000][7][gc           ] GC(5) Pause Young (Normal) (G1 Evacuation Pause) 156M->12M(512M) 30.766ms
[2021-04-25T14:35:39.068+0000][7][gc,cpu       ] GC(5) User=0.04s Sys=0.00s Real=0.03s
[2021-04-25T14:35:39.068+0000][7][safepoint    ] Safepoint "G1CollectForAllocation", Time since last: 275268000 ns, Reaching safepoint: 341100 ns, At safepoint: 31392000 ns, Total: 31733100 ns
[2021-04-25T14:35:39.071+0000][7][safepoint    ] Safepoint "BulkRevokeBias", Time since last: 2254300 ns, Reaching safepoint: 730100 ns, At safepoint: 72400 ns, Total: 802500 ns
[2021-04-25T14:35:39.693+0000][7][gc,start     ] GC(6) Pause Young (Normal) (G1 Evacuation Pause)
[2021-04-25T14:35:39.694+0000][7][gc,task      ] GC(6) Using 2 workers of 2 for evacuation
[2021-04-25T14:35:39.694+0000][7][gc,age       ] GC(6) Desired survivor size 20447232 bytes, new threshold 15 (max threshold 15)
[2021-04-25T14:35:39.712+0000][7][gc,age       ] GC(6) Age table with threshold 15 (max threshold 15)
[2021-04-25T14:35:39.713+0000][7][gc,age       ] GC(6) - age   1:    4409608 bytes,    4409608 total
[2021-04-25T14:35:39.714+0000][7][gc,age       ] GC(6) - age   2:    1350168 bytes,    5759776 total
[2021-04-25T14:35:39.714+0000][7][gc,age       ] GC(6) - age   3:    2668616 bytes,    8428392 total
[2021-04-25T14:35:39.714+0000][7][gc,age       ] GC(6) - age   4:     802928 bytes,    9231320 total
[2021-04-25T14:35:39.715+0000][7][gc,age       ] GC(6) - age   5:    1864312 bytes,   11095632 total
[2021-04-25T14:35:39.715+0000][7][gc,phases    ] GC(6)   Pre Evacuate Collection Set: 0.1ms
[2021-04-25T14:35:39.716+0000][7][gc,phases    ] GC(6)   Merge Heap Roots: 0.1ms
[2021-04-25T14:35:39.716+0000][7][gc,phases    ] GC(6)   Evacuate Collection Set: 16.6ms
[2021-04-25T14:35:39.716+0000][7][gc,phases    ] GC(6)   Post Evacuate Collection Set: 1.0ms
[2021-04-25T14:35:39.717+0000][7][gc,phases    ] GC(6)   Other: 4.3ms
[2021-04-25T14:35:39.717+0000][7][gc,heap      ] GC(6) Eden regions: 300->0(296)
[2021-04-25T14:35:39.718+0000][7][gc,heap      ] GC(6) Survivor regions: 7->11(39)
[2021-04-25T14:35:39.718+0000][7][gc,heap      ] GC(6) Old regions: 4->4
[2021-04-25T14:35:39.718+0000][7][gc,heap      ] GC(6) Archive regions: 2->2
[2021-04-25T14:35:39.719+0000][7][gc,heap      ] GC(6) Humongous regions: 1->1
[2021-04-25T14:35:39.719+0000][7][gc,metaspace ] GC(6) Metaspace: 18349K(19584K)->18349K(19584K) NonClass: 16060K(16896K)->16060K(16896K) Class: 2289K(2688K)->2289K(2688K)
[2021-04-25T14:35:39.719+0000][7][gc           ] GC(6) Pause Young (Normal) (G1 Evacuation Pause) 312M->16M(512M) 26.252ms
[2021-04-25T14:35:39.720+0000][7][gc,cpu       ] GC(6) User=0.04s Sys=0.00s Real=0.02s
[2021-04-25T14:35:39.720+0000][7][safepoint    ] Safepoint "G1CollectForAllocation", Time since last: 621876300 ns, Reaching safepoint: 175800 ns, At safepoint: 26991800 ns, Total: 27167600 ns
[2021-04-25T14:35:40.152+0000][7][gc,start     ] GC(7) Pause Young (Normal) (G1 Evacuation Pause)
[2021-04-25T14:35:40.152+0000][7][gc,task      ] GC(7) Using 2 workers of 2 for evacuation
[2021-04-25T14:35:40.153+0000][7][gc,age       ] GC(7) Desired survivor size 20447232 bytes, new threshold 15 (max threshold 15)
[2021-04-25T14:35:40.167+0000][7][gc,age       ] GC(7) Age table with threshold 15 (max threshold 15)
[2021-04-25T14:35:40.168+0000][7][gc,age       ] GC(7) - age   1:    2347488 bytes,    2347488 total
[2021-04-25T14:35:40.168+0000][7][gc,age       ] GC(7) - age   2:    3437632 bytes,    5785120 total
[2021-04-25T14:35:40.168+0000][7][gc,age       ] GC(7) - age   3:    1350152 bytes,    7135272 total
[2021-04-25T14:35:40.168+0000][7][gc,age       ] GC(7) - age   4:    2667544 bytes,    9802816 total
[2021-04-25T14:35:40.169+0000][7][gc,age       ] GC(7) - age   5:     802928 bytes,   10605744 total
[2021-04-25T14:35:40.169+0000][7][gc,age       ] GC(7) - age   6:    1864216 bytes,   12469960 total
[2021-04-25T14:35:40.169+0000][7][gc,phases    ] GC(7)   Pre Evacuate Collection Set: 0.1ms
[2021-04-25T14:35:40.169+0000][7][gc,phases    ] GC(7)   Merge Heap Roots: 0.2ms
[2021-04-25T14:35:40.170+0000][7][gc,phases    ] GC(7)   Evacuate Collection Set: 12.8ms
[2021-04-25T14:35:40.170+0000][7][gc,phases    ] GC(7)   Post Evacuate Collection Set: 1.0ms
[2021-04-25T14:35:40.170+0000][7][gc,phases    ] GC(7)   Other: 3.3ms
[2021-04-25T14:35:40.170+0000][7][gc,heap      ] GC(7) Eden regions: 296->0(294)
[2021-04-25T14:35:40.171+0000][7][gc,heap      ] GC(7) Survivor regions: 11->13(39)
[2021-04-25T14:35:40.171+0000][7][gc,heap      ] GC(7) Old regions: 4->4
[2021-04-25T14:35:40.171+0000][7][gc,heap      ] GC(7) Archive regions: 2->2
[2021-04-25T14:35:40.171+0000][7][gc,heap      ] GC(7) Humongous regions: 1->1
[2021-04-25T14:35:40.171+0000][7][gc,metaspace ] GC(7) Metaspace: 19557K(20992K)->19557K(20992K) NonClass: 17146K(18176K)->17146K(18176K) Class: 2411K(2816K)->2411K(2816K)
[2021-04-25T14:35:40.172+0000][7][gc           ] GC(7) Pause Young (Normal) (G1 Evacuation Pause) 312M->18M(512M) 19.676ms
[2021-04-25T14:35:40.172+0000][7][gc,cpu       ] GC(7) User=0.03s Sys=0.00s Real=0.02s
[2021-04-25T14:35:40.172+0000][7][safepoint    ] Safepoint "G1CollectForAllocation", Time since last: 431625700 ns, Reaching safepoint: 275900 ns, At safepoint: 20150900 ns, Total: 20426800 ns
[2021-04-25T14:35:40.174+0000][7][safepoint    ] Safepoint "BulkRevokeBias", Time since last: 1817900 ns, Reaching safepoint: 110800 ns, At safepoint: 34000 ns, Total: 144800 ns
[2021-04-25T14:35:40.175+0000][7][safepoint    ] Safepoint "BulkRevokeBias", Time since last: 358700 ns, Reaching safepoint: 139800 ns, At safepoint: 53300 ns, Total: 193100 ns
[2021-04-25T14:35:40.342+0000][7][gc,start     ] GC(8) Pause Young (Concurrent Start) (Metadata GC Threshold)
[2021-04-25T14:35:40.343+0000][7][gc,task      ] GC(8) Using 2 workers of 2 for evacuation
[2021-04-25T14:35:40.343+0000][7][gc,age       ] GC(8) Desired survivor size 20447232 bytes, new threshold 15 (max threshold 15)
[2021-04-25T14:35:40.351+0000][7][gc,age       ] GC(8) Age table with threshold 15 (max threshold 15)
[2021-04-25T14:35:40.352+0000][7][gc,age       ] GC(8) - age   1:     304656 bytes,     304656 total
[2021-04-25T14:35:40.352+0000][7][gc,age       ] GC(8) - age   2:    2317616 bytes,    2622272 total
[2021-04-25T14:35:40.353+0000][7][gc,age       ] GC(8) - age   3:    3437632 bytes,    6059904 total
[2021-04-25T14:35:40.353+0000][7][gc,age       ] GC(8) - age   4:    1348800 bytes,    7408704 total
[2021-04-25T14:35:40.353+0000][7][gc,age       ] GC(8) - age   5:    2667544 bytes,   10076248 total
[2021-04-25T14:35:40.353+0000][7][gc,age       ] GC(8) - age   6:     802928 bytes,   10879176 total
[2021-04-25T14:35:40.354+0000][7][gc,age       ] GC(8) - age   7:    1864216 bytes,   12743392 total
[2021-04-25T14:35:40.354+0000][7][gc,phases    ] GC(8)   Pre Evacuate Collection Set: 0.2ms
[2021-04-25T14:35:40.354+0000][7][gc,phases    ] GC(8)   Merge Heap Roots: 0.0ms
[2021-04-25T14:35:40.355+0000][7][gc,phases    ] GC(8)   Evacuate Collection Set: 6.7ms
[2021-04-25T14:35:40.355+0000][7][gc,phases    ] GC(8)   Post Evacuate Collection Set: 0.9ms
[2021-04-25T14:35:40.355+0000][7][gc,phases    ] GC(8)   Other: 3.9ms
[2021-04-25T14:35:40.356+0000][7][gc,heap      ] GC(8) Eden regions: 164->0(294)
[2021-04-25T14:35:40.356+0000][7][gc,heap      ] GC(8) Survivor regions: 13->13(39)
[2021-04-25T14:35:40.356+0000][7][gc,heap      ] GC(8) Old regions: 4->4
[2021-04-25T14:35:40.357+0000][7][gc,heap      ] GC(8) Archive regions: 2->2
[2021-04-25T14:35:40.357+0000][7][gc,heap      ] GC(8) Humongous regions: 1->1
[2021-04-25T14:35:40.357+0000][7][gc,metaspace ] GC(8) Metaspace: 19761K(21248K)->19761K(21248K) NonClass: 17318K(18432K)->17318K(18432K) Class: 2443K(2816K)->2443K(2816K)
[2021-04-25T14:35:40.357+0000][7][gc           ] GC(8) Pause Young (Concurrent Start) (Metadata GC Threshold) 182M->18M(512M) 15.260ms
[2021-04-25T14:35:40.358+0000][7][gc,cpu       ] GC(8) User=0.02s Sys=0.01s Real=0.01s
[2021-04-25T14:35:40.358+0000][7][gc           ] GC(9) Concurrent Cycle
[2021-04-25T14:35:40.358+0000][7][gc,marking   ] GC(9) Concurrent Clear Claimed Marks
[2021-04-25T14:35:40.359+0000][7][gc,marking   ] GC(9) Concurrent Clear Claimed Marks 0.300ms
[2021-04-25T14:35:40.359+0000][7][gc,marking   ] GC(9) Concurrent Scan Root Regions
[2021-04-25T14:35:40.360+0000][7][safepoint    ] Safepoint "CollectForMetadataAllocation", Time since last: 167415200 ns, Reaching safepoint: 164200 ns, At safepoint: 16014300 ns, Total: 16178500 ns
[2021-04-25T14:35:40.364+0000][7][gc,marking   ] GC(9) Concurrent Scan Root Regions 5.359ms
[2021-04-25T14:35:40.365+0000][7][gc,marking   ] GC(9) Concurrent Mark (4.146s)
[2021-04-25T14:35:40.365+0000][7][gc,marking   ] GC(9) Concurrent Mark From Roots
[2021-04-25T14:35:40.365+0000][7][gc,task      ] GC(9) Using 1 workers of 1 for marking
[2021-04-25T14:35:40.379+0000][7][gc,marking   ] GC(9) Concurrent Mark From Roots 13.936ms
[2021-04-25T14:35:40.379+0000][7][gc,marking   ] GC(9) Concurrent Preclean
[2021-04-25T14:35:40.380+0000][7][gc,marking   ] GC(9) Concurrent Preclean 0.401ms
[2021-04-25T14:35:40.380+0000][7][gc,marking   ] GC(9) Concurrent Mark (4.146s, 4.161s) 15.443ms
[2021-04-25T14:35:40.381+0000][7][gc,start     ] GC(9) Pause Remark
[2021-04-25T14:35:40.384+0000][7][gc           ] GC(9) Pause Remark 26M->26M(512M) 3.041ms
[2021-04-25T14:35:40.384+0000][7][gc,cpu       ] GC(9) User=0.00s Sys=0.00s Real=0.00s
[2021-04-25T14:35:40.385+0000][7][safepoint    ] Safepoint "G1Concurrent", Time since last: 22481300 ns, Reaching safepoint: 62400 ns, At safepoint: 4150200 ns, Total: 4212600 ns
[2021-04-25T14:35:40.385+0000][7][gc,marking   ] GC(9) Concurrent Rebuild Remembered Sets
[2021-04-25T14:35:40.389+0000][7][gc,marking   ] GC(9) Concurrent Rebuild Remembered Sets 3.434ms
[2021-04-25T14:35:40.390+0000][7][gc,start     ] GC(9) Pause Cleanup
[2021-04-25T14:35:40.390+0000][7][gc           ] GC(9) Pause Cleanup 26M->26M(512M) 0.697ms
[2021-04-25T14:35:40.391+0000][7][gc,cpu       ] GC(9) User=0.00s Sys=0.00s Real=0.01s
[2021-04-25T14:35:40.391+0000][7][safepoint    ] Safepoint "G1Concurrent", Time since last: 4306100 ns, Reaching safepoint: 575400 ns, At safepoint: 1787300 ns, Total: 2362700 ns
[2021-04-25T14:35:40.392+0000][7][gc,marking   ] GC(9) Concurrent Cleanup for Next Mark
[2021-04-25T14:35:40.393+0000][7][gc,marking   ] GC(9) Concurrent Cleanup for Next Mark 1.226ms
[2021-04-25T14:35:40.393+0000][7][gc           ] GC(9) Concurrent Cycle 35.461ms
[2021-04-25T14:35:41.617+0000][7][safepoint    ] Safepoint "Cleanup", Time since last: 1225491900 ns, Reaching safepoint: 235900 ns, At safepoint: 3400 ns, Total: 239300 ns
[2021-04-25T14:35:41.851+0000][7][gc,start     ] GC(10) Pause Young (Normal) (G1 Evacuation Pause)
[2021-04-25T14:35:41.852+0000][7][gc,task      ] GC(10) Using 2 workers of 2 for evacuation
[2021-04-25T14:35:41.852+0000][7][gc,age       ] GC(10) Desired survivor size 20447232 bytes, new threshold 15 (max threshold 15)
[2021-04-25T14:35:41.868+0000][7][gc,age       ] GC(10) Age table with threshold 15 (max threshold 15)
[2021-04-25T14:35:41.868+0000][7][gc,age       ] GC(10) - age   1:    1915792 bytes,    1915792 total
[2021-04-25T14:35:41.868+0000][7][gc,age       ] GC(10) - age   2:     276416 bytes,    2192208 total
[2021-04-25T14:35:41.869+0000][7][gc,age       ] GC(10) - age   3:    2307888 bytes,    4500096 total
[2021-04-25T14:35:41.869+0000][7][gc,age       ] GC(10) - age   4:    3425432 bytes,    7925528 total
[2021-04-25T14:35:41.870+0000][7][gc,age       ] GC(10) - age   5:    1343680 bytes,    9269208 total
[2021-04-25T14:35:41.870+0000][7][gc,age       ] GC(10) - age   6:    2660120 bytes,   11929328 total
[2021-04-25T14:35:41.870+0000][7][gc,age       ] GC(10) - age   7:     769112 bytes,   12698440 total
[2021-04-25T14:35:41.871+0000][7][gc,age       ] GC(10) - age   8:    1842712 bytes,   14541152 total
[2021-04-25T14:35:41.871+0000][7][gc,phases    ] GC(10)   Pre Evacuate Collection Set: 0.2ms
[2021-04-25T14:35:41.871+0000][7][gc,phases    ] GC(10)   Merge Heap Roots: 0.2ms
[2021-04-25T14:35:41.872+0000][7][gc,phases    ] GC(10)   Evacuate Collection Set: 13.0ms
[2021-04-25T14:35:41.872+0000][7][gc,phases    ] GC(10)   Post Evacuate Collection Set: 1.4ms
[2021-04-25T14:35:41.873+0000][7][gc,phases    ] GC(10)   Other: 4.8ms
[2021-04-25T14:35:41.873+0000][7][gc,heap      ] GC(10) Eden regions: 294->0(292)
[2021-04-25T14:35:41.873+0000][7][gc,heap      ] GC(10) Survivor regions: 13->15(39)
[2021-04-25T14:35:41.874+0000][7][gc,heap      ] GC(10) Old regions: 4->4
[2021-04-25T14:35:41.874+0000][7][gc,heap      ] GC(10) Archive regions: 2->2
[2021-04-25T14:35:41.874+0000][7][gc,heap      ] GC(10) Humongous regions: 1->1
[2021-04-25T14:35:41.875+0000][7][gc,metaspace ] GC(10) Metaspace: 24131K(26368K)->24131K(26368K) NonClass: 21104K(22784K)->21104K(22784K) Class: 3026K(3584K)->3026K(3584K)
[2021-04-25T14:35:41.875+0000][7][gc           ] GC(10) Pause Young (Normal) (G1 Evacuation Pause) 312M->20M(512M) 23.590ms
[2021-04-25T14:35:41.875+0000][7][gc,cpu       ] GC(10) User=0.03s Sys=0.00s Real=0.02s
[2021-04-25T14:35:41.876+0000][7][safepoint    ] Safepoint "G1CollectForAllocation", Time since last: 233932300 ns, Reaching safepoint: 178000 ns, At safepoint: 24325400 ns, Total: 24503400 ns
[2021-04-25T14:35:42.585+0000][7][safepoint    ] Safepoint "ICBufferFull", Time since last: 709155600 ns, Reaching safepoint: 413000 ns, At safepoint: 3800 ns, Total: 416800 ns
[2021-04-25T14:35:43.586+0000][7][safepoint    ] Safepoint "Cleanup", Time since last: 1000584600 ns, Reaching safepoint: 263300 ns, At safepoint: 5300 ns, Total: 268600 ns
[2021-04-25T14:35:44.320+0000][7][gc,start     ] GC(11) Pause Young (Concurrent Start) (Metadata GC Threshold)
[2021-04-25T14:35:44.321+0000][7][gc,task      ] GC(11) Using 2 workers of 2 for evacuation
[2021-04-25T14:35:44.321+0000][7][gc,age       ] GC(11) Desired survivor size 20447232 bytes, new threshold 15 (max threshold 15)
[2021-04-25T14:35:44.387+0000][7][gc,age       ] GC(11) Age table with threshold 15 (max threshold 15)
[2021-04-25T14:35:44.388+0000][7][gc,age       ] GC(11) - age   1:   26365264 bytes,   26365264 total
[2021-04-25T14:35:44.388+0000][7][gc,age       ] GC(11) - age   2:    1867664 bytes,   28232928 total
[2021-04-25T14:35:44.388+0000][7][gc,age       ] GC(11) - age   3:     276224 bytes,   28509152 total
[2021-04-25T14:35:44.389+0000][7][gc,age       ] GC(11) - age   4:    2297568 bytes,   30806720 total
[2021-04-25T14:35:44.389+0000][7][gc,age       ] GC(11) - age   5:    3406232 bytes,   34212952 total
[2021-04-25T14:35:44.390+0000][7][gc,age       ] GC(11) - age   6:    1343472 bytes,   35556424 total
[2021-04-25T14:35:44.390+0000][7][gc,age       ] GC(11) - age   7:    2627120 bytes,   38183544 total
[2021-04-25T14:35:44.390+0000][7][gc,age       ] GC(11) - age   8:     768952 bytes,   38952496 total
[2021-04-25T14:35:44.391+0000][7][gc,age       ] GC(11) - age   9:    1839384 bytes,   40791880 total
[2021-04-25T14:35:44.391+0000][7][gc,phases    ] GC(11)   Pre Evacuate Collection Set: 0.3ms
[2021-04-25T14:35:44.392+0000][7][gc,phases    ] GC(11)   Merge Heap Roots: 0.1ms
[2021-04-25T14:35:44.392+0000][7][gc,phases    ] GC(11)   Evacuate Collection Set: 63.4ms
[2021-04-25T14:35:44.392+0000][7][gc,phases    ] GC(11)   Post Evacuate Collection Set: 1.7ms
[2021-04-25T14:35:44.393+0000][7][gc,phases    ] GC(11)   Other: 6.0ms
[2021-04-25T14:35:44.393+0000][7][gc,heap      ] GC(11) Eden regions: 247->0(268)
[2021-04-25T14:35:44.394+0000][7][gc,heap      ] GC(11) Survivor regions: 15->39(39)
[2021-04-25T14:35:44.394+0000][7][gc,heap      ] GC(11) Old regions: 4->6
[2021-04-25T14:35:44.394+0000][7][gc,heap      ] GC(11) Archive regions: 2->2
[2021-04-25T14:35:44.395+0000][7][gc,heap      ] GC(11) Humongous regions: 1->1
[2021-04-25T14:35:44.395+0000][7][gc,metaspace ] GC(11) Metaspace: 32722K(35840K)->32722K(35840K) NonClass: 28411K(30592K)->28411K(30592K) Class: 4311K(5248K)->4311K(5248K)
[2021-04-25T14:35:44.395+0000][7][gc           ] GC(11) Pause Young (Concurrent Start) (Metadata GC Threshold) 266M->45M(512M) 75.353ms
[2021-04-25T14:35:44.396+0000][7][gc,cpu       ] GC(11) User=0.12s Sys=0.00s Real=0.08s
[2021-04-25T14:35:44.396+0000][7][gc           ] GC(12) Concurrent Cycle
[2021-04-25T14:35:44.397+0000][7][gc,marking   ] GC(12) Concurrent Clear Claimed Marks
[2021-04-25T14:35:44.398+0000][7][gc,marking   ] GC(12) Concurrent Clear Claimed Marks 0.548ms
[2021-04-25T14:35:44.398+0000][7][gc,marking   ] GC(12) Concurrent Scan Root Regions
[2021-04-25T14:35:44.406+0000][7][safepoint    ] Safepoint "CollectForMetadataAllocation", Time since last: 733523900 ns, Reaching safepoint: 261200 ns, At safepoint: 85768200 ns, Total: 86029400 ns
[2021-04-25T14:35:44.428+0000][7][gc,marking   ] GC(12) Concurrent Scan Root Regions 29.662ms
[2021-04-25T14:35:44.428+0000][7][gc,marking   ] GC(12) Concurrent Mark (8.209s)
[2021-04-25T14:35:44.429+0000][7][gc,marking   ] GC(12) Concurrent Mark From Roots
[2021-04-25T14:35:44.429+0000][7][gc,task      ] GC(12) Using 1 workers of 1 for marking
[2021-04-25T14:35:44.449+0000][7][gc,marking   ] GC(12) Concurrent Mark From Roots 20.817ms
[2021-04-25T14:35:44.452+0000][7][gc,marking   ] GC(12) Concurrent Preclean
[2021-04-25T14:35:44.453+0000][7][gc,marking   ] GC(12) Concurrent Preclean 0.536ms
[2021-04-25T14:35:44.453+0000][7][gc,marking   ] GC(12) Concurrent Mark (8.209s, 8.234s) 24.889ms
[2021-04-25T14:35:44.454+0000][7][gc,start     ] GC(12) Pause Remark
[2021-04-25T14:35:44.461+0000][7][gc           ] GC(12) Pause Remark 46M->46M(512M) 7.364ms
[2021-04-25T14:35:44.462+0000][7][gc,cpu       ] GC(12) User=0.00s Sys=0.00s Real=0.01s
[2021-04-25T14:35:44.462+0000][7][safepoint    ] Safepoint "G1Concurrent", Time since last: 47984000 ns, Reaching safepoint: 134500 ns, At safepoint: 8670800 ns, Total: 8805300 ns
[2021-04-25T14:35:44.463+0000][7][gc,marking   ] GC(12) Concurrent Rebuild Remembered Sets
[2021-04-25T14:35:44.472+0000][7][gc,marking   ] GC(12) Concurrent Rebuild Remembered Sets 9.237ms
[2021-04-25T14:35:44.473+0000][7][gc,start     ] GC(12) Pause Cleanup
[2021-04-25T14:35:44.475+0000][7][gc           ] GC(12) Pause Cleanup 46M->46M(512M) 1.309ms
[2021-04-25T14:35:44.475+0000][7][gc,cpu       ] GC(12) User=0.00s Sys=0.00s Real=0.00s
[2021-04-25T14:35:44.476+0000][7][safepoint    ] Safepoint "G1Concurrent", Time since last: 10282300 ns, Reaching safepoint: 605600 ns, At safepoint: 2431200 ns, Total: 3036800 ns
[2021-04-25T14:35:44.476+0000][7][gc,marking   ] GC(12) Concurrent Cleanup for Next Mark
[2021-04-25T14:35:44.478+0000][7][gc,marking   ] GC(12) Concurrent Cleanup for Next Mark 1.531ms
[2021-04-25T14:35:44.478+0000][7][gc           ] GC(12) Concurrent Cycle 81.929ms
[2021-04-25T14:35:45.084+0000][7][safepoint    ] Safepoint "ICBufferFull", Time since last: 607983700 ns, Reaching safepoint: 283800 ns, At safepoint: 32100 ns, Total: 315900 ns
[2021-04-25T14:35:46.072+0000][7][safepoint    ] Safepoint "ICBufferFull", Time since last: 987388400 ns, Reaching safepoint: 378700 ns, At safepoint: 3400 ns, Total: 382100 ns
[2021-04-25T14:35:47.383+0000][7][safepoint    ] Safepoint "Cleanup", Time since last: 1310563100 ns, Reaching safepoint: 153800 ns, At safepoint: 3200 ns, Total: 157000 ns
[2021-04-25T14:35:47.769+0000][7][gc,start     ] GC(13) Pause Young (Normal) (G1 Evacuation Pause)
[2021-04-25T14:35:47.770+0000][7][gc,task      ] GC(13) Using 2 workers of 2 for evacuation
[2021-04-25T14:35:47.770+0000][7][gc,age       ] GC(13) Desired survivor size 20447232 bytes, new threshold 1 (max threshold 15)
[2021-04-25T14:35:47.872+0000][7][gc,age       ] GC(13) Age table with threshold 1 (max threshold 15)
[2021-04-25T14:35:47.873+0000][7][gc,age       ] GC(13) - age   1:    9556600 bytes,    9556600 total
[2021-04-25T14:35:47.873+0000][7][gc,phases    ] GC(13)   Pre Evacuate Collection Set: 0.1ms
[2021-04-25T14:35:47.874+0000][7][gc,phases    ] GC(13)   Merge Heap Roots: 0.2ms
[2021-04-25T14:35:47.874+0000][7][gc,phases    ] GC(13)   Evacuate Collection Set: 98.4ms
[2021-04-25T14:35:47.875+0000][7][gc,phases    ] GC(13)   Post Evacuate Collection Set: 2.5ms
[2021-04-25T14:35:47.875+0000][7][gc,phases    ] GC(13)   Other: 3.0ms
[2021-04-25T14:35:47.876+0000][7][gc,heap      ] GC(13) Eden regions: 268->0(289)
[2021-04-25T14:35:47.876+0000][7][gc,heap      ] GC(13) Survivor regions: 39->10(39)
[2021-04-25T14:35:47.876+0000][7][gc,heap      ] GC(13) Old regions: 6->45
[2021-04-25T14:35:47.877+0000][7][gc,heap      ] GC(13) Archive regions: 2->2
[2021-04-25T14:35:47.877+0000][7][gc,heap      ] GC(13) Humongous regions: 1->1
[2021-04-25T14:35:47.878+0000][7][gc,metaspace ] GC(13) Metaspace: 52363K(57472K)->52363K(57472K) NonClass: 45219K(48384K)->45219K(48384K) Class: 7144K(9088K)->7144K(9088K)
[2021-04-25T14:35:47.878+0000][7][gc           ] GC(13) Pause Young (Normal) (G1 Evacuation Pause) 313M->55M(512M) 108.711ms
[2021-04-25T14:35:47.879+0000][7][gc,cpu       ] GC(13) User=0.20s Sys=0.00s Real=0.11s
[2021-04-25T14:35:47.879+0000][7][safepoint    ] Safepoint "G1CollectForAllocation", Time since last: 386590700 ns, Reaching safepoint: 187000 ns, At safepoint: 109575800 ns, Total: 109762800 ns
[2021-04-25T14:35:47.889+0000][7][safepoint    ] Safepoint "BulkRevokeBias", Time since last: 10308800 ns, Reaching safepoint: 139900 ns, At safepoint: 111600 ns, Total: 251500 ns
[2021-04-25T14:35:48.171+0000][7][safepoint    ] Safepoint "BulkRevokeBias", Time since last: 280158500 ns, Reaching safepoint: 942500 ns, At safepoint: 124900 ns, Total: 1067400 ns
[2021-04-25T14:35:48.188+0000][7][safepoint    ] Safepoint "BulkRevokeBias", Time since last: 16875200 ns, Reaching safepoint: 200100 ns, At safepoint: 70300 ns, Total: 270400 ns
[2021-04-25T14:35:48.246+0000][7][safepoint    ] Safepoint "BulkRevokeBias", Time since last: 58282100 ns, Reaching safepoint: 85600 ns, At safepoint: 72700 ns, Total: 158300 ns
[2021-04-25T14:35:48.280+0000][7][gc,start     ] GC(14) Pause Young (Concurrent Start) (Metadata GC Threshold)
[2021-04-25T14:35:48.281+0000][7][gc,task      ] GC(14) Using 2 workers of 2 for evacuation
[2021-04-25T14:35:48.282+0000][7][gc,age       ] GC(14) Desired survivor size 19922944 bytes, new threshold 15 (max threshold 15)
[2021-04-25T14:35:48.312+0000][7][gc,age       ] GC(14) Age table with threshold 15 (max threshold 15)
[2021-04-25T14:35:48.313+0000][7][gc,age       ] GC(14) - age   1:     743032 bytes,     743032 total
[2021-04-25T14:35:48.313+0000][7][gc,age       ] GC(14) - age   2:    9382864 bytes,   10125896 total
[2021-04-25T14:35:48.313+0000][7][gc,phases    ] GC(14)   Pre Evacuate Collection Set: 0.7ms
[2021-04-25T14:35:48.314+0000][7][gc,phases    ] GC(14)   Merge Heap Roots: 0.1ms
[2021-04-25T14:35:48.314+0000][7][gc,phases    ] GC(14)   Evacuate Collection Set: 27.8ms
[2021-04-25T14:35:48.315+0000][7][gc,phases    ] GC(14)   Post Evacuate Collection Set: 1.0ms
[2021-04-25T14:35:48.315+0000][7][gc,phases    ] GC(14)   Other: 3.8ms
[2021-04-25T14:35:48.315+0000][7][gc,heap      ] GC(14) Eden regions: 30->0(295)
[2021-04-25T14:35:48.315+0000][7][gc,heap      ] GC(14) Survivor regions: 10->10(38)
[2021-04-25T14:35:48.316+0000][7][gc,heap      ] GC(14) Old regions: 45->45
[2021-04-25T14:35:48.316+0000][7][gc,heap      ] GC(14) Archive regions: 2->2
[2021-04-25T14:35:48.316+0000][7][gc,heap      ] GC(14) Humongous regions: 1->1
[2021-04-25T14:35:48.317+0000][7][gc,metaspace ] GC(14) Metaspace: 55152K(60160K)->55152K(60160K) NonClass: 47693K(50816K)->47693K(50816K) Class: 7459K(9344K)->7459K(9344K)
[2021-04-25T14:35:48.317+0000][7][gc           ] GC(14) Pause Young (Concurrent Start) (Metadata GC Threshold) 84M->56M(512M) 37.118ms
[2021-04-25T14:35:48.318+0000][7][gc,cpu       ] GC(14) User=0.06s Sys=0.01s Real=0.04s
[2021-04-25T14:35:48.318+0000][7][gc           ] GC(15) Concurrent Cycle
[2021-04-25T14:35:48.318+0000][7][gc,marking   ] GC(15) Concurrent Clear Claimed Marks
[2021-04-25T14:35:48.319+0000][7][gc,marking   ] GC(15) Concurrent Clear Claimed Marks 0.915ms
[2021-04-25T14:35:48.320+0000][7][gc,marking   ] GC(15) Concurrent Scan Root Regions
[2021-04-25T14:35:48.319+0000][7][safepoint    ] Safepoint "CollectForMetadataAllocation", Time since last: 33547900 ns, Reaching safepoint: 227600 ns, At safepoint: 39367100 ns, Total: 39594700 ns
[2021-04-25T14:35:48.334+0000][7][gc,marking   ] GC(15) Concurrent Scan Root Regions 13.804ms
[2021-04-25T14:35:48.335+0000][7][gc,marking   ] GC(15) Concurrent Mark (12.116s)
[2021-04-25T14:35:48.335+0000][7][gc,marking   ] GC(15) Concurrent Mark From Roots
[2021-04-25T14:35:48.335+0000][7][gc,task      ] GC(15) Using 1 workers of 1 for marking
[2021-04-25T14:35:48.407+0000][7][safepoint    ] Safepoint "CollectForMetadataAllocation", Time since last: 87698100 ns, Reaching safepoint: 51300 ns, At safepoint: 74000 ns, Total: 125300 ns
[2021-04-25T14:35:48.434+0000][7][safepoint    ] Safepoint "CollectForMetadataAllocation", Time since last: 26832300 ns, Reaching safepoint: 48000 ns, At safepoint: 113100 ns, Total: 161100 ns
[2021-04-25T14:35:48.496+0000][7][gc,marking   ] GC(15) Concurrent Mark From Roots 161.280ms
[2021-04-25T14:35:48.497+0000][7][gc,marking   ] GC(15) Concurrent Preclean
[2021-04-25T14:35:48.497+0000][7][gc,marking   ] GC(15) Concurrent Preclean 0.413ms
[2021-04-25T14:35:48.498+0000][7][gc,marking   ] GC(15) Concurrent Mark (12.116s, 12.278s) 162.946ms
[2021-04-25T14:35:48.498+0000][7][gc,start     ] GC(15) Pause Remark
[2021-04-25T14:35:48.508+0000][7][gc           ] GC(15) Pause Remark 70M->70M(512M) 9.562ms
[2021-04-25T14:35:48.508+0000][7][gc,cpu       ] GC(15) User=0.01s Sys=0.00s Real=0.01s
[2021-04-25T14:35:48.509+0000][7][safepoint    ] Safepoint "G1Concurrent", Time since last: 63698300 ns, Reaching safepoint: 208500 ns, At safepoint: 10443300 ns, Total: 10651800 ns
[2021-04-25T14:35:48.509+0000][7][gc,marking   ] GC(15) Concurrent Rebuild Remembered Sets
[2021-04-25T14:35:48.582+0000][7][gc,marking   ] GC(15) Concurrent Rebuild Remembered Sets 72.654ms
[2021-04-25T14:35:48.583+0000][7][gc,start     ] GC(15) Pause Cleanup
[2021-04-25T14:35:48.584+0000][7][gc           ] GC(15) Pause Cleanup 78M->78M(512M) 0.660ms
[2021-04-25T14:35:48.584+0000][7][gc,cpu       ] GC(15) User=0.00s Sys=0.00s Real=0.00s
[2021-04-25T14:35:48.585+0000][7][safepoint    ] Safepoint "G1Concurrent", Time since last: 73547500 ns, Reaching safepoint: 1077200 ns, At safepoint: 1394800 ns, Total: 2472000 ns
[2021-04-25T14:35:48.585+0000][7][gc,marking   ] GC(15) Concurrent Cleanup for Next Mark
[2021-04-25T14:35:48.588+0000][7][gc,marking   ] GC(15) Concurrent Cleanup for Next Mark 3.030ms
[2021-04-25T14:35:48.588+0000][7][gc           ] GC(15) Concurrent Cycle 270.476ms
[2021-04-25T14:35:48.888+0000][7][safepoint    ] Safepoint "BulkRevokeBias", Time since last: 302628500 ns, Reaching safepoint: 850700 ns, At safepoint: 112500 ns, Total: 963200 ns
[2021-04-25T14:35:49.890+0000][7][safepoint    ] Safepoint "Cleanup", Time since last: 1000734500 ns, Reaching safepoint: 1156700 ns, At safepoint: 31900 ns, Total: 1188600 ns
[2021-04-25T14:35:50.795+0000][7][safepoint    ] Safepoint "ICBufferFull", Time since last: 904964500 ns, Reaching safepoint: 218100 ns, At safepoint: 3000 ns, Total: 221100 ns
[2021-04-25T14:35:51.619+0000][7][safepoint    ] Safepoint "ICBufferFull", Time since last: 823111500 ns, Reaching safepoint: 187900 ns, At safepoint: 3000 ns, Total: 190900 ns
[2021-04-25T14:35:52.386+0000][7][safepoint    ] Safepoint "BulkRevokeBias", Time since last: 767329400 ns, Reaching safepoint: 370600 ns, At safepoint: 183200 ns, Total: 553800 ns
[2021-04-25T14:35:52.797+0000][7][gc,start     ] GC(16) Pause Young (Concurrent Start) (G1 Evacuation Pause)
[2021-04-25T14:35:52.798+0000][7][gc,task      ] GC(16) Using 2 workers of 2 for evacuation
[2021-04-25T14:35:52.799+0000][7][gc,age       ] GC(16) Desired survivor size 20447232 bytes, new threshold 15 (max threshold 15)
[2021-04-25T14:35:52.847+0000][7][gc,age       ] GC(16) Age table with threshold 15 (max threshold 15)
[2021-04-25T14:35:52.848+0000][7][gc,age       ] GC(16) - age   1:    8201832 bytes,    8201832 total
[2021-04-25T14:35:52.848+0000][7][gc,age       ] GC(16) - age   2:     647224 bytes,    8849056 total
[2021-04-25T14:35:52.848+0000][7][gc,age       ] GC(16) - age   3:    9229352 bytes,   18078408 total
[2021-04-25T14:35:52.849+0000][7][gc,phases    ] GC(16)   Pre Evacuate Collection Set: 1.8ms
[2021-04-25T14:35:52.849+0000][7][gc,phases    ] GC(16)   Merge Heap Roots: 0.4ms
[2021-04-25T14:35:52.849+0000][7][gc,phases    ] GC(16)   Evacuate Collection Set: 44.4ms
[2021-04-25T14:35:52.849+0000][7][gc,phases    ] GC(16)   Post Evacuate Collection Set: 1.5ms
[2021-04-25T14:35:52.850+0000][7][gc,phases    ] GC(16)   Other: 3.1ms
[2021-04-25T14:35:52.850+0000][7][gc,heap      ] GC(16) Eden regions: 295->0(288)
[2021-04-25T14:35:52.850+0000][7][gc,heap      ] GC(16) Survivor regions: 10->18(39)
[2021-04-25T14:35:52.851+0000][7][gc,heap      ] GC(16) Old regions: 45->45
[2021-04-25T14:35:52.851+0000][7][gc,heap      ] GC(16) Archive regions: 2->2
[2021-04-25T14:35:52.851+0000][7][gc,heap      ] GC(16) Humongous regions: 1->1
[2021-04-25T14:35:52.851+0000][7][gc,metaspace ] GC(16) Metaspace: 79321K(85988K)->79321K(85988K) NonClass: 68449K(72344K)->68449K(72344K) Class: 10871K(13644K)->10871K(13644K)
[2021-04-25T14:35:52.852+0000][7][gc           ] GC(16) Pause Young (Concurrent Start) (G1 Evacuation Pause) 351M->63M(512M) 54.226ms
[2021-04-25T14:35:52.852+0000][7][gc,cpu       ] GC(16) User=0.10s Sys=0.00s Real=0.06s
[2021-04-25T14:35:52.852+0000][7][gc           ] GC(17) Concurrent Cycle
[2021-04-25T14:35:52.853+0000][7][gc,marking   ] GC(17) Concurrent Clear Claimed Marks
[2021-04-25T14:35:52.852+0000][7][safepoint    ] Safepoint "G1CollectForAllocation", Time since last: 410759700 ns, Reaching safepoint: 209800 ns, At safepoint: 54871900 ns, Total: 55081700 ns
[2021-04-25T14:35:52.857+0000][7][gc,marking   ] GC(17) Concurrent Clear Claimed Marks 3.860ms
[2021-04-25T14:35:52.861+0000][7][gc,marking   ] GC(17) Concurrent Scan Root Regions
[2021-04-25T14:35:52.896+0000][7][gc,marking   ] GC(17) Concurrent Scan Root Regions 34.893ms
[2021-04-25T14:35:52.897+0000][7][gc,marking   ] GC(17) Concurrent Mark (16.678s)
[2021-04-25T14:35:52.898+0000][7][gc,marking   ] GC(17) Concurrent Mark From Roots
[2021-04-25T14:35:52.898+0000][7][gc,task      ] GC(17) Using 1 workers of 1 for marking
[2021-04-25T14:35:53.089+0000][7][gc,marking   ] GC(17) Concurrent Mark From Roots 191.462ms
[2021-04-25T14:35:53.090+0000][7][gc,marking   ] GC(17) Concurrent Preclean
[2021-04-25T14:35:53.090+0000][7][gc,marking   ] GC(17) Concurrent Preclean 0.475ms
[2021-04-25T14:35:53.091+0000][7][gc,marking   ] GC(17) Concurrent Mark (16.678s, 16.871s) 193.829ms
[2021-04-25T14:35:53.091+0000][7][gc,start     ] GC(17) Pause Remark
[2021-04-25T14:35:53.096+0000][7][gc           ] GC(17) Pause Remark 91M->91M(512M) 5.270ms
[2021-04-25T14:35:53.097+0000][7][gc,cpu       ] GC(17) User=0.01s Sys=0.00s Real=0.00s
[2021-04-25T14:35:53.097+0000][7][safepoint    ] Safepoint "G1Concurrent", Time since last: 238554400 ns, Reaching safepoint: 146000 ns, At safepoint: 6260600 ns, Total: 6406600 ns
[2021-04-25T14:35:53.098+0000][7][gc,marking   ] GC(17) Concurrent Rebuild Remembered Sets
[2021-04-25T14:35:53.199+0000][7][gc,marking   ] GC(17) Concurrent Rebuild Remembered Sets 101.173ms
[2021-04-25T14:35:53.200+0000][7][gc,start     ] GC(17) Pause Cleanup
[2021-04-25T14:35:53.201+0000][7][gc           ] GC(17) Pause Cleanup 98M->98M(512M) 0.523ms
[2021-04-25T14:35:53.201+0000][7][gc,cpu       ] GC(17) User=0.00s Sys=0.00s Real=0.01s
[2021-04-25T14:35:53.201+0000][7][safepoint    ] Safepoint "G1Concurrent", Time since last: 102104300 ns, Reaching safepoint: 784700 ns, At safepoint: 1063200 ns, Total: 1847900 ns
[2021-04-25T14:35:53.202+0000][7][gc,marking   ] GC(17) Concurrent Cleanup for Next Mark
[2021-04-25T14:35:53.203+0000][7][gc,marking   ] GC(17) Concurrent Cleanup for Next Mark 1.184ms
[2021-04-25T14:35:53.203+0000][7][gc           ] GC(17) Concurrent Cycle 350.650ms
[2021-04-25T14:35:53.304+0000][7][safepoint    ] Safepoint "BulkRevokeBias", Time since last: 102116700 ns, Reaching safepoint: 170600 ns, At safepoint: 228600 ns, Total: 399200 ns
[2021-04-25T14:35:53.717+0000][7][safepoint    ] Safepoint "BulkRevokeBias", Time since last: 413278000 ns, Reaching safepoint: 113500 ns, At safepoint: 170800 ns, Total: 284300 ns
[2021-04-25T14:35:54.723+0000][7][safepoint    ] Safepoint "Cleanup", Time since last: 1004932300 ns, Reaching safepoint: 464200 ns, At safepoint: 42300 ns, Total: 506500 ns
[2021-04-25T14:35:55.794+0000][7][safepoint    ] Safepoint "ICBufferFull", Time since last: 1070692800 ns, Reaching safepoint: 345700 ns, At safepoint: 5100 ns, Total: 350800 ns
[2021-04-25T14:35:56.815+0000][7][safepoint    ] Safepoint "Cleanup", Time since last: 1021160000 ns, Reaching safepoint: 272900 ns, At safepoint: 7200 ns, Total: 280100 ns
[2021-04-25T14:35:57.788+0000][7][safepoint    ] Safepoint "ICBufferFull", Time since last: 971468400 ns, Reaching safepoint: 1136300 ns, At safepoint: 144600 ns, Total: 1280900 ns
[2021-04-25T14:35:58.185+0000][7][safepoint    ] Safepoint "BulkRevokeBias", Time since last: 395937500 ns, Reaching safepoint: 164900 ns, At safepoint: 469500 ns, Total: 634400 ns
[2021-04-25T14:35:58.931+0000][7][gc,start     ] GC(18) Pause Young (Normal) (G1 Evacuation Pause)
[2021-04-25T14:35:58.932+0000][7][gc,task      ] GC(18) Using 2 workers of 2 for evacuation
[2021-04-25T14:35:58.932+0000][7][gc,age       ] GC(18) Desired survivor size 20447232 bytes, new threshold 15 (max threshold 15)
[2021-04-25T14:35:58.969+0000][7][gc,age       ] GC(18) Age table with threshold 15 (max threshold 15)
[2021-04-25T14:35:58.970+0000][7][gc,age       ] GC(18) - age   1:    7861176 bytes,    7861176 total
[2021-04-25T14:35:58.971+0000][7][gc,age       ] GC(18) - age   2:    7675464 bytes,   15536640 total
[2021-04-25T14:35:58.971+0000][7][gc,age       ] GC(18) - age   3:     643712 bytes,   16180352 total
[2021-04-25T14:35:58.971+0000][7][gc,age       ] GC(18) - age   4:    9160048 bytes,   25340400 total
[2021-04-25T14:35:58.972+0000][7][gc,phases    ] GC(18)   Pre Evacuate Collection Set: 0.2ms
[2021-04-25T14:35:58.972+0000][7][gc,phases    ] GC(18)   Merge Heap Roots: 0.2ms
[2021-04-25T14:35:58.973+0000][7][gc,phases    ] GC(18)   Evacuate Collection Set: 34.0ms
[2021-04-25T14:35:58.973+0000][7][gc,phases    ] GC(18)   Post Evacuate Collection Set: 2.0ms
[2021-04-25T14:35:58.974+0000][7][gc,phases    ] GC(18)   Other: 4.5ms
[2021-04-25T14:35:58.974+0000][7][gc,heap      ] GC(18) Eden regions: 288->0(276)
[2021-04-25T14:35:58.975+0000][7][gc,heap      ] GC(18) Survivor regions: 18->25(39)
[2021-04-25T14:35:58.975+0000][7][gc,heap      ] GC(18) Old regions: 45->45
[2021-04-25T14:35:58.976+0000][7][gc,heap      ] GC(18) Archive regions: 2->2
[2021-04-25T14:35:58.976+0000][7][gc,heap      ] GC(18) Humongous regions: 7->7
[2021-04-25T14:35:58.976+0000][7][gc,metaspace ] GC(18) Metaspace: 86980K(94052K)->86980K(94052K) NonClass: 75116K(79256K)->75116K(79256K) Class: 11864K(14796K)->11864K(14796K)
[2021-04-25T14:35:58.977+0000][7][gc           ] GC(18) Pause Young (Normal) (G1 Evacuation Pause) 357M->76M(512M) 45.688ms
[2021-04-25T14:35:58.977+0000][7][gc,cpu       ] GC(18) User=0.06s Sys=0.00s Real=0.04s
[2021-04-25T14:35:58.980+0000][7][safepoint    ] Safepoint "G1CollectForAllocation", Time since last: 746208000 ns, Reaching safepoint: 398800 ns, At safepoint: 48401200 ns, Total: 48800000 ns
[2021-04-25T14:36:00.141+0000][7][safepoint    ] Safepoint "Cleanup", Time since last: 1161211500 ns, Reaching safepoint: 179200 ns, At safepoint: 12000 ns, Total: 191200 ns
[2021-04-25T14:36:01.906+0000][7][safepoint    ] Safepoint "Cleanup", Time since last: 1765327900 ns, Reaching safepoint: 109400 ns, At safepoint: 2800 ns, Total: 112200 ns
[2021-04-25T14:36:04.909+0000][7][safepoint    ] Safepoint "Cleanup", Time since last: 3001522500 ns, Reaching safepoint: 116800 ns, At safepoint: 2500 ns, Total: 119300 ns
[2021-04-25T14:36:05.910+0000][7][safepoint    ] Safepoint "Cleanup", Time since last: 1000830900 ns, Reaching safepoint: 293100 ns, At safepoint: 10500 ns, Total: 303600 ns
[2021-04-25T14:36:10.916+0000][7][safepoint    ] Safepoint "Cleanup", Time since last: 5004914300 ns, Reaching safepoint: 558200 ns, At safepoint: 22700 ns, Total: 580900 ns
[2021-04-25T14:36:11.919+0000][7][safepoint    ] Safepoint "Cleanup", Time since last: 1002945100 ns, Reaching safepoint: 502100 ns, At safepoint: 16700 ns, Total: 518800 ns
[2021-04-25T14:36:12.923+0000][7][safepoint    ] Safepoint "Cleanup", Time since last: 1003224200 ns, Reaching safepoint: 587900 ns, At safepoint: 21300 ns, Total: 609200 ns
[2021-04-25T14:36:13.927+0000][7][safepoint    ] Safepoint "Cleanup", Time since last: 1002993400 ns, Reaching safepoint: 363800 ns, At safepoint: 11600 ns, Total: 375400 ns
[2021-04-25T14:36:14.930+0000][7][safepoint    ] Safepoint "Cleanup", Time since last: 1002756100 ns, Reaching safepoint: 275100 ns, At safepoint: 9700 ns, Total: 284800 ns
[2021-04-25T14:36:17.933+0000][7][safepoint    ] Safepoint "Cleanup", Time since last: 3003043800 ns, Reaching safepoint: 396300 ns, At safepoint: 10600 ns, Total: 406900 ns
[2021-04-25T14:36:18.937+0000][7][safepoint    ] Safepoint "Cleanup", Time since last: 1003301200 ns, Reaching safepoint: 363200 ns, At safepoint: 14600 ns, Total: 377800 ns
[2021-04-25T14:36:19.940+0000][7][safepoint    ] Safepoint "Cleanup", Time since last: 1003180500 ns, Reaching safepoint: 342300 ns, At safepoint: 11500 ns, Total: 353800 ns
[2021-04-25T14:36:20.943+0000][7][safepoint    ] Safepoint "Cleanup", Time since last: 1002753400 ns, Reaching safepoint: 347900 ns, At safepoint: 9700 ns, Total: 357600 ns
[2021-04-25T14:36:21.947+0000][7][safepoint    ] Safepoint "Cleanup", Time since last: 1002925300 ns, Reaching safepoint: 371600 ns, At safepoint: 10600 ns, Total: 382200 ns
[2021-04-25T14:36:22.951+0000][7][safepoint    ] Safepoint "Cleanup", Time since last: 1003258200 ns, Reaching safepoint: 651700 ns, At safepoint: 24000 ns, Total: 675700 ns
[2021-04-25T14:36:24.917+0000][7][safepoint    ] Safepoint "Cleanup", Time since last: 1966179400 ns, Reaching safepoint: 368500 ns, At safepoint: 10700 ns, Total: 379200 ns
[2021-04-25T14:36:26.871+0000][7][safepoint    ] Safepoint "Cleanup", Time since last: 1953966800 ns, Reaching safepoint: 247500 ns, At safepoint: 10500 ns, Total: 258000 ns
[2021-04-25T14:36:28.200+0000][7][safepoint    ] Safepoint "Cleanup", Time since last: 1328137200 ns, Reaching safepoint: 400100 ns, At safepoint: 12300 ns, Total: 412400 ns
[2021-04-25T14:36:29.203+0000][7][safepoint    ] Safepoint "Cleanup", Time since last: 1003009200 ns, Reaching safepoint: 355800 ns, At safepoint: 15800 ns, Total: 371600 ns
[2021-04-25T14:36:30.207+0000][7][safepoint    ] Safepoint "Cleanup", Time since last: 1003514500 ns, Reaching safepoint: 369900 ns, At safepoint: 28800 ns, Total: 398700 ns
[2021-04-25T14:36:31.210+0000][7][safepoint    ] Safepoint "Cleanup", Time since last: 1002275500 ns, Reaching safepoint: 372200 ns, At safepoint: 10900 ns, Total: 383100 ns
[2021-04-25T14:36:32.213+0000][7][safepoint    ] Safepoint "Cleanup", Time since last: 1002656600 ns, Reaching safepoint: 151900 ns, At safepoint: 5600 ns, Total: 157500 ns
[2021-04-25T14:36:33.215+0000][7][safepoint    ] Safepoint "Cleanup", Time since last: 1001780500 ns, Reaching safepoint: 399900 ns, At safepoint: 11700 ns, Total: 411600 ns
[2021-04-25T14:36:34.217+0000][7][safepoint    ] Safepoint "Cleanup", Time since last: 1002873500 ns, Reaching safepoint: 253200 ns, At safepoint: 7900 ns, Total: 261100 ns
[2021-04-25T14:36:35.219+0000][7][safepoint    ] Safepoint "Cleanup", Time since last: 1001754000 ns, Reaching safepoint: 425700 ns, At safepoint: 16100 ns, Total: 441800 ns
[2021-04-25T14:36:36.222+0000][7][safepoint    ] Safepoint "Cleanup", Time since last: 1002304900 ns, Reaching safepoint: 445100 ns, At safepoint: 16500 ns, Total: 461600 ns
[2021-04-25T14:36:37.225+0000][7][safepoint    ] Safepoint "Cleanup", Time since last: 1002697500 ns, Reaching safepoint: 491600 ns, At safepoint: 11500 ns, Total: 503100 ns
[2021-04-25T14:36:38.747+0000][7][safepoint    ] Safepoint "Cleanup", Time since last: 1521266100 ns, Reaching safepoint: 496200 ns, At safepoint: 13800 ns, Total: 510000 ns
[2021-04-25T14:36:39.750+0000][7][safepoint    ] Safepoint "Cleanup", Time since last: 1002824400 ns, Reaching safepoint: 261900 ns, At safepoint: 8600 ns, Total: 270500 ns
[2021-04-25T14:36:40.753+0000][7][safepoint    ] Safepoint "Cleanup", Time since last: 1002183000 ns, Reaching safepoint: 515300 ns, At safepoint: 79300 ns, Total: 594600 ns
[2021-04-25T14:36:41.756+0000][7][safepoint    ] Safepoint "Cleanup", Time since last: 1002753200 ns, Reaching safepoint: 466600 ns, At safepoint: 9500 ns, Total: 476100 ns
[2021-04-25T14:36:42.760+0000][7][safepoint    ] Safepoint "Cleanup", Time since last: 1002652400 ns, Reaching safepoint: 543000 ns, At safepoint: 13200 ns, Total: 556200 ns
[2021-04-25T14:36:43.763+0000][7][safepoint    ] Safepoint "Cleanup", Time since last: 1002951200 ns, Reaching safepoint: 381600 ns, At safepoint: 14900 ns, Total: 396500 ns
[2021-04-25T14:36:44.766+0000][7][safepoint    ] Safepoint "Cleanup", Time since last: 1002955300 ns, Reaching safepoint: 432700 ns, At safepoint: 10700 ns, Total: 443400 ns
[2021-04-25T14:36:45.770+0000][7][safepoint    ] Safepoint "Cleanup", Time since last: 1002686500 ns, Reaching safepoint: 674700 ns, At safepoint: 21400 ns, Total: 696100 ns
[2021-04-25T14:36:46.773+0000][7][safepoint    ] Safepoint "Cleanup", Time since last: 1002202800 ns, Reaching safepoint: 690400 ns, At safepoint: 24100 ns, Total: 714500 ns
[2021-04-25T14:36:47.776+0000][7][safepoint    ] Safepoint "Cleanup", Time since last: 1002988000 ns, Reaching safepoint: 780300 ns, At safepoint: 25500 ns, Total: 805800 ns
[2021-04-25T14:36:48.783+0000][7][safepoint    ] Safepoint "Cleanup", Time since last: 1006092100 ns, Reaching safepoint: 720600 ns, At safepoint: 23200 ns, Total: 743800 ns
[2021-04-25T14:36:49.788+0000][7][safepoint    ] Safepoint "Cleanup", Time since last: 1004759500 ns, Reaching safepoint: 368200 ns, At safepoint: 11300 ns, Total: 379500 ns
[2021-04-25T14:36:50.792+0000][7][safepoint    ] Safepoint "Cleanup", Time since last: 1003580800 ns, Reaching safepoint: 461400 ns, At safepoint: 13900 ns, Total: 475300 ns
[2021-04-25T14:36:51.796+0000][7][safepoint    ] Safepoint "Cleanup", Time since last: 1003176700 ns, Reaching safepoint: 361200 ns, At safepoint: 11500 ns, Total: 372700 ns
[2021-04-25T14:36:52.799+0000][7][safepoint    ] Safepoint "Cleanup", Time since last: 1002828900 ns, Reaching safepoint: 496200 ns, At safepoint: 18200 ns, Total: 514400 ns
[2021-04-25T14:36:53.820+0000][7][safepoint    ] Safepoint "Cleanup", Time since last: 1020614600 ns, Reaching safepoint: 174200 ns, At safepoint: 6000 ns, Total: 180200 ns
[2021-04-25T14:36:54.821+0000][7][safepoint    ] Safepoint "Cleanup", Time since last: 1000694900 ns, Reaching safepoint: 476000 ns, At safepoint: 15500 ns, Total: 491500 ns
[2021-04-25T14:36:55.824+0000][7][safepoint    ] Safepoint "Cleanup", Time since last: 1002829200 ns, Reaching safepoint: 150500 ns, At safepoint: 4800 ns, Total: 155300 ns
[2021-04-25T14:36:56.855+0000][7][safepoint    ] Safepoint "Cleanup", Time since last: 1029650300 ns, Reaching safepoint: 614400 ns, At safepoint: 21600 ns, Total: 636000 ns
[2021-04-25T14:36:57.858+0000][7][safepoint    ] Safepoint "Cleanup", Time since last: 1002850300 ns, Reaching safepoint: 353400 ns, At safepoint: 19200 ns, Total: 372600 ns
[2021-04-25T14:36:58.861+0000][7][safepoint    ] Safepoint "Cleanup", Time since last: 1002467100 ns, Reaching safepoint: 353000 ns, At safepoint: 9200 ns, Total: 362200 ns
[2021-04-25T14:36:59.866+0000][7][safepoint    ] Safepoint "Cleanup", Time since last: 1004736900 ns, Reaching safepoint: 383200 ns, At safepoint: 13900 ns, Total: 397100 ns
[2021-04-25T14:37:00.869+0000][7][safepoint    ] Safepoint "Cleanup", Time since last: 1003134000 ns, Reaching safepoint: 421900 ns, At safepoint: 10700 ns, Total: 432600 ns
[2021-04-25T14:37:01.873+0000][7][safepoint    ] Safepoint "Cleanup", Time since last: 1003016900 ns, Reaching safepoint: 485800 ns, At safepoint: 12400 ns, Total: 498200 ns
[2021-04-25T14:37:02.876+0000][7][safepoint    ] Safepoint "Cleanup", Time since last: 1002825800 ns, Reaching safepoint: 649500 ns, At safepoint: 25200 ns, Total: 674700 ns
[2021-04-25T14:37:03.880+0000][7][safepoint    ] Safepoint "Cleanup", Time since last: 1002348300 ns, Reaching safepoint: 798700 ns, At safepoint: 31000 ns, Total: 829700 ns
[2021-04-25T14:37:04.884+0000][7][safepoint    ] Safepoint "Cleanup", Time since last: 1002639900 ns, Reaching safepoint: 435700 ns, At safepoint: 12300 ns, Total: 448000 ns
[2021-04-25T14:37:05.887+0000][7][safepoint    ] Safepoint "Cleanup", Time since last: 1002529700 ns, Reaching safepoint: 236400 ns, At safepoint: 10500 ns, Total: 246900 ns
[2021-04-25T14:37:06.890+0000][7][safepoint    ] Safepoint "Cleanup", Time since last: 1002799500 ns, Reaching safepoint: 366000 ns, At safepoint: 11400 ns, Total: 377400 ns
[2021-04-25T14:37:07.893+0000][7][safepoint    ] Safepoint "Cleanup", Time since last: 1002595800 ns, Reaching safepoint: 337500 ns, At safepoint: 139500 ns, Total: 477000 ns
[2021-04-25T14:37:08.896+0000][7][safepoint    ] Safepoint "Cleanup", Time since last: 1002892400 ns, Reaching safepoint: 415700 ns, At safepoint: 12100 ns, Total: 427800 ns
[2021-04-25T14:37:09.899+0000][7][safepoint    ] Safepoint "Cleanup", Time since last: 1002460800 ns, Reaching safepoint: 503500 ns, At safepoint: 13100 ns, Total: 516600 ns
[2021-04-25T14:37:10.902+0000][7][safepoint    ] Safepoint "Cleanup", Time since last: 1002713600 ns, Reaching safepoint: 502800 ns, At safepoint: 15000 ns, Total: 517800 ns
[2021-04-25T14:37:11.907+0000][7][safepoint    ] Safepoint "Cleanup", Time since last: 1003895400 ns, Reaching safepoint: 501800 ns, At safepoint: 15200 ns, Total: 517000 ns
[2021-04-25T14:37:12.911+0000][7][safepoint    ] Safepoint "Cleanup", Time since last: 1003921500 ns, Reaching safepoint: 381600 ns, At safepoint: 12300 ns, Total: 393900 ns
[2021-04-25T14:37:13.914+0000][7][safepoint    ] Safepoint "Cleanup", Time since last: 1002979900 ns, Reaching safepoint: 372500 ns, At safepoint: 14600 ns, Total: 387100 ns
[2021-04-25T14:37:14.918+0000][7][safepoint    ] Safepoint "Cleanup", Time since last: 1003283200 ns, Reaching safepoint: 354700 ns, At safepoint: 11900 ns, Total: 366600 ns
[2021-04-25T14:37:15.922+0000][7][safepoint    ] Safepoint "Cleanup", Time since last: 1002807400 ns, Reaching safepoint: 495200 ns, At safepoint: 113900 ns, Total: 609100 ns
[2021-04-25T14:37:16.924+0000][7][safepoint    ] Safepoint "Cleanup", Time since last: 1002281400 ns, Reaching safepoint: 349200 ns, At safepoint: 10800 ns, Total: 360000 ns
[2021-04-25T14:37:17.927+0000][7][safepoint    ] Safepoint "Cleanup", Time since last: 1002437000 ns, Reaching safepoint: 404700 ns, At safepoint: 11900 ns, Total: 416600 ns
[2021-04-25T14:37:18.930+0000][7][safepoint    ] Safepoint "Cleanup", Time since last: 1002823000 ns, Reaching safepoint: 356500 ns, At safepoint: 50200 ns, Total: 406700 ns
[2021-04-25T14:37:19.933+0000][7][safepoint    ] Safepoint "Cleanup", Time since last: 1002660500 ns, Reaching safepoint: 425400 ns, At safepoint: 12100 ns, Total: 437500 ns
[2021-04-25T14:37:20.936+0000][7][safepoint    ] Safepoint "Cleanup", Time since last: 1002284900 ns, Reaching safepoint: 384900 ns, At safepoint: 11300 ns, Total: 396200 ns
[2021-04-25T14:37:21.939+0000][7][safepoint    ] Safepoint "Cleanup", Time since last: 1002399900 ns, Reaching safepoint: 394100 ns, At safepoint: 12300 ns, Total: 406400 ns
[2021-04-25T14:37:22.942+0000][7][safepoint    ] Safepoint "Cleanup", Time since last: 1002666100 ns, Reaching safepoint: 571300 ns, At safepoint: 14800 ns, Total: 586100 ns
[2021-04-25T14:37:23.946+0000][7][safepoint    ] Safepoint "Cleanup", Time since last: 1003215700 ns, Reaching safepoint: 389500 ns, At safepoint: 10300 ns, Total: 399800 ns
[2021-04-25T14:37:24.948+0000][7][safepoint    ] Safepoint "Cleanup", Time since last: 1002550700 ns, Reaching safepoint: 175500 ns, At safepoint: 5200 ns, Total: 180700 ns
[2021-04-25T14:37:25.950+0000][7][safepoint    ] Safepoint "Cleanup", Time since last: 1001438100 ns, Reaching safepoint: 470300 ns, At safepoint: 15500 ns, Total: 485800 ns
[2021-04-25T14:37:26.953+0000][7][safepoint    ] Safepoint "Cleanup", Time since last: 1002958700 ns, Reaching safepoint: 141000 ns, At safepoint: 3800 ns, Total: 144800 ns
[2021-04-25T14:37:27.955+0000][7][safepoint    ] Safepoint "Cleanup", Time since last: 1001230100 ns, Reaching safepoint: 606600 ns, At safepoint: 26100 ns, Total: 632700 ns
[2021-04-25T14:37:28.959+0000][7][safepoint    ] Safepoint "Cleanup", Time since last: 1002979000 ns, Reaching safepoint: 355000 ns, At safepoint: 74500 ns, Total: 429500 ns
[2021-04-25T14:37:29.962+0000][7][safepoint    ] Safepoint "Cleanup", Time since last: 1002415900 ns, Reaching safepoint: 400600 ns, At safepoint: 14200 ns, Total: 414800 ns
[2021-04-25T14:37:30.965+0000][7][safepoint    ] Safepoint "Cleanup", Time since last: 1002519200 ns, Reaching safepoint: 440400 ns, At safepoint: 12200 ns, Total: 452600 ns
[2021-04-25T14:37:31.967+0000][7][safepoint    ] Safepoint "Cleanup", Time since last: 1002490000 ns, Reaching safepoint: 336200 ns, At safepoint: 71900 ns, Total: 408100 ns
[2021-04-25T14:37:32.971+0000][7][safepoint    ] Safepoint "Cleanup", Time since last: 1002754700 ns, Reaching safepoint: 561400 ns, At safepoint: 16000 ns, Total: 577400 ns
[2021-04-25T14:37:34.288+0000][7][safepoint    ] Safepoint "Cleanup", Time since last: 1316884400 ns, Reaching safepoint: 757800 ns, At safepoint: 31800 ns, Total: 789600 ns
[2021-04-25T14:37:35.427+0000][7][safepoint    ] Safepoint "Cleanup", Time since last: 1138877500 ns, Reaching safepoint: 549800 ns, At safepoint: 22500 ns, Total: 572300 ns
[2021-04-25T14:37:36.431+0000][7][safepoint    ] Safepoint "Cleanup", Time since last: 1003746300 ns, Reaching safepoint: 374100 ns, At safepoint: 9900 ns, Total: 384000 ns
[2021-04-25T14:37:37.434+0000][7][safepoint    ] Safepoint "Cleanup", Time since last: 1002924900 ns, Reaching safepoint: 118800 ns, At safepoint: 2400 ns, Total: 121200 ns
[2021-04-25T14:37:38.436+0000][7][safepoint    ] Safepoint "Cleanup", Time since last: 1001123300 ns, Reaching safepoint: 326500 ns, At safepoint: 9800 ns, Total: 336300 ns
[2021-04-25T14:37:39.439+0000][7][safepoint    ] Safepoint "Cleanup", Time since last: 1002743900 ns, Reaching safepoint: 332400 ns, At safepoint: 8700 ns, Total: 341100 ns
[2021-04-25T14:37:40.441+0000][7][safepoint    ] Safepoint "Cleanup", Time since last: 1002375700 ns, Reaching safepoint: 112800 ns, At safepoint: 3400 ns, Total: 116200 ns
[2021-04-25T14:37:41.443+0000][7][safepoint    ] Safepoint "Cleanup", Time since last: 1001056500 ns, Reaching safepoint: 274300 ns, At safepoint: 7700 ns, Total: 282000 ns
[2021-04-25T14:37:43.153+0000][7][safepoint    ] Safepoint "Cleanup", Time since last: 1709233100 ns, Reaching safepoint: 513700 ns, At safepoint: 12200 ns, Total: 525900 ns
[2021-04-25T14:37:44.155+0000][7][safepoint    ] Safepoint "Cleanup", Time since last: 1002344000 ns, Reaching safepoint: 344400 ns, At safepoint: 8800 ns, Total: 353200 ns
[2021-04-25T14:37:45.159+0000][7][safepoint    ] Safepoint "Cleanup", Time since last: 1003181200 ns, Reaching safepoint: 490900 ns, At safepoint: 10400 ns, Total: 501300 ns
[2021-04-25T14:37:46.163+0000][7][safepoint    ] Safepoint "Cleanup", Time since last: 1003230200 ns, Reaching safepoint: 479700 ns, At safepoint: 17300 ns, Total: 497000 ns
[2021-04-25T14:37:47.166+0000][7][safepoint    ] Safepoint "Cleanup", Time since last: 1002536400 ns, Reaching safepoint: 443000 ns, At safepoint: 10800 ns, Total: 453800 ns
[2021-04-25T14:37:48.169+0000][7][safepoint    ] Safepoint "Cleanup", Time since last: 1002660100 ns, Reaching safepoint: 372400 ns, At safepoint: 11900 ns, Total: 384300 ns
[2021-04-25T14:37:49.172+0000][7][safepoint    ] Safepoint "Cleanup", Time since last: 1003022900 ns, Reaching safepoint: 360100 ns, At safepoint: 14800 ns, Total: 374900 ns
[2021-04-25T14:37:50.175+0000][7][safepoint    ] Safepoint "Cleanup", Time since last: 1002902900 ns, Reaching safepoint: 367700 ns, At safepoint: 13900 ns, Total: 381600 ns
[2021-04-25T14:37:51.179+0000][7][safepoint    ] Safepoint "Cleanup", Time since last: 1002998300 ns, Reaching safepoint: 461000 ns, At safepoint: 61300 ns, Total: 522300 ns
[2021-04-25T14:37:52.181+0000][7][safepoint    ] Safepoint "Cleanup", Time since last: 1002350000 ns, Reaching safepoint: 256200 ns, At safepoint: 5900 ns, Total: 262100 ns
[2021-04-25T14:37:53.184+0000][7][safepoint    ] Safepoint "Cleanup", Time since last: 1001689100 ns, Reaching safepoint: 718000 ns, At safepoint: 21600 ns, Total: 739600 ns
[2021-04-25T14:37:54.187+0000][7][safepoint    ] Safepoint "Cleanup", Time since last: 1003128500 ns, Reaching safepoint: 415700 ns, At safepoint: 9800 ns, Total: 425500 ns
[2021-04-25T14:37:55.191+0000][7][safepoint    ] Safepoint "Cleanup", Time since last: 1002868400 ns, Reaching safepoint: 381100 ns, At safepoint: 12100 ns, Total: 393200 ns
[2021-04-25T14:37:56.194+0000][7][safepoint    ] Safepoint "Cleanup", Time since last: 1002721200 ns, Reaching safepoint: 486500 ns, At safepoint: 14100 ns, Total: 500600 ns
[2021-04-25T14:37:57.198+0000][7][safepoint    ] Safepoint "Cleanup", Time since last: 1003298100 ns, Reaching safepoint: 511700 ns, At safepoint: 93400 ns, Total: 605100 ns
[2021-04-25T14:37:58.202+0000][7][safepoint    ] Safepoint "Cleanup", Time since last: 1003422000 ns, Reaching safepoint: 414300 ns, At safepoint: 12100 ns, Total: 426400 ns
[2021-04-25T14:37:59.205+0000][7][safepoint    ] Safepoint "Cleanup", Time since last: 1002646700 ns, Reaching safepoint: 444100 ns, At safepoint: 83200 ns, Total: 527300 ns
[2021-04-25T14:38:00.208+0000][7][safepoint    ] Safepoint "Cleanup", Time since last: 1002989100 ns, Reaching safepoint: 413000 ns, At safepoint: 14000 ns, Total: 427000 ns
[2021-04-25T14:38:01.212+0000][7][safepoint    ] Safepoint "Cleanup", Time since last: 1002896900 ns, Reaching safepoint: 421600 ns, At safepoint: 15700 ns, Total: 437300 ns
[2021-04-25T14:38:02.215+0000][7][safepoint    ] Safepoint "Cleanup", Time since last: 1002791700 ns, Reaching safepoint: 111700 ns, At safepoint: 11300 ns, Total: 123000 ns
[2021-04-25T14:38:03.216+0000][7][safepoint    ] Safepoint "Cleanup", Time since last: 1000936300 ns, Reaching safepoint: 97900 ns, At safepoint: 2400 ns, Total: 100300 ns
[2021-04-25T14:38:04.217+0000][7][safepoint    ] Safepoint "Cleanup", Time since last: 1000647500 ns, Reaching safepoint: 130500 ns, At safepoint: 4200 ns, Total: 134700 ns
[2021-04-25T14:38:05.218+0000][7][safepoint    ] Safepoint "Cleanup", Time since last: 1000813400 ns, Reaching safepoint: 99700 ns, At safepoint: 2600 ns, Total: 102300 ns
[2021-04-25T14:38:06.219+0000][7][safepoint    ] Safepoint "Cleanup", Time since last: 1000769400 ns, Reaching safepoint: 108100 ns, At safepoint: 3000 ns, Total: 111100 ns
[2021-04-25T14:38:07.220+0000][7][safepoint    ] Safepoint "Cleanup", Time since last: 1001209200 ns, Reaching safepoint: 366700 ns, At safepoint: 14700 ns, Total: 381400 ns
[2021-04-25T14:38:08.223+0000][7][safepoint    ] Safepoint "Cleanup", Time since last: 1002357700 ns, Reaching safepoint: 361900 ns, At safepoint: 14200 ns, Total: 376100 ns
[2021-04-25T14:38:09.226+0000][7][safepoint    ] Safepoint "Cleanup", Time since last: 1002882500 ns, Reaching safepoint: 427500 ns, At safepoint: 9900 ns, Total: 437400 ns
[2021-04-25T14:38:10.229+0000][7][safepoint    ] Safepoint "Cleanup", Time since last: 1002797900 ns, Reaching safepoint: 339000 ns, At safepoint: 13000 ns, Total: 352000 ns
[2021-04-25T14:38:11.233+0000][7][safepoint    ] Safepoint "Cleanup", Time since last: 1003632500 ns, Reaching safepoint: 346600 ns, At safepoint: 12000 ns, Total: 358600 ns
[2021-04-25T14:38:12.236+0000][7][safepoint    ] Safepoint "Cleanup", Time since last: 1002495200 ns, Reaching safepoint: 112000 ns, At safepoint: 2400 ns, Total: 114400 ns
[2021-04-25T14:38:13.237+0000][7][safepoint    ] Safepoint "Cleanup", Time since last: 1000940100 ns, Reaching safepoint: 531600 ns, At safepoint: 8700 ns, Total: 540300 ns
[2021-04-25T14:38:14.240+0000][7][safepoint    ] Safepoint "Cleanup", Time since last: 1002318200 ns, Reaching safepoint: 370200 ns, At safepoint: 11200 ns, Total: 381400 ns
[2021-04-25T14:38:15.243+0000][7][safepoint    ] Safepoint "Cleanup", Time since last: 1002529900 ns, Reaching safepoint: 214200 ns, At safepoint: 7600 ns, Total: 221800 ns
[2021-04-25T14:38:16.245+0000][7][safepoint    ] Safepoint "Cleanup", Time since last: 1001811400 ns, Reaching safepoint: 264800 ns, At safepoint: 6600 ns, Total: 271400 ns
[2021-04-25T14:38:17.246+0000][7][safepoint    ] Safepoint "Cleanup", Time since last: 1001336400 ns, Reaching safepoint: 162200 ns, At safepoint: 4500 ns, Total: 166700 ns
[2021-04-25T14:38:18.248+0000][7][safepoint    ] Safepoint "Cleanup", Time since last: 1001700400 ns, Reaching safepoint: 134400 ns, At safepoint: 3700 ns, Total: 138100 ns
[2021-04-25T14:38:19.250+0000][7][safepoint    ] Safepoint "Cleanup", Time since last: 1001159900 ns, Reaching safepoint: 142400 ns, At safepoint: 3900 ns, Total: 146300 ns
[2021-04-25T14:38:20.251+0000][7][safepoint    ] Safepoint "Cleanup", Time since last: 1001127200 ns, Reaching safepoint: 138100 ns, At safepoint: 4800 ns, Total: 142900 ns
[2021-04-25T14:38:21.252+0000][7][safepoint    ] Safepoint "Cleanup", Time since last: 1001076200 ns, Reaching safepoint: 166200 ns, At safepoint: 4500 ns, Total: 170700 ns
[2021-04-25T14:38:22.253+0000][7][safepoint    ] Safepoint "Cleanup", Time since last: 1001168600 ns, Reaching safepoint: 102200 ns, At safepoint: 2800 ns, Total: 105000 ns
[2021-04-25T14:38:23.255+0000][7][safepoint    ] Safepoint "Cleanup", Time since last: 1001143500 ns, Reaching safepoint: 144700 ns, At safepoint: 4000 ns, Total: 148700 ns
[2021-04-25T14:38:24.256+0000][7][safepoint    ] Safepoint "Cleanup", Time since last: 1001303500 ns, Reaching safepoint: 154700 ns, At safepoint: 3900 ns, Total: 158600 ns
[2021-04-25T14:38:25.258+0000][7][safepoint    ] Safepoint "Cleanup", Time since last: 1001421400 ns, Reaching safepoint: 123500 ns, At safepoint: 4400 ns, Total: 127900 ns
[2021-04-25T14:38:26.259+0000][7][safepoint    ] Safepoint "Cleanup", Time since last: 1001057500 ns, Reaching safepoint: 200900 ns, At safepoint: 5600 ns, Total: 206500 ns
[2021-04-25T14:38:27.261+0000][7][safepoint    ] Safepoint "Cleanup", Time since last: 1001255400 ns, Reaching safepoint: 331500 ns, At safepoint: 11400 ns, Total: 342900 ns
[2021-04-25T14:38:28.263+0000][7][safepoint    ] Safepoint "Cleanup", Time since last: 1001908300 ns, Reaching safepoint: 201500 ns, At safepoint: 6200 ns, Total: 207700 ns
[2021-04-25T14:38:29.265+0000][7][safepoint    ] Safepoint "Cleanup", Time since last: 1001834000 ns, Reaching safepoint: 239800 ns, At safepoint: 9500 ns, Total: 249300 ns
[2021-04-25T14:38:30.267+0000][7][safepoint    ] Safepoint "Cleanup", Time since last: 1001527400 ns, Reaching safepoint: 287600 ns, At safepoint: 6800 ns, Total: 294400 ns
[2021-04-25T14:38:31.269+0000][7][safepoint    ] Safepoint "Cleanup", Time since last: 1001960000 ns, Reaching safepoint: 201000 ns, At safepoint: 4800 ns, Total: 205800 ns
[2021-04-25T14:38:32.270+0000][7][safepoint    ] Safepoint "Cleanup", Time since last: 1001531900 ns, Reaching safepoint: 119900 ns, At safepoint: 4200 ns, Total: 124100 ns
[2021-04-25T14:38:33.272+0000][7][safepoint    ] Safepoint "Cleanup", Time since last: 1000999300 ns, Reaching safepoint: 124100 ns, At safepoint: 3700 ns, Total: 127800 ns
[2021-04-25T14:38:34.273+0000][7][safepoint    ] Safepoint "Cleanup", Time since last: 1001024100 ns, Reaching safepoint: 127100 ns, At safepoint: 3800 ns, Total: 130900 ns
[2021-04-25T14:38:35.274+0000][7][safepoint    ] Safepoint "Cleanup", Time since last: 1001268700 ns, Reaching safepoint: 134900 ns, At safepoint: 3600 ns, Total: 138500 ns
[2021-04-25T14:38:36.275+0000][7][safepoint    ] Safepoint "Cleanup", Time since last: 1001358400 ns, Reaching safepoint: 134800 ns, At safepoint: 3400 ns, Total: 138200 ns
[2021-04-25T14:38:37.277+0000][7][safepoint    ] Safepoint "Cleanup", Time since last: 1001184500 ns, Reaching safepoint: 136300 ns, At safepoint: 4700 ns, Total: 141000 ns
[2021-04-25T14:38:38.278+0000][7][safepoint    ] Safepoint "Cleanup", Time since last: 1001420500 ns, Reaching safepoint: 193000 ns, At safepoint: 5400 ns, Total: 198400 ns
[2021-04-25T14:38:39.280+0000][7][safepoint    ] Safepoint "Cleanup", Time since last: 1001437900 ns, Reaching safepoint: 138000 ns, At safepoint: 5100 ns, Total: 143100 ns
[2021-04-25T14:38:40.281+0000][7][safepoint    ] Safepoint "Cleanup", Time since last: 1001054300 ns, Reaching safepoint: 136200 ns, At safepoint: 4000 ns, Total: 140200 ns
[2021-04-25T14:38:41.282+0000][7][safepoint    ] Safepoint "Cleanup", Time since last: 1001134400 ns, Reaching safepoint: 149000 ns, At safepoint: 4600 ns, Total: 153600 ns
[2021-04-25T14:38:42.284+0000][7][safepoint    ] Safepoint "Cleanup", Time since last: 1001005500 ns, Reaching safepoint: 118200 ns, At safepoint: 3600 ns, Total: 121800 ns
[2021-04-25T14:38:43.285+0000][7][safepoint    ] Safepoint "Cleanup", Time since last: 1001303700 ns, Reaching safepoint: 154700 ns, At safepoint: 4800 ns, Total: 159500 ns
[2021-04-25T14:38:44.286+0000][7][safepoint    ] Safepoint "Cleanup", Time since last: 1001139200 ns, Reaching safepoint: 204900 ns, At safepoint: 4700 ns, Total: 209600 ns
[2021-04-25T14:38:45.288+0000][7][safepoint    ] Safepoint "Cleanup", Time since last: 1001259700 ns, Reaching safepoint: 313200 ns, At safepoint: 8300 ns, Total: 321500 ns
[2021-04-25T14:38:46.290+0000][7][safepoint    ] Safepoint "Cleanup", Time since last: 1002074900 ns, Reaching safepoint: 159000 ns, At safepoint: 3500 ns, Total: 162500 ns
[2021-04-25T14:38:47.292+0000][7][safepoint    ] Safepoint "Cleanup", Time since last: 1001460000 ns, Reaching safepoint: 221500 ns, At safepoint: 4500 ns, Total: 226000 ns
[2021-04-25T14:38:48.294+0000][7][safepoint    ] Safepoint "Cleanup", Time since last: 1001432400 ns, Reaching safepoint: 167600 ns, At safepoint: 5100 ns, Total: 172700 ns
[2021-04-25T14:38:49.295+0000][7][safepoint    ] Safepoint "Cleanup", Time since last: 1001219800 ns, Reaching safepoint: 321600 ns, At safepoint: 10000 ns, Total: 331600 ns
[2021-04-25T14:38:50.299+0000][7][safepoint    ] Safepoint "Cleanup", Time since last: 1003056000 ns, Reaching safepoint: 415100 ns, At safepoint: 9200 ns, Total: 424300 ns
[2021-04-25T14:38:51.302+0000][7][safepoint    ] Safepoint "Cleanup", Time since last: 1003305200 ns, Reaching safepoint: 353100 ns, At safepoint: 9600 ns, Total: 362700 ns
[2021-04-25T14:38:52.304+0000][7][safepoint    ] Safepoint "Cleanup", Time since last: 1002137600 ns, Reaching safepoint: 83800 ns, At safepoint: 2500 ns, Total: 86300 ns
[2021-04-25T14:38:53.306+0000][7][safepoint    ] Safepoint "Cleanup", Time since last: 1000976600 ns, Reaching safepoint: 171100 ns, At safepoint: 4700 ns, Total: 175800 ns
[2021-04-25T14:38:54.307+0000][7][safepoint    ] Safepoint "Cleanup", Time since last: 1001313000 ns, Reaching safepoint: 145500 ns, At safepoint: 3700 ns, Total: 149200 ns
[2021-04-25T14:38:55.308+0000][7][safepoint    ] Safepoint "Cleanup", Time since last: 1001157100 ns, Reaching safepoint: 140600 ns, At safepoint: 5200 ns, Total: 145800 ns
[2021-04-25T14:38:56.310+0000][7][safepoint    ] Safepoint "Cleanup", Time since last: 1001241600 ns, Reaching safepoint: 144100 ns, At safepoint: 3900 ns, Total: 148000 ns
[2021-04-25T14:38:57.311+0000][7][safepoint    ] Safepoint "Cleanup", Time since last: 1001089500 ns, Reaching safepoint: 138700 ns, At safepoint: 3500 ns, Total: 142200 ns
[2021-04-25T14:38:58.315+0000][7][safepoint    ] Safepoint "Cleanup", Time since last: 1004042000 ns, Reaching safepoint: 122600 ns, At safepoint: 3700 ns, Total: 126300 ns
[2021-04-25T14:38:59.316+0000][7][safepoint    ] Safepoint "Cleanup", Time since last: 1001006200 ns, Reaching safepoint: 130200 ns, At safepoint: 4300 ns, Total: 134500 ns
[2021-04-25T14:39:00.318+0000][7][safepoint    ] Safepoint "Cleanup", Time since last: 1001147400 ns, Reaching safepoint: 159600 ns, At safepoint: 4800 ns, Total: 164400 ns
[2021-04-25T14:39:01.319+0000][7][safepoint    ] Safepoint "Cleanup", Time since last: 1001106500 ns, Reaching safepoint: 135800 ns, At safepoint: 4000 ns, Total: 139800 ns
[2021-04-25T14:39:02.320+0000][7][safepoint    ] Safepoint "Cleanup", Time since last: 1000961000 ns, Reaching safepoint: 91500 ns, At safepoint: 2500 ns, Total: 94000 ns
[2021-04-25T14:39:03.321+0000][7][safepoint    ] Safepoint "Cleanup", Time since last: 1000806300 ns, Reaching safepoint: 113700 ns, At safepoint: 2000 ns, Total: 115700 ns
[2021-04-25T14:39:04.322+0000][7][safepoint    ] Safepoint "Cleanup", Time since last: 1000821000 ns, Reaching safepoint: 217800 ns, At safepoint: 3300 ns, Total: 221100 ns
[2021-04-25T14:39:05.323+0000][7][safepoint    ] Safepoint "Cleanup", Time since last: 1000835400 ns, Reaching safepoint: 150300 ns, At safepoint: 5000 ns, Total: 155300 ns
[2021-04-25T14:39:06.325+0000][7][safepoint    ] Safepoint "Cleanup", Time since last: 1001149600 ns, Reaching safepoint: 251700 ns, At safepoint: 7300 ns, Total: 259000 ns
[2021-04-25T14:39:07.326+0000][7][safepoint    ] Safepoint "Cleanup", Time since last: 1001143700 ns, Reaching safepoint: 148300 ns, At safepoint: 4500 ns, Total: 152800 ns
[2021-04-25T14:39:08.327+0000][7][safepoint    ] Safepoint "Cleanup", Time since last: 1001180000 ns, Reaching safepoint: 154300 ns, At safepoint: 4200 ns, Total: 158500 ns
[2021-04-25T14:39:09.329+0000][7][safepoint    ] Safepoint "Cleanup", Time since last: 1001225100 ns, Reaching safepoint: 139600 ns, At safepoint: 3900 ns, Total: 143500 ns
[2021-04-25T14:39:10.330+0000][7][safepoint    ] Safepoint "Cleanup", Time since last: 1001326400 ns, Reaching safepoint: 109700 ns, At safepoint: 3400 ns, Total: 113100 ns
[2021-04-25T14:39:11.331+0000][7][safepoint    ] Safepoint "Cleanup", Time since last: 1001109000 ns, Reaching safepoint: 132100 ns, At safepoint: 4900 ns, Total: 137000 ns
[2021-04-25T14:39:12.333+0000][7][safepoint    ] Safepoint "Cleanup", Time since last: 1001121500 ns, Reaching safepoint: 244800 ns, At safepoint: 7600 ns, Total: 252400 ns
[2021-04-25T14:39:13.336+0000][7][safepoint    ] Safepoint "Cleanup", Time since last: 1002595200 ns, Reaching safepoint: 310300 ns, At safepoint: 9900 ns, Total: 320200 ns
[2021-04-25T14:39:14.338+0000][7][safepoint    ] Safepoint "Cleanup", Time since last: 1002254400 ns, Reaching safepoint: 123800 ns, At safepoint: 4000 ns, Total: 127800 ns
[2021-04-25T14:39:15.339+0000][7][safepoint    ] Safepoint "Cleanup", Time since last: 1001345600 ns, Reaching safepoint: 153000 ns, At safepoint: 4500 ns, Total: 157500 ns
[2021-04-25T14:39:16.341+0000][7][safepoint    ] Safepoint "Cleanup", Time since last: 1001508400 ns, Reaching safepoint: 148400 ns, At safepoint: 5400 ns, Total: 153800 ns
[2021-04-25T14:39:17.343+0000][7][safepoint    ] Safepoint "Cleanup", Time since last: 1001209900 ns, Reaching safepoint: 211400 ns, At safepoint: 6800 ns, Total: 218200 ns
[2021-04-25T14:39:18.345+0000][7][safepoint    ] Safepoint "Cleanup", Time since last: 1002023200 ns, Reaching safepoint: 166100 ns, At safepoint: 5000 ns, Total: 171100 ns
[2021-04-25T14:39:19.346+0000][7][safepoint    ] Safepoint "Cleanup", Time since last: 1001299500 ns, Reaching safepoint: 378400 ns, At safepoint: 10700 ns, Total: 389100 ns
[2021-04-25T14:39:20.350+0000][7][safepoint    ] Safepoint "Cleanup", Time since last: 1002769900 ns, Reaching safepoint: 410700 ns, At safepoint: 9700 ns, Total: 420400 ns
[2021-04-25T14:39:21.353+0000][7][safepoint    ] Safepoint "Cleanup", Time since last: 1002787600 ns, Reaching safepoint: 353100 ns, At safepoint: 10400 ns, Total: 363500 ns
[2021-04-25T14:39:22.357+0000][7][safepoint    ] Safepoint "Cleanup", Time since last: 1003001800 ns, Reaching safepoint: 735700 ns, At safepoint: 21600 ns, Total: 757300 ns
[2021-04-25T14:39:23.360+0000][7][safepoint    ] Safepoint "Cleanup", Time since last: 1002545600 ns, Reaching safepoint: 542500 ns, At safepoint: 25300 ns, Total: 567800 ns
[2021-04-25T14:39:24.363+0000][7][safepoint    ] Safepoint "Cleanup", Time since last: 1002685400 ns, Reaching safepoint: 366700 ns, At safepoint: 11900 ns, Total: 378600 ns
[2021-04-25T14:39:25.366+0000][7][safepoint    ] Safepoint "Cleanup", Time since last: 1003009800 ns, Reaching safepoint: 463000 ns, At safepoint: 11600 ns, Total: 474600 ns
[2021-04-25T14:39:26.369+0000][7][safepoint    ] Safepoint "Cleanup", Time since last: 1002181800 ns, Reaching safepoint: 348400 ns, At safepoint: 10600 ns, Total: 359000 ns
[2021-04-25T14:39:27.372+0000][7][safepoint    ] Safepoint "Cleanup", Time since last: 1002942300 ns, Reaching safepoint: 383200 ns, At safepoint: 11400 ns, Total: 394600 ns
[2021-04-25T14:39:28.376+0000][7][safepoint    ] Safepoint "Cleanup", Time since last: 1002706200 ns, Reaching safepoint: 684100 ns, At safepoint: 23200 ns, Total: 707300 ns
[2021-04-25T14:39:29.379+0000][7][safepoint    ] Safepoint "Cleanup", Time since last: 1002948500 ns, Reaching safepoint: 557000 ns, At safepoint: 26200 ns, Total: 583200 ns
[2021-04-25T14:39:30.382+0000][7][safepoint    ] Safepoint "Cleanup", Time since last: 1002606800 ns, Reaching safepoint: 362600 ns, At safepoint: 9600 ns, Total: 372200 ns
[2021-04-25T14:39:31.385+0000][7][safepoint    ] Safepoint "Cleanup", Time since last: 1002747200 ns, Reaching safepoint: 369400 ns, At safepoint: 54700 ns, Total: 424100 ns
[2021-04-25T14:39:32.388+0000][7][safepoint    ] Safepoint "Cleanup", Time since last: 1002259000 ns, Reaching safepoint: 371100 ns, At safepoint: 15400 ns, Total: 386500 ns
[2021-04-25T14:39:33.391+0000][7][safepoint    ] Safepoint "Cleanup", Time since last: 1002956400 ns, Reaching safepoint: 391100 ns, At safepoint: 11700 ns, Total: 402800 ns
[2021-04-25T14:39:34.394+0000][7][safepoint    ] Safepoint "Cleanup", Time since last: 1002657300 ns, Reaching safepoint: 245900 ns, At safepoint: 6700 ns, Total: 252600 ns
[2021-04-25T14:39:35.395+0000][7][safepoint    ] Safepoint "Cleanup", Time since last: 1001446400 ns, Reaching safepoint: 333500 ns, At safepoint: 9600 ns, Total: 343100 ns
[2021-04-25T14:39:36.399+0000][7][safepoint    ] Safepoint "Cleanup", Time since last: 1003334300 ns, Reaching safepoint: 467300 ns, At safepoint: 11100 ns, Total: 478400 ns
[2021-04-25T14:39:37.403+0000][7][safepoint    ] Safepoint "Cleanup", Time since last: 1003283300 ns, Reaching safepoint: 143400 ns, At safepoint: 4500 ns, Total: 147900 ns
[2021-04-25T14:39:38.405+0000][7][safepoint    ] Safepoint "Cleanup", Time since last: 1001198700 ns, Reaching safepoint: 633400 ns, At safepoint: 20700 ns, Total: 654100 ns
[2021-04-25T14:39:39.408+0000][7][safepoint    ] Safepoint "Cleanup", Time since last: 1002581600 ns, Reaching safepoint: 334300 ns, At safepoint: 79900 ns, Total: 414200 ns
[2021-04-25T14:39:40.410+0000][7][safepoint    ] Safepoint "Cleanup", Time since last: 1002114300 ns, Reaching safepoint: 258900 ns, At safepoint: 7600 ns, Total: 266500 ns
[2021-04-25T14:39:41.412+0000][7][safepoint    ] Safepoint "Cleanup", Time since last: 1001430800 ns, Reaching safepoint: 484500 ns, At safepoint: 10400 ns, Total: 494900 ns
[2021-04-25T14:39:42.415+0000][7][safepoint    ] Safepoint "Cleanup", Time since last: 1002572700 ns, Reaching safepoint: 472900 ns, At safepoint: 11400 ns, Total: 484300 ns
[2021-04-25T14:39:43.417+0000][7][safepoint    ] Safepoint "Cleanup", Time since last: 1002333000 ns, Reaching safepoint: 113700 ns, At safepoint: 2700 ns, Total: 116400 ns
[2021-04-25T14:39:44.419+0000][7][safepoint    ] Safepoint "Cleanup", Time since last: 1001043700 ns, Reaching safepoint: 390500 ns, At safepoint: 12100 ns, Total: 402600 ns
[2021-04-25T14:39:45.422+0000][7][safepoint    ] Safepoint "Cleanup", Time since last: 1002526000 ns, Reaching safepoint: 561400 ns, At safepoint: 12200 ns, Total: 573600 ns
[2021-04-25T14:39:46.425+0000][7][safepoint    ] Safepoint "Cleanup", Time since last: 1002535100 ns, Reaching safepoint: 118800 ns, At safepoint: 2700 ns, Total: 121500 ns
[2021-04-25T14:39:47.426+0000][7][safepoint    ] Safepoint "Cleanup", Time since last: 1001003600 ns, Reaching safepoint: 769800 ns, At safepoint: 38900 ns, Total: 808700 ns
[2021-04-25T14:39:48.429+0000][7][safepoint    ] Safepoint "Cleanup", Time since last: 1002757000 ns, Reaching safepoint: 270600 ns, At safepoint: 10700 ns, Total: 281300 ns
[2021-04-25T14:39:49.432+0000][7][safepoint    ] Safepoint "Cleanup", Time since last: 1002719100 ns, Reaching safepoint: 126000 ns, At safepoint: 2700 ns, Total: 128700 ns
[2021-04-25T14:39:50.433+0000][7][safepoint    ] Safepoint "Cleanup", Time since last: 1001006500 ns, Reaching safepoint: 213600 ns, At safepoint: 6500 ns, Total: 220100 ns
[2021-04-25T14:39:51.436+0000][7][safepoint    ] Safepoint "Cleanup", Time since last: 1001886000 ns, Reaching safepoint: 404700 ns, At safepoint: 11400 ns, Total: 416100 ns
[2021-04-25T14:39:52.438+0000][7][safepoint    ] Safepoint "Cleanup", Time since last: 1001991600 ns, Reaching safepoint: 139400 ns, At safepoint: 3400 ns, Total: 142800 ns
[2021-04-25T14:39:53.439+0000][7][safepoint    ] Safepoint "Cleanup", Time since last: 1001059100 ns, Reaching safepoint: 387100 ns, At safepoint: 17000 ns, Total: 404100 ns
[2021-04-25T14:39:54.442+0000][7][safepoint    ] Safepoint "Cleanup", Time since last: 1002451000 ns, Reaching safepoint: 460100 ns, At safepoint: 14800 ns, Total: 474900 ns
[2021-04-25T14:39:55.444+0000][7][safepoint    ] Safepoint "Cleanup", Time since last: 1001687200 ns, Reaching safepoint: 111900 ns, At safepoint: 2500 ns, Total: 114400 ns
[2021-04-25T14:39:56.445+0000][7][safepoint    ] Safepoint "Cleanup", Time since last: 1000942400 ns, Reaching safepoint: 291600 ns, At safepoint: 8100 ns, Total: 299700 ns
[2021-04-25T14:39:57.448+0000][7][safepoint    ] Safepoint "Cleanup", Time since last: 1002507400 ns, Reaching safepoint: 276700 ns, At safepoint: 5500 ns, Total: 282200 ns
[2021-04-25T14:39:58.450+0000][7][safepoint    ] Safepoint "Cleanup", Time since last: 1001499300 ns, Reaching safepoint: 117700 ns, At safepoint: 2900 ns, Total: 120600 ns
[2021-04-25T14:39:59.451+0000][7][safepoint    ] Safepoint "Cleanup", Time since last: 1001116100 ns, Reaching safepoint: 120300 ns, At safepoint: 3600 ns, Total: 123900 ns
[2021-04-25T14:40:00.452+0000][7][safepoint    ] Safepoint "Cleanup", Time since last: 1001228700 ns, Reaching safepoint: 144400 ns, At safepoint: 4200 ns, Total: 148600 ns
[2021-04-25T14:40:01.454+0000][7][safepoint    ] Safepoint "Cleanup", Time since last: 1001350900 ns, Reaching safepoint: 111500 ns, At safepoint: 2400 ns, Total: 113900 ns
[2021-04-25T14:40:02.455+0000][7][safepoint    ] Safepoint "Cleanup", Time since last: 1001186800 ns, Reaching safepoint: 130200 ns, At safepoint: 3500 ns, Total: 133700 ns
[2021-04-25T14:40:03.457+0000][7][safepoint    ] Safepoint "Cleanup", Time since last: 1001619900 ns, Reaching safepoint: 121800 ns, At safepoint: 5000 ns, Total: 126800 ns
[2021-04-25T14:40:04.459+0000][7][safepoint    ] Safepoint "Cleanup", Time since last: 1001506100 ns, Reaching safepoint: 101200 ns, At safepoint: 3100 ns, Total: 104300 ns
[2021-04-25T14:40:05.461+0000][7][safepoint    ] Safepoint "Cleanup", Time since last: 1001389900 ns, Reaching safepoint: 128100 ns, At safepoint: 3500 ns, Total: 131600 ns
[2021-04-25T14:40:06.462+0000][7][safepoint    ] Safepoint "Cleanup", Time since last: 1001165100 ns, Reaching safepoint: 375300 ns, At safepoint: 8600 ns, Total: 383900 ns
[2021-04-25T14:40:07.465+0000][7][safepoint    ] Safepoint "Cleanup", Time since last: 1002458800 ns, Reaching safepoint: 93700 ns, At safepoint: 2600 ns, Total: 96300 ns
[2021-04-25T14:40:08.466+0000][7][safepoint    ] Safepoint "Cleanup", Time since last: 1000873500 ns, Reaching safepoint: 324200 ns, At safepoint: 12300 ns, Total: 336500 ns
[2021-04-25T14:40:09.468+0000][7][safepoint    ] Safepoint "Cleanup", Time since last: 1002069800 ns, Reaching safepoint: 171800 ns, At safepoint: 4500 ns, Total: 176300 ns
[2021-04-25T14:40:10.469+0000][7][safepoint    ] Safepoint "Cleanup", Time since last: 1001295800 ns, Reaching safepoint: 103000 ns, At safepoint: 2500 ns, Total: 105500 ns
[2021-04-25T14:40:11.471+0000][7][safepoint    ] Safepoint "Cleanup", Time since last: 1001188200 ns, Reaching safepoint: 151400 ns, At safepoint: 4900 ns, Total: 156300 ns
[2021-04-25T14:40:12.472+0000][7][safepoint    ] Safepoint "Cleanup", Time since last: 1001319100 ns, Reaching safepoint: 180600 ns, At safepoint: 7100 ns, Total: 187700 ns
[2021-04-25T14:40:13.474+0000][7][safepoint    ] Safepoint "Cleanup", Time since last: 1001262900 ns, Reaching safepoint: 114100 ns, At safepoint: 3300 ns, Total: 117400 ns
[2021-04-25T14:40:14.475+0000][7][safepoint    ] Safepoint "Cleanup", Time since last: 1001330700 ns, Reaching safepoint: 180000 ns, At safepoint: 4300 ns, Total: 184300 ns
[2021-04-25T14:40:15.477+0000][7][safepoint    ] Safepoint "Cleanup", Time since last: 1001400800 ns, Reaching safepoint: 148300 ns, At safepoint: 3900 ns, Total: 152200 ns
[2021-04-25T14:40:16.478+0000][7][safepoint    ] Safepoint "Cleanup", Time since last: 1000946600 ns, Reaching safepoint: 127200 ns, At safepoint: 2900 ns, Total: 130100 ns
[2021-04-25T14:40:17.479+0000][7][safepoint    ] Safepoint "Cleanup", Time since last: 1000888800 ns, Reaching safepoint: 124200 ns, At safepoint: 3100 ns, Total: 127300 ns
[2021-04-25T14:40:18.480+0000][7][safepoint    ] Safepoint "Cleanup", Time since last: 1000976600 ns, Reaching safepoint: 143300 ns, At safepoint: 3800 ns, Total: 147100 ns
[2021-04-25T14:40:19.481+0000][7][safepoint    ] Safepoint "Cleanup", Time since last: 1001017100 ns, Reaching safepoint: 104200 ns, At safepoint: 3000 ns, Total: 107200 ns
[2021-04-25T14:40:20.482+0000][7][safepoint    ] Safepoint "Cleanup", Time since last: 1001015200 ns, Reaching safepoint: 265400 ns, At safepoint: 6700 ns, Total: 272100 ns
[2021-04-25T14:40:21.484+0000][7][safepoint    ] Safepoint "Cleanup", Time since last: 1001504200 ns, Reaching safepoint: 168900 ns, At safepoint: 4400 ns, Total: 173300 ns
[2021-04-25T14:40:22.486+0000][7][safepoint    ] Safepoint "Cleanup", Time since last: 1001370900 ns, Reaching safepoint: 126700 ns, At safepoint: 2100 ns, Total: 128800 ns
[2021-04-25T14:40:23.487+0000][7][safepoint    ] Safepoint "Cleanup", Time since last: 1000989400 ns, Reaching safepoint: 124700 ns, At safepoint: 3400 ns, Total: 128100 ns
[2021-04-25T14:40:24.488+0000][7][safepoint    ] Safepoint "Cleanup", Time since last: 1001402800 ns, Reaching safepoint: 155500 ns, At safepoint: 4000 ns, Total: 159500 ns
[2021-04-25T14:40:25.490+0000][7][safepoint    ] Safepoint "Cleanup", Time since last: 1001215100 ns, Reaching safepoint: 109600 ns, At safepoint: 2500 ns, Total: 112100 ns
[2021-04-25T14:40:26.491+0000][7][safepoint    ] Safepoint "Cleanup", Time since last: 1000839400 ns, Reaching safepoint: 358200 ns, At safepoint: 8900 ns, Total: 367100 ns
[2021-04-25T14:40:27.494+0000][7][safepoint    ] Safepoint "Cleanup", Time since last: 1003151300 ns, Reaching safepoint: 173100 ns, At safepoint: 5200 ns, Total: 178300 ns
[2021-04-25T14:40:28.496+0000][7][safepoint    ] Safepoint "Cleanup", Time since last: 1001432900 ns, Reaching safepoint: 107400 ns, At safepoint: 2700 ns, Total: 110100 ns
[2021-04-25T14:40:29.497+0000][7][safepoint    ] Safepoint "Cleanup", Time since last: 1001128100 ns, Reaching safepoint: 220300 ns, At safepoint: 6900 ns, Total: 227200 ns
[2021-04-25T14:40:30.499+0000][7][safepoint    ] Safepoint "Cleanup", Time since last: 1001907600 ns, Reaching safepoint: 201300 ns, At safepoint: 5900 ns, Total: 207200 ns
[2021-04-25T14:40:31.501+0000][7][safepoint    ] Safepoint "Cleanup", Time since last: 1001502300 ns, Reaching safepoint: 97500 ns, At safepoint: 2600 ns, Total: 100100 ns
[2021-04-25T14:40:32.502+0000][7][safepoint    ] Safepoint "Cleanup", Time since last: 1001204100 ns, Reaching safepoint: 407700 ns, At safepoint: 12000 ns, Total: 419700 ns
[2021-04-25T14:40:33.505+0000][7][safepoint    ] Safepoint "Cleanup", Time since last: 1002716600 ns, Reaching safepoint: 401500 ns, At safepoint: 13200 ns, Total: 414700 ns
[2021-04-25T14:40:34.508+0000][7][safepoint    ] Safepoint "Cleanup", Time since last: 1002515200 ns, Reaching safepoint: 109400 ns, At safepoint: 3600 ns, Total: 113000 ns
[2021-04-25T14:40:35.509+0000][7][safepoint    ] Safepoint "Cleanup", Time since last: 1000761800 ns, Reaching safepoint: 254900 ns, At safepoint: 11800 ns, Total: 266700 ns
[2021-04-25T14:40:36.512+0000][7][safepoint    ] Safepoint "Cleanup", Time since last: 1002878600 ns, Reaching safepoint: 217000 ns, At safepoint: 4400 ns, Total: 221400 ns
[2021-04-25T14:40:37.513+0000][7][safepoint    ] Safepoint "Cleanup", Time since last: 1001306600 ns, Reaching safepoint: 113500 ns, At safepoint: 3100 ns, Total: 116600 ns
[2021-04-25T14:40:38.515+0000][7][safepoint    ] Safepoint "Cleanup", Time since last: 1000955100 ns, Reaching safepoint: 158600 ns, At safepoint: 5500 ns, Total: 164100 ns
[2021-04-25T14:40:39.516+0000][7][safepoint    ] Safepoint "Cleanup", Time since last: 1001201400 ns, Reaching safepoint: 420200 ns, At safepoint: 11800 ns, Total: 432000 ns
[2021-04-25T14:40:40.520+0000][7][safepoint    ] Safepoint "Cleanup", Time since last: 1003540600 ns, Reaching safepoint: 122000 ns, At safepoint: 4000 ns, Total: 126000 ns
[2021-04-25T14:40:41.521+0000][7][safepoint    ] Safepoint "Cleanup", Time since last: 1001208400 ns, Reaching safepoint: 279800 ns, At safepoint: 10100 ns, Total: 289900 ns
[2021-04-25T14:40:42.524+0000][7][safepoint    ] Safepoint "Cleanup", Time since last: 1002113100 ns, Reaching safepoint: 370100 ns, At safepoint: 15400 ns, Total: 385500 ns
[2021-04-25T14:40:43.527+0000][7][safepoint    ] Safepoint "Cleanup", Time since last: 1002488100 ns, Reaching safepoint: 103400 ns, At safepoint: 2400 ns, Total: 105800 ns
[2021-04-25T14:40:44.528+0000][7][safepoint    ] Safepoint "Cleanup", Time since last: 1001166400 ns, Reaching safepoint: 543400 ns, At safepoint: 12900 ns, Total: 556300 ns
[2021-04-25T14:40:45.531+0000][7][safepoint    ] Safepoint "Cleanup", Time since last: 1003007700 ns, Reaching safepoint: 212300 ns, At safepoint: 7600 ns, Total: 219900 ns
[2021-04-25T14:40:46.533+0000][7][safepoint    ] Safepoint "Cleanup", Time since last: 1001724100 ns, Reaching safepoint: 101600 ns, At safepoint: 2900 ns, Total: 104500 ns
[2021-04-25T14:40:47.535+0000][7][safepoint    ] Safepoint "Cleanup", Time since last: 1001095500 ns, Reaching safepoint: 358600 ns, At safepoint: 10200 ns, Total: 368800 ns
[2021-04-25T14:40:48.538+0000][7][safepoint    ] Safepoint "Cleanup", Time since last: 1002622100 ns, Reaching safepoint: 442600 ns, At safepoint: 12700 ns, Total: 455300 ns
[2021-04-25T14:40:49.540+0000][7][safepoint    ] Safepoint "Cleanup", Time since last: 1002108300 ns, Reaching safepoint: 109200 ns, At safepoint: 2400 ns, Total: 111600 ns
[2021-04-25T14:40:50.542+0000][7][safepoint    ] Safepoint "Cleanup", Time since last: 1001437100 ns, Reaching safepoint: 361900 ns, At safepoint: 12600 ns, Total: 374500 ns
[2021-04-25T14:40:51.545+0000][7][safepoint    ] Safepoint "Cleanup", Time since last: 1002590600 ns, Reaching safepoint: 330100 ns, At safepoint: 11000 ns, Total: 341100 ns
[2021-04-25T14:40:52.548+0000][7][safepoint    ] Safepoint "Cleanup", Time since last: 1003114900 ns, Reaching safepoint: 122100 ns, At safepoint: 4300 ns, Total: 126400 ns
[2021-04-25T14:40:54.051+0000][7][safepoint    ] Safepoint "Cleanup", Time since last: 1502430700 ns, Reaching safepoint: 341400 ns, At safepoint: 9400 ns, Total: 350800 ns
[2021-04-25T14:40:56.055+0000][7][safepoint    ] Safepoint "Cleanup", Time since last: 2003280100 ns, Reaching safepoint: 430300 ns, At safepoint: 11000 ns, Total: 441300 ns
[2021-04-25T14:40:58.058+0000][7][safepoint    ] Safepoint "Cleanup", Time since last: 2003059900 ns, Reaching safepoint: 355100 ns, At safepoint: 117500 ns, Total: 472600 ns
[2021-04-25T14:41:01.039+0000][7][safepoint    ] Safepoint "Cleanup", Time since last: 2980711800 ns, Reaching safepoint: 149000 ns, At safepoint: 2700 ns, Total: 151700 ns
[2021-04-25T14:41:02.069+0000][7][safepoint    ] Safepoint "Cleanup", Time since last: 1029221700 ns, Reaching safepoint: 1120900 ns, At safepoint: 56500 ns, Total: 1177400 ns
[2021-04-25T14:41:08.076+0000][7][safepoint    ] Safepoint "Cleanup", Time since last: 6005930600 ns, Reaching safepoint: 527200 ns, At safepoint: 21400 ns, Total: 548600 ns
[2021-04-25T14:41:13.081+0000][7][safepoint    ] Safepoint "Cleanup", Time since last: 5005070600 ns, Reaching safepoint: 506100 ns, At safepoint: 16900 ns, Total: 523000 ns
[2021-04-25T14:41:14.085+0000][7][safepoint    ] Safepoint "Cleanup", Time since last: 1003256600 ns, Reaching safepoint: 840600 ns, At safepoint: 29100 ns, Total: 869700 ns
[2021-04-25T14:41:26.092+0000][7][safepoint    ] Safepoint "Cleanup", Time since last: 12006266000 ns, Reaching safepoint: 513400 ns, At safepoint: 9600 ns, Total: 523000 ns
[2021-04-25T14:41:43.103+0000][7][safepoint    ] Safepoint "Cleanup", Time since last: 17009482100 ns, Reaching safepoint: 492400 ns, At safepoint: 16800 ns, Total: 509200 ns
[2021-04-25T14:41:53.110+0000][7][safepoint    ] Safepoint "Cleanup", Time since last: 10006770800 ns, Reaching safepoint: 681300 ns, At safepoint: 83800 ns, Total: 765100 ns
[2021-04-25T14:41:54.114+0000][7][safepoint    ] Safepoint "Cleanup", Time since last: 1003705900 ns, Reaching safepoint: 359000 ns, At safepoint: 10800 ns, Total: 369800 ns
[2021-04-25T14:42:26.130+0000][7][safepoint    ] Safepoint "Cleanup", Time since last: 32014977100 ns, Reaching safepoint: 436100 ns, At safepoint: 9500 ns, Total: 445600 ns
[2021-04-25T14:42:53.146+0000][7][safepoint    ] Safepoint "Cleanup", Time since last: 27016736300 ns, Reaching safepoint: 632100 ns, At safepoint: 36000 ns, Total: 668100 ns
[2021-04-25T14:43:23.161+0000][7][safepoint    ] Safepoint "Cleanup", Time since last: 30013882000 ns, Reaching safepoint: 210000 ns, At safepoint: 4700 ns, Total: 214700 ns
[2021-04-25T14:43:46.172+0000][7][safepoint    ] Safepoint "Cleanup", Time since last: 23010404200 ns, Reaching safepoint: 525100 ns, At safepoint: 21400 ns, Total: 546500 ns
[2021-04-25T14:43:53.179+0000][7][safepoint    ] Safepoint "Cleanup", Time since last: 7006015400 ns, Reaching safepoint: 628700 ns, At safepoint: 13700 ns, Total: 642400 ns
[2021-04-25T14:43:57.482+0000][7][gc,start     ] GC(19) Pause Young (Normal) (G1 Evacuation Pause)
[2021-04-25T14:43:57.484+0000][7][gc,task      ] GC(19) Using 2 workers of 2 for evacuation
[2021-04-25T14:43:57.486+0000][7][gc,age       ] GC(19) Desired survivor size 19922944 bytes, new threshold 4 (max threshold 15)
[2021-04-25T14:43:57.543+0000][7][gc,age       ] GC(19) Age table with threshold 4 (max threshold 15)
[2021-04-25T14:43:57.544+0000][7][gc,age       ] GC(19) - age   1:     238088 bytes,     238088 total
[2021-04-25T14:43:57.544+0000][7][gc,age       ] GC(19) - age   2:    7540320 bytes,    7778408 total
[2021-04-25T14:43:57.545+0000][7][gc,age       ] GC(19) - age   3:    7643840 bytes,   15422248 total
[2021-04-25T14:43:57.545+0000][7][gc,age       ] GC(19) - age   4:     643712 bytes,   16065960 total
[2021-04-25T14:43:57.546+0000][7][gc,phases    ] GC(19)   Pre Evacuate Collection Set: 0.8ms
[2021-04-25T14:43:57.546+0000][7][gc,phases    ] GC(19)   Merge Heap Roots: 0.5ms
[2021-04-25T14:43:57.547+0000][7][gc,phases    ] GC(19)   Evacuate Collection Set: 52.5ms
[2021-04-25T14:43:57.547+0000][7][gc,phases    ] GC(19)   Post Evacuate Collection Set: 1.5ms
[2021-04-25T14:43:57.547+0000][7][gc,phases    ] GC(19)   Other: 8.5ms
[2021-04-25T14:43:57.548+0000][7][gc,heap      ] GC(19) Eden regions: 276->0(282)
[2021-04-25T14:43:57.548+0000][7][gc,heap      ] GC(19) Survivor regions: 25->16(38)
[2021-04-25T14:43:57.548+0000][7][gc,heap      ] GC(19) Old regions: 45->54
[2021-04-25T14:43:57.549+0000][7][gc,heap      ] GC(19) Archive regions: 2->2
[2021-04-25T14:43:57.549+0000][7][gc,heap      ] GC(19) Humongous regions: 7->7
[2021-04-25T14:43:57.549+0000][7][gc,metaspace ] GC(19) Metaspace: 87660K(94820K)->87660K(94820K) NonClass: 75762K(80024K)->75762K(80024K) Class: 11898K(14796K)->11898K(14796K)
[2021-04-25T14:43:57.550+0000][7][gc           ] GC(19) Pause Young (Normal) (G1 Evacuation Pause) 352M->76M(512M) 67.413ms
[2021-04-25T14:43:57.550+0000][7][gc,cpu       ] GC(19) User=0.11s Sys=0.00s Real=0.07s
[2021-04-25T14:43:57.550+0000][7][safepoint    ] Safepoint "G1CollectForAllocation", Time since last: 4303187400 ns, Reaching safepoint: 210500 ns, At safepoint: 68085800 ns, Total: 68296300 ns
[2021-04-25T14:44:23.562+0000][7][safepoint    ] Safepoint "Cleanup", Time since last: 26011538900 ns, Reaching safepoint: 736700 ns, At safepoint: 22500 ns, Total: 759200 ns
[2021-04-25T14:44:26.566+0000][7][safepoint    ] Safepoint "Cleanup", Time since last: 3003674100 ns, Reaching safepoint: 413800 ns, At safepoint: 12300 ns, Total: 426100 ns
[2021-04-25T14:44:37.574+0000][7][safepoint    ] Safepoint "Cleanup", Time since last: 11007608700 ns, Reaching safepoint: 87200 ns, At safepoint: 3900 ns, Total: 91100 ns
[2021-04-25T14:44:50.581+0000][7][safepoint    ] Safepoint "Cleanup", Time since last: 13005817500 ns, Reaching safepoint: 560800 ns, At safepoint: 61100 ns, Total: 621900 ns
[2021-04-25T14:44:51.586+0000][7][safepoint    ] Safepoint "Cleanup", Time since last: 1005045400 ns, Reaching safepoint: 363100 ns, At safepoint: 11600 ns, Total: 374700 ns
[2021-04-25T14:44:54.588+0000][7][safepoint    ] Safepoint "Cleanup", Time since last: 3001632300 ns, Reaching safepoint: 212900 ns, At safepoint: 4100 ns, Total: 217000 ns
[2021-04-25T14:44:57.590+0000][7][safepoint    ] Safepoint "Cleanup", Time since last: 3001454500 ns, Reaching safepoint: 354100 ns, At safepoint: 11600 ns, Total: 365700 ns
[2021-04-25T14:45:02.594+0000][7][safepoint    ] Safepoint "Cleanup", Time since last: 5003780600 ns, Reaching safepoint: 453100 ns, At safepoint: 12000 ns, Total: 465100 ns
[2021-04-25T14:45:52.750+0000][7][safepoint    ] Safepoint "Cleanup", Time since last: 50155808900 ns, Reaching safepoint: 258300 ns, At safepoint: 88400 ns, Total: 346700 ns
[2021-04-25T14:45:53.307+0000][7][safepoint    ] Safepoint "BulkRevokeBias", Time since last: 556276500 ns, Reaching safepoint: 89400 ns, At safepoint: 210100 ns, Total: 299500 ns
[2021-04-25T14:45:53.360+0000][7][safepoint    ] Safepoint "BulkRevokeBias", Time since last: 53095400 ns, Reaching safepoint: 113200 ns, At safepoint: 205500 ns, Total: 318700 ns
[2021-04-25T14:45:53.747+0000][7][safepoint    ] Safepoint "BulkRevokeBias", Time since last: 387014400 ns, Reaching safepoint: 211000 ns, At safepoint: 183400 ns, Total: 394400 ns
[2021-04-25T14:45:54.195+0000][7][safepoint    ] Safepoint "BulkRevokeBias", Time since last: 447137000 ns, Reaching safepoint: 178400 ns, At safepoint: 174900 ns, Total: 353300 ns
[2021-04-25T14:45:54.198+0000][7][safepoint    ] Safepoint "BulkRevokeBias", Time since last: 2592100 ns, Reaching safepoint: 309400 ns, At safepoint: 247700 ns, Total: 557100 ns
[2021-04-25T14:45:54.335+0000][7][safepoint    ] Safepoint "BulkRevokeBias", Time since last: 136754400 ns, Reaching safepoint: 180600 ns, At safepoint: 240300 ns, Total: 420900 ns
[2021-04-25T14:45:54.779+0000][7][safepoint    ] Safepoint "BulkRevokeBias", Time since last: 443048000 ns, Reaching safepoint: 206600 ns, At safepoint: 202200 ns, Total: 408800 ns
[2021-04-25T14:45:55.789+0000][7][safepoint    ] Safepoint "Cleanup", Time since last: 1009859600 ns, Reaching safepoint: 887800 ns, At safepoint: 20400 ns, Total: 908200 ns
[2021-04-25T14:45:56.742+0000][7][gc,start     ] GC(20) Pause Young (Normal) (G1 Evacuation Pause)
[2021-04-25T14:45:56.742+0000][7][gc,task      ] GC(20) Using 2 workers of 2 for evacuation
[2021-04-25T14:45:56.743+0000][7][gc,age       ] GC(20) Desired survivor size 19922944 bytes, new threshold 15 (max threshold 15)
[2021-04-25T14:45:56.763+0000][7][gc,age       ] GC(20) Age table with threshold 15 (max threshold 15)
[2021-04-25T14:45:56.764+0000][7][gc,age       ] GC(20) - age   1:    1831328 bytes,    1831328 total
[2021-04-25T14:45:56.764+0000][7][gc,age       ] GC(20) - age   2:     216672 bytes,    2048000 total
[2021-04-25T14:45:56.765+0000][7][gc,age       ] GC(20) - age   3:    6497536 bytes,    8545536 total
[2021-04-25T14:45:56.765+0000][7][gc,age       ] GC(20) - age   4:    6834648 bytes,   15380184 total
[2021-04-25T14:45:56.766+0000][7][gc,age       ] GC(20) - age   5:     605992 bytes,   15986176 total
[2021-04-25T14:45:56.766+0000][7][gc,phases    ] GC(20)   Pre Evacuate Collection Set: 0.1ms
[2021-04-25T14:45:56.766+0000][7][gc,phases    ] GC(20)   Merge Heap Roots: 0.2ms
[2021-04-25T14:45:56.767+0000][7][gc,phases    ] GC(20)   Evacuate Collection Set: 18.1ms
[2021-04-25T14:45:56.767+0000][7][gc,phases    ] GC(20)   Post Evacuate Collection Set: 1.8ms
[2021-04-25T14:45:56.767+0000][7][gc,phases    ] GC(20)   Other: 4.0ms
[2021-04-25T14:45:56.768+0000][7][gc,heap      ] GC(20) Eden regions: 282->0(286)
[2021-04-25T14:45:56.768+0000][7][gc,heap      ] GC(20) Survivor regions: 16->16(38)
[2021-04-25T14:45:56.768+0000][7][gc,heap      ] GC(20) Old regions: 54->54
[2021-04-25T14:45:56.769+0000][7][gc,heap      ] GC(20) Archive regions: 2->2
[2021-04-25T14:45:56.769+0000][7][gc,heap      ] GC(20) Humongous regions: 7->7
[2021-04-25T14:45:56.769+0000][7][gc,metaspace ] GC(20) Metaspace: 88617K(95844K)->88617K(95844K) NonClass: 76617K(80792K)->76617K(80792K) Class: 12000K(15052K)->12000K(15052K)
[2021-04-25T14:45:56.770+0000][7][gc           ] GC(20) Pause Young (Normal) (G1 Evacuation Pause) 358M->76M(512M) 27.691ms
[2021-04-25T14:45:56.770+0000][7][gc,cpu       ] GC(20) User=0.04s Sys=0.00s Real=0.03s
[2021-04-25T14:45:56.770+0000][7][safepoint    ] Safepoint "G1CollectForAllocation", Time since last: 952280700 ns, Reaching safepoint: 164200 ns, At safepoint: 28349600 ns, Total: 28513800 ns
[2021-04-25T14:45:58.197+0000][7][safepoint    ] Safepoint "Cleanup", Time since last: 1425917100 ns, Reaching safepoint: 585900 ns, At safepoint: 21900 ns, Total: 607800 ns
[2021-04-25T14:45:59.755+0000][7][safepoint    ] Safepoint "Cleanup", Time since last: 1557584600 ns, Reaching safepoint: 509600 ns, At safepoint: 104700 ns, Total: 614300 ns
[2021-04-25T14:46:24.176+0000][7][safepoint    ] Safepoint "Cleanup", Time since last: 24420195500 ns, Reaching safepoint: 487400 ns, At safepoint: 11300 ns, Total: 498700 ns
[2021-04-25T14:46:25.584+0000][7][safepoint    ] Safepoint "Cleanup", Time since last: 1408027700 ns, Reaching safepoint: 124100 ns, At safepoint: 3600 ns, Total: 127700 ns
[2021-04-25T14:46:36.589+0000][7][safepoint    ] Safepoint "Cleanup", Time since last: 11004905000 ns, Reaching safepoint: 540000 ns, At safepoint: 14900 ns, Total: 554900 ns
[2021-04-25T14:46:37.592+0000][7][safepoint    ] Safepoint "Cleanup", Time since last: 1002990600 ns, Reaching safepoint: 348600 ns, At safepoint: 13100 ns, Total: 361700 ns
[2021-04-25T14:46:38.595+0000][7][safepoint    ] Safepoint "Cleanup", Time since last: 1002320100 ns, Reaching safepoint: 311300 ns, At safepoint: 75000 ns, Total: 386300 ns
[2021-04-25T14:46:44.599+0000][7][safepoint    ] Safepoint "Cleanup", Time since last: 6003488000 ns, Reaching safepoint: 103000 ns, At safepoint: 1900 ns, Total: 104900 ns
[2021-04-25T14:46:54.602+0000][7][safepoint    ] Safepoint "Cleanup", Time since last: 10003349200 ns, Reaching safepoint: 344100 ns, At safepoint: 11400 ns, Total: 355500 ns
[2021-04-25T14:47:23.617+0000][7][safepoint    ] Safepoint "Cleanup", Time since last: 29013807500 ns, Reaching safepoint: 442600 ns, At safepoint: 10800 ns, Total: 453400 ns
[2021-04-25T14:47:24.620+0000][7][safepoint    ] Safepoint "Cleanup", Time since last: 1002471700 ns, Reaching safepoint: 483700 ns, At safepoint: 11300 ns, Total: 495000 ns
[2021-04-25T14:47:27.624+0000][7][safepoint    ] Safepoint "Cleanup", Time since last: 3003757700 ns, Reaching safepoint: 334400 ns, At safepoint: 10300 ns, Total: 344700 ns
[2021-04-25T14:47:54.636+0000][7][safepoint    ] Safepoint "Cleanup", Time since last: 27011428900 ns, Reaching safepoint: 734700 ns, At safepoint: 126200 ns, Total: 860900 ns
[2021-04-25T14:48:23.649+0000][7][safepoint    ] Safepoint "Cleanup", Time since last: 29013510700 ns, Reaching safepoint: 680600 ns, At safepoint: 10900 ns, Total: 691500 ns
[2021-04-25T14:48:24.652+0000][7][safepoint    ] Safepoint "Cleanup", Time since last: 1002441100 ns, Reaching safepoint: 129600 ns, At safepoint: 3900 ns, Total: 133500 ns
[2021-04-25T14:48:32.656+0000][7][safepoint    ] Safepoint "Cleanup", Time since last: 8003688500 ns, Reaching safepoint: 637200 ns, At safepoint: 24700 ns, Total: 661900 ns
[2021-04-25T14:48:57.670+0000][7][safepoint    ] Safepoint "Cleanup", Time since last: 25011069300 ns, Reaching safepoint: 894300 ns, At safepoint: 22100 ns, Total: 916400 ns
[2021-04-25T14:49:16.682+0000][7][safepoint    ] Safepoint "Cleanup", Time since last: 19011979000 ns, Reaching safepoint: 740100 ns, At safepoint: 21700 ns, Total: 761800 ns
[2021-04-25T14:49:49.699+0000][7][safepoint    ] Safepoint "Cleanup", Time since last: 33016719600 ns, Reaching safepoint: 442100 ns, At safepoint: 10800 ns, Total: 452900 ns
[2021-04-25T14:49:54.704+0000][7][safepoint    ] Safepoint "Cleanup", Time since last: 5004496300 ns, Reaching safepoint: 579600 ns, At safepoint: 14500 ns, Total: 594100 ns
[2021-04-25T14:50:09.711+0000][7][safepoint    ] Safepoint "Cleanup", Time since last: 15007694400 ns, Reaching safepoint: 188600 ns, At safepoint: 4400 ns, Total: 193000 ns
[2021-04-25T14:50:19.716+0000][7][safepoint    ] Safepoint "Cleanup", Time since last: 10004333300 ns, Reaching safepoint: 371300 ns, At safepoint: 11000 ns, Total: 382300 ns
[2021-04-25T14:50:23.720+0000][7][safepoint    ] Safepoint "Cleanup", Time since last: 4003964900 ns, Reaching safepoint: 466200 ns, At safepoint: 9500 ns, Total: 475700 ns
[2021-04-25T14:50:28.726+0000][7][safepoint    ] Safepoint "Cleanup", Time since last: 5005030300 ns, Reaching safepoint: 409600 ns, At safepoint: 11500 ns, Total: 421100 ns
[2021-04-25T14:50:53.720+0000][7][safepoint    ] Safepoint "Cleanup", Time since last: 24992875300 ns, Reaching safepoint: 406200 ns, At safepoint: 11300 ns, Total: 417500 ns
[2021-04-25T14:50:54.723+0000][7][safepoint    ] Safepoint "Cleanup", Time since last: 1002660300 ns, Reaching safepoint: 158000 ns, At safepoint: 4000 ns, Total: 162000 ns
[2021-04-25T14:50:56.123+0000][7][safepoint    ] Safepoint "Cleanup", Time since last: 1400243800 ns, Reaching safepoint: 224400 ns, At safepoint: 2900 ns, Total: 227300 ns
[2021-04-25T14:50:57.270+0000][7][safepoint    ] Safepoint "Cleanup", Time since last: 1146845100 ns, Reaching safepoint: 191300 ns, At safepoint: 4000 ns, Total: 195300 ns
[2021-04-25T14:51:01.094+0000][7][safepoint    ] Safepoint "Cleanup", Time since last: 3823827900 ns, Reaching safepoint: 153000 ns, At safepoint: 5600 ns, Total: 158600 ns
[2021-04-25T14:51:08.115+0000][7][safepoint    ] Safepoint "Cleanup", Time since last: 7020745600 ns, Reaching safepoint: 306700 ns, At safepoint: 7700 ns, Total: 314400 ns
[2021-04-25T14:51:24.124+0000][7][safepoint    ] Safepoint "Cleanup", Time since last: 16007934200 ns, Reaching safepoint: 368700 ns, At safepoint: 10300 ns, Total: 379000 ns
[2021-04-25T14:51:54.139+0000][7][safepoint    ] Safepoint "Cleanup", Time since last: 30014487600 ns, Reaching safepoint: 634900 ns, At safepoint: 14900 ns, Total: 649800 ns
[2021-04-25T14:51:58.145+0000][7][safepoint    ] Safepoint "Cleanup", Time since last: 4004527400 ns, Reaching safepoint: 580000 ns, At safepoint: 14900 ns, Total: 594900 ns
[2021-04-25T14:52:54.169+0000][7][safepoint    ] Safepoint "Cleanup", Time since last: 56024754100 ns, Reaching safepoint: 464400 ns, At safepoint: 11000 ns, Total: 475400 ns
[2021-04-25T14:52:55.173+0000][7][safepoint    ] Safepoint "Cleanup", Time since last: 1003350900 ns, Reaching safepoint: 418000 ns, At safepoint: 14600 ns, Total: 432600 ns
[2021-04-25T14:52:59.177+0000][7][safepoint    ] Safepoint "Cleanup", Time since last: 4003999200 ns, Reaching safepoint: 464000 ns, At safepoint: 11000 ns, Total: 475000 ns
[2021-04-25T14:53:06.188+0000][7][safepoint    ] Safepoint "Cleanup", Time since last: 7010276800 ns, Reaching safepoint: 589600 ns, At safepoint: 10400 ns, Total: 600000 ns
[2021-04-25T14:53:33.467+0000][7][gc,start     ] GC(21) Pause Young (Normal) (G1 Evacuation Pause)
[2021-04-25T14:53:33.468+0000][7][gc,task      ] GC(21) Using 2 workers of 2 for evacuation
[2021-04-25T14:53:33.469+0000][7][gc,age       ] GC(21) Desired survivor size 19922944 bytes, new threshold 15 (max threshold 15)
[2021-04-25T14:53:33.493+0000][7][gc,age       ] GC(21) Age table with threshold 15 (max threshold 15)
[2021-04-25T14:53:33.493+0000][7][gc,age       ] GC(21) - age   1:     289296 bytes,     289296 total
[2021-04-25T14:53:33.494+0000][7][gc,age       ] GC(21) - age   2:     796312 bytes,    1085608 total
[2021-04-25T14:53:33.494+0000][7][gc,age       ] GC(21) - age   3:     185224 bytes,    1270832 total
[2021-04-25T14:53:33.495+0000][7][gc,age       ] GC(21) - age   4:    6495784 bytes,    7766616 total
[2021-04-25T14:53:33.495+0000][7][gc,age       ] GC(21) - age   5:    6833504 bytes,   14600120 total
[2021-04-25T14:53:33.496+0000][7][gc,age       ] GC(21) - age   6:     605992 bytes,   15206112 total
[2021-04-25T14:53:33.496+0000][7][gc,phases    ] GC(21)   Pre Evacuate Collection Set: 0.1ms
[2021-04-25T14:53:33.497+0000][7][gc,phases    ] GC(21)   Merge Heap Roots: 0.2ms
[2021-04-25T14:53:33.497+0000][7][gc,phases    ] GC(21)   Evacuate Collection Set: 21.5ms
[2021-04-25T14:53:33.498+0000][7][gc,phases    ] GC(21)   Post Evacuate Collection Set: 1.8ms
[2021-04-25T14:53:33.498+0000][7][gc,phases    ] GC(21)   Other: 5.4ms
[2021-04-25T14:53:33.499+0000][7][gc,heap      ] GC(21) Eden regions: 286->0(291)
[2021-04-25T14:53:33.499+0000][7][gc,heap      ] GC(21) Survivor regions: 16->15(38)
[2021-04-25T14:53:33.499+0000][7][gc,heap      ] GC(21) Old regions: 54->54
[2021-04-25T14:53:33.500+0000][7][gc,heap      ] GC(21) Archive regions: 2->2
[2021-04-25T14:53:33.500+0000][7][gc,heap      ] GC(21) Humongous regions: 7->7
[2021-04-25T14:53:33.500+0000][7][gc,metaspace ] GC(21) Metaspace: 88979K(96356K)->88979K(96356K) NonClass: 76970K(81304K)->76970K(81304K) Class: 12008K(15052K)->12008K(15052K)
[2021-04-25T14:53:33.501+0000][7][gc           ] GC(21) Pause Young (Normal) (G1 Evacuation Pause) 362M->75M(512M) 33.437ms
[2021-04-25T14:53:33.501+0000][7][gc,cpu       ] GC(21) User=0.04s Sys=0.00s Real=0.03s
[2021-04-25T14:53:33.501+0000][7][safepoint    ] Safepoint "G1CollectForAllocation", Time since last: 27278817500 ns, Reaching safepoint: 142900 ns, At safepoint: 34265900 ns, Total: 34408800 ns
[2021-04-25T14:53:51.508+0000][7][safepoint    ] Safepoint "Cleanup", Time since last: 18006081100 ns, Reaching safepoint: 175800 ns, At safepoint: 5500 ns, Total: 181300 ns
[2021-04-25T14:53:53.510+0000][7][safepoint    ] Safepoint "Cleanup", Time since last: 2001881800 ns, Reaching safepoint: 316700 ns, At safepoint: 59400 ns, Total: 376100 ns
[2021-04-25T14:53:56.513+0000][7][safepoint    ] Safepoint "Cleanup", Time since last: 3002914100 ns, Reaching safepoint: 396200 ns, At safepoint: 12600 ns, Total: 408800 ns
[2021-04-25T14:53:57.517+0000][7][safepoint    ] Safepoint "Cleanup", Time since last: 1003092600 ns, Reaching safepoint: 349100 ns, At safepoint: 8300 ns, Total: 357400 ns
[2021-04-25T14:54:19.525+0000][7][safepoint    ] Safepoint "Cleanup", Time since last: 22007828700 ns, Reaching safepoint: 149600 ns, At safepoint: 2700 ns, Total: 152300 ns
[2021-04-25T14:54:21.527+0000][7][safepoint    ] Safepoint "Cleanup", Time since last: 2001478000 ns, Reaching safepoint: 346300 ns, At safepoint: 10300 ns, Total: 356600 ns
[2021-04-25T14:54:47.537+0000][7][safepoint    ] Safepoint "Cleanup", Time since last: 26009499600 ns, Reaching safepoint: 250400 ns, At safepoint: 5300 ns, Total: 255700 ns
[2021-04-25T14:54:54.541+0000][7][safepoint    ] Safepoint "Cleanup", Time since last: 7003570900 ns, Reaching safepoint: 549600 ns, At safepoint: 20400 ns, Total: 570000 ns
[2021-04-25T14:55:05.546+0000][7][safepoint    ] Safepoint "Cleanup", Time since last: 11005095900 ns, Reaching safepoint: 467600 ns, At safepoint: 12300 ns, Total: 479900 ns
[2021-04-25T14:55:08.550+0000][7][safepoint    ] Safepoint "Cleanup", Time since last: 3003466900 ns, Reaching safepoint: 494900 ns, At safepoint: 12400 ns, Total: 507300 ns
[2021-04-25T14:55:23.560+0000][7][safepoint    ] Safepoint "Cleanup", Time since last: 15009378500 ns, Reaching safepoint: 385200 ns, At safepoint: 12800 ns, Total: 398000 ns
[2021-04-25T14:55:26.565+0000][7][safepoint    ] Safepoint "Cleanup", Time since last: 3004220200 ns, Reaching safepoint: 390100 ns, At safepoint: 11000 ns, Total: 401100 ns
[2021-04-25T14:55:52.898+0000][7][safepoint    ] Safepoint "Cleanup", Time since last: 26333490400 ns, Reaching safepoint: 233500 ns, At safepoint: 2800 ns, Total: 236300 ns
[2021-04-25T14:55:53.583+0000][7][safepoint    ] Safepoint "BulkRevokeBias", Time since last: 684737800 ns, Reaching safepoint: 154700 ns, At safepoint: 210600 ns, Total: 365300 ns
[2021-04-25T14:55:55.583+0000][7][safepoint    ] Safepoint "Cleanup", Time since last: 2000207700 ns, Reaching safepoint: 399900 ns, At safepoint: 14500 ns, Total: 414400 ns
[2021-04-25T14:55:58.457+0000][7][safepoint    ] Safepoint "Cleanup", Time since last: 2873631700 ns, Reaching safepoint: 109600 ns, At safepoint: 1400 ns, Total: 111000 ns
[2021-04-25T14:55:59.458+0000][7][safepoint    ] Safepoint "Cleanup", Time since last: 1001105900 ns, Reaching safepoint: 292600 ns, At safepoint: 8300 ns, Total: 300900 ns
[2021-04-25T14:56:24.468+0000][7][safepoint    ] Safepoint "Cleanup", Time since last: 25009209000 ns, Reaching safepoint: 243300 ns, At safepoint: 92900 ns, Total: 336200 ns
[2021-04-25T14:56:54.478+0000][7][safepoint    ] Safepoint "Cleanup", Time since last: 30009295800 ns, Reaching safepoint: 127100 ns, At safepoint: 2600 ns, Total: 129700 ns
[2021-04-25T14:57:41.490+0000][7][safepoint    ] Safepoint "Cleanup", Time since last: 47011650600 ns, Reaching safepoint: 434100 ns, At safepoint: 9500 ns, Total: 443600 ns
[2021-04-25T14:58:42.512+0000][7][safepoint    ] Safepoint "Cleanup", Time since last: 61021192500 ns, Reaching safepoint: 418000 ns, At safepoint: 10200 ns, Total: 428200 ns
[2021-04-25T14:59:21.526+0000][7][safepoint    ] Safepoint "Cleanup", Time since last: 39013868900 ns, Reaching safepoint: 541900 ns, At safepoint: 11800 ns, Total: 553700 ns
[2021-04-25T14:59:24.530+0000][7][safepoint    ] Safepoint "Cleanup", Time since last: 3003619600 ns, Reaching safepoint: 405900 ns, At safepoint: 10600 ns, Total: 416500 ns
[2021-04-25T14:59:54.543+0000][7][safepoint    ] Safepoint "Cleanup", Time since last: 30012600500 ns, Reaching safepoint: 387100 ns, At safepoint: 8300 ns, Total: 395400 ns
[2021-04-25T15:00:14.109+0000][7][gc,start     ] GC(22) Pause Young (Normal) (G1 Evacuation Pause)
[2021-04-25T15:00:14.112+0000][7][gc,task      ] GC(22) Using 2 workers of 2 for evacuation
[2021-04-25T15:00:14.114+0000][7][gc,age       ] GC(22) Desired survivor size 20447232 bytes, new threshold 15 (max threshold 15)
[2021-04-25T15:00:14.155+0000][7][gc,age       ] GC(22) Age table with threshold 15 (max threshold 15)
[2021-04-25T15:00:14.156+0000][7][gc,age       ] GC(22) - age   1:     952680 bytes,     952680 total
[2021-04-25T15:00:14.157+0000][7][gc,age       ] GC(22) - age   2:     199616 bytes,    1152296 total
[2021-04-25T15:00:14.157+0000][7][gc,age       ] GC(22) - age   3:     760080 bytes,    1912376 total
[2021-04-25T15:00:14.158+0000][7][gc,age       ] GC(22) - age   4:     168320 bytes,    2080696 total
[2021-04-25T15:00:14.158+0000][7][gc,age       ] GC(22) - age   5:    6459264 bytes,    8539960 total
[2021-04-25T15:00:14.159+0000][7][gc,age       ] GC(22) - age   6:    6815608 bytes,   15355568 total
[2021-04-25T15:00:14.159+0000][7][gc,age       ] GC(22) - age   7:     605992 bytes,   15961560 total
[2021-04-25T15:00:14.160+0000][7][gc,phases    ] GC(22)   Pre Evacuate Collection Set: 0.8ms
[2021-04-25T15:00:14.160+0000][7][gc,phases    ] GC(22)   Merge Heap Roots: 1.5ms
[2021-04-25T15:00:14.160+0000][7][gc,phases    ] GC(22)   Evacuate Collection Set: 34.3ms
[2021-04-25T15:00:14.161+0000][7][gc,phases    ] GC(22)   Post Evacuate Collection Set: 1.9ms
[2021-04-25T15:00:14.161+0000][7][gc,phases    ] GC(22)   Other: 11.7ms
[2021-04-25T15:00:14.161+0000][7][gc,heap      ] GC(22) Eden regions: 291->0(289)
[2021-04-25T15:00:14.162+0000][7][gc,heap      ] GC(22) Survivor regions: 15->16(39)
[2021-04-25T15:00:14.162+0000][7][gc,heap      ] GC(22) Old regions: 54->54
[2021-04-25T15:00:14.163+0000][7][gc,heap      ] GC(22) Archive regions: 2->2
[2021-04-25T15:00:14.163+0000][7][gc,heap      ] GC(22) Humongous regions: 7->7
[2021-04-25T15:00:14.163+0000][7][gc,metaspace ] GC(22) Metaspace: 89258K(96612K)->89258K(96612K) NonClass: 77249K(81560K)->77249K(81560K) Class: 12008K(15052K)->12008K(15052K)
[2021-04-25T15:00:14.164+0000][7][gc           ] GC(22) Pause Young (Normal) (G1 Evacuation Pause) 366M->76M(512M) 54.512ms
[2021-04-25T15:00:14.164+0000][7][gc,cpu       ] GC(22) User=0.06s Sys=0.00s Real=0.06s
[2021-04-25T15:00:14.165+0000][7][safepoint    ] Safepoint "G1CollectForAllocation", Time since last: 19565732600 ns, Reaching safepoint: 437400 ns, At safepoint: 55349200 ns, Total: 55786600 ns
[2021-04-25T15:00:16.166+0000][7][safepoint    ] Safepoint "Cleanup", Time since last: 2001504100 ns, Reaching safepoint: 236300 ns, At safepoint: 5900 ns, Total: 242200 ns
[2021-04-25T15:00:26.171+0000][7][safepoint    ] Safepoint "Cleanup", Time since last: 10004907900 ns, Reaching safepoint: 156300 ns, At safepoint: 4500 ns, Total: 160800 ns
[2021-04-25T15:01:01.167+0000][7][safepoint    ] Safepoint "Cleanup", Time since last: 34995806800 ns, Reaching safepoint: 124100 ns, At safepoint: 2800 ns, Total: 126900 ns
[2021-04-25T15:01:02.324+0000][7][safepoint    ] Safepoint "Cleanup", Time since last: 1155946200 ns, Reaching safepoint: 352900 ns, At safepoint: 47000 ns, Total: 399900 ns
[2021-04-25T15:01:03.325+0000][7][safepoint    ] Safepoint "Cleanup", Time since last: 1001275700 ns, Reaching safepoint: 473800 ns, At safepoint: 13300 ns, Total: 487100 ns
[2021-04-25T15:01:04.329+0000][7][safepoint    ] Safepoint "Cleanup", Time since last: 1002693700 ns, Reaching safepoint: 394000 ns, At safepoint: 9000 ns, Total: 403000 ns
[2021-04-25T15:01:05.332+0000][7][safepoint    ] Safepoint "Cleanup", Time since last: 1002704800 ns, Reaching safepoint: 390400 ns, At safepoint: 11100 ns, Total: 401500 ns
[2021-04-25T15:01:06.334+0000][7][safepoint    ] Safepoint "Cleanup", Time since last: 1002547600 ns, Reaching safepoint: 246500 ns, At safepoint: 7900 ns, Total: 254400 ns
[2021-04-25T15:01:07.339+0000][7][safepoint    ] Safepoint "Cleanup", Time since last: 1004562800 ns, Reaching safepoint: 348700 ns, At safepoint: 11600 ns, Total: 360300 ns
[2021-04-25T15:01:08.343+0000][7][safepoint    ] Safepoint "Cleanup", Time since last: 1002935600 ns, Reaching safepoint: 338700 ns, At safepoint: 9200 ns, Total: 347900 ns
[2021-04-25T15:01:09.346+0000][7][safepoint    ] Safepoint "Cleanup", Time since last: 1003123100 ns, Reaching safepoint: 405400 ns, At safepoint: 15000 ns, Total: 420400 ns
[2021-04-25T15:01:10.349+0000][7][safepoint    ] Safepoint "Cleanup", Time since last: 1002764500 ns, Reaching safepoint: 348800 ns, At safepoint: 11200 ns, Total: 360000 ns
[2021-04-25T15:01:11.353+0000][7][safepoint    ] Safepoint "Cleanup", Time since last: 1003014000 ns, Reaching safepoint: 416500 ns, At safepoint: 11300 ns, Total: 427800 ns
[2021-04-25T15:01:12.356+0000][7][safepoint    ] Safepoint "Cleanup", Time since last: 1002813300 ns, Reaching safepoint: 517300 ns, At safepoint: 16400 ns, Total: 533700 ns
[2021-04-25T15:01:13.359+0000][7][safepoint    ] Safepoint "Cleanup", Time since last: 1002523400 ns, Reaching safepoint: 416800 ns, At safepoint: 11800 ns, Total: 428600 ns
[2021-04-25T15:01:14.362+0000][7][safepoint    ] Safepoint "Cleanup", Time since last: 1002820300 ns, Reaching safepoint: 369700 ns, At safepoint: 12600 ns, Total: 382300 ns
[2021-04-25T15:01:15.365+0000][7][safepoint    ] Safepoint "Cleanup", Time since last: 1002858000 ns, Reaching safepoint: 170600 ns, At safepoint: 5400 ns, Total: 176000 ns
[2021-04-25T15:01:17.158+0000][7][safepoint    ] Safepoint "Cleanup", Time since last: 1791324200 ns, Reaching safepoint: 814900 ns, At safepoint: 25800 ns, Total: 840700 ns
[2021-04-25T15:01:18.160+0000][7][safepoint    ] Safepoint "Cleanup", Time since last: 1002497400 ns, Reaching safepoint: 431900 ns, At safepoint: 11200 ns, Total: 443100 ns
[2021-04-25T15:01:19.164+0000][7][safepoint    ] Safepoint "Cleanup", Time since last: 1002843700 ns, Reaching safepoint: 362500 ns, At safepoint: 9400 ns, Total: 371900 ns
[2021-04-25T15:01:20.167+0000][7][safepoint    ] Safepoint "Cleanup", Time since last: 1003347400 ns, Reaching safepoint: 355700 ns, At safepoint: 10600 ns, Total: 366300 ns
[2021-04-25T15:01:21.171+0000][7][safepoint    ] Safepoint "Cleanup", Time since last: 1002779200 ns, Reaching safepoint: 402400 ns, At safepoint: 15200 ns, Total: 417600 ns
[2021-04-25T15:01:22.174+0000][7][safepoint    ] Safepoint "Cleanup", Time since last: 1002694000 ns, Reaching safepoint: 358400 ns, At safepoint: 15600 ns, Total: 374000 ns
[2021-04-25T15:01:23.176+0000][7][safepoint    ] Safepoint "Cleanup", Time since last: 1002576500 ns, Reaching safepoint: 170500 ns, At safepoint: 4500 ns, Total: 175000 ns
[2021-04-25T15:01:24.179+0000][7][safepoint    ] Safepoint "Cleanup", Time since last: 1001967200 ns, Reaching safepoint: 336600 ns, At safepoint: 11900 ns, Total: 348500 ns
[2021-04-25T15:01:25.182+0000][7][safepoint    ] Safepoint "Cleanup", Time since last: 1003016500 ns, Reaching safepoint: 489900 ns, At safepoint: 7300 ns, Total: 497200 ns
[2021-04-25T15:01:26.184+0000][7][safepoint    ] Safepoint "Cleanup", Time since last: 1001939200 ns, Reaching safepoint: 108200 ns, At safepoint: 2400 ns, Total: 110600 ns
[2021-04-25T15:01:27.186+0000][7][safepoint    ] Safepoint "Cleanup", Time since last: 1001155200 ns, Reaching safepoint: 418500 ns, At safepoint: 11300 ns, Total: 429800 ns
[2021-04-25T15:01:28.189+0000][7][safepoint    ] Safepoint "Cleanup", Time since last: 1002502200 ns, Reaching safepoint: 534400 ns, At safepoint: 13000 ns, Total: 547400 ns
[2021-04-25T15:01:29.193+0000][7][safepoint    ] Safepoint "Cleanup", Time since last: 1003654800 ns, Reaching safepoint: 478300 ns, At safepoint: 11400 ns, Total: 489700 ns
[2021-04-25T15:01:30.196+0000][7][safepoint    ] Safepoint "Cleanup", Time since last: 1002356200 ns, Reaching safepoint: 241100 ns, At safepoint: 6100 ns, Total: 247200 ns
[2021-04-25T15:01:31.198+0000][7][safepoint    ] Safepoint "Cleanup", Time since last: 1002288700 ns, Reaching safepoint: 337300 ns, At safepoint: 10500 ns, Total: 347800 ns
[2021-04-25T15:01:32.201+0000][7][safepoint    ] Safepoint "Cleanup", Time since last: 1002768400 ns, Reaching safepoint: 351900 ns, At safepoint: 10500 ns, Total: 362400 ns
[2021-04-25T15:01:33.205+0000][7][safepoint    ] Safepoint "Cleanup", Time since last: 1002924800 ns, Reaching safepoint: 503700 ns, At safepoint: 15700 ns, Total: 519400 ns
[2021-04-25T15:01:34.208+0000][7][safepoint    ] Safepoint "Cleanup", Time since last: 1002603000 ns, Reaching safepoint: 404800 ns, At safepoint: 11400 ns, Total: 416200 ns
[2021-04-25T15:01:35.211+0000][7][safepoint    ] Safepoint "Cleanup", Time since last: 1002794300 ns, Reaching safepoint: 427300 ns, At safepoint: 8900 ns, Total: 436200 ns
[2021-04-25T15:01:36.214+0000][7][safepoint    ] Safepoint "Cleanup", Time since last: 1001944400 ns, Reaching safepoint: 424600 ns, At safepoint: 11400 ns, Total: 436000 ns
[2021-04-25T15:01:37.217+0000][7][safepoint    ] Safepoint "Cleanup", Time since last: 1002475100 ns, Reaching safepoint: 370800 ns, At safepoint: 10700 ns, Total: 381500 ns
[2021-04-25T15:01:38.220+0000][7][safepoint    ] Safepoint "Cleanup", Time since last: 1002580800 ns, Reaching safepoint: 365000 ns, At safepoint: 14400 ns, Total: 379400 ns
[2021-04-25T15:01:39.223+0000][7][safepoint    ] Safepoint "Cleanup", Time since last: 1003435400 ns, Reaching safepoint: 436300 ns, At safepoint: 13700 ns, Total: 450000 ns
[2021-04-25T15:01:40.227+0000][7][safepoint    ] Safepoint "Cleanup", Time since last: 1002676100 ns, Reaching safepoint: 399600 ns, At safepoint: 10200 ns, Total: 409800 ns
[2021-04-25T15:01:41.230+0000][7][safepoint    ] Safepoint "Cleanup", Time since last: 1002774000 ns, Reaching safepoint: 546400 ns, At safepoint: 25700 ns, Total: 572100 ns
[2021-04-25T15:01:42.233+0000][7][safepoint    ] Safepoint "Cleanup", Time since last: 1002510800 ns, Reaching safepoint: 340700 ns, At safepoint: 11100 ns, Total: 351800 ns
[2021-04-25T15:01:43.235+0000][7][safepoint    ] Safepoint "Cleanup", Time since last: 1002197700 ns, Reaching safepoint: 412600 ns, At safepoint: 11400 ns, Total: 424000 ns
[2021-04-25T15:01:44.239+0000][7][safepoint    ] Safepoint "Cleanup", Time since last: 1003264000 ns, Reaching safepoint: 733400 ns, At safepoint: 11500 ns, Total: 744900 ns
[2021-04-25T15:01:45.244+0000][7][safepoint    ] Safepoint "Cleanup", Time since last: 1003997400 ns, Reaching safepoint: 423100 ns, At safepoint: 63700 ns, Total: 486800 ns
[2021-04-25T15:01:46.247+0000][7][safepoint    ] Safepoint "Cleanup", Time since last: 1002714400 ns, Reaching safepoint: 510500 ns, At safepoint: 29000 ns, Total: 539500 ns
[2021-04-25T15:01:47.250+0000][7][safepoint    ] Safepoint "Cleanup", Time since last: 1002598000 ns, Reaching safepoint: 136400 ns, At safepoint: 2800 ns, Total: 139200 ns
[2021-04-25T15:01:48.251+0000][7][safepoint    ] Safepoint "Cleanup", Time since last: 1001099100 ns, Reaching safepoint: 462200 ns, At safepoint: 9900 ns, Total: 472100 ns
[2021-04-25T15:01:49.255+0000][7][safepoint    ] Safepoint "Cleanup", Time since last: 1002948500 ns, Reaching safepoint: 354400 ns, At safepoint: 10200 ns, Total: 364600 ns
[2021-04-25T15:01:50.258+0000][7][safepoint    ] Safepoint "Cleanup", Time since last: 1002464700 ns, Reaching safepoint: 433200 ns, At safepoint: 12300 ns, Total: 445500 ns
[2021-04-25T15:01:51.260+0000][7][safepoint    ] Safepoint "Cleanup", Time since last: 1002481800 ns, Reaching safepoint: 380100 ns, At safepoint: 12600 ns, Total: 392700 ns
[2021-04-25T15:01:52.263+0000][7][safepoint    ] Safepoint "Cleanup", Time since last: 1002684500 ns, Reaching safepoint: 101200 ns, At safepoint: 2300 ns, Total: 103500 ns
[2021-04-25T15:01:53.265+0000][7][safepoint    ] Safepoint "Cleanup", Time since last: 1001180500 ns, Reaching safepoint: 362200 ns, At safepoint: 14300 ns, Total: 376500 ns
[2021-04-25T15:01:54.994+0000][7][safepoint    ] Safepoint "Cleanup", Time since last: 1727955900 ns, Reaching safepoint: 762100 ns, At safepoint: 23100 ns, Total: 785200 ns
[2021-04-25T15:01:56.002+0000][7][safepoint    ] Safepoint "Cleanup", Time since last: 1007784400 ns, Reaching safepoint: 547500 ns, At safepoint: 20500 ns, Total: 568000 ns
[2021-04-25T15:01:57.007+0000][7][safepoint    ] Safepoint "Cleanup", Time since last: 1004087200 ns, Reaching safepoint: 723900 ns, At safepoint: 26000 ns, Total: 749900 ns
[2021-04-25T15:01:58.010+0000][7][safepoint    ] Safepoint "Cleanup", Time since last: 1003112800 ns, Reaching safepoint: 422200 ns, At safepoint: 10700 ns, Total: 432900 ns
[2021-04-25T15:01:59.014+0000][7][safepoint    ] Safepoint "Cleanup", Time since last: 1003734400 ns, Reaching safepoint: 379800 ns, At safepoint: 10500 ns, Total: 390300 ns
[2021-04-25T15:02:00.018+0000][7][safepoint    ] Safepoint "Cleanup", Time since last: 1002707800 ns, Reaching safepoint: 484700 ns, At safepoint: 18300 ns, Total: 503000 ns
[2021-04-25T15:02:01.021+0000][7][safepoint    ] Safepoint "Cleanup", Time since last: 1002545700 ns, Reaching safepoint: 363400 ns, At safepoint: 14500 ns, Total: 377900 ns
[2021-04-25T15:02:02.024+0000][7][safepoint    ] Safepoint "Cleanup", Time since last: 1002503100 ns, Reaching safepoint: 450600 ns, At safepoint: 10500 ns, Total: 461100 ns
[2021-04-25T15:02:03.026+0000][7][safepoint    ] Safepoint "Cleanup", Time since last: 1002496100 ns, Reaching safepoint: 348100 ns, At safepoint: 11600 ns, Total: 359700 ns
[2021-04-25T15:02:04.029+0000][7][safepoint    ] Safepoint "Cleanup", Time since last: 1002314800 ns, Reaching safepoint: 528900 ns, At safepoint: 21000 ns, Total: 549900 ns
[2021-04-25T15:02:05.032+0000][7][safepoint    ] Safepoint "Cleanup", Time since last: 1002392200 ns, Reaching safepoint: 461900 ns, At safepoint: 17300 ns, Total: 479200 ns
[2021-04-25T15:02:06.035+0000][7][safepoint    ] Safepoint "Cleanup", Time since last: 1002952400 ns, Reaching safepoint: 355800 ns, At safepoint: 13500 ns, Total: 369300 ns
[2021-04-25T15:02:07.039+0000][7][safepoint    ] Safepoint "Cleanup", Time since last: 1003010700 ns, Reaching safepoint: 345600 ns, At safepoint: 11300 ns, Total: 356900 ns
[2021-04-25T15:02:08.042+0000][7][safepoint    ] Safepoint "Cleanup", Time since last: 1002947200 ns, Reaching safepoint: 392200 ns, At safepoint: 14600 ns, Total: 406800 ns
[2021-04-25T15:02:09.046+0000][7][safepoint    ] Safepoint "Cleanup", Time since last: 1003019500 ns, Reaching safepoint: 458000 ns, At safepoint: 173800 ns, Total: 631800 ns
[2021-04-25T15:02:10.049+0000][7][safepoint    ] Safepoint "Cleanup", Time since last: 1002966100 ns, Reaching safepoint: 381700 ns, At safepoint: 10400 ns, Total: 392100 ns
[2021-04-25T15:02:11.053+0000][7][safepoint    ] Safepoint "Cleanup", Time since last: 1003296500 ns, Reaching safepoint: 352200 ns, At safepoint: 9700 ns, Total: 361900 ns
[2021-04-25T15:02:12.056+0000][7][safepoint    ] Safepoint "Cleanup", Time since last: 1002904200 ns, Reaching safepoint: 515600 ns, At safepoint: 10200 ns, Total: 525800 ns
[2021-04-25T15:02:13.059+0000][7][safepoint    ] Safepoint "Cleanup", Time since last: 1002489100 ns, Reaching safepoint: 453600 ns, At safepoint: 11000 ns, Total: 464600 ns
[2021-04-25T15:02:14.062+0000][7][safepoint    ] Safepoint "Cleanup", Time since last: 1002462200 ns, Reaching safepoint: 456100 ns, At safepoint: 13500 ns, Total: 469600 ns
[2021-04-25T15:02:15.066+0000][7][safepoint    ] Safepoint "Cleanup", Time since last: 1003535900 ns, Reaching safepoint: 405100 ns, At safepoint: 12400 ns, Total: 417500 ns
[2021-04-25T15:02:16.069+0000][7][safepoint    ] Safepoint "Cleanup", Time since last: 1002648500 ns, Reaching safepoint: 476200 ns, At safepoint: 13800 ns, Total: 490000 ns
[2021-04-25T15:02:17.072+0000][7][safepoint    ] Safepoint "Cleanup", Time since last: 1002708800 ns, Reaching safepoint: 629100 ns, At safepoint: 21100 ns, Total: 650200 ns
[2021-04-25T15:02:18.075+0000][7][safepoint    ] Safepoint "Cleanup", Time since last: 1002626900 ns, Reaching safepoint: 221600 ns, At safepoint: 6500 ns, Total: 228100 ns
[2021-04-25T15:02:19.077+0000][7][safepoint    ] Safepoint "Cleanup", Time since last: 1001746800 ns, Reaching safepoint: 111400 ns, At safepoint: 2500 ns, Total: 113900 ns
[2021-04-25T15:02:20.079+0000][7][safepoint    ] Safepoint "Cleanup", Time since last: 1000891400 ns, Reaching safepoint: 428500 ns, At safepoint: 16100 ns, Total: 444600 ns
[2021-04-25T15:02:21.082+0000][7][safepoint    ] Safepoint "Cleanup", Time since last: 1003511400 ns, Reaching safepoint: 364400 ns, At safepoint: 15700 ns, Total: 380100 ns
[2021-04-25T15:02:22.086+0000][7][safepoint    ] Safepoint "Cleanup", Time since last: 1003601500 ns, Reaching safepoint: 369000 ns, At safepoint: 14500 ns, Total: 383500 ns
[2021-04-25T15:02:23.090+0000][7][safepoint    ] Safepoint "Cleanup", Time since last: 1002978600 ns, Reaching safepoint: 381400 ns, At safepoint: 14200 ns, Total: 395600 ns
[2021-04-25T15:02:24.671+0000][7][safepoint    ] Safepoint "Cleanup", Time since last: 1581146800 ns, Reaching safepoint: 382600 ns, At safepoint: 157000 ns, Total: 539600 ns
[2021-04-25T15:02:25.675+0000][7][safepoint    ] Safepoint "Cleanup", Time since last: 1002774500 ns, Reaching safepoint: 454000 ns, At safepoint: 17700 ns, Total: 471700 ns
[2021-04-25T15:02:26.678+0000][7][safepoint    ] Safepoint "Cleanup", Time since last: 1002805000 ns, Reaching safepoint: 501000 ns, At safepoint: 11600 ns, Total: 512600 ns
[2021-04-25T15:02:27.681+0000][7][safepoint    ] Safepoint "Cleanup", Time since last: 1002749200 ns, Reaching safepoint: 401900 ns, At safepoint: 11200 ns, Total: 413100 ns
[2021-04-25T15:02:28.684+0000][7][safepoint    ] Safepoint "Cleanup", Time since last: 1002655800 ns, Reaching safepoint: 487600 ns, At safepoint: 11600 ns, Total: 499200 ns
[2021-04-25T15:02:29.687+0000][7][safepoint    ] Safepoint "Cleanup", Time since last: 1002741800 ns, Reaching safepoint: 368700 ns, At safepoint: 11300 ns, Total: 380000 ns
[2021-04-25T15:02:30.691+0000][7][safepoint    ] Safepoint "Cleanup", Time since last: 1002908600 ns, Reaching safepoint: 347000 ns, At safepoint: 10600 ns, Total: 357600 ns
[2021-04-25T15:02:31.694+0000][7][safepoint    ] Safepoint "Cleanup", Time since last: 1002946800 ns, Reaching safepoint: 375100 ns, At safepoint: 10500 ns, Total: 385600 ns
[2021-04-25T15:02:32.697+0000][7][safepoint    ] Safepoint "Cleanup", Time since last: 1002861700 ns, Reaching safepoint: 362300 ns, At safepoint: 14700 ns, Total: 377000 ns
[2021-04-25T15:02:33.700+0000][7][safepoint    ] Safepoint "Cleanup", Time since last: 1002519900 ns, Reaching safepoint: 464200 ns, At safepoint: 11400 ns, Total: 475600 ns
[2021-04-25T15:02:34.704+0000][7][safepoint    ] Safepoint "Cleanup", Time since last: 1003086800 ns, Reaching safepoint: 459000 ns, At safepoint: 85900 ns, Total: 544900 ns
[2021-04-25T15:02:35.707+0000][7][safepoint    ] Safepoint "Cleanup", Time since last: 1002766200 ns, Reaching safepoint: 444200 ns, At safepoint: 16600 ns, Total: 460800 ns
[2021-04-25T15:02:36.710+0000][7][safepoint    ] Safepoint "Cleanup", Time since last: 1002301400 ns, Reaching safepoint: 468000 ns, At safepoint: 14700 ns, Total: 482700 ns
[2021-04-25T15:02:37.713+0000][7][safepoint    ] Safepoint "Cleanup", Time since last: 1002843000 ns, Reaching safepoint: 406600 ns, At safepoint: 13300 ns, Total: 419900 ns
[2021-04-25T15:02:38.716+0000][7][safepoint    ] Safepoint "Cleanup", Time since last: 1002738100 ns, Reaching safepoint: 238800 ns, At safepoint: 7200 ns, Total: 246000 ns
[2021-04-25T15:02:39.719+0000][7][safepoint    ] Safepoint "Cleanup", Time since last: 1002246600 ns, Reaching safepoint: 486800 ns, At safepoint: 9900 ns, Total: 496700 ns
[2021-04-25T15:02:40.723+0000][7][safepoint    ] Safepoint "Cleanup", Time since last: 1003249800 ns, Reaching safepoint: 404800 ns, At safepoint: 15900 ns, Total: 420700 ns
[2021-04-25T15:02:41.726+0000][7][safepoint    ] Safepoint "Cleanup", Time since last: 1002645500 ns, Reaching safepoint: 446000 ns, At safepoint: 12100 ns, Total: 458100 ns
[2021-04-25T15:02:42.729+0000][7][safepoint    ] Safepoint "Cleanup", Time since last: 1002512500 ns, Reaching safepoint: 304800 ns, At safepoint: 8800 ns, Total: 313600 ns
[2021-04-25T15:02:43.731+0000][7][safepoint    ] Safepoint "Cleanup", Time since last: 1002178900 ns, Reaching safepoint: 425200 ns, At safepoint: 13500 ns, Total: 438700 ns
[2021-04-25T15:02:44.734+0000][7][safepoint    ] Safepoint "Cleanup", Time since last: 1002587900 ns, Reaching safepoint: 473700 ns, At safepoint: 16000 ns, Total: 489700 ns
[2021-04-25T15:02:45.737+0000][7][safepoint    ] Safepoint "Cleanup", Time since last: 1002492000 ns, Reaching safepoint: 377300 ns, At safepoint: 10400 ns, Total: 387700 ns
[2021-04-25T15:02:46.741+0000][7][safepoint    ] Safepoint "Cleanup", Time since last: 1002828200 ns, Reaching safepoint: 481600 ns, At safepoint: 16500 ns, Total: 498100 ns
[2021-04-25T15:02:47.744+0000][7][safepoint    ] Safepoint "Cleanup", Time since last: 1003042600 ns, Reaching safepoint: 281200 ns, At safepoint: 9800 ns, Total: 291000 ns
[2021-04-25T15:02:48.746+0000][7][safepoint    ] Safepoint "Cleanup", Time since last: 1001603100 ns, Reaching safepoint: 361700 ns, At safepoint: 15800 ns, Total: 377500 ns
[2021-04-25T15:02:49.749+0000][7][safepoint    ] Safepoint "Cleanup", Time since last: 1002739700 ns, Reaching safepoint: 606600 ns, At safepoint: 14800 ns, Total: 621400 ns
[2021-04-25T15:02:50.752+0000][7][safepoint    ] Safepoint "Cleanup", Time since last: 1002686300 ns, Reaching safepoint: 358800 ns, At safepoint: 9900 ns, Total: 368700 ns
[2021-04-25T15:02:51.756+0000][7][safepoint    ] Safepoint "Cleanup", Time since last: 1002935700 ns, Reaching safepoint: 365300 ns, At safepoint: 13700 ns, Total: 379000 ns
[2021-04-25T15:02:52.759+0000][7][safepoint    ] Safepoint "Cleanup", Time since last: 1002950400 ns, Reaching safepoint: 109900 ns, At safepoint: 2000 ns, Total: 111900 ns
[2021-04-25T15:02:54.687+0000][7][safepoint    ] Safepoint "Cleanup", Time since last: 1927680500 ns, Reaching safepoint: 422100 ns, At safepoint: 16700 ns, Total: 438800 ns
[2021-04-25T15:02:55.690+0000][7][safepoint    ] Safepoint "Cleanup", Time since last: 1003159300 ns, Reaching safepoint: 390700 ns, At safepoint: 11300 ns, Total: 402000 ns
[2021-04-25T15:02:56.694+0000][7][safepoint    ] Safepoint "Cleanup", Time since last: 1002849700 ns, Reaching safepoint: 349400 ns, At safepoint: 10500 ns, Total: 359900 ns
[2021-04-25T15:02:57.697+0000][7][safepoint    ] Safepoint "Cleanup", Time since last: 1002707700 ns, Reaching safepoint: 353500 ns, At safepoint: 14800 ns, Total: 368300 ns
[2021-04-25T15:02:58.700+0000][7][safepoint    ] Safepoint "Cleanup", Time since last: 1003289000 ns, Reaching safepoint: 412000 ns, At safepoint: 11200 ns, Total: 423200 ns
[2021-04-25T15:02:59.704+0000][7][safepoint    ] Safepoint "Cleanup", Time since last: 1002912000 ns, Reaching safepoint: 365400 ns, At safepoint: 14000 ns, Total: 379400 ns
[2021-04-25T15:03:00.707+0000][7][safepoint    ] Safepoint "Cleanup", Time since last: 1002789300 ns, Reaching safepoint: 426400 ns, At safepoint: 12100 ns, Total: 438500 ns
[2021-04-25T15:03:01.711+0000][7][safepoint    ] Safepoint "Cleanup", Time since last: 1003171800 ns, Reaching safepoint: 436900 ns, At safepoint: 13000 ns, Total: 449900 ns
[2021-04-25T15:03:02.715+0000][7][safepoint    ] Safepoint "Cleanup", Time since last: 1004211700 ns, Reaching safepoint: 413700 ns, At safepoint: 11200 ns, Total: 424900 ns
[2021-04-25T15:03:03.718+0000][7][safepoint    ] Safepoint "Cleanup", Time since last: 1002759000 ns, Reaching safepoint: 449100 ns, At safepoint: 12400 ns, Total: 461500 ns
[2021-04-25T15:03:04.722+0000][7][safepoint    ] Safepoint "Cleanup", Time since last: 1002942400 ns, Reaching safepoint: 788800 ns, At safepoint: 32300 ns, Total: 821100 ns
[2021-04-25T15:03:05.725+0000][7][safepoint    ] Safepoint "Cleanup", Time since last: 1002708400 ns, Reaching safepoint: 475600 ns, At safepoint: 9800 ns, Total: 485400 ns
[2021-04-25T15:03:06.728+0000][7][safepoint    ] Safepoint "Cleanup", Time since last: 1002746800 ns, Reaching safepoint: 661400 ns, At safepoint: 24200 ns, Total: 685600 ns
[2021-04-25T15:03:07.731+0000][7][safepoint    ] Safepoint "Cleanup", Time since last: 1002250000 ns, Reaching safepoint: 152200 ns, At safepoint: 3800 ns, Total: 156000 ns
[2021-04-25T15:03:08.733+0000][7][safepoint    ] Safepoint "Cleanup", Time since last: 1001277800 ns, Reaching safepoint: 410000 ns, At safepoint: 8800 ns, Total: 418800 ns
[2021-04-25T15:03:09.736+0000][7][safepoint    ] Safepoint "Cleanup", Time since last: 1003018900 ns, Reaching safepoint: 402400 ns, At safepoint: 12600 ns, Total: 415000 ns
[2021-04-25T15:03:10.739+0000][7][safepoint    ] Safepoint "Cleanup", Time since last: 1002698200 ns, Reaching safepoint: 466100 ns, At safepoint: 13600 ns, Total: 479700 ns
[2021-04-25T15:03:11.743+0000][7][safepoint    ] Safepoint "Cleanup", Time since last: 1003131900 ns, Reaching safepoint: 353300 ns, At safepoint: 11200 ns, Total: 364500 ns
[2021-04-25T15:03:12.746+0000][7][safepoint    ] Safepoint "Cleanup", Time since last: 1002571800 ns, Reaching safepoint: 406200 ns, At safepoint: 11900 ns, Total: 418100 ns
[2021-04-25T15:03:14.396+0000][7][safepoint    ] Safepoint "Cleanup", Time since last: 1649595200 ns, Reaching safepoint: 362800 ns, At safepoint: 14300 ns, Total: 377100 ns
[2021-04-25T15:03:15.399+0000][7][safepoint    ] Safepoint "Cleanup", Time since last: 1003026900 ns, Reaching safepoint: 220600 ns, At safepoint: 5500 ns, Total: 226100 ns
[2021-04-25T15:03:16.401+0000][7][safepoint    ] Safepoint "Cleanup", Time since last: 1001515700 ns, Reaching safepoint: 112200 ns, At safepoint: 2700 ns, Total: 114900 ns
[2021-04-25T15:03:17.402+0000][7][safepoint    ] Safepoint "Cleanup", Time since last: 1001243900 ns, Reaching safepoint: 124000 ns, At safepoint: 3900 ns, Total: 127900 ns
[2021-04-25T15:03:18.403+0000][7][safepoint    ] Safepoint "Cleanup", Time since last: 1001010100 ns, Reaching safepoint: 151200 ns, At safepoint: 4200 ns, Total: 155400 ns
[2021-04-25T15:03:19.404+0000][7][safepoint    ] Safepoint "Cleanup", Time since last: 1001070600 ns, Reaching safepoint: 110100 ns, At safepoint: 2800 ns, Total: 112900 ns
[2021-04-25T15:03:20.405+0000][7][safepoint    ] Safepoint "Cleanup", Time since last: 1000796900 ns, Reaching safepoint: 145400 ns, At safepoint: 5000 ns, Total: 150400 ns
[2021-04-25T15:03:21.407+0000][7][safepoint    ] Safepoint "Cleanup", Time since last: 1001231600 ns, Reaching safepoint: 374900 ns, At safepoint: 10800 ns, Total: 385700 ns
[2021-04-25T15:03:22.409+0000][7][safepoint    ] Safepoint "Cleanup", Time since last: 1002404600 ns, Reaching safepoint: 140500 ns, At safepoint: 3800 ns, Total: 144300 ns
[2021-04-25T15:03:23.411+0000][7][safepoint    ] Safepoint "Cleanup", Time since last: 1001391900 ns, Reaching safepoint: 380400 ns, At safepoint: 11300 ns, Total: 391700 ns
[2021-04-25T15:03:24.414+0000][7][safepoint    ] Safepoint "Cleanup", Time since last: 1002658400 ns, Reaching safepoint: 298600 ns, At safepoint: 11600 ns, Total: 310200 ns
[2021-04-25T15:03:25.416+0000][7][safepoint    ] Safepoint "Cleanup", Time since last: 1001349700 ns, Reaching safepoint: 117800 ns, At safepoint: 3000 ns, Total: 120800 ns
[2021-04-25T15:03:26.417+0000][7][safepoint    ] Safepoint "Cleanup", Time since last: 1000975200 ns, Reaching safepoint: 325100 ns, At safepoint: 10500 ns, Total: 335600 ns
[2021-04-25T15:03:27.418+0000][7][safepoint    ] Safepoint "Cleanup", Time since last: 1001266100 ns, Reaching safepoint: 262900 ns, At safepoint: 8700 ns, Total: 271600 ns
[2021-04-25T15:03:28.420+0000][7][safepoint    ] Safepoint "Cleanup", Time since last: 1001399000 ns, Reaching safepoint: 159500 ns, At safepoint: 3200 ns, Total: 162700 ns
[2021-04-25T15:03:29.422+0000][7][safepoint    ] Safepoint "Cleanup", Time since last: 1001110000 ns, Reaching safepoint: 490300 ns, At safepoint: 12500 ns, Total: 502800 ns
[2021-04-25T15:03:30.424+0000][7][safepoint    ] Safepoint "Cleanup", Time since last: 1002239000 ns, Reaching safepoint: 423000 ns, At safepoint: 14300 ns, Total: 437300 ns
[2021-04-25T15:03:31.427+0000][7][safepoint    ] Safepoint "Cleanup", Time since last: 1002195300 ns, Reaching safepoint: 155000 ns, At safepoint: 4000 ns, Total: 159000 ns
[2021-04-25T15:03:32.429+0000][7][safepoint    ] Safepoint "Cleanup", Time since last: 1001570700 ns, Reaching safepoint: 362800 ns, At safepoint: 13800 ns, Total: 376600 ns
[2021-04-25T15:03:33.432+0000][7][safepoint    ] Safepoint "Cleanup", Time since last: 1002829500 ns, Reaching safepoint: 636600 ns, At safepoint: 24400 ns, Total: 661000 ns
[2021-04-25T15:03:34.435+0000][7][safepoint    ] Safepoint "Cleanup", Time since last: 1002941900 ns, Reaching safepoint: 103700 ns, At safepoint: 2900 ns, Total: 106600 ns
[2021-04-25T15:03:35.437+0000][7][safepoint    ] Safepoint "Cleanup", Time since last: 1000997300 ns, Reaching safepoint: 340200 ns, At safepoint: 14300 ns, Total: 354500 ns
[2021-04-25T15:03:36.440+0000][7][safepoint    ] Safepoint "Cleanup", Time since last: 1002577700 ns, Reaching safepoint: 354000 ns, At safepoint: 10900 ns, Total: 364900 ns
[2021-04-25T15:03:37.443+0000][7][safepoint    ] Safepoint "Cleanup", Time since last: 1003156900 ns, Reaching safepoint: 163600 ns, At safepoint: 3300 ns, Total: 166900 ns
[2021-04-25T15:03:38.444+0000][7][safepoint    ] Safepoint "Cleanup", Time since last: 1001062400 ns, Reaching safepoint: 244400 ns, At safepoint: 7200 ns, Total: 251600 ns
[2021-04-25T15:03:39.446+0000][7][safepoint    ] Safepoint "Cleanup", Time since last: 1001687200 ns, Reaching safepoint: 402800 ns, At safepoint: 9100 ns, Total: 411900 ns
[2021-04-25T15:03:40.449+0000][7][safepoint    ] Safepoint "Cleanup", Time since last: 1002396300 ns, Reaching safepoint: 102500 ns, At safepoint: 2300 ns, Total: 104800 ns
[2021-04-25T15:03:41.450+0000][7][safepoint    ] Safepoint "Cleanup", Time since last: 1000871000 ns, Reaching safepoint: 263000 ns, At safepoint: 6200 ns, Total: 269200 ns
[2021-04-25T15:03:42.452+0000][7][safepoint    ] Safepoint "Cleanup", Time since last: 1001743500 ns, Reaching safepoint: 478400 ns, At safepoint: 9600 ns, Total: 488000 ns
[2021-04-25T15:03:43.455+0000][7][safepoint    ] Safepoint "Cleanup", Time since last: 1002491900 ns, Reaching safepoint: 149100 ns, At safepoint: 3100 ns, Total: 152200 ns
[2021-04-25T15:03:44.456+0000][7][safepoint    ] Safepoint "Cleanup", Time since last: 1001022700 ns, Reaching safepoint: 138100 ns, At safepoint: 3100 ns, Total: 141200 ns
[2021-04-25T15:03:45.457+0000][7][safepoint    ] Safepoint "Cleanup", Time since last: 1001052500 ns, Reaching safepoint: 138000 ns, At safepoint: 5100 ns, Total: 143100 ns
[2021-04-25T15:03:46.459+0000][7][safepoint    ] Safepoint "Cleanup", Time since last: 1001253300 ns, Reaching safepoint: 106500 ns, At safepoint: 2200 ns, Total: 108700 ns
[2021-04-25T15:03:47.460+0000][7][safepoint    ] Safepoint "Cleanup", Time since last: 1001165400 ns, Reaching safepoint: 111000 ns, At safepoint: 2900 ns, Total: 113900 ns
[2021-04-25T15:03:48.461+0000][7][safepoint    ] Safepoint "Cleanup", Time since last: 1001335500 ns, Reaching safepoint: 168600 ns, At safepoint: 3600 ns, Total: 172200 ns
[2021-04-25T15:03:49.463+0000][7][safepoint    ] Safepoint "Cleanup", Time since last: 1000979800 ns, Reaching safepoint: 130700 ns, At safepoint: 3000 ns, Total: 133700 ns
[2021-04-25T15:03:50.464+0000][7][safepoint    ] Safepoint "Cleanup", Time since last: 1000854400 ns, Reaching safepoint: 145600 ns, At safepoint: 4700 ns, Total: 150300 ns
[2021-04-25T15:03:52.278+0000][7][safepoint    ] Safepoint "Cleanup", Time since last: 1814773200 ns, Reaching safepoint: 114800 ns, At safepoint: 3000 ns, Total: 117800 ns
[2021-04-25T15:03:53.280+0000][7][safepoint    ] Safepoint "Cleanup", Time since last: 1001134200 ns, Reaching safepoint: 354000 ns, At safepoint: 11400 ns, Total: 365400 ns
[2021-04-25T15:03:54.283+0000][7][safepoint    ] Safepoint "Cleanup", Time since last: 1002731900 ns, Reaching safepoint: 478300 ns, At safepoint: 22000 ns, Total: 500300 ns
[2021-04-25T15:03:55.287+0000][7][safepoint    ] Safepoint "Cleanup", Time since last: 1003451200 ns, Reaching safepoint: 436700 ns, At safepoint: 11400 ns, Total: 448100 ns
[2021-04-25T15:03:56.294+0000][7][safepoint    ] Safepoint "Cleanup", Time since last: 1006927900 ns, Reaching safepoint: 345300 ns, At safepoint: 14900 ns, Total: 360200 ns
[2021-04-25T15:03:57.297+0000][7][safepoint    ] Safepoint "Cleanup", Time since last: 1002572200 ns, Reaching safepoint: 419200 ns, At safepoint: 14800 ns, Total: 434000 ns
[2021-04-25T15:03:58.301+0000][7][safepoint    ] Safepoint "Cleanup", Time since last: 1002891500 ns, Reaching safepoint: 434000 ns, At safepoint: 14600 ns, Total: 448600 ns
[2021-04-25T15:03:59.304+0000][7][safepoint    ] Safepoint "Cleanup", Time since last: 1002755000 ns, Reaching safepoint: 129700 ns, At safepoint: 4600 ns, Total: 134300 ns
[2021-04-25T15:04:00.305+0000][7][safepoint    ] Safepoint "Cleanup", Time since last: 1001104900 ns, Reaching safepoint: 393700 ns, At safepoint: 15500 ns, Total: 409200 ns
[2021-04-25T15:04:01.308+0000][7][safepoint    ] Safepoint "Cleanup", Time since last: 1002971100 ns, Reaching safepoint: 298500 ns, At safepoint: 14800 ns, Total: 313300 ns
[2021-04-25T15:04:02.311+0000][7][safepoint    ] Safepoint "Cleanup", Time since last: 1002531200 ns, Reaching safepoint: 140300 ns, At safepoint: 3400 ns, Total: 143700 ns
[2021-04-25T15:04:03.313+0000][7][safepoint    ] Safepoint "Cleanup", Time since last: 1001402200 ns, Reaching safepoint: 246900 ns, At safepoint: 9400 ns, Total: 256300 ns
[2021-04-25T15:04:04.316+0000][7][safepoint    ] Safepoint "Cleanup", Time since last: 1003051700 ns, Reaching safepoint: 430900 ns, At safepoint: 15900 ns, Total: 446800 ns
[2021-04-25T15:04:05.319+0000][7][safepoint    ] Safepoint "Cleanup", Time since last: 1002723700 ns, Reaching safepoint: 203000 ns, At safepoint: 5100 ns, Total: 208100 ns
[2021-04-25T15:04:06.321+0000][7][safepoint    ] Safepoint "Cleanup", Time since last: 1001800000 ns, Reaching safepoint: 373700 ns, At safepoint: 11100 ns, Total: 384800 ns
[2021-04-25T15:04:07.479+0000][7][safepoint    ] Safepoint "Cleanup", Time since last: 1158134100 ns, Reaching safepoint: 190000 ns, At safepoint: 4000 ns, Total: 194000 ns
[2021-04-25T15:04:08.481+0000][7][safepoint    ] Safepoint "Cleanup", Time since last: 1001469600 ns, Reaching safepoint: 423400 ns, At safepoint: 10500 ns, Total: 433900 ns
[2021-04-25T15:04:09.485+0000][7][safepoint    ] Safepoint "Cleanup", Time since last: 1002995200 ns, Reaching safepoint: 662100 ns, At safepoint: 22200 ns, Total: 684300 ns
[2021-04-25T15:04:10.487+0000][7][safepoint    ] Safepoint "Cleanup", Time since last: 1002065200 ns, Reaching safepoint: 92100 ns, At safepoint: 2100 ns, Total: 94200 ns
[2021-04-25T15:04:11.489+0000][7][safepoint    ] Safepoint "Cleanup", Time since last: 1001074500 ns, Reaching safepoint: 330300 ns, At safepoint: 11000 ns, Total: 341300 ns
[2021-04-25T15:04:12.492+0000][7][safepoint    ] Safepoint "Cleanup", Time since last: 1002896000 ns, Reaching safepoint: 421400 ns, At safepoint: 12600 ns, Total: 434000 ns
[2021-04-25T15:04:13.495+0000][7][safepoint    ] Safepoint "Cleanup", Time since last: 1002547500 ns, Reaching safepoint: 98600 ns, At safepoint: 2200 ns, Total: 100800 ns
[2021-04-25T15:04:14.496+0000][7][safepoint    ] Safepoint "Cleanup", Time since last: 1000871200 ns, Reaching safepoint: 450800 ns, At safepoint: 9400 ns, Total: 460200 ns
[2021-04-25T15:04:15.498+0000][7][safepoint    ] Safepoint "Cleanup", Time since last: 1002140500 ns, Reaching safepoint: 363100 ns, At safepoint: 14100 ns, Total: 377200 ns
[2021-04-25T15:04:16.502+0000][7][safepoint    ] Safepoint "Cleanup", Time since last: 1002990500 ns, Reaching safepoint: 110200 ns, At safepoint: 2100 ns, Total: 112300 ns
[2021-04-25T15:04:17.503+0000][7][safepoint    ] Safepoint "Cleanup", Time since last: 1001057900 ns, Reaching safepoint: 394000 ns, At safepoint: 11800 ns, Total: 405800 ns
[2021-04-25T15:04:18.506+0000][7][safepoint    ] Safepoint "Cleanup", Time since last: 1002391300 ns, Reaching safepoint: 527000 ns, At safepoint: 13100 ns, Total: 540100 ns
[2021-04-25T15:04:19.509+0000][7][safepoint    ] Safepoint "Cleanup", Time since last: 1002756700 ns, Reaching safepoint: 105700 ns, At safepoint: 2600 ns, Total: 108300 ns
[2021-04-25T15:04:20.511+0000][7][safepoint    ] Safepoint "Cleanup", Time since last: 1001409900 ns, Reaching safepoint: 359200 ns, At safepoint: 10900 ns, Total: 370100 ns
[2021-04-25T15:04:21.514+0000][7][safepoint    ] Safepoint "Cleanup", Time since last: 1002608400 ns, Reaching safepoint: 383700 ns, At safepoint: 10700 ns, Total: 394400 ns
[2021-04-25T15:04:22.516+0000][7][safepoint    ] Safepoint "Cleanup", Time since last: 1002499600 ns, Reaching safepoint: 102300 ns, At safepoint: 2300 ns, Total: 104600 ns
[2021-04-25T15:04:23.518+0000][7][safepoint    ] Safepoint "Cleanup", Time since last: 1001107200 ns, Reaching safepoint: 352600 ns, At safepoint: 11500 ns, Total: 364100 ns
[2021-04-25T15:04:24.521+0000][7][safepoint    ] Safepoint "Cleanup", Time since last: 1002855200 ns, Reaching safepoint: 440700 ns, At safepoint: 9700 ns, Total: 450400 ns
[2021-04-25T15:04:25.524+0000][7][safepoint    ] Safepoint "Cleanup", Time since last: 1003087400 ns, Reaching safepoint: 363500 ns, At safepoint: 12800 ns, Total: 376300 ns
[2021-04-25T15:04:26.528+0000][7][safepoint    ] Safepoint "Cleanup", Time since last: 1002818800 ns, Reaching safepoint: 356600 ns, At safepoint: 11000 ns, Total: 367600 ns
[2021-04-25T15:04:27.531+0000][7][safepoint    ] Safepoint "Cleanup", Time since last: 1002966200 ns, Reaching safepoint: 466000 ns, At safepoint: 12600 ns, Total: 478600 ns
[2021-04-25T15:04:28.534+0000][7][safepoint    ] Safepoint "Cleanup", Time since last: 1002760100 ns, Reaching safepoint: 101900 ns, At safepoint: 2400 ns, Total: 104300 ns
[2021-04-25T15:04:29.536+0000][7][safepoint    ] Safepoint "Cleanup", Time since last: 1001179600 ns, Reaching safepoint: 362000 ns, At safepoint: 14600 ns, Total: 376600 ns
[2021-04-25T15:04:30.538+0000][7][safepoint    ] Safepoint "Cleanup", Time since last: 1002328500 ns, Reaching safepoint: 215900 ns, At safepoint: 8000 ns, Total: 223900 ns
[2021-04-25T15:04:31.541+0000][7][safepoint    ] Safepoint "Cleanup", Time since last: 1002790200 ns, Reaching safepoint: 119900 ns, At safepoint: 3200 ns, Total: 123100 ns
[2021-04-25T15:04:32.543+0000][7][safepoint    ] Safepoint "Cleanup", Time since last: 1001306400 ns, Reaching safepoint: 641300 ns, At safepoint: 9600 ns, Total: 650900 ns
[2021-04-25T15:04:33.546+0000][7][safepoint    ] Safepoint "Cleanup", Time since last: 1002799400 ns, Reaching safepoint: 423700 ns, At safepoint: 12200 ns, Total: 435900 ns
[2021-04-25T15:04:34.550+0000][7][safepoint    ] Safepoint "Cleanup", Time since last: 1003242400 ns, Reaching safepoint: 130300 ns, At safepoint: 2900 ns, Total: 133200 ns
[2021-04-25T15:04:35.551+0000][7][safepoint    ] Safepoint "Cleanup", Time since last: 1001069600 ns, Reaching safepoint: 369800 ns, At safepoint: 9000 ns, Total: 378800 ns
[2021-04-25T15:04:36.555+0000][7][safepoint    ] Safepoint "Cleanup", Time since last: 1002919400 ns, Reaching safepoint: 349800 ns, At safepoint: 10800 ns, Total: 360600 ns
[2021-04-25T15:04:37.558+0000][7][safepoint    ] Safepoint "Cleanup", Time since last: 1002947000 ns, Reaching safepoint: 126400 ns, At safepoint: 3800 ns, Total: 130200 ns
[2021-04-25T15:04:38.559+0000][7][safepoint    ] Safepoint "Cleanup", Time since last: 1001066100 ns, Reaching safepoint: 347400 ns, At safepoint: 57800 ns, Total: 405200 ns
[2021-04-25T15:04:39.563+0000][7][safepoint    ] Safepoint "Cleanup", Time since last: 1002789300 ns, Reaching safepoint: 983600 ns, At safepoint: 51100 ns, Total: 1034700 ns
[2021-04-25T15:04:40.566+0000][7][safepoint    ] Safepoint "Cleanup", Time since last: 1002592800 ns, Reaching safepoint: 117300 ns, At safepoint: 3100 ns, Total: 120400 ns
[2021-04-25T15:04:41.567+0000][7][safepoint    ] Safepoint "Cleanup", Time since last: 1001204900 ns, Reaching safepoint: 374500 ns, At safepoint: 9100 ns, Total: 383600 ns
[2021-04-25T15:04:42.571+0000][7][safepoint    ] Safepoint "Cleanup", Time since last: 1002781600 ns, Reaching safepoint: 356400 ns, At safepoint: 13200 ns, Total: 369600 ns
[2021-04-25T15:04:43.573+0000][7][safepoint    ] Safepoint "Cleanup", Time since last: 1002631800 ns, Reaching safepoint: 211600 ns, At safepoint: 8300 ns, Total: 219900 ns
[2021-04-25T15:04:44.575+0000][7][safepoint    ] Safepoint "Cleanup", Time since last: 1001564200 ns, Reaching safepoint: 305600 ns, At safepoint: 14900 ns, Total: 320500 ns
[2021-04-25T15:04:45.579+0000][7][safepoint    ] Safepoint "Cleanup", Time since last: 1002749300 ns, Reaching safepoint: 717400 ns, At safepoint: 23900 ns, Total: 741300 ns
[2021-04-25T15:04:46.582+0000][7][safepoint    ] Safepoint "Cleanup", Time since last: 1002976400 ns, Reaching safepoint: 118100 ns, At safepoint: 3400 ns, Total: 121500 ns
[2021-04-25T15:04:47.584+0000][7][safepoint    ] Safepoint "Cleanup", Time since last: 1001456500 ns, Reaching safepoint: 443300 ns, At safepoint: 13400 ns, Total: 456700 ns
[2021-04-25T15:04:48.587+0000][7][safepoint    ] Safepoint "Cleanup", Time since last: 1003131200 ns, Reaching safepoint: 188700 ns, At safepoint: 5100 ns, Total: 193800 ns
[2021-04-25T15:04:50.529+0000][7][safepoint    ] Safepoint "Cleanup", Time since last: 1941490900 ns, Reaching safepoint: 521700 ns, At safepoint: 18900 ns, Total: 540600 ns
[2021-04-25T15:04:51.532+0000][7][safepoint    ] Safepoint "Cleanup", Time since last: 1002174400 ns, Reaching safepoint: 475700 ns, At safepoint: 19300 ns, Total: 495000 ns
[2021-04-25T15:04:52.535+0000][7][safepoint    ] Safepoint "Cleanup", Time since last: 1002950600 ns, Reaching safepoint: 106800 ns, At safepoint: 1900 ns, Total: 108700 ns
[2021-04-25T15:04:53.536+0000][7][safepoint    ] Safepoint "Cleanup", Time since last: 1000874900 ns, Reaching safepoint: 200600 ns, At safepoint: 5900 ns, Total: 206500 ns
[2021-04-25T15:04:54.538+0000][7][safepoint    ] Safepoint "Cleanup", Time since last: 1001612600 ns, Reaching safepoint: 516900 ns, At safepoint: 19700 ns, Total: 536600 ns
[2021-04-25T15:04:55.540+0000][7][safepoint    ] Safepoint "Cleanup", Time since last: 1001961000 ns, Reaching safepoint: 96400 ns, At safepoint: 2100 ns, Total: 98500 ns
[2021-04-25T15:04:56.541+0000][7][safepoint    ] Safepoint "Cleanup", Time since last: 1000844600 ns, Reaching safepoint: 167600 ns, At safepoint: 5300 ns, Total: 172900 ns
[2021-04-25T15:04:57.543+0000][7][safepoint    ] Safepoint "Cleanup", Time since last: 1001780300 ns, Reaching safepoint: 410400 ns, At safepoint: 15300 ns, Total: 425700 ns
[2021-04-25T15:04:58.546+0000][7][safepoint    ] Safepoint "Cleanup", Time since last: 1002345900 ns, Reaching safepoint: 88400 ns, At safepoint: 2500 ns, Total: 90900 ns
[2021-04-25T15:04:59.548+0000][7][safepoint    ] Safepoint "Cleanup", Time since last: 1001211000 ns, Reaching safepoint: 640300 ns, At safepoint: 116000 ns, Total: 756300 ns
[2021-04-25T15:05:00.551+0000][7][safepoint    ] Safepoint "Cleanup", Time since last: 1003125400 ns, Reaching safepoint: 376700 ns, At safepoint: 7200 ns, Total: 383900 ns
[2021-04-25T15:05:01.554+0000][7][safepoint    ] Safepoint "Cleanup", Time since last: 1002944200 ns, Reaching safepoint: 135700 ns, At safepoint: 3800 ns, Total: 139500 ns
[2021-04-25T15:05:02.556+0000][7][safepoint    ] Safepoint "Cleanup", Time since last: 1001254900 ns, Reaching safepoint: 356500 ns, At safepoint: 10800 ns, Total: 367300 ns
[2021-04-25T15:05:03.562+0000][7][safepoint    ] Safepoint "Cleanup", Time since last: 1006067500 ns, Reaching safepoint: 378800 ns, At safepoint: 10800 ns, Total: 389600 ns
[2021-04-25T15:05:04.566+0000][7][safepoint    ] Safepoint "Cleanup", Time since last: 1003110300 ns, Reaching safepoint: 77600 ns, At safepoint: 2200 ns, Total: 79800 ns
[2021-04-25T15:05:05.566+0000][7][safepoint    ] Safepoint "Cleanup", Time since last: 1000748200 ns, Reaching safepoint: 97300 ns, At safepoint: 2600 ns, Total: 99900 ns
[2021-04-25T15:05:06.567+0000][7][safepoint    ] Safepoint "Cleanup", Time since last: 1000665200 ns, Reaching safepoint: 345100 ns, At safepoint: 10900 ns, Total: 356000 ns
[2021-04-25T15:05:07.569+0000][7][safepoint    ] Safepoint "Cleanup", Time since last: 1001447100 ns, Reaching safepoint: 114400 ns, At safepoint: 5700 ns, Total: 120100 ns
[2021-04-25T15:05:08.571+0000][7][safepoint    ] Safepoint "Cleanup", Time since last: 1001540000 ns, Reaching safepoint: 361400 ns, At safepoint: 11500 ns, Total: 372900 ns
[2021-04-25T15:05:09.575+0000][7][safepoint    ] Safepoint "Cleanup", Time since last: 1003424200 ns, Reaching safepoint: 360400 ns, At safepoint: 10000 ns, Total: 370400 ns
[2021-04-25T15:05:10.578+0000][7][safepoint    ] Safepoint "Cleanup", Time since last: 1002861100 ns, Reaching safepoint: 106200 ns, At safepoint: 3000 ns, Total: 109200 ns
[2021-04-25T15:05:11.579+0000][7][safepoint    ] Safepoint "Cleanup", Time since last: 1001123200 ns, Reaching safepoint: 424600 ns, At safepoint: 12200 ns, Total: 436800 ns
[2021-04-25T15:05:12.582+0000][7][safepoint    ] Safepoint "Cleanup", Time since last: 1002595500 ns, Reaching safepoint: 390200 ns, At safepoint: 11300 ns, Total: 401500 ns
[2021-04-25T15:05:13.585+0000][7][safepoint    ] Safepoint "Cleanup", Time since last: 1002532100 ns, Reaching safepoint: 143800 ns, At safepoint: 3800 ns, Total: 147600 ns
[2021-04-25T15:05:14.587+0000][7][safepoint    ] Safepoint "Cleanup", Time since last: 1001434900 ns, Reaching safepoint: 454500 ns, At safepoint: 10800 ns, Total: 465300 ns
[2021-04-25T15:05:15.591+0000][7][safepoint    ] Safepoint "Cleanup", Time since last: 1003144300 ns, Reaching safepoint: 494400 ns, At safepoint: 10700 ns, Total: 505100 ns
[2021-04-25T15:05:16.593+0000][7][safepoint    ] Safepoint "Cleanup", Time since last: 1002832900 ns, Reaching safepoint: 161700 ns, At safepoint: 4300 ns, Total: 166000 ns
[2021-04-25T15:05:17.595+0000][7][safepoint    ] Safepoint "Cleanup", Time since last: 1001087600 ns, Reaching safepoint: 443300 ns, At safepoint: 13200 ns, Total: 456500 ns
[2021-04-25T15:05:18.598+0000][7][safepoint    ] Safepoint "Cleanup", Time since last: 1002542000 ns, Reaching safepoint: 92100 ns, At safepoint: 4400 ns, Total: 96500 ns
[2021-04-25T15:05:19.599+0000][7][safepoint    ] Safepoint "Cleanup", Time since last: 1001297600 ns, Reaching safepoint: 393900 ns, At safepoint: 13900 ns, Total: 407800 ns
[2021-04-25T15:05:20.603+0000][7][safepoint    ] Safepoint "Cleanup", Time since last: 1003270700 ns, Reaching safepoint: 381500 ns, At safepoint: 12300 ns, Total: 393800 ns
[2021-04-25T15:05:21.606+0000][7][safepoint    ] Safepoint "Cleanup", Time since last: 1002703200 ns, Reaching safepoint: 380900 ns, At safepoint: 13100 ns, Total: 394000 ns
[2021-04-25T15:05:22.609+0000][7][safepoint    ] Safepoint "Cleanup", Time since last: 1003147000 ns, Reaching safepoint: 180400 ns, At safepoint: 4800 ns, Total: 185200 ns
[2021-04-25T15:05:23.611+0000][7][safepoint    ] Safepoint "Cleanup", Time since last: 1001582200 ns, Reaching safepoint: 408400 ns, At safepoint: 13200 ns, Total: 421600 ns
[2021-04-25T15:05:24.800+0000][7][safepoint    ] Safepoint "Cleanup", Time since last: 1188169500 ns, Reaching safepoint: 382800 ns, At safepoint: 14300 ns, Total: 397100 ns
[2021-04-25T15:05:25.803+0000][7][safepoint    ] Safepoint "Cleanup", Time since last: 1003002500 ns, Reaching safepoint: 419300 ns, At safepoint: 12600 ns, Total: 431900 ns
[2021-04-25T15:05:26.807+0000][7][safepoint    ] Safepoint "Cleanup", Time since last: 1002959300 ns, Reaching safepoint: 352600 ns, At safepoint: 15000 ns, Total: 367600 ns
[2021-04-25T15:05:27.811+0000][7][safepoint    ] Safepoint "Cleanup", Time since last: 1003528000 ns, Reaching safepoint: 239700 ns, At safepoint: 9100 ns, Total: 248800 ns
[2021-04-25T15:05:28.814+0000][7][safepoint    ] Safepoint "Cleanup", Time since last: 1002554600 ns, Reaching safepoint: 447400 ns, At safepoint: 11300 ns, Total: 458700 ns
[2021-04-25T15:05:29.817+0000][7][safepoint    ] Safepoint "Cleanup", Time since last: 1002625400 ns, Reaching safepoint: 388000 ns, At safepoint: 11500 ns, Total: 399500 ns
[2021-04-25T15:05:30.819+0000][7][safepoint    ] Safepoint "Cleanup", Time since last: 1002646300 ns, Reaching safepoint: 120100 ns, At safepoint: 3400 ns, Total: 123500 ns
[2021-04-25T15:05:31.821+0000][7][safepoint    ] Safepoint "Cleanup", Time since last: 1001385100 ns, Reaching safepoint: 255200 ns, At safepoint: 13300 ns, Total: 268500 ns
[2021-04-25T15:05:32.824+0000][7][safepoint    ] Safepoint "Cleanup", Time since last: 1002297400 ns, Reaching safepoint: 457300 ns, At safepoint: 12600 ns, Total: 469900 ns
[2021-04-25T15:05:33.827+0000][7][safepoint    ] Safepoint "Cleanup", Time since last: 1002724000 ns, Reaching safepoint: 348200 ns, At safepoint: 14900 ns, Total: 363100 ns
[2021-04-25T15:05:34.830+0000][7][safepoint    ] Safepoint "Cleanup", Time since last: 1002883200 ns, Reaching safepoint: 485000 ns, At safepoint: 15300 ns, Total: 500300 ns
[2021-04-25T15:05:35.834+0000][7][safepoint    ] Safepoint "Cleanup", Time since last: 1002800000 ns, Reaching safepoint: 434100 ns, At safepoint: 11400 ns, Total: 445500 ns
[2021-04-25T15:05:36.837+0000][7][safepoint    ] Safepoint "Cleanup", Time since last: 1003010000 ns, Reaching safepoint: 366400 ns, At safepoint: 14100 ns, Total: 380500 ns
[2021-04-25T15:05:37.841+0000][7][safepoint    ] Safepoint "Cleanup", Time since last: 1003209100 ns, Reaching safepoint: 391800 ns, At safepoint: 10100 ns, Total: 401900 ns
[2021-04-25T15:05:38.844+0000][7][safepoint    ] Safepoint "Cleanup", Time since last: 1003067500 ns, Reaching safepoint: 364500 ns, At safepoint: 13900 ns, Total: 378400 ns
[2021-04-25T15:05:40.610+0000][7][safepoint    ] Safepoint "Cleanup", Time since last: 1765841300 ns, Reaching safepoint: 196600 ns, At safepoint: 5300 ns, Total: 201900 ns
[2021-04-25T15:05:41.612+0000][7][safepoint    ] Safepoint "Cleanup", Time since last: 1001727500 ns, Reaching safepoint: 364300 ns, At safepoint: 15000 ns, Total: 379300 ns
[2021-04-25T15:05:42.616+0000][7][safepoint    ] Safepoint "Cleanup", Time since last: 1003372400 ns, Reaching safepoint: 377400 ns, At safepoint: 12000 ns, Total: 389400 ns
[2021-04-25T15:05:43.618+0000][7][safepoint    ] Safepoint "Cleanup", Time since last: 1002380800 ns, Reaching safepoint: 219600 ns, At safepoint: 6000 ns, Total: 225600 ns
[2021-04-25T15:05:44.621+0000][7][safepoint    ] Safepoint "Cleanup", Time since last: 1001964600 ns, Reaching safepoint: 225200 ns, At safepoint: 7900 ns, Total: 233100 ns
[2021-04-25T15:05:45.623+0000][7][safepoint    ] Safepoint "Cleanup", Time since last: 1001987500 ns, Reaching safepoint: 419400 ns, At safepoint: 10200 ns, Total: 429600 ns
[2021-04-25T15:05:46.626+0000][7][safepoint    ] Safepoint "Cleanup", Time since last: 1002536200 ns, Reaching safepoint: 511700 ns, At safepoint: 52100 ns, Total: 563800 ns
[2021-04-25T15:05:47.630+0000][7][safepoint    ] Safepoint "Cleanup", Time since last: 1003232600 ns, Reaching safepoint: 362500 ns, At safepoint: 14400 ns, Total: 376900 ns
[2021-04-25T15:05:48.633+0000][7][safepoint    ] Safepoint "Cleanup", Time since last: 1002897600 ns, Reaching safepoint: 101900 ns, At safepoint: 2400 ns, Total: 104300 ns
[2021-04-25T15:05:49.634+0000][7][safepoint    ] Safepoint "Cleanup", Time since last: 1001108300 ns, Reaching safepoint: 450700 ns, At safepoint: 10300 ns, Total: 461000 ns
[2021-04-25T15:05:50.638+0000][7][safepoint    ] Safepoint "Cleanup", Time since last: 1003107900 ns, Reaching safepoint: 343300 ns, At safepoint: 9800 ns, Total: 353100 ns
[2021-04-25T15:05:51.641+0000][7][safepoint    ] Safepoint "Cleanup", Time since last: 1002708400 ns, Reaching safepoint: 327800 ns, At safepoint: 11400 ns, Total: 339200 ns
[2021-04-25T15:05:52.644+0000][7][safepoint    ] Safepoint "Cleanup", Time since last: 1003012100 ns, Reaching safepoint: 398400 ns, At safepoint: 9700 ns, Total: 408100 ns
[2021-04-25T15:05:53.969+0000][7][safepoint    ] Safepoint "Cleanup", Time since last: 1324311300 ns, Reaching safepoint: 602100 ns, At safepoint: 120500 ns, Total: 722600 ns
[2021-04-25T15:06:28.353+0000][7][safepoint    ] Safepoint "Cleanup", Time since last: 34383085300 ns, Reaching safepoint: 416400 ns, At safepoint: 11200 ns, Total: 427600 ns
[2021-04-25T15:07:24.374+0000][7][safepoint    ] Safepoint "Cleanup", Time since last: 56022154800 ns, Reaching safepoint: 531300 ns, At safepoint: 15500 ns, Total: 546800 ns
[2021-04-25T15:07:51.386+0000][7][safepoint    ] Safepoint "Cleanup", Time since last: 27010903200 ns, Reaching safepoint: 396200 ns, At safepoint: 9100 ns, Total: 405300 ns
[2021-04-25T15:08:11.394+0000][7][safepoint    ] Safepoint "Cleanup", Time since last: 20008312600 ns, Reaching safepoint: 180300 ns, At safepoint: 5500 ns, Total: 185800 ns
[2021-04-25T15:08:24.398+0000][7][safepoint    ] Safepoint "Cleanup", Time since last: 13003736100 ns, Reaching safepoint: 677900 ns, At safepoint: 17600 ns, Total: 695500 ns
[2021-04-25T15:08:59.947+0000][7][gc,start     ] GC(23) Pause Young (Normal) (G1 Evacuation Pause)
[2021-04-25T15:08:59.950+0000][7][gc,task      ] GC(23) Using 2 workers of 2 for evacuation
[2021-04-25T15:08:59.954+0000][7][gc,age       ] GC(23) Desired survivor size 20447232 bytes, new threshold 15 (max threshold 15)
[2021-04-25T15:09:00.001+0000][7][gc,age       ] GC(23) Age table with threshold 15 (max threshold 15)
[2021-04-25T15:09:00.002+0000][7][gc,age       ] GC(23) - age   1:     151064 bytes,     151064 total
[2021-04-25T15:09:00.002+0000][7][gc,age       ] GC(23) - age   2:      51136 bytes,     202200 total
[2021-04-25T15:09:00.003+0000][7][gc,age       ] GC(23) - age   3:     180184 bytes,     382384 total
[2021-04-25T15:09:00.003+0000][7][gc,age       ] GC(23) - age   4:     759984 bytes,    1142368 total
[2021-04-25T15:09:00.004+0000][7][gc,age       ] GC(23) - age   5:     168280 bytes,    1310648 total
[2021-04-25T15:09:00.004+0000][7][gc,age       ] GC(23) - age   6:    6459264 bytes,    7769912 total
[2021-04-25T15:09:00.005+0000][7][gc,age       ] GC(23) - age   7:    6815608 bytes,   14585520 total
[2021-04-25T15:09:00.005+0000][7][gc,age       ] GC(23) - age   8:     605992 bytes,   15191512 total
[2021-04-25T15:09:00.006+0000][7][gc,phases    ] GC(23)   Pre Evacuate Collection Set: 0.6ms
[2021-04-25T15:09:00.006+0000][7][gc,phases    ] GC(23)   Merge Heap Roots: 0.9ms
[2021-04-25T15:09:00.007+0000][7][gc,phases    ] GC(23)   Evacuate Collection Set: 41.3ms
[2021-04-25T15:09:00.007+0000][7][gc,phases    ] GC(23)   Post Evacuate Collection Set: 1.9ms
[2021-04-25T15:09:00.008+0000][7][gc,phases    ] GC(23)   Other: 13.8ms
[2021-04-25T15:09:00.008+0000][7][gc,heap      ] GC(23) Eden regions: 289->0(291)
[2021-04-25T15:09:00.009+0000][7][gc,heap      ] GC(23) Survivor regions: 16->15(39)
[2021-04-25T15:09:00.009+0000][7][gc,heap      ] GC(23) Old regions: 54->54
[2021-04-25T15:09:00.010+0000][7][gc,heap      ] GC(23) Archive regions: 2->2
[2021-04-25T15:09:00.010+0000][7][gc,heap      ] GC(23) Humongous regions: 7->7
[2021-04-25T15:09:00.011+0000][7][gc,metaspace ] GC(23) Metaspace: 89388K(96612K)->89388K(96612K) NonClass: 77379K(81560K)->77379K(81560K) Class: 12009K(15052K)->12009K(15052K)
[2021-04-25T15:09:00.011+0000][7][gc           ] GC(23) Pause Young (Normal) (G1 Evacuation Pause) 365M->75M(512M) 64.189ms
[2021-04-25T15:09:00.012+0000][7][gc,cpu       ] GC(23) User=0.09s Sys=0.00s Real=0.07s
[2021-04-25T15:09:00.012+0000][7][safepoint    ] Safepoint "G1CollectForAllocation", Time since last: 35547494600 ns, Reaching safepoint: 407100 ns, At safepoint: 65257800 ns, Total: 65664900 ns
[2021-04-25T15:12:10.090+0000][7][safepoint    ] Safepoint "Cleanup", Time since last: 190076388200 ns, Reaching safepoint: 502200 ns, At safepoint: 16300 ns, Total: 518500 ns
[2021-04-25T15:12:24.097+0000][7][safepoint    ] Safepoint "Cleanup", Time since last: 14007423800 ns, Reaching safepoint: 374300 ns, At safepoint: 14500 ns, Total: 388800 ns
[2021-04-25T15:12:27.101+0000][7][safepoint    ] Safepoint "Cleanup", Time since last: 3003787600 ns, Reaching safepoint: 167600 ns, At safepoint: 3800 ns, Total: 171400 ns
[2021-04-25T15:12:41.109+0000][7][safepoint    ] Safepoint "Cleanup", Time since last: 14007168400 ns, Reaching safepoint: 333500 ns, At safepoint: 9500 ns, Total: 343000 ns
[2021-04-25T15:12:57.117+0000][7][safepoint    ] Safepoint "Cleanup", Time since last: 16007276700 ns, Reaching safepoint: 564800 ns, At safepoint: 12300 ns, Total: 577100 ns
[2021-04-25T15:13:24.130+0000][7][safepoint    ] Safepoint "Cleanup", Time since last: 27013103600 ns, Reaching safepoint: 112900 ns, At safepoint: 3300 ns, Total: 116200 ns
[2021-04-25T15:13:54.142+0000][7][safepoint    ] Safepoint "Cleanup", Time since last: 30011962900 ns, Reaching safepoint: 112300 ns, At safepoint: 2800 ns, Total: 115100 ns
[2021-04-25T15:14:24.154+0000][7][safepoint    ] Safepoint "Cleanup", Time since last: 30011107900 ns, Reaching safepoint: 439300 ns, At safepoint: 8200 ns, Total: 447500 ns
[2021-04-25T15:14:55.168+0000][7][safepoint    ] Safepoint "Cleanup", Time since last: 31013503400 ns, Reaching safepoint: 508800 ns, At safepoint: 11400 ns, Total: 520200 ns
[2021-04-25T15:15:53.191+0000][7][safepoint    ] Safepoint "Cleanup", Time since last: 58023569500 ns, Reaching safepoint: 453600 ns, At safepoint: 11100 ns, Total: 464700 ns
[2021-04-25T15:17:52.247+0000][7][safepoint    ] Safepoint "Cleanup", Time since last: 119054973200 ns, Reaching safepoint: 456900 ns, At safepoint: 9800 ns, Total: 466700 ns
[2021-04-25T15:18:36.268+0000][7][safepoint    ] Safepoint "Cleanup", Time since last: 44020340100 ns, Reaching safepoint: 430900 ns, At safepoint: 11800 ns, Total: 442700 ns
[2021-04-25T15:18:40.934+0000][7][gc,start     ] GC(24) Pause Young (Normal) (G1 Evacuation Pause)
[2021-04-25T15:18:40.937+0000][7][gc,task      ] GC(24) Using 2 workers of 2 for evacuation
[2021-04-25T15:18:40.939+0000][7][gc,age       ] GC(24) Desired survivor size 20447232 bytes, new threshold 15 (max threshold 15)
[2021-04-25T15:18:40.986+0000][7][gc,age       ] GC(24) Age table with threshold 15 (max threshold 15)
[2021-04-25T15:18:40.987+0000][7][gc,age       ] GC(24) - age   1:      41424 bytes,      41424 total
[2021-04-25T15:18:40.988+0000][7][gc,age       ] GC(24) - age   2:     117280 bytes,     158704 total
[2021-04-25T15:18:40.988+0000][7][gc,age       ] GC(24) - age   3:      41640 bytes,     200344 total
[2021-04-25T15:18:40.989+0000][7][gc,age       ] GC(24) - age   4:     171104 bytes,     371448 total
[2021-04-25T15:18:40.989+0000][7][gc,age       ] GC(24) - age   5:     742032 bytes,    1113480 total
[2021-04-25T15:18:40.990+0000][7][gc,age       ] GC(24) - age   6:     160144 bytes,    1273624 total
[2021-04-25T15:18:40.990+0000][7][gc,age       ] GC(24) - age   7:    6376112 bytes,    7649736 total
[2021-04-25T15:18:40.990+0000][7][gc,age       ] GC(24) - age   8:    6807248 bytes,   14456984 total
[2021-04-25T15:18:40.991+0000][7][gc,age       ] GC(24) - age   9:     605992 bytes,   15062976 total
[2021-04-25T15:18:40.991+0000][7][gc,phases    ] GC(24)   Pre Evacuate Collection Set: 1.5ms
[2021-04-25T15:18:40.992+0000][7][gc,phases    ] GC(24)   Merge Heap Roots: 0.7ms
[2021-04-25T15:18:40.992+0000][7][gc,phases    ] GC(24)   Evacuate Collection Set: 39.9ms
[2021-04-25T15:18:40.992+0000][7][gc,phases    ] GC(24)   Post Evacuate Collection Set: 1.5ms
[2021-04-25T15:18:40.993+0000][7][gc,phases    ] GC(24)   Other: 14.1ms
[2021-04-25T15:18:40.993+0000][7][gc,heap      ] GC(24) Eden regions: 291->0(291)
[2021-04-25T15:18:40.994+0000][7][gc,heap      ] GC(24) Survivor regions: 15->15(39)
[2021-04-25T15:18:40.994+0000][7][gc,heap      ] GC(24) Old regions: 54->54
[2021-04-25T15:18:40.995+0000][7][gc,heap      ] GC(24) Archive regions: 2->2
[2021-04-25T15:18:40.995+0000][7][gc,heap      ] GC(24) Humongous regions: 7->7
[2021-04-25T15:18:40.995+0000][7][gc,metaspace ] GC(24) Metaspace: 89426K(96612K)->89426K(96612K) NonClass: 77416K(81560K)->77416K(81560K) Class: 12009K(15052K)->12009K(15052K)
[2021-04-25T15:18:40.996+0000][7][gc           ] GC(24) Pause Young (Normal) (G1 Evacuation Pause) 366M->75M(512M) 61.686ms
[2021-04-25T15:18:40.996+0000][7][gc,cpu       ] GC(24) User=0.08s Sys=0.00s Real=0.06s
[2021-04-25T15:18:40.996+0000][7][safepoint    ] Safepoint "G1CollectForAllocation", Time since last: 4665599200 ns, Reaching safepoint: 346100 ns, At safepoint: 62525100 ns, Total: 62871200 ns
[2021-04-25T15:18:55.002+0000][7][safepoint    ] Safepoint "Cleanup", Time since last: 14005423200 ns, Reaching safepoint: 564100 ns, At safepoint: 13600 ns, Total: 577700 ns
[2021-04-25T15:19:25.017+0000][7][safepoint    ] Safepoint "Cleanup", Time since last: 30013900300 ns, Reaching safepoint: 423700 ns, At safepoint: 10700 ns, Total: 434400 ns
[2021-04-25T15:19:26.020+0000][7][safepoint    ] Safepoint "Cleanup", Time since last: 1002808000 ns, Reaching safepoint: 357500 ns, At safepoint: 9900 ns, Total: 367400 ns
[2021-04-25T15:19:58.034+0000][7][safepoint    ] Safepoint "Cleanup", Time since last: 32014223100 ns, Reaching safepoint: 150500 ns, At safepoint: 3300 ns, Total: 153800 ns
[2021-04-25T15:20:33.050+0000][7][safepoint    ] Safepoint "Cleanup", Time since last: 35015338100 ns, Reaching safepoint: 571400 ns, At safepoint: 24500 ns, Total: 595900 ns
[2021-04-25T15:20:42.056+0000][7][safepoint    ] Safepoint "Cleanup", Time since last: 9005818600 ns, Reaching safepoint: 466600 ns, At safepoint: 11000 ns, Total: 477600 ns
[2021-04-25T15:21:52.083+0000][7][safepoint    ] Safepoint "Cleanup", Time since last: 70026293500 ns, Reaching safepoint: 263500 ns, At safepoint: 6200 ns, Total: 269700 ns
[2021-04-25T15:22:57.107+0000][7][safepoint    ] Safepoint "Cleanup", Time since last: 65022717400 ns, Reaching safepoint: 781100 ns, At safepoint: 23900 ns, Total: 805000 ns
[2021-04-25T15:23:24.120+0000][7][safepoint    ] Safepoint "Cleanup", Time since last: 27013274500 ns, Reaching safepoint: 552100 ns, At safepoint: 16100 ns, Total: 568200 ns
[2021-04-25T15:23:25.123+0000][7][safepoint    ] Safepoint "Cleanup", Time since last: 1002707100 ns, Reaching safepoint: 349700 ns, At safepoint: 10500 ns, Total: 360200 ns
[2021-04-25T15:24:25.151+0000][7][safepoint    ] Safepoint "Cleanup", Time since last: 60027202000 ns, Reaching safepoint: 470200 ns, At safepoint: 12900 ns, Total: 483100 ns
[2021-04-25T15:25:25.179+0000][7][safepoint    ] Safepoint "Cleanup", Time since last: 60027604000 ns, Reaching safepoint: 496800 ns, At safepoint: 10900 ns, Total: 507700 ns
[2021-04-25T15:25:53.192+0000][7][safepoint    ] Safepoint "Cleanup", Time since last: 28012721100 ns, Reaching safepoint: 535700 ns, At safepoint: 9600 ns, Total: 545300 ns
[2021-04-25T15:25:55.197+0000][7][safepoint    ] Safepoint "Cleanup", Time since last: 2003958300 ns, Reaching safepoint: 327700 ns, At safepoint: 10500 ns, Total: 338200 ns
[2021-04-25T15:26:54.221+0000][7][safepoint    ] Safepoint "Cleanup", Time since last: 59023866800 ns, Reaching safepoint: 569900 ns, At safepoint: 11200 ns, Total: 581100 ns
[2021-04-25T15:27:17.234+0000][7][safepoint    ] Safepoint "Cleanup", Time since last: 23012309700 ns, Reaching safepoint: 475300 ns, At safepoint: 12200 ns, Total: 487500 ns
[2021-04-25T15:28:07.258+0000][7][safepoint    ] Safepoint "Cleanup", Time since last: 50022999900 ns, Reaching safepoint: 516400 ns, At safepoint: 10300 ns, Total: 526700 ns
[2021-04-25T15:28:21.890+0000][7][gc,start     ] GC(25) Pause Young (Normal) (G1 Evacuation Pause)
[2021-04-25T15:28:21.892+0000][7][gc,task      ] GC(25) Using 2 workers of 2 for evacuation
[2021-04-25T15:28:21.894+0000][7][gc,age       ] GC(25) Desired survivor size 20447232 bytes, new threshold 15 (max threshold 15)
[2021-04-25T15:28:21.935+0000][7][gc,age       ] GC(25) Age table with threshold 15 (max threshold 15)
[2021-04-25T15:28:21.936+0000][7][gc,age       ] GC(25) - age   1:      32744 bytes,      32744 total
[2021-04-25T15:28:21.936+0000][7][gc,age       ] GC(25) - age   2:       9512 bytes,      42256 total
[2021-04-25T15:28:21.937+0000][7][gc,age       ] GC(25) - age   3:     117080 bytes,     159336 total
[2021-04-25T15:28:21.937+0000][7][gc,age       ] GC(25) - age   4:      41640 bytes,     200976 total
[2021-04-25T15:28:21.938+0000][7][gc,age       ] GC(25) - age   5:     171104 bytes,     372080 total
[2021-04-25T15:28:21.938+0000][7][gc,age       ] GC(25) - age   6:     742032 bytes,    1114112 total
[2021-04-25T15:28:21.939+0000][7][gc,age       ] GC(25) - age   7:     160008 bytes,    1274120 total
[2021-04-25T15:28:21.939+0000][7][gc,age       ] GC(25) - age   8:    6376112 bytes,    7650232 total
[2021-04-25T15:28:21.940+0000][7][gc,age       ] GC(25) - age   9:    6807248 bytes,   14457480 total
[2021-04-25T15:28:21.940+0000][7][gc,age       ] GC(25) - age  10:     605992 bytes,   15063472 total
[2021-04-25T15:28:21.940+0000][7][gc,phases    ] GC(25)   Pre Evacuate Collection Set: 1.3ms
[2021-04-25T15:28:21.941+0000][7][gc,phases    ] GC(25)   Merge Heap Roots: 0.9ms
[2021-04-25T15:28:21.941+0000][7][gc,phases    ] GC(25)   Evacuate Collection Set: 34.6ms
[2021-04-25T15:28:21.942+0000][7][gc,phases    ] GC(25)   Post Evacuate Collection Set: 1.3ms
[2021-04-25T15:28:21.942+0000][7][gc,phases    ] GC(25)   Other: 12.7ms
[2021-04-25T15:28:21.942+0000][7][gc,heap      ] GC(25) Eden regions: 291->0(291)
[2021-04-25T15:28:21.943+0000][7][gc,heap      ] GC(25) Survivor regions: 15->15(39)
[2021-04-25T15:28:21.943+0000][7][gc,heap      ] GC(25) Old regions: 54->54
[2021-04-25T15:28:21.943+0000][7][gc,heap      ] GC(25) Archive regions: 2->2
[2021-04-25T15:28:21.944+0000][7][gc,heap      ] GC(25) Humongous regions: 7->7
[2021-04-25T15:28:21.944+0000][7][gc,metaspace ] GC(25) Metaspace: 89453K(96612K)->89453K(96612K) NonClass: 77444K(81560K)->77444K(81560K) Class: 12009K(15052K)->12009K(15052K)
[2021-04-25T15:28:21.944+0000][7][gc           ] GC(25) Pause Young (Normal) (G1 Evacuation Pause) 366M->75M(512M) 54.676ms
[2021-04-25T15:28:21.945+0000][7][gc,cpu       ] GC(25) User=0.06s Sys=0.01s Real=0.06s
[2021-04-25T15:28:21.945+0000][7][safepoint    ] Safepoint "G1CollectForAllocation", Time since last: 14631582900 ns, Reaching safepoint: 461700 ns, At safepoint: 55481000 ns, Total: 55942700 ns
[2021-04-25T15:28:54.961+0000][7][safepoint    ] Safepoint "Cleanup", Time since last: 33015483400 ns, Reaching safepoint: 512600 ns, At safepoint: 13100 ns, Total: 525700 ns
[2021-04-25T15:29:54.986+0000][7][safepoint    ] Safepoint "Cleanup", Time since last: 60023940600 ns, Reaching safepoint: 614100 ns, At safepoint: 21700 ns, Total: 635800 ns
[2021-04-25T15:31:24.833+0000][7][safepoint    ] Safepoint "Cleanup", Time since last: 89034012700 ns, Reaching safepoint: 305300 ns, At safepoint: 6300 ns, Total: 311600 ns
[2021-04-25T15:31:55.847+0000][7][safepoint    ] Safepoint "Cleanup", Time since last: 31014039500 ns, Reaching safepoint: 519500 ns, At safepoint: 10700 ns, Total: 530200 ns
[2021-04-25T15:35:53.945+0000][7][safepoint    ] Safepoint "Cleanup", Time since last: 238096453800 ns, Reaching safepoint: 905300 ns, At safepoint: 28200 ns, Total: 933500 ns
[2021-04-25T15:36:58.977+0000][7][safepoint    ] Safepoint "Cleanup", Time since last: 65031395900 ns, Reaching safepoint: 702300 ns, At safepoint: 30200 ns, Total: 732500 ns
[2021-04-25T15:38:03.582+0000][7][gc,start     ] GC(26) Pause Young (Normal) (G1 Evacuation Pause)
[2021-04-25T15:38:03.585+0000][7][gc,task      ] GC(26) Using 2 workers of 2 for evacuation
[2021-04-25T15:38:03.587+0000][7][gc,age       ] GC(26) Desired survivor size 20447232 bytes, new threshold 15 (max threshold 15)
[2021-04-25T15:38:03.637+0000][7][gc,age       ] GC(26) Age table with threshold 15 (max threshold 15)
[2021-04-25T15:38:03.638+0000][7][gc,age       ] GC(26) - age   1:      33504 bytes,      33504 total
[2021-04-25T15:38:03.639+0000][7][gc,age       ] GC(26) - age   2:      16832 bytes,      50336 total
[2021-04-25T15:38:03.639+0000][7][gc,age       ] GC(26) - age   3:       9392 bytes,      59728 total
[2021-04-25T15:38:03.640+0000][7][gc,age       ] GC(26) - age   4:     117040 bytes,     176768 total
[2021-04-25T15:38:03.640+0000][7][gc,age       ] GC(26) - age   5:      41640 bytes,     218408 total
[2021-04-25T15:38:03.641+0000][7][gc,age       ] GC(26) - age   6:     171104 bytes,     389512 total
[2021-04-25T15:38:03.641+0000][7][gc,age       ] GC(26) - age   7:     734016 bytes,    1123528 total
[2021-04-25T15:38:03.641+0000][7][gc,age       ] GC(26) - age   8:     151832 bytes,    1275360 total
[2021-04-25T15:38:03.642+0000][7][gc,age       ] GC(26) - age   9:    6376112 bytes,    7651472 total
[2021-04-25T15:38:03.642+0000][7][gc,age       ] GC(26) - age  10:    6807248 bytes,   14458720 total
[2021-04-25T15:38:03.643+0000][7][gc,age       ] GC(26) - age  11:     605992 bytes,   15064712 total
[2021-04-25T15:38:03.643+0000][7][gc,phases    ] GC(26)   Pre Evacuate Collection Set: 0.8ms
[2021-04-25T15:38:03.643+0000][7][gc,phases    ] GC(26)   Merge Heap Roots: 1.0ms
[2021-04-25T15:38:03.644+0000][7][gc,phases    ] GC(26)   Evacuate Collection Set: 43.6ms
[2021-04-25T15:38:03.644+0000][7][gc,phases    ] GC(26)   Post Evacuate Collection Set: 2.0ms
[2021-04-25T15:38:03.645+0000][7][gc,phases    ] GC(26)   Other: 13.7ms
[2021-04-25T15:38:03.645+0000][7][gc,heap      ] GC(26) Eden regions: 291->0(291)
[2021-04-25T15:38:03.645+0000][7][gc,heap      ] GC(26) Survivor regions: 15->15(39)
[2021-04-25T15:38:03.646+0000][7][gc,heap      ] GC(26) Old regions: 54->54
[2021-04-25T15:38:03.646+0000][7][gc,heap      ] GC(26) Archive regions: 2->2
[2021-04-25T15:38:03.646+0000][7][gc,heap      ] GC(26) Humongous regions: 7->7
[2021-04-25T15:38:03.647+0000][7][gc,metaspace ] GC(26) Metaspace: 89511K(96868K)->89511K(96868K) NonClass: 77501K(81816K)->77501K(81816K) Class: 12009K(15052K)->12009K(15052K)
[2021-04-25T15:38:03.647+0000][7][gc           ] GC(26) Pause Young (Normal) (G1 Evacuation Pause) 366M->75M(512M) 65.189ms
[2021-04-25T15:38:03.648+0000][7][gc,cpu       ] GC(26) User=0.09s Sys=0.00s Real=0.07s
[2021-04-25T15:38:03.648+0000][7][safepoint    ] Safepoint "G1CollectForAllocation", Time since last: 64604932600 ns, Reaching safepoint: 399400 ns, At safepoint: 65978700 ns, Total: 66378100 ns
[2021-04-25T15:38:34.660+0000][7][safepoint    ] Safepoint "Cleanup", Time since last: 31011393900 ns, Reaching safepoint: 298000 ns, At safepoint: 7100 ns, Total: 305100 ns
[2021-04-25T15:40:02.695+0000][7][safepoint    ] Safepoint "Cleanup", Time since last: 88034706300 ns, Reaching safepoint: 549000 ns, At safepoint: 8900 ns, Total: 557900 ns
[2021-04-25T15:40:25.707+0000][7][safepoint    ] Safepoint "Cleanup", Time since last: 23011864300 ns, Reaching safepoint: 440000 ns, At safepoint: 10600 ns, Total: 450600 ns
[2021-04-25T15:40:26.710+0000][7][safepoint    ] Safepoint "Cleanup", Time since last: 1002632300 ns, Reaching safepoint: 424800 ns, At safepoint: 10600 ns, Total: 435400 ns
[2021-04-25T15:40:34.716+0000][7][safepoint    ] Safepoint "Cleanup", Time since last: 8005254200 ns, Reaching safepoint: 376200 ns, At safepoint: 14600 ns, Total: 390800 ns
[2021-04-25T15:40:56.729+0000][7][safepoint    ] Safepoint "Cleanup", Time since last: 22012298600 ns, Reaching safepoint: 511700 ns, At safepoint: 16100 ns, Total: 527800 ns
[2021-04-25T15:44:56.831+0000][7][safepoint    ] Safepoint "Cleanup", Time since last: 240101609800 ns, Reaching safepoint: 787200 ns, At safepoint: 11200 ns, Total: 798400 ns
[2021-04-25T15:45:45.853+0000][7][safepoint    ] Safepoint "Cleanup", Time since last: 49021328200 ns, Reaching safepoint: 550100 ns, At safepoint: 10600 ns, Total: 560700 ns
[2021-04-25T15:45:52.858+0000][7][safepoint    ] Safepoint "Cleanup", Time since last: 7004734200 ns, Reaching safepoint: 359000 ns, At safepoint: 9400 ns, Total: 368400 ns
[2021-04-25T15:47:44.548+0000][7][gc,start     ] GC(27) Pause Young (Normal) (G1 Evacuation Pause)
[2021-04-25T15:47:44.551+0000][7][gc,task      ] GC(27) Using 2 workers of 2 for evacuation
[2021-04-25T15:47:44.554+0000][7][gc,age       ] GC(27) Desired survivor size 20447232 bytes, new threshold 15 (max threshold 15)
[2021-04-25T15:47:44.612+0000][7][gc,age       ] GC(27) Age table with threshold 15 (max threshold 15)
[2021-04-25T15:47:44.613+0000][7][gc,age       ] GC(27) - age   1:      32128 bytes,      32128 total
[2021-04-25T15:47:44.614+0000][7][gc,age       ] GC(27) - age   2:       1496 bytes,      33624 total
[2021-04-25T15:47:44.615+0000][7][gc,age       ] GC(27) - age   3:      16832 bytes,      50456 total
[2021-04-25T15:47:44.615+0000][7][gc,age       ] GC(27) - age   4:       9392 bytes,      59848 total
[2021-04-25T15:47:44.615+0000][7][gc,age       ] GC(27) - age   5:     117040 bytes,     176888 total
[2021-04-25T15:47:44.616+0000][7][gc,age       ] GC(27) - age   6:      41640 bytes,     218528 total
[2021-04-25T15:47:44.616+0000][7][gc,age       ] GC(27) - age   7:     171104 bytes,     389632 total
[2021-04-25T15:47:44.617+0000][7][gc,age       ] GC(27) - age   8:     734016 bytes,    1123648 total
[2021-04-25T15:47:44.617+0000][7][gc,age       ] GC(27) - age   9:     151792 bytes,    1275440 total
[2021-04-25T15:47:44.617+0000][7][gc,age       ] GC(27) - age  10:    6376112 bytes,    7651552 total
[2021-04-25T15:47:44.618+0000][7][gc,age       ] GC(27) - age  11:    6807248 bytes,   14458800 total
[2021-04-25T15:47:44.618+0000][7][gc,age       ] GC(27) - age  12:     605992 bytes,   15064792 total
[2021-04-25T15:47:44.619+0000][7][gc,phases    ] GC(27)   Pre Evacuate Collection Set: 0.4ms
[2021-04-25T15:47:44.619+0000][7][gc,phases    ] GC(27)   Merge Heap Roots: 0.4ms
[2021-04-25T15:47:44.619+0000][7][gc,phases    ] GC(27)   Evacuate Collection Set: 52.1ms
[2021-04-25T15:47:44.620+0000][7][gc,phases    ] GC(27)   Post Evacuate Collection Set: 2.5ms
[2021-04-25T15:47:44.620+0000][7][gc,phases    ] GC(27)   Other: 14.8ms
[2021-04-25T15:47:44.620+0000][7][gc,heap      ] GC(27) Eden regions: 291->0(291)
[2021-04-25T15:47:44.621+0000][7][gc,heap      ] GC(27) Survivor regions: 15->15(39)
[2021-04-25T15:47:44.621+0000][7][gc,heap      ] GC(27) Old regions: 54->54
[2021-04-25T15:47:44.621+0000][7][gc,heap      ] GC(27) Archive regions: 2->2
[2021-04-25T15:47:44.622+0000][7][gc,heap      ] GC(27) Humongous regions: 7->7
[2021-04-25T15:47:44.622+0000][7][gc,metaspace ] GC(27) Metaspace: 89525K(96868K)->89525K(96868K) NonClass: 77516K(81816K)->77516K(81816K) Class: 12009K(15052K)->12009K(15052K)
[2021-04-25T15:47:44.622+0000][7][gc           ] GC(27) Pause Young (Normal) (G1 Evacuation Pause) 366M->75M(512M) 73.818ms
[2021-04-25T15:47:44.622+0000][7][gc,cpu       ] GC(27) User=0.11s Sys=0.00s Real=0.07s
[2021-04-25T15:47:44.623+0000][7][safepoint    ] Safepoint "G1CollectForAllocation", Time since last: 111689256900 ns, Reaching safepoint: 638100 ns, At safepoint: 74586400 ns, Total: 75224500 ns
[2021-04-25T15:50:35.687+0000][7][safepoint    ] Safepoint "Cleanup", Time since last: 171064072700 ns, Reaching safepoint: 500500 ns, At safepoint: 10700 ns, Total: 511200 ns
[2021-04-25T15:50:53.698+0000][7][safepoint    ] Safepoint "Cleanup", Time since last: 18010121500 ns, Reaching safepoint: 346700 ns, At safepoint: 10100 ns, Total: 356800 ns
[2021-04-25T15:50:56.701+0000][7][safepoint    ] Safepoint "Cleanup", Time since last: 3003197400 ns, Reaching safepoint: 363800 ns, At safepoint: 10600 ns, Total: 374400 ns
[2021-04-25T15:52:25.742+0000][7][safepoint    ] Safepoint "Cleanup", Time since last: 89039831800 ns, Reaching safepoint: 880600 ns, At safepoint: 46300 ns, Total: 926900 ns
[2021-04-25T15:52:56.757+0000][7][safepoint    ] Safepoint "Cleanup", Time since last: 31014186200 ns, Reaching safepoint: 464000 ns, At safepoint: 10600 ns, Total: 474600 ns
[2021-04-25T15:53:56.783+0000][7][safepoint    ] Safepoint "Cleanup", Time since last: 60026244600 ns, Reaching safepoint: 436300 ns, At safepoint: 9800 ns, Total: 446100 ns
[2021-04-25T15:54:25.797+0000][7][safepoint    ] Safepoint "Cleanup", Time since last: 29013148600 ns, Reaching safepoint: 466200 ns, At safepoint: 11200 ns, Total: 477400 ns
[2021-04-25T15:54:26.800+0000][7][safepoint    ] Safepoint "Cleanup", Time since last: 1002963500 ns, Reaching safepoint: 297500 ns, At safepoint: 13600 ns, Total: 311100 ns
[2021-04-25T15:57:30.466+0000][7][gc,start     ] GC(28) Pause Young (Normal) (G1 Evacuation Pause)
[2021-04-25T15:57:30.469+0000][7][gc,task      ] GC(28) Using 2 workers of 2 for evacuation
[2021-04-25T15:57:30.472+0000][7][gc,age       ] GC(28) Desired survivor size 20447232 bytes, new threshold 15 (max threshold 15)
[2021-04-25T15:57:30.518+0000][7][gc,age       ] GC(28) Age table with threshold 15 (max threshold 15)
[2021-04-25T15:57:30.518+0000][7][gc,age       ] GC(28) - age   1:      36016 bytes,      36016 total
[2021-04-25T15:57:30.519+0000][7][gc,age       ] GC(28) - age   2:        176 bytes,      36192 total
[2021-04-25T15:57:30.520+0000][7][gc,age       ] GC(28) - age   3:       1296 bytes,      37488 total
[2021-04-25T15:57:30.520+0000][7][gc,age       ] GC(28) - age   4:      16832 bytes,      54320 total
[2021-04-25T15:57:30.521+0000][7][gc,age       ] GC(28) - age   5:       9352 bytes,      63672 total
[2021-04-25T15:57:30.521+0000][7][gc,age       ] GC(28) - age   6:     117040 bytes,     180712 total
[2021-04-25T15:57:30.522+0000][7][gc,age       ] GC(28) - age   7:      41640 bytes,     222352 total
[2021-04-25T15:57:30.522+0000][7][gc,age       ] GC(28) - age   8:     171104 bytes,     393456 total
[2021-04-25T15:57:30.523+0000][7][gc,age       ] GC(28) - age   9:     734016 bytes,    1127472 total
[2021-04-25T15:57:30.523+0000][7][gc,age       ] GC(28) - age  10:     151792 bytes,    1279264 total
[2021-04-25T15:57:30.523+0000][7][gc,age       ] GC(28) - age  11:    6376112 bytes,    7655376 total
[2021-04-25T15:57:30.524+0000][7][gc,age       ] GC(28) - age  12:    6807248 bytes,   14462624 total
[2021-04-25T15:57:30.524+0000][7][gc,age       ] GC(28) - age  13:     605992 bytes,   15068616 total
[2021-04-25T15:57:30.525+0000][7][gc,phases    ] GC(28)   Pre Evacuate Collection Set: 0.6ms
[2021-04-25T15:57:30.525+0000][7][gc,phases    ] GC(28)   Merge Heap Roots: 0.5ms
[2021-04-25T15:57:30.526+0000][7][gc,phases    ] GC(28)   Evacuate Collection Set: 39.4ms
[2021-04-25T15:57:30.526+0000][7][gc,phases    ] GC(28)   Post Evacuate Collection Set: 2.0ms
[2021-04-25T15:57:30.526+0000][7][gc,phases    ] GC(28)   Other: 16.2ms
[2021-04-25T15:57:30.527+0000][7][gc,heap      ] GC(28) Eden regions: 291->0(291)
[2021-04-25T15:57:30.527+0000][7][gc,heap      ] GC(28) Survivor regions: 15->15(39)
[2021-04-25T15:57:30.528+0000][7][gc,heap      ] GC(28) Old regions: 54->54
[2021-04-25T15:57:30.528+0000][7][gc,heap      ] GC(28) Archive regions: 2->2
[2021-04-25T15:57:30.528+0000][7][gc,heap      ] GC(28) Humongous regions: 7->7
[2021-04-25T15:57:30.529+0000][7][gc,metaspace ] GC(28) Metaspace: 89551K(96868K)->89551K(96868K) NonClass: 77541K(81816K)->77541K(81816K) Class: 12009K(15052K)->12009K(15052K)
[2021-04-25T15:57:30.529+0000][7][gc           ] GC(28) Pause Young (Normal) (G1 Evacuation Pause) 366M->75M(512M) 62.983ms
[2021-04-25T15:57:30.529+0000][7][gc,cpu       ] GC(28) User=0.08s Sys=0.00s Real=0.06s
[2021-04-25T15:57:30.530+0000][7][safepoint    ] Safepoint "G1CollectForAllocation", Time since last: 183665330200 ns, Reaching safepoint: 424400 ns, At safepoint: 63853000 ns, Total: 64277400 ns
[2021-04-25T16:01:22.620+0000][7][safepoint    ] Safepoint "Cleanup", Time since last: 232089674400 ns, Reaching safepoint: 435800 ns, At safepoint: 11500 ns, Total: 447300 ns
[2021-04-25T16:01:26.625+0000][7][safepoint    ] Safepoint "Cleanup", Time since last: 4004481000 ns, Reaching safepoint: 346100 ns, At safepoint: 11900 ns, Total: 358000 ns
[2021-04-25T16:03:56.685+0000][7][safepoint    ] Safepoint "Cleanup", Time since last: 150059079000 ns, Reaching safepoint: 750000 ns, At safepoint: 10400 ns, Total: 760400 ns
[2021-04-25T16:05:55.729+0000][7][safepoint    ] Safepoint "Cleanup", Time since last: 119044154700 ns, Reaching safepoint: 510200 ns, At safepoint: 10400 ns, Total: 520600 ns
[2021-04-25T16:07:11.414+0000][7][gc,start     ] GC(29) Pause Young (Normal) (G1 Evacuation Pause)
[2021-04-25T16:07:11.416+0000][7][gc,task      ] GC(29) Using 2 workers of 2 for evacuation
[2021-04-25T16:07:11.419+0000][7][gc,age       ] GC(29) Desired survivor size 20447232 bytes, new threshold 15 (max threshold 15)
[2021-04-25T16:07:11.470+0000][7][gc,age       ] GC(29) Age table with threshold 15 (max threshold 15)
[2021-04-25T16:07:11.471+0000][7][gc,age       ] GC(29) - age   1:      47912 bytes,      47912 total
[2021-04-25T16:07:11.472+0000][7][gc,age       ] GC(29) - age   2:       3984 bytes,      51896 total
[2021-04-25T16:07:11.472+0000][7][gc,age       ] GC(29) - age   3:        136 bytes,      52032 total
[2021-04-25T16:07:11.472+0000][7][gc,age       ] GC(29) - age   4:       1296 bytes,      53328 total
[2021-04-25T16:07:11.473+0000][7][gc,age       ] GC(29) - age   5:        680 bytes,      54008 total
[2021-04-25T16:07:11.473+0000][7][gc,age       ] GC(29) - age   6:       9256 bytes,      63264 total
[2021-04-25T16:07:11.474+0000][7][gc,age       ] GC(29) - age   7:     117040 bytes,     180304 total
[2021-04-25T16:07:11.474+0000][7][gc,age       ] GC(29) - age   8:      41640 bytes,     221944 total
[2021-04-25T16:07:11.474+0000][7][gc,age       ] GC(29) - age   9:     171104 bytes,     393048 total
[2021-04-25T16:07:11.475+0000][7][gc,age       ] GC(29) - age  10:     734016 bytes,    1127064 total
[2021-04-25T16:07:11.475+0000][7][gc,age       ] GC(29) - age  11:     151752 bytes,    1278816 total
[2021-04-25T16:07:11.476+0000][7][gc,age       ] GC(29) - age  12:    6376112 bytes,    7654928 total
[2021-04-25T16:07:11.476+0000][7][gc,age       ] GC(29) - age  13:    6807248 bytes,   14462176 total
[2021-04-25T16:07:11.476+0000][7][gc,age       ] GC(29) - age  14:     605992 bytes,   15068168 total
[2021-04-25T16:07:11.477+0000][7][gc,phases    ] GC(29)   Pre Evacuate Collection Set: 0.7ms
[2021-04-25T16:07:11.477+0000][7][gc,phases    ] GC(29)   Merge Heap Roots: 0.6ms
[2021-04-25T16:07:11.478+0000][7][gc,phases    ] GC(29)   Evacuate Collection Set: 44.9ms
[2021-04-25T16:07:11.478+0000][7][gc,phases    ] GC(29)   Post Evacuate Collection Set: 2.4ms
[2021-04-25T16:07:11.478+0000][7][gc,phases    ] GC(29)   Other: 14.2ms
[2021-04-25T16:07:11.479+0000][7][gc,heap      ] GC(29) Eden regions: 291->0(291)
[2021-04-25T16:07:11.479+0000][7][gc,heap      ] GC(29) Survivor regions: 15->15(39)
[2021-04-25T16:07:11.479+0000][7][gc,heap      ] GC(29) Old regions: 54->54
[2021-04-25T16:07:11.480+0000][7][gc,heap      ] GC(29) Archive regions: 2->2
[2021-04-25T16:07:11.480+0000][7][gc,heap      ] GC(29) Humongous regions: 7->7
[2021-04-25T16:07:11.480+0000][7][gc,metaspace ] GC(29) Metaspace: 89560K(96868K)->89560K(96868K) NonClass: 77550K(81816K)->77550K(81816K) Class: 12009K(15052K)->12009K(15052K)
[2021-04-25T16:07:11.481+0000][7][gc           ] GC(29) Pause Young (Normal) (G1 Evacuation Pause) 366M->75M(512M) 66.505ms
[2021-04-25T16:07:11.481+0000][7][gc,cpu       ] GC(29) User=0.09s Sys=0.00s Real=0.07s
[2021-04-25T16:07:11.482+0000][7][safepoint    ] Safepoint "G1CollectForAllocation", Time since last: 75684293200 ns, Reaching safepoint: 545200 ns, At safepoint: 68243900 ns, Total: 68789100 ns
[2021-04-25T16:07:47.498+0000][7][safepoint    ] Safepoint "Cleanup", Time since last: 36015425300 ns, Reaching safepoint: 447300 ns, At safepoint: 13900 ns, Total: 461200 ns
[2021-04-25T16:08:57.527+0000][7][safepoint    ] Safepoint "Cleanup", Time since last: 70028133400 ns, Reaching safepoint: 472100 ns, At safepoint: 13000 ns, Total: 485100 ns
[2021-04-25T16:09:55.549+0000][7][safepoint    ] Safepoint "Cleanup", Time since last: 58021995800 ns, Reaching safepoint: 445000 ns, At safepoint: 11800 ns, Total: 456800 ns
[2021-04-25T16:09:56.553+0000][7][safepoint    ] Safepoint "Cleanup", Time since last: 1003169900 ns, Reaching safepoint: 440900 ns, At safepoint: 11300 ns, Total: 452200 ns
[2021-04-25T16:12:25.625+0000][7][safepoint    ] Safepoint "Cleanup", Time since last: 149070961200 ns, Reaching safepoint: 594200 ns, At safepoint: 10400 ns, Total: 604600 ns
[2021-04-25T16:12:27.629+0000][7][safepoint    ] Safepoint "Cleanup", Time since last: 2003577200 ns, Reaching safepoint: 413500 ns, At safepoint: 11000 ns, Total: 424500 ns
[2021-04-25T16:16:52.313+0000][7][gc,start     ] GC(30) Pause Young (Normal) (G1 Evacuation Pause)
[2021-04-25T16:16:52.316+0000][7][gc,task      ] GC(30) Using 2 workers of 2 for evacuation
[2021-04-25T16:16:52.318+0000][7][gc,age       ] GC(30) Desired survivor size 20447232 bytes, new threshold 15 (max threshold 15)
[2021-04-25T16:16:52.367+0000][7][gc,age       ] GC(30) Age table with threshold 15 (max threshold 15)
[2021-04-25T16:16:52.368+0000][7][gc,age       ] GC(30) - age   1:      36008 bytes,      36008 total
[2021-04-25T16:16:52.369+0000][7][gc,age       ] GC(30) - age   2:      17248 bytes,      53256 total
[2021-04-25T16:16:52.369+0000][7][gc,age       ] GC(30) - age   3:       3776 bytes,      57032 total
[2021-04-25T16:16:52.369+0000][7][gc,age       ] GC(30) - age   4:        136 bytes,      57168 total
[2021-04-25T16:16:52.370+0000][7][gc,age       ] GC(30) - age   5:       1296 bytes,      58464 total
[2021-04-25T16:16:52.370+0000][7][gc,age       ] GC(30) - age   6:        640 bytes,      59104 total
[2021-04-25T16:16:52.370+0000][7][gc,age       ] GC(30) - age   7:       9216 bytes,      68320 total
[2021-04-25T16:16:52.371+0000][7][gc,age       ] GC(30) - age   8:     117040 bytes,     185360 total
[2021-04-25T16:16:52.371+0000][7][gc,age       ] GC(30) - age   9:      41640 bytes,     227000 total
[2021-04-25T16:16:52.372+0000][7][gc,age       ] GC(30) - age  10:     171104 bytes,     398104 total
[2021-04-25T16:16:52.372+0000][7][gc,age       ] GC(30) - age  11:     734016 bytes,    1132120 total
[2021-04-25T16:16:52.372+0000][7][gc,age       ] GC(30) - age  12:     151656 bytes,    1283776 total
[2021-04-25T16:16:52.373+0000][7][gc,age       ] GC(30) - age  13:    6376112 bytes,    7659888 total
[2021-04-25T16:16:52.373+0000][7][gc,age       ] GC(30) - age  14:    6807248 bytes,   14467136 total
[2021-04-25T16:16:52.373+0000][7][gc,age       ] GC(30) - age  15:     605992 bytes,   15073128 total
[2021-04-25T16:16:52.374+0000][7][gc,phases    ] GC(30)   Pre Evacuate Collection Set: 0.6ms
[2021-04-25T16:16:52.374+0000][7][gc,phases    ] GC(30)   Merge Heap Roots: 0.8ms
[2021-04-25T16:16:52.374+0000][7][gc,phases    ] GC(30)   Evacuate Collection Set: 42.4ms
[2021-04-25T16:16:52.375+0000][7][gc,phases    ] GC(30)   Post Evacuate Collection Set: 2.3ms
[2021-04-25T16:16:52.375+0000][7][gc,phases    ] GC(30)   Other: 15.0ms
[2021-04-25T16:16:52.375+0000][7][gc,heap      ] GC(30) Eden regions: 291->0(291)
[2021-04-25T16:16:52.376+0000][7][gc,heap      ] GC(30) Survivor regions: 15->15(39)
[2021-04-25T16:16:52.376+0000][7][gc,heap      ] GC(30) Old regions: 54->54
[2021-04-25T16:16:52.376+0000][7][gc,heap      ] GC(30) Archive regions: 2->2
[2021-04-25T16:16:52.377+0000][7][gc,heap      ] GC(30) Humongous regions: 7->7
[2021-04-25T16:16:52.377+0000][7][gc,metaspace ] GC(30) Metaspace: 89582K(96868K)->89582K(96868K) NonClass: 77573K(81816K)->77573K(81816K) Class: 12009K(15052K)->12009K(15052K)
[2021-04-25T16:16:52.377+0000][7][gc           ] GC(30) Pause Young (Normal) (G1 Evacuation Pause) 366M->75M(512M) 64.567ms
[2021-04-25T16:16:52.378+0000][7][gc,cpu       ] GC(30) User=0.09s Sys=0.00s Real=0.07s
[2021-04-25T16:16:52.378+0000][7][safepoint    ] Safepoint "G1CollectForAllocation", Time since last: 264683423900 ns, Reaching safepoint: 660700 ns, At safepoint: 65358400 ns, Total: 66019100 ns
[2021-04-25T16:17:26.391+0000][7][safepoint    ] Safepoint "Cleanup", Time since last: 34012648500 ns, Reaching safepoint: 165600 ns, At safepoint: 3200 ns, Total: 168800 ns
[2021-04-25T16:17:57.404+0000][7][safepoint    ] Safepoint "Cleanup", Time since last: 31012807800 ns, Reaching safepoint: 557800 ns, At safepoint: 11300 ns, Total: 569100 ns
[2021-04-25T16:19:25.440+0000][7][safepoint    ] Safepoint "Cleanup", Time since last: 88035486500 ns, Reaching safepoint: 336700 ns, At safepoint: 12500 ns, Total: 349200 ns
[2021-04-25T16:20:43.472+0000][7][safepoint    ] Safepoint "Cleanup", Time since last: 78030838700 ns, Reaching safepoint: 494500 ns, At safepoint: 12700 ns, Total: 507200 ns
[2021-04-25T16:21:26.490+0000][7][safepoint    ] Safepoint "Cleanup", Time since last: 43018502200 ns, Reaching safepoint: 409400 ns, At safepoint: 9100 ns, Total: 418500 ns
[2021-04-25T16:21:55.503+0000][7][safepoint    ] Safepoint "Cleanup", Time since last: 29011562600 ns, Reaching safepoint: 498900 ns, At safepoint: 13000 ns, Total: 511900 ns
[2021-04-25T16:22:27.518+0000][7][safepoint    ] Safepoint "Cleanup", Time since last: 32015139800 ns, Reaching safepoint: 606900 ns, At safepoint: 19900 ns, Total: 626800 ns
[2021-04-25T16:22:55.532+0000][7][safepoint    ] Safepoint "Cleanup", Time since last: 28013323700 ns, Reaching safepoint: 319900 ns, At safepoint: 9200 ns, Total: 329100 ns
[2021-04-25T16:23:57.560+0000][7][safepoint    ] Safepoint "Cleanup", Time since last: 62027089700 ns, Reaching safepoint: 439900 ns, At safepoint: 11700 ns, Total: 451600 ns
[2021-04-25T16:26:26.621+0000][7][safepoint    ] Safepoint "Cleanup", Time since last: 149060946100 ns, Reaching safepoint: 707900 ns, At safepoint: 18100 ns, Total: 726000 ns
[2021-04-25T16:26:33.262+0000][7][gc,start     ] GC(31) Pause Young (Normal) (G1 Evacuation Pause)
[2021-04-25T16:26:33.263+0000][7][gc,task      ] GC(31) Using 2 workers of 2 for evacuation
[2021-04-25T16:26:33.263+0000][7][gc,age       ] GC(31) Desired survivor size 20447232 bytes, new threshold 15 (max threshold 15)
[2021-04-25T16:26:33.282+0000][7][gc,age       ] GC(31) Age table with threshold 15 (max threshold 15)
[2021-04-25T16:26:33.283+0000][7][gc,age       ] GC(31) - age   1:      33872 bytes,      33872 total
[2021-04-25T16:26:33.283+0000][7][gc,age       ] GC(31) - age   2:       4296 bytes,      38168 total
[2021-04-25T16:26:33.284+0000][7][gc,age       ] GC(31) - age   3:      16888 bytes,      55056 total
[2021-04-25T16:26:33.284+0000][7][gc,age       ] GC(31) - age   4:       3776 bytes,      58832 total
[2021-04-25T16:26:33.285+0000][7][gc,age       ] GC(31) - age   5:        136 bytes,      58968 total
[2021-04-25T16:26:33.285+0000][7][gc,age       ] GC(31) - age   6:       1200 bytes,      60168 total
[2021-04-25T16:26:33.285+0000][7][gc,age       ] GC(31) - age   7:        640 bytes,      60808 total
[2021-04-25T16:26:33.286+0000][7][gc,age       ] GC(31) - age   8:       9216 bytes,      70024 total
[2021-04-25T16:26:33.286+0000][7][gc,age       ] GC(31) - age   9:     117040 bytes,     187064 total
[2021-04-25T16:26:33.286+0000][7][gc,age       ] GC(31) - age  10:      41640 bytes,     228704 total
[2021-04-25T16:26:33.287+0000][7][gc,age       ] GC(31) - age  11:     171104 bytes,     399808 total
[2021-04-25T16:26:33.287+0000][7][gc,age       ] GC(31) - age  12:     734016 bytes,    1133824 total
[2021-04-25T16:26:33.287+0000][7][gc,age       ] GC(31) - age  13:     151616 bytes,    1285440 total
[2021-04-25T16:26:33.288+0000][7][gc,age       ] GC(31) - age  14:    6376112 bytes,    7661552 total
[2021-04-25T16:26:33.288+0000][7][gc,age       ] GC(31) - age  15:    6807248 bytes,   14468800 total
[2021-04-25T16:26:33.288+0000][7][gc,phases    ] GC(31)   Pre Evacuate Collection Set: 0.1ms
[2021-04-25T16:26:33.289+0000][7][gc,phases    ] GC(31)   Merge Heap Roots: 0.1ms
[2021-04-25T16:26:33.289+0000][7][gc,phases    ] GC(31)   Evacuate Collection Set: 16.6ms
[2021-04-25T16:26:33.289+0000][7][gc,phases    ] GC(31)   Post Evacuate Collection Set: 1.9ms
[2021-04-25T16:26:33.289+0000][7][gc,phases    ] GC(31)   Other: 7.6ms
[2021-04-25T16:26:33.290+0000][7][gc,heap      ] GC(31) Eden regions: 291->0(291)
[2021-04-25T16:26:33.290+0000][7][gc,heap      ] GC(31) Survivor regions: 15->15(39)
[2021-04-25T16:26:33.290+0000][7][gc,heap      ] GC(31) Old regions: 54->54
[2021-04-25T16:26:33.291+0000][7][gc,heap      ] GC(31) Archive regions: 2->2
[2021-04-25T16:26:33.291+0000][7][gc,heap      ] GC(31) Humongous regions: 7->7
[2021-04-25T16:26:33.291+0000][7][gc,metaspace ] GC(31) Metaspace: 89589K(96868K)->89589K(96868K) NonClass: 77580K(81816K)->77580K(81816K) Class: 12009K(15052K)->12009K(15052K)
[2021-04-25T16:26:33.292+0000][7][gc           ] GC(31) Pause Young (Normal) (G1 Evacuation Pause) 366M->75M(512M) 29.533ms
[2021-04-25T16:26:33.292+0000][7][gc,cpu       ] GC(31) User=0.03s Sys=0.00s Real=0.03s
[2021-04-25T16:26:33.292+0000][7][safepoint    ] Safepoint "G1CollectForAllocation", Time since last: 6640518800 ns, Reaching safepoint: 115700 ns, At safepoint: 30139700 ns, Total: 30255400 ns
[2021-04-25T16:27:26.307+0000][7][safepoint    ] Safepoint "Cleanup", Time since last: 53014856900 ns, Reaching safepoint: 120900 ns, At safepoint: 2600 ns, Total: 123500 ns
[2021-04-25T16:35:53.484+0000][7][safepoint    ] Safepoint "Cleanup", Time since last: 507176496800 ns, Reaching safepoint: 682100 ns, At safepoint: 212000 ns, Total: 894100 ns
[2021-04-25T16:35:54.487+0000][7][safepoint    ] Safepoint "Cleanup", Time since last: 1002597200 ns, Reaching safepoint: 622200 ns, At safepoint: 61500 ns, Total: 683700 ns
[2021-04-25T16:35:55.490+0000][7][safepoint    ] Safepoint "Cleanup", Time since last: 1002484200 ns, Reaching safepoint: 548100 ns, At safepoint: 23500 ns, Total: 571600 ns
[2021-04-25T16:36:19.209+0000][7][gc,start     ] GC(32) Pause Young (Normal) (G1 Evacuation Pause)
[2021-04-25T16:36:19.210+0000][7][gc,task      ] GC(32) Using 2 workers of 2 for evacuation
[2021-04-25T16:36:19.211+0000][7][gc,age       ] GC(32) Desired survivor size 20447232 bytes, new threshold 15 (max threshold 15)
[2021-04-25T16:36:19.233+0000][7][gc,age       ] GC(32) Age table with threshold 15 (max threshold 15)
[2021-04-25T16:36:19.233+0000][7][gc,age       ] GC(32) - age   1:      48144 bytes,      48144 total
[2021-04-25T16:36:19.234+0000][7][gc,age       ] GC(32) - age   2:       1960 bytes,      50104 total
[2021-04-25T16:36:19.234+0000][7][gc,age       ] GC(32) - age   3:       4296 bytes,      54400 total
[2021-04-25T16:36:19.235+0000][7][gc,age       ] GC(32) - age   4:        736 bytes,      55136 total
[2021-04-25T16:36:19.235+0000][7][gc,age       ] GC(32) - age   5:       3736 bytes,      58872 total
[2021-04-25T16:36:19.236+0000][7][gc,age       ] GC(32) - age   6:        136 bytes,      59008 total
[2021-04-25T16:36:19.236+0000][7][gc,age       ] GC(32) - age   7:       1160 bytes,      60168 total
[2021-04-25T16:36:19.236+0000][7][gc,age       ] GC(32) - age   8:        640 bytes,      60808 total
[2021-04-25T16:36:19.237+0000][7][gc,age       ] GC(32) - age   9:       9216 bytes,      70024 total
[2021-04-25T16:36:19.237+0000][7][gc,age       ] GC(32) - age  10:     117040 bytes,     187064 total
[2021-04-25T16:36:19.237+0000][7][gc,age       ] GC(32) - age  11:      41640 bytes,     228704 total
[2021-04-25T16:36:19.238+0000][7][gc,age       ] GC(32) - age  12:     171104 bytes,     399808 total
[2021-04-25T16:36:19.238+0000][7][gc,age       ] GC(32) - age  13:     734016 bytes,    1133824 total
[2021-04-25T16:36:19.239+0000][7][gc,age       ] GC(32) - age  14:     151520 bytes,    1285344 total
[2021-04-25T16:36:19.239+0000][7][gc,age       ] GC(32) - age  15:    6376112 bytes,    7661456 total
[2021-04-25T16:36:19.240+0000][7][gc,phases    ] GC(32)   Pre Evacuate Collection Set: 0.1ms
[2021-04-25T16:36:19.240+0000][7][gc,phases    ] GC(32)   Merge Heap Roots: 0.3ms
[2021-04-25T16:36:19.240+0000][7][gc,phases    ] GC(32)   Evacuate Collection Set: 18.9ms
[2021-04-25T16:36:19.241+0000][7][gc,phases    ] GC(32)   Post Evacuate Collection Set: 2.1ms
[2021-04-25T16:36:19.241+0000][7][gc,phases    ] GC(32)   Other: 9.7ms
[2021-04-25T16:36:19.242+0000][7][gc,heap      ] GC(32) Eden regions: 291->0(298)
[2021-04-25T16:36:19.242+0000][7][gc,heap      ] GC(32) Survivor regions: 15->8(39)
[2021-04-25T16:36:19.242+0000][7][gc,heap      ] GC(32) Old regions: 54->61
[2021-04-25T16:36:19.243+0000][7][gc,heap      ] GC(32) Archive regions: 2->2
[2021-04-25T16:36:19.243+0000][7][gc,heap      ] GC(32) Humongous regions: 7->7
[2021-04-25T16:36:19.243+0000][7][gc,metaspace ] GC(32) Metaspace: 89596K(96868K)->89596K(96868K) NonClass: 77586K(81816K)->77586K(81816K) Class: 12009K(15052K)->12009K(15052K)
[2021-04-25T16:36:19.244+0000][7][gc           ] GC(32) Pause Young (Normal) (G1 Evacuation Pause) 366M->75M(512M) 35.375ms
[2021-04-25T16:36:19.244+0000][7][gc,cpu       ] GC(32) User=0.04s Sys=0.01s Real=0.03s
[2021-04-25T16:36:19.245+0000][7][safepoint    ] Safepoint "G1CollectForAllocation", Time since last: 23717460400 ns, Reaching safepoint: 196500 ns, At safepoint: 36172200 ns, Total: 36368700 ns
[2021-04-25T16:39:25.293+0000][7][safepoint    ] Safepoint "Cleanup", Time since last: 186047908500 ns, Reaching safepoint: 288700 ns, At safepoint: 8300 ns, Total: 297000 ns
[2021-04-25T16:39:28.296+0000][7][safepoint    ] Safepoint "Cleanup", Time since last: 3002174800 ns, Reaching safepoint: 559400 ns, At safepoint: 25100 ns, Total: 584500 ns
[2021-04-25T16:41:45.343+0000][7][safepoint    ] Safepoint "Cleanup", Time since last: 137046673500 ns, Reaching safepoint: 469600 ns, At safepoint: 11600 ns, Total: 481200 ns
[2021-04-25T16:42:57.369+0000][7][safepoint    ] Safepoint "Cleanup", Time since last: 72025856400 ns, Reaching safepoint: 556100 ns, At safepoint: 15600 ns, Total: 571700 ns
[2021-04-25T16:43:28.383+0000][7][safepoint    ] Safepoint "Cleanup", Time since last: 31013449700 ns, Reaching safepoint: 581400 ns, At safepoint: 12400 ns, Total: 593800 ns
[2021-04-25T16:43:57.397+0000][7][safepoint    ] Safepoint "Cleanup", Time since last: 29013728100 ns, Reaching safepoint: 358700 ns, At safepoint: 10500 ns, Total: 369200 ns
[2021-04-25T16:44:28.412+0000][7][safepoint    ] Safepoint "Cleanup", Time since last: 31014246100 ns, Reaching safepoint: 489600 ns, At safepoint: 11300 ns, Total: 500900 ns
[2021-04-25T16:46:15.156+0000][7][gc,start     ] GC(33) Pause Young (Normal) (G1 Evacuation Pause)
[2021-04-25T16:46:15.158+0000][7][gc,task      ] GC(33) Using 2 workers of 2 for evacuation
[2021-04-25T16:46:15.160+0000][7][gc,age       ] GC(33) Desired survivor size 20447232 bytes, new threshold 15 (max threshold 15)
[2021-04-25T16:46:15.194+0000][7][gc,age       ] GC(33) Age table with threshold 15 (max threshold 15)
[2021-04-25T16:46:15.195+0000][7][gc,age       ] GC(33) - age   1:      51824 bytes,      51824 total
[2021-04-25T16:46:15.195+0000][7][gc,age       ] GC(33) - age   2:        400 bytes,      52224 total
[2021-04-25T16:46:15.196+0000][7][gc,age       ] GC(33) - age   3:       1704 bytes,      53928 total
[2021-04-25T16:46:15.196+0000][7][gc,age       ] GC(33) - age   4:       4120 bytes,      58048 total
[2021-04-25T16:46:15.197+0000][7][gc,age       ] GC(33) - age   5:        696 bytes,      58744 total
[2021-04-25T16:46:15.197+0000][7][gc,age       ] GC(33) - age   6:       3736 bytes,      62480 total
[2021-04-25T16:46:15.198+0000][7][gc,age       ] GC(33) - age   7:        136 bytes,      62616 total
[2021-04-25T16:46:15.198+0000][7][gc,age       ] GC(33) - age   8:       1120 bytes,      63736 total
[2021-04-25T16:46:15.199+0000][7][gc,age       ] GC(33) - age   9:        640 bytes,      64376 total
[2021-04-25T16:46:15.199+0000][7][gc,age       ] GC(33) - age  10:       9216 bytes,      73592 total
[2021-04-25T16:46:15.200+0000][7][gc,age       ] GC(33) - age  11:     117040 bytes,     190632 total
[2021-04-25T16:46:15.200+0000][7][gc,age       ] GC(33) - age  12:      41640 bytes,     232272 total
[2021-04-25T16:46:15.200+0000][7][gc,age       ] GC(33) - age  13:     171104 bytes,     403376 total
[2021-04-25T16:46:15.201+0000][7][gc,age       ] GC(33) - age  14:     734016 bytes,    1137392 total
[2021-04-25T16:46:15.201+0000][7][gc,age       ] GC(33) - age  15:     151480 bytes,    1288872 total
[2021-04-25T16:46:15.202+0000][7][gc,phases    ] GC(33)   Pre Evacuate Collection Set: 0.4ms
[2021-04-25T16:46:15.202+0000][7][gc,phases    ] GC(33)   Merge Heap Roots: 0.7ms
[2021-04-25T16:46:15.202+0000][7][gc,phases    ] GC(33)   Evacuate Collection Set: 27.8ms
[2021-04-25T16:46:15.203+0000][7][gc,phases    ] GC(33)   Post Evacuate Collection Set: 2.5ms
[2021-04-25T16:46:15.203+0000][7][gc,phases    ] GC(33)   Other: 14.5ms
[2021-04-25T16:46:15.204+0000][7][gc,heap      ] GC(33) Eden regions: 298->0(304)
[2021-04-25T16:46:15.204+0000][7][gc,heap      ] GC(33) Survivor regions: 8->2(39)
[2021-04-25T16:46:15.204+0000][7][gc,heap      ] GC(33) Old regions: 61->67
[2021-04-25T16:46:15.205+0000][7][gc,heap      ] GC(33) Archive regions: 2->2
[2021-04-25T16:46:15.205+0000][7][gc,heap      ] GC(33) Humongous regions: 7->7
[2021-04-25T16:46:15.205+0000][7][gc,metaspace ] GC(33) Metaspace: 89655K(96868K)->89655K(96868K) NonClass: 77645K(81816K)->77645K(81816K) Class: 12009K(15052K)->12009K(15052K)
[2021-04-25T16:46:15.206+0000][7][gc           ] GC(33) Pause Young (Normal) (G1 Evacuation Pause) 373M->75M(512M) 49.798ms
[2021-04-25T16:46:15.206+0000][7][gc,cpu       ] GC(33) User=0.06s Sys=0.00s Real=0.05s
[2021-04-25T16:46:15.207+0000][7][safepoint    ] Safepoint "G1CollectForAllocation", Time since last: 106744160400 ns, Reaching safepoint: 408600 ns, At safepoint: 50980500 ns, Total: 51389100 ns
[2021-04-25T16:50:55.274+0000][7][safepoint    ] Safepoint "Cleanup", Time since last: 280067169200 ns, Reaching safepoint: 579100 ns, At safepoint: 13400 ns, Total: 592500 ns
[2021-04-25T16:56:21.101+0000][7][gc,start     ] GC(34) Pause Young (Normal) (G1 Evacuation Pause)
[2021-04-25T16:56:21.103+0000][7][gc,task      ] GC(34) Using 2 workers of 2 for evacuation
[2021-04-25T16:56:21.106+0000][7][gc,age       ] GC(34) Desired survivor size 20447232 bytes, new threshold 15 (max threshold 15)
[2021-04-25T16:56:21.126+0000][7][gc,age       ] GC(34) Age table with threshold 15 (max threshold 15)
[2021-04-25T16:56:21.128+0000][7][gc,age       ] GC(34) - age   1:      32424 bytes,      32424 total
[2021-04-25T16:56:21.128+0000][7][gc,age       ] GC(34) - age   2:      20024 bytes,      52448 total
[2021-04-25T16:56:21.129+0000][7][gc,age       ] GC(34) - age   3:         80 bytes,      52528 total
[2021-04-25T16:56:21.130+0000][7][gc,age       ] GC(34) - age   4:       1664 bytes,      54192 total
[2021-04-25T16:56:21.131+0000][7][gc,age       ] GC(34) - age   5:       4080 bytes,      58272 total
[2021-04-25T16:56:21.131+0000][7][gc,age       ] GC(34) - age   6:        696 bytes,      58968 total
[2021-04-25T16:56:21.132+0000][7][gc,age       ] GC(34) - age   7:       3736 bytes,      62704 total
[2021-04-25T16:56:21.132+0000][7][gc,age       ] GC(34) - age   8:        136 bytes,      62840 total
[2021-04-25T16:56:21.133+0000][7][gc,age       ] GC(34) - age   9:       1120 bytes,      63960 total
[2021-04-25T16:56:21.133+0000][7][gc,age       ] GC(34) - age  10:        640 bytes,      64600 total
[2021-04-25T16:56:21.134+0000][7][gc,age       ] GC(34) - age  11:       9216 bytes,      73816 total
[2021-04-25T16:56:21.134+0000][7][gc,age       ] GC(34) - age  12:     117040 bytes,     190856 total
[2021-04-25T16:56:21.134+0000][7][gc,age       ] GC(34) - age  13:      41640 bytes,     232496 total
[2021-04-25T16:56:21.135+0000][7][gc,age       ] GC(34) - age  14:     171104 bytes,     403600 total
[2021-04-25T16:56:21.135+0000][7][gc,age       ] GC(34) - age  15:     734016 bytes,    1137616 total
[2021-04-25T16:56:21.136+0000][7][gc,phases    ] GC(34)   Pre Evacuate Collection Set: 0.8ms
[2021-04-25T16:56:21.136+0000][7][gc,phases    ] GC(34)   Merge Heap Roots: 0.2ms
[2021-04-25T16:56:21.136+0000][7][gc,phases    ] GC(34)   Evacuate Collection Set: 14.7ms
[2021-04-25T16:56:21.137+0000][7][gc,phases    ] GC(34)   Post Evacuate Collection Set: 2.4ms
[2021-04-25T16:56:21.137+0000][7][gc,phases    ] GC(34)   Other: 17.0ms
[2021-04-25T16:56:21.138+0000][7][gc,heap      ] GC(34) Eden regions: 304->0(303)
[2021-04-25T16:56:21.138+0000][7][gc,heap      ] GC(34) Survivor regions: 2->2(39)
[2021-04-25T16:56:21.139+0000][7][gc,heap      ] GC(34) Old regions: 67->68
[2021-04-25T16:56:21.139+0000][7][gc,heap      ] GC(34) Archive regions: 2->2
[2021-04-25T16:56:21.139+0000][7][gc,heap      ] GC(34) Humongous regions: 7->7
[2021-04-25T16:56:21.140+0000][7][gc,metaspace ] GC(34) Metaspace: 89657K(96868K)->89657K(96868K) NonClass: 77647K(81816K)->77647K(81816K) Class: 12009K(15052K)->12009K(15052K)
[2021-04-25T16:56:21.140+0000][7][gc           ] GC(34) Pause Young (Normal) (G1 Evacuation Pause) 379M->76M(512M) 39.367ms
[2021-04-25T16:56:21.140+0000][7][gc,cpu       ] GC(34) User=0.04s Sys=0.00s Real=0.04s
[2021-04-25T16:56:21.141+0000][7][safepoint    ] Safepoint "G1CollectForAllocation", Time since last: 325825455800 ns, Reaching safepoint: 397200 ns, At safepoint: 40256800 ns, Total: 40654000 ns
[2021-04-25T16:59:59.221+0000][7][safepoint    ] Safepoint "Cleanup", Time since last: 218078988000 ns, Reaching safepoint: 168800 ns, At safepoint: 4500 ns, Total: 173300 ns
[2021-04-25T17:00:01.223+0000][7][safepoint    ] Safepoint "Cleanup", Time since last: 2001424600 ns, Reaching safepoint: 373200 ns, At safepoint: 10500 ns, Total: 383700 ns
[2021-04-25T17:01:29.246+0000][7][safepoint    ] Safepoint "Cleanup", Time since last: 88023557900 ns, Reaching safepoint: 180200 ns, At safepoint: 2600 ns, Total: 182800 ns
[2021-04-25T17:04:59.289+0000][7][safepoint    ] Safepoint "Cleanup", Time since last: 210042484700 ns, Reaching safepoint: 258700 ns, At safepoint: 17600 ns, Total: 276300 ns
[2021-04-25T17:05:27.296+0000][7][safepoint    ] Safepoint "Cleanup", Time since last: 28007123800 ns, Reaching safepoint: 114500 ns, At safepoint: 3300 ns, Total: 117800 ns
[2021-04-25T17:05:53.304+0000][7][safepoint    ] Safepoint "Cleanup", Time since last: 26006597000 ns, Reaching safepoint: 127100 ns, At safepoint: 2400 ns, Total: 129500 ns
[2021-04-25T17:05:54.306+0000][7][safepoint    ] Safepoint "Cleanup", Time since last: 1001105800 ns, Reaching safepoint: 306300 ns, At safepoint: 10500 ns, Total: 316800 ns
[2021-04-25T17:06:28.237+0000][7][gc,start     ] GC(35) Pause Young (Normal) (G1 Evacuation Pause)
[2021-04-25T17:06:28.238+0000][7][gc,task      ] GC(35) Using 2 workers of 2 for evacuation
[2021-04-25T17:06:28.239+0000][7][gc,age       ] GC(35) Desired survivor size 20447232 bytes, new threshold 15 (max threshold 15)
[2021-04-25T17:06:28.250+0000][7][gc,age       ] GC(35) Age table with threshold 15 (max threshold 15)
[2021-04-25T17:06:28.251+0000][7][gc,age       ] GC(35) - age   1:      55472 bytes,      55472 total
[2021-04-25T17:06:28.252+0000][7][gc,age       ] GC(35) - age   2:        504 bytes,      55976 total
[2021-04-25T17:06:28.253+0000][7][gc,age       ] GC(35) - age   3:       3456 bytes,      59432 total
[2021-04-25T17:06:28.254+0000][7][gc,age       ] GC(35) - age   4:         40 bytes,      59472 total
[2021-04-25T17:06:28.255+0000][7][gc,age       ] GC(35) - age   5:       1664 bytes,      61136 total
[2021-04-25T17:06:28.256+0000][7][gc,age       ] GC(35) - age   6:       4080 bytes,      65216 total
[2021-04-25T17:06:28.257+0000][7][gc,age       ] GC(35) - age   7:        696 bytes,      65912 total
[2021-04-25T17:06:28.258+0000][7][gc,age       ] GC(35) - age   8:       3736 bytes,      69648 total
[2021-04-25T17:06:28.259+0000][7][gc,age       ] GC(35) - age   9:        136 bytes,      69784 total
[2021-04-25T17:06:28.259+0000][7][gc,age       ] GC(35) - age  10:       1120 bytes,      70904 total
[2021-04-25T17:06:28.260+0000][7][gc,age       ] GC(35) - age  11:        640 bytes,      71544 total
[2021-04-25T17:06:28.260+0000][7][gc,age       ] GC(35) - age  12:       9216 bytes,      80760 total
[2021-04-25T17:06:28.261+0000][7][gc,age       ] GC(35) - age  13:     117040 bytes,     197800 total
[2021-04-25T17:06:28.261+0000][7][gc,age       ] GC(35) - age  14:      41640 bytes,     239440 total
[2021-04-25T17:06:28.262+0000][7][gc,age       ] GC(35) - age  15:     170976 bytes,     410416 total
[2021-04-25T17:06:28.262+0000][7][gc,phases    ] GC(35)   Pre Evacuate Collection Set: 0.2ms
[2021-04-25T17:06:28.263+0000][7][gc,phases    ] GC(35)   Merge Heap Roots: 0.1ms
[2021-04-25T17:06:28.263+0000][7][gc,phases    ] GC(35)   Evacuate Collection Set: 6.6ms
[2021-04-25T17:06:28.264+0000][7][gc,phases    ] GC(35)   Post Evacuate Collection Set: 2.8ms
[2021-04-25T17:06:28.264+0000][7][gc,phases    ] GC(35)   Other: 15.3ms
[2021-04-25T17:06:28.264+0000][7][gc,heap      ] GC(35) Eden regions: 303->0(304)
[2021-04-25T17:06:28.265+0000][7][gc,heap      ] GC(35) Survivor regions: 2->1(39)
[2021-04-25T17:06:28.265+0000][7][gc,heap      ] GC(35) Old regions: 68->69
[2021-04-25T17:06:28.265+0000][7][gc,heap      ] GC(35) Archive regions: 2->2
[2021-04-25T17:06:28.266+0000][7][gc,heap      ] GC(35) Humongous regions: 7->7
[2021-04-25T17:06:28.266+0000][7][gc,metaspace ] GC(35) Metaspace: 89662K(96868K)->89662K(96868K) NonClass: 77652K(81816K)->77652K(81816K) Class: 12010K(15052K)->12010K(15052K)
[2021-04-25T17:06:28.267+0000][7][gc           ] GC(35) Pause Young (Normal) (G1 Evacuation Pause) 379M->76M(512M) 29.249ms
[2021-04-25T17:06:28.267+0000][7][gc,cpu       ] GC(35) User=0.01s Sys=0.00s Real=0.03s
[2021-04-25T17:06:28.267+0000][7][safepoint    ] Safepoint "G1CollectForAllocation", Time since last: 33933592900 ns, Reaching safepoint: 192800 ns, At safepoint: 30180100 ns, Total: 30372900 ns
[2021-04-25T17:06:29.268+0000][7][safepoint    ] Safepoint "Cleanup", Time since last: 1000540800 ns, Reaching safepoint: 152200 ns, At safepoint: 3400 ns, Total: 155600 ns
[2021-04-25T17:06:59.277+0000][7][safepoint    ] Safepoint "Cleanup", Time since last: 30007961100 ns, Reaching safepoint: 134000 ns, At safepoint: 2700 ns, Total: 136700 ns
[2021-04-25T17:07:25.283+0000][7][safepoint    ] Safepoint "Cleanup", Time since last: 26006375400 ns, Reaching safepoint: 187700 ns, At safepoint: 3500 ns, Total: 191200 ns
[2021-04-25T17:07:29.284+0000][7][safepoint    ] Safepoint "Cleanup", Time since last: 4001463400 ns, Reaching safepoint: 105900 ns, At safepoint: 2400 ns, Total: 108300 ns
[2021-04-25T17:16:37.927+0000][7][gc,start     ] GC(36) Pause Young (Normal) (G1 Evacuation Pause)
[2021-04-25T17:16:37.930+0000][7][gc,task      ] GC(36) Using 2 workers of 2 for evacuation
[2021-04-25T17:16:37.932+0000][7][gc,age       ] GC(36) Desired survivor size 20447232 bytes, new threshold 15 (max threshold 15)
[2021-04-25T17:16:37.949+0000][7][gc,age       ] GC(36) Age table with threshold 15 (max threshold 15)
[2021-04-25T17:16:37.951+0000][7][gc,age       ] GC(36) - age   1:      36248 bytes,      36248 total
[2021-04-25T17:16:37.953+0000][7][gc,age       ] GC(36) - age   2:      24304 bytes,      60552 total
[2021-04-25T17:16:37.956+0000][7][gc,age       ] GC(36) - age   3:        464 bytes,      61016 total
[2021-04-25T17:16:37.957+0000][7][gc,age       ] GC(36) - age   4:       3456 bytes,      64472 total
[2021-04-25T17:16:37.958+0000][7][gc,age       ] GC(36) - age   5:         40 bytes,      64512 total
[2021-04-25T17:16:37.960+0000][7][gc,age       ] GC(36) - age   6:       1664 bytes,      66176 total
[2021-04-25T17:16:37.961+0000][7][gc,age       ] GC(36) - age   7:       4080 bytes,      70256 total
[2021-04-25T17:16:37.962+0000][7][gc,age       ] GC(36) - age   8:        696 bytes,      70952 total
[2021-04-25T17:16:37.963+0000][7][gc,age       ] GC(36) - age   9:       3736 bytes,      74688 total
[2021-04-25T17:16:37.964+0000][7][gc,age       ] GC(36) - age  10:        136 bytes,      74824 total
[2021-04-25T17:16:37.965+0000][7][gc,age       ] GC(36) - age  11:       1120 bytes,      75944 total
[2021-04-25T17:16:37.966+0000][7][gc,age       ] GC(36) - age  12:        640 bytes,      76584 total
[2021-04-25T17:16:37.967+0000][7][gc,age       ] GC(36) - age  13:       9216 bytes,      85800 total
[2021-04-25T17:16:37.967+0000][7][gc,age       ] GC(36) - age  14:     117040 bytes,     202840 total
[2021-04-25T17:16:37.968+0000][7][gc,age       ] GC(36) - age  15:      41640 bytes,     244480 total
[2021-04-25T17:16:37.968+0000][7][gc,phases    ] GC(36)   Pre Evacuate Collection Set: 0.8ms
[2021-04-25T17:16:37.968+0000][7][gc,phases    ] GC(36)   Merge Heap Roots: 0.3ms
[2021-04-25T17:16:37.969+0000][7][gc,phases    ] GC(36)   Evacuate Collection Set: 9.0ms
[2021-04-25T17:16:37.969+0000][7][gc,phases    ] GC(36)   Post Evacuate Collection Set: 3.8ms
[2021-04-25T17:16:37.970+0000][7][gc,phases    ] GC(36)   Other: 27.1ms
[2021-04-25T17:16:37.970+0000][7][gc,heap      ] GC(36) Eden regions: 304->0(304)
[2021-04-25T17:16:37.970+0000][7][gc,heap      ] GC(36) Survivor regions: 1->1(39)
[2021-04-25T17:16:37.971+0000][7][gc,heap      ] GC(36) Old regions: 69->69
[2021-04-25T17:16:37.971+0000][7][gc,heap      ] GC(36) Archive regions: 2->2
[2021-04-25T17:16:37.971+0000][7][gc,heap      ] GC(36) Humongous regions: 7->7
[2021-04-25T17:16:37.972+0000][7][gc,metaspace ] GC(36) Metaspace: 89680K(96868K)->89680K(96868K) NonClass: 77669K(81816K)->77669K(81816K) Class: 12010K(15052K)->12010K(15052K)
[2021-04-25T17:16:37.972+0000][7][gc           ] GC(36) Pause Young (Normal) (G1 Evacuation Pause) 380M->76M(512M) 45.131ms
[2021-04-25T17:16:37.973+0000][7][gc,cpu       ] GC(36) User=0.02s Sys=0.00s Real=0.04s
[2021-04-25T17:16:37.973+0000][7][safepoint    ] Safepoint "G1CollectForAllocation", Time since last: 548641747800 ns, Reaching safepoint: 411700 ns, At safepoint: 45950500 ns, Total: 46362200 ns
[2021-04-25T17:26:43.709+0000][7][gc,start     ] GC(37) Pause Young (Normal) (G1 Evacuation Pause)
[2021-04-25T17:26:43.711+0000][7][gc,task      ] GC(37) Using 2 workers of 2 for evacuation
[2021-04-25T17:26:43.714+0000][7][gc,age       ] GC(37) Desired survivor size 20447232 bytes, new threshold 15 (max threshold 15)
[2021-04-25T17:26:43.732+0000][7][gc,age       ] GC(37) Age table with threshold 15 (max threshold 15)
[2021-04-25T17:26:43.733+0000][7][gc,age       ] GC(37) - age   1:      31112 bytes,      31112 total
[2021-04-25T17:26:43.734+0000][7][gc,age       ] GC(37) - age   2:       4296 bytes,      35408 total
[2021-04-25T17:26:43.735+0000][7][gc,age       ] GC(37) - age   3:      24104 bytes,      59512 total
[2021-04-25T17:26:43.736+0000][7][gc,age       ] GC(37) - age   4:        464 bytes,      59976 total
[2021-04-25T17:26:43.737+0000][7][gc,age       ] GC(37) - age   5:       3456 bytes,      63432 total
[2021-04-25T17:26:43.737+0000][7][gc,age       ] GC(37) - age   7:       1664 bytes,      65096 total
[2021-04-25T17:26:43.738+0000][7][gc,age       ] GC(37) - age   8:       4080 bytes,      69176 total
[2021-04-25T17:26:43.739+0000][7][gc,age       ] GC(37) - age   9:        696 bytes,      69872 total
[2021-04-25T17:26:43.739+0000][7][gc,age       ] GC(37) - age  10:       3736 bytes,      73608 total
[2021-04-25T17:26:43.739+0000][7][gc,age       ] GC(37) - age  11:        136 bytes,      73744 total
[2021-04-25T17:26:43.740+0000][7][gc,age       ] GC(37) - age  12:       1120 bytes,      74864 total
[2021-04-25T17:26:43.740+0000][7][gc,age       ] GC(37) - age  13:        640 bytes,      75504 total
[2021-04-25T17:26:43.741+0000][7][gc,age       ] GC(37) - age  14:       9216 bytes,      84720 total
[2021-04-25T17:26:43.741+0000][7][gc,age       ] GC(37) - age  15:     117040 bytes,     201760 total
[2021-04-25T17:26:43.742+0000][7][gc,phases    ] GC(37)   Pre Evacuate Collection Set: 0.9ms
[2021-04-25T17:26:43.742+0000][7][gc,phases    ] GC(37)   Merge Heap Roots: 0.9ms
[2021-04-25T17:26:43.742+0000][7][gc,phases    ] GC(37)   Evacuate Collection Set: 10.7ms
[2021-04-25T17:26:43.743+0000][7][gc,phases    ] GC(37)   Post Evacuate Collection Set: 4.0ms
[2021-04-25T17:26:43.743+0000][7][gc,phases    ] GC(37)   Other: 16.7ms
[2021-04-25T17:26:43.744+0000][7][gc,heap      ] GC(37) Eden regions: 304->0(304)
[2021-04-25T17:26:43.744+0000][7][gc,heap      ] GC(37) Survivor regions: 1->1(39)
[2021-04-25T17:26:43.745+0000][7][gc,heap      ] GC(37) Old regions: 69->69
[2021-04-25T17:26:43.745+0000][7][gc,heap      ] GC(37) Archive regions: 2->2
[2021-04-25T17:26:43.745+0000][7][gc,heap      ] GC(37) Humongous regions: 7->7
[2021-04-25T17:26:43.746+0000][7][gc,metaspace ] GC(37) Metaspace: 89681K(96868K)->89681K(96868K) NonClass: 77671K(81816K)->77671K(81816K) Class: 12010K(15052K)->12010K(15052K)
[2021-04-25T17:26:43.746+0000][7][gc           ] GC(37) Pause Young (Normal) (G1 Evacuation Pause) 380M->76M(512M) 37.438ms
[2021-04-25T17:26:43.746+0000][7][gc,cpu       ] GC(37) User=0.02s Sys=0.00s Real=0.04s
[2021-04-25T17:26:43.747+0000][7][safepoint    ] Safepoint "G1CollectForAllocation", Time since last: 605734560400 ns, Reaching safepoint: 649200 ns, At safepoint: 38387000 ns, Total: 39036200 ns
[2021-04-25T17:27:25.765+0000][7][safepoint    ] Safepoint "Cleanup", Time since last: 42018507400 ns, Reaching safepoint: 600600 ns, At safepoint: 11500 ns, Total: 612100 ns
[2021-04-25T17:27:29.770+0000][7][safepoint    ] Safepoint "Cleanup", Time since last: 4003924500 ns, Reaching safepoint: 366400 ns, At safepoint: 62300 ns, Total: 428700 ns
[2021-04-25T17:30:29.842+0000][7][safepoint    ] Safepoint "Cleanup", Time since last: 180071146600 ns, Reaching safepoint: 772900 ns, At safepoint: 11500 ns, Total: 784400 ns
[2021-04-25T17:36:00.825+0000][7][safepoint    ] Safepoint "Cleanup", Time since last: 330982412400 ns, Reaching safepoint: 594500 ns, At safepoint: 107500 ns, Total: 702000 ns
[2021-04-25T17:36:01.886+0000][7][safepoint    ] Safepoint "Cleanup", Time since last: 1060303600 ns, Reaching safepoint: 409000 ns, At safepoint: 11700 ns, Total: 420700 ns
[2021-04-25T17:36:44.584+0000][7][gc,start     ] GC(38) Pause Young (Normal) (G1 Evacuation Pause)
[2021-04-25T17:36:44.586+0000][7][gc,task      ] GC(38) Using 2 workers of 2 for evacuation
[2021-04-25T17:36:44.589+0000][7][gc,age       ] GC(38) Desired survivor size 20447232 bytes, new threshold 15 (max threshold 15)
[2021-04-25T17:36:44.604+0000][7][gc,age       ] GC(38) Age table with threshold 15 (max threshold 15)
[2021-04-25T17:36:44.605+0000][7][gc,age       ] GC(38) - age   1:     197168 bytes,     197168 total
[2021-04-25T17:36:44.606+0000][7][gc,age       ] GC(38) - age   2:        480 bytes,     197648 total
[2021-04-25T17:36:44.607+0000][7][gc,age       ] GC(38) - age   3:       4296 bytes,     201944 total
[2021-04-25T17:36:44.609+0000][7][gc,age       ] GC(38) - age   4:      24040 bytes,     225984 total
[2021-04-25T17:36:44.610+0000][7][gc,age       ] GC(38) - age   5:        464 bytes,     226448 total
[2021-04-25T17:36:44.610+0000][7][gc,age       ] GC(38) - age   6:       3416 bytes,     229864 total
[2021-04-25T17:36:44.611+0000][7][gc,age       ] GC(38) - age   8:       1664 bytes,     231528 total
[2021-04-25T17:36:44.611+0000][7][gc,age       ] GC(38) - age   9:       4080 bytes,     235608 total
[2021-04-25T17:36:44.612+0000][7][gc,age       ] GC(38) - age  10:        696 bytes,     236304 total
[2021-04-25T17:36:44.612+0000][7][gc,age       ] GC(38) - age  11:       3736 bytes,     240040 total
[2021-04-25T17:36:44.613+0000][7][gc,age       ] GC(38) - age  12:        136 bytes,     240176 total
[2021-04-25T17:36:44.613+0000][7][gc,age       ] GC(38) - age  13:       1120 bytes,     241296 total
[2021-04-25T17:36:44.614+0000][7][gc,age       ] GC(38) - age  14:        640 bytes,     241936 total
[2021-04-25T17:36:44.614+0000][7][gc,age       ] GC(38) - age  15:       9216 bytes,     251152 total
[2021-04-25T17:36:44.615+0000][7][gc,phases    ] GC(38)   Pre Evacuate Collection Set: 0.9ms
[2021-04-25T17:36:44.615+0000][7][gc,phases    ] GC(38)   Merge Heap Roots: 0.4ms
[2021-04-25T17:36:44.615+0000][7][gc,phases    ] GC(38)   Evacuate Collection Set: 7.5ms
[2021-04-25T17:36:44.616+0000][7][gc,phases    ] GC(38)   Post Evacuate Collection Set: 3.7ms
[2021-04-25T17:36:44.616+0000][7][gc,phases    ] GC(38)   Other: 18.6ms
[2021-04-25T17:36:44.617+0000][7][gc,heap      ] GC(38) Eden regions: 304->0(304)
[2021-04-25T17:36:44.617+0000][7][gc,heap      ] GC(38) Survivor regions: 1->1(39)
[2021-04-25T17:36:44.617+0000][7][gc,heap      ] GC(38) Old regions: 69->69
[2021-04-25T17:36:44.618+0000][7][gc,heap      ] GC(38) Archive regions: 2->2
[2021-04-25T17:36:44.618+0000][7][gc,heap      ] GC(38) Humongous regions: 7->7
[2021-04-25T17:36:44.619+0000][7][gc,metaspace ] GC(38) Metaspace: 90197K(97508K)->90197K(97508K) NonClass: 78101K(82328K)->78101K(82328K) Class: 12096K(15180K)->12096K(15180K)
[2021-04-25T17:36:44.619+0000][7][gc           ] GC(38) Pause Young (Normal) (G1 Evacuation Pause) 380M->76M(512M) 35.358ms
[2021-04-25T17:36:44.619+0000][7][gc,cpu       ] GC(38) User=0.01s Sys=0.01s Real=0.04s
[2021-04-25T17:36:44.620+0000][7][safepoint    ] Safepoint "G1CollectForAllocation", Time since last: 42697136800 ns, Reaching safepoint: 540400 ns, At safepoint: 36186900 ns, Total: 36727300 ns
[2021-04-25T17:38:55.670+0000][7][safepoint    ] Safepoint "Cleanup", Time since last: 131049426800 ns, Reaching safepoint: 477700 ns, At safepoint: 9500 ns, Total: 487200 ns
[2021-04-25T17:43:29.777+0000][7][safepoint    ] Safepoint "Cleanup", Time since last: 274107076600 ns, Reaching safepoint: 437800 ns, At safepoint: 11000 ns, Total: 448800 ns
[2021-04-25T17:43:59.791+0000][7][safepoint    ] Safepoint "Cleanup", Time since last: 30013329500 ns, Reaching safepoint: 470800 ns, At safepoint: 12100 ns, Total: 482900 ns
[2021-04-25T17:46:55.450+0000][7][gc,start     ] GC(39) Pause Young (Normal) (G1 Evacuation Pause)
[2021-04-25T17:46:55.453+0000][7][gc,task      ] GC(39) Using 2 workers of 2 for evacuation
[2021-04-25T17:46:55.455+0000][7][gc,age       ] GC(39) Desired survivor size 20447232 bytes, new threshold 15 (max threshold 15)
[2021-04-25T17:46:55.477+0000][7][gc,age       ] GC(39) Age table with threshold 15 (max threshold 15)
[2021-04-25T17:46:55.479+0000][7][gc,age       ] GC(39) - age   1:      48328 bytes,      48328 total
[2021-04-25T17:46:55.480+0000][7][gc,age       ] GC(39) - age   2:     142008 bytes,     190336 total
[2021-04-25T17:46:55.481+0000][7][gc,age       ] GC(39) - age   3:        408 bytes,     190744 total
[2021-04-25T17:46:55.482+0000][7][gc,age       ] GC(39) - age   4:       4256 bytes,     195000 total
[2021-04-25T17:46:55.484+0000][7][gc,age       ] GC(39) - age   5:       7888 bytes,     202888 total
[2021-04-25T17:46:55.484+0000][7][gc,age       ] GC(39) - age   6:        464 bytes,     203352 total
[2021-04-25T17:46:55.485+0000][7][gc,age       ] GC(39) - age   7:       3416 bytes,     206768 total
[2021-04-25T17:46:55.486+0000][7][gc,age       ] GC(39) - age   9:       1664 bytes,     208432 total
[2021-04-25T17:46:55.486+0000][7][gc,age       ] GC(39) - age  10:       4080 bytes,     212512 total
[2021-04-25T17:46:55.487+0000][7][gc,age       ] GC(39) - age  11:        696 bytes,     213208 total
[2021-04-25T17:46:55.488+0000][7][gc,age       ] GC(39) - age  12:       3736 bytes,     216944 total
[2021-04-25T17:46:55.489+0000][7][gc,age       ] GC(39) - age  13:        136 bytes,     217080 total
[2021-04-25T17:46:55.489+0000][7][gc,age       ] GC(39) - age  14:       1120 bytes,     218200 total
[2021-04-25T17:46:55.490+0000][7][gc,age       ] GC(39) - age  15:        640 bytes,     218840 total
[2021-04-25T17:46:55.491+0000][7][gc,phases    ] GC(39)   Pre Evacuate Collection Set: 0.6ms
[2021-04-25T17:46:55.491+0000][7][gc,phases    ] GC(39)   Merge Heap Roots: 0.5ms
[2021-04-25T17:46:55.492+0000][7][gc,phases    ] GC(39)   Evacuate Collection Set: 12.9ms
[2021-04-25T17:46:55.493+0000][7][gc,phases    ] GC(39)   Post Evacuate Collection Set: 5.6ms
[2021-04-25T17:46:55.493+0000][7][gc,phases    ] GC(39)   Other: 20.9ms
[2021-04-25T17:46:55.494+0000][7][gc,heap      ] GC(39) Eden regions: 304->0(304)
[2021-04-25T17:46:55.494+0000][7][gc,heap      ] GC(39) Survivor regions: 1->1(39)
[2021-04-25T17:46:55.494+0000][7][gc,heap      ] GC(39) Old regions: 69->69
[2021-04-25T17:46:55.495+0000][7][gc,heap      ] GC(39) Archive regions: 2->2
[2021-04-25T17:46:55.495+0000][7][gc,heap      ] GC(39) Humongous regions: 7->7
[2021-04-25T17:46:55.495+0000][7][gc,metaspace ] GC(39) Metaspace: 90213K(97508K)->90213K(97508K) NonClass: 78116K(82328K)->78116K(82328K) Class: 12096K(15180K)->12096K(15180K)
[2021-04-25T17:46:55.496+0000][7][gc           ] GC(39) Pause Young (Normal) (G1 Evacuation Pause) 380M->76M(512M) 45.572ms
[2021-04-25T17:46:55.496+0000][7][gc,cpu       ] GC(39) User=0.02s Sys=0.01s Real=0.05s
[2021-04-25T17:46:55.497+0000][7][safepoint    ] Safepoint "G1CollectForAllocation", Time since last: 175658524000 ns, Reaching safepoint: 470700 ns, At safepoint: 46551500 ns, Total: 47022200 ns
[2021-04-25T17:47:30.511+0000][7][safepoint    ] Safepoint "Cleanup", Time since last: 35013503700 ns, Reaching safepoint: 526200 ns, At safepoint: 12100 ns, Total: 538300 ns
[2021-04-25T17:49:00.548+0000][7][safepoint    ] Safepoint "Cleanup", Time since last: 90036525700 ns, Reaching safepoint: 494800 ns, At safepoint: 12000 ns, Total: 506800 ns
[2021-04-25T17:52:26.632+0000][7][safepoint    ] Safepoint "Cleanup", Time since last: 206084234000 ns, Reaching safepoint: 433900 ns, At safepoint: 9700 ns, Total: 443600 ns
[2021-04-25T17:57:01.368+0000][7][gc,start     ] GC(40) Pause Young (Normal) (G1 Evacuation Pause)
[2021-04-25T17:57:01.370+0000][7][gc,task      ] GC(40) Using 2 workers of 2 for evacuation
[2021-04-25T17:57:01.373+0000][7][gc,age       ] GC(40) Desired survivor size 20447232 bytes, new threshold 15 (max threshold 15)
[2021-04-25T17:57:01.391+0000][7][gc,age       ] GC(40) Age table with threshold 15 (max threshold 15)
[2021-04-25T17:57:01.393+0000][7][gc,age       ] GC(40) - age   1:      34440 bytes,      34440 total
[2021-04-25T17:57:01.395+0000][7][gc,age       ] GC(40) - age   2:      16312 bytes,      50752 total
[2021-04-25T17:57:01.397+0000][7][gc,age       ] GC(40) - age   3:     141776 bytes,     192528 total
[2021-04-25T17:57:01.400+0000][7][gc,age       ] GC(40) - age   4:        408 bytes,     192936 total
[2021-04-25T17:57:01.402+0000][7][gc,age       ] GC(40) - age   5:       4256 bytes,     197192 total
[2021-04-25T17:57:01.403+0000][7][gc,age       ] GC(40) - age   6:       7848 bytes,     205040 total
[2021-04-25T17:57:01.405+0000][7][gc,age       ] GC(40) - age   7:        464 bytes,     205504 total
[2021-04-25T17:57:01.406+0000][7][gc,age       ] GC(40) - age   8:       3416 bytes,     208920 total
[2021-04-25T17:57:01.407+0000][7][gc,age       ] GC(40) - age  10:       1664 bytes,     210584 total
[2021-04-25T17:57:01.408+0000][7][gc,age       ] GC(40) - age  11:       4080 bytes,     214664 total
[2021-04-25T17:57:01.409+0000][7][gc,age       ] GC(40) - age  12:        696 bytes,     215360 total
[2021-04-25T17:57:01.410+0000][7][gc,age       ] GC(40) - age  13:       3736 bytes,     219096 total
[2021-04-25T17:57:01.411+0000][7][gc,age       ] GC(40) - age  14:        136 bytes,     219232 total
[2021-04-25T17:57:01.411+0000][7][gc,age       ] GC(40) - age  15:       1120 bytes,     220352 total
[2021-04-25T17:57:01.412+0000][7][gc,phases    ] GC(40)   Pre Evacuate Collection Set: 0.8ms
[2021-04-25T17:57:01.413+0000][7][gc,phases    ] GC(40)   Merge Heap Roots: 0.7ms
[2021-04-25T17:57:01.413+0000][7][gc,phases    ] GC(40)   Evacuate Collection Set: 7.8ms
[2021-04-25T17:57:01.414+0000][7][gc,phases    ] GC(40)   Post Evacuate Collection Set: 5.4ms
[2021-04-25T17:57:01.414+0000][7][gc,phases    ] GC(40)   Other: 30.0ms
[2021-04-25T17:57:01.415+0000][7][gc,heap      ] GC(40) Eden regions: 304->0(304)
[2021-04-25T17:57:01.415+0000][7][gc,heap      ] GC(40) Survivor regions: 1->1(39)
[2021-04-25T17:57:01.415+0000][7][gc,heap      ] GC(40) Old regions: 69->69
[2021-04-25T17:57:01.416+0000][7][gc,heap      ] GC(40) Archive regions: 2->2
[2021-04-25T17:57:01.416+0000][7][gc,heap      ] GC(40) Humongous regions: 7->7
[2021-04-25T17:57:01.416+0000][7][gc,metaspace ] GC(40) Metaspace: 90249K(97764K)->90249K(97764K) NonClass: 78153K(82584K)->78153K(82584K) Class: 12096K(15180K)->12096K(15180K)
[2021-04-25T17:57:01.417+0000][7][gc           ] GC(40) Pause Young (Normal) (G1 Evacuation Pause) 380M->76M(512M) 49.170ms
[2021-04-25T17:57:01.417+0000][7][gc,cpu       ] GC(40) User=0.02s Sys=0.00s Real=0.05s
[2021-04-25T17:57:01.418+0000][7][safepoint    ] Safepoint "G1CollectForAllocation", Time since last: 274734864400 ns, Reaching safepoint: 461000 ns, At safepoint: 50026400 ns, Total: 50487400 ns
[2021-04-25T18:05:53.624+0000][7][safepoint    ] Safepoint "Cleanup", Time since last: 532206108900 ns, Reaching safepoint: 148200 ns, At safepoint: 2700 ns, Total: 150900 ns
[2021-04-25T18:07:12.310+0000][7][gc,start     ] GC(41) Pause Young (Normal) (G1 Evacuation Pause)
[2021-04-25T18:07:12.313+0000][7][gc,task      ] GC(41) Using 2 workers of 2 for evacuation
[2021-04-25T18:07:12.315+0000][7][gc,age       ] GC(41) Desired survivor size 20447232 bytes, new threshold 15 (max threshold 15)
[2021-04-25T18:07:12.328+0000][7][gc,age       ] GC(41) Age table with threshold 15 (max threshold 15)
[2021-04-25T18:07:12.329+0000][7][gc,age       ] GC(41) - age   1:      47888 bytes,      47888 total
[2021-04-25T18:07:12.335+0000][7][gc,age       ] GC(41) - age   2:       2248 bytes,      50136 total
[2021-04-25T18:07:12.337+0000][7][gc,age       ] GC(41) - age   3:        120 bytes,      50256 total
[2021-04-25T18:07:12.338+0000][7][gc,age       ] GC(41) - age   4:     141736 bytes,     191992 total
[2021-04-25T18:07:12.338+0000][7][gc,age       ] GC(41) - age   5:        408 bytes,     192400 total
[2021-04-25T18:07:12.339+0000][7][gc,age       ] GC(41) - age   6:       4256 bytes,     196656 total
[2021-04-25T18:07:12.340+0000][7][gc,age       ] GC(41) - age   7:       7848 bytes,     204504 total
[2021-04-25T18:07:12.341+0000][7][gc,age       ] GC(41) - age   8:        464 bytes,     204968 total
[2021-04-25T18:07:12.342+0000][7][gc,age       ] GC(41) - age   9:       3416 bytes,     208384 total
[2021-04-25T18:07:12.342+0000][7][gc,age       ] GC(41) - age  11:       1664 bytes,     210048 total
[2021-04-25T18:07:12.343+0000][7][gc,age       ] GC(41) - age  12:       4080 bytes,     214128 total
[2021-04-25T18:07:12.343+0000][7][gc,age       ] GC(41) - age  13:        696 bytes,     214824 total
[2021-04-25T18:07:12.344+0000][7][gc,age       ] GC(41) - age  14:       3736 bytes,     218560 total
[2021-04-25T18:07:12.344+0000][7][gc,age       ] GC(41) - age  15:        136 bytes,     218696 total
[2021-04-25T18:07:12.344+0000][7][gc,phases    ] GC(41)   Pre Evacuate Collection Set: 0.5ms
[2021-04-25T18:07:12.345+0000][7][gc,phases    ] GC(41)   Merge Heap Roots: 0.2ms
[2021-04-25T18:07:12.345+0000][7][gc,phases    ] GC(41)   Evacuate Collection Set: 6.4ms
[2021-04-25T18:07:12.346+0000][7][gc,phases    ] GC(41)   Post Evacuate Collection Set: 3.2ms
[2021-04-25T18:07:12.346+0000][7][gc,phases    ] GC(41)   Other: 24.6ms
[2021-04-25T18:07:12.347+0000][7][gc,heap      ] GC(41) Eden regions: 304->0(304)
[2021-04-25T18:07:12.347+0000][7][gc,heap      ] GC(41) Survivor regions: 1->1(39)
[2021-04-25T18:07:12.348+0000][7][gc,heap      ] GC(41) Old regions: 69->69
[2021-04-25T18:07:12.348+0000][7][gc,heap      ] GC(41) Archive regions: 2->2
[2021-04-25T18:07:12.348+0000][7][gc,heap      ] GC(41) Humongous regions: 7->7
[2021-04-25T18:07:12.349+0000][7][gc,metaspace ] GC(41) Metaspace: 90256K(97764K)->90256K(97764K) NonClass: 78160K(82584K)->78160K(82584K) Class: 12096K(15180K)->12096K(15180K)
[2021-04-25T18:07:12.349+0000][7][gc           ] GC(41) Pause Young (Normal) (G1 Evacuation Pause) 380M->76M(512M) 39.687ms
[2021-04-25T18:07:12.350+0000][7][gc,cpu       ] GC(41) User=0.02s Sys=0.00s Real=0.04s
[2021-04-25T18:07:12.350+0000][7][safepoint    ] Safepoint "G1CollectForAllocation", Time since last: 78686349000 ns, Reaching safepoint: 485400 ns, At safepoint: 40472600 ns, Total: 40958000 ns
[2021-04-25T18:11:00.428+0000][7][safepoint    ] Safepoint "Cleanup", Time since last: 228076549600 ns, Reaching safepoint: 296200 ns, At safepoint: 8900 ns, Total: 305100 ns
[2021-04-25T18:15:53.534+0000][7][safepoint    ] Safepoint "Cleanup", Time since last: 293105665300 ns, Reaching safepoint: 782200 ns, At safepoint: 27300 ns, Total: 809500 ns
[2021-04-25T18:17:18.297+0000][7][gc,start     ] GC(42) Pause Young (Normal) (G1 Evacuation Pause)
[2021-04-25T18:17:18.297+0000][7][gc,task      ] GC(42) Using 2 workers of 2 for evacuation
[2021-04-25T18:17:18.298+0000][7][gc,age       ] GC(42) Desired survivor size 20447232 bytes, new threshold 15 (max threshold 15)
[2021-04-25T18:17:18.302+0000][7][gc,age       ] GC(42) Age table with threshold 15 (max threshold 15)
[2021-04-25T18:17:18.303+0000][7][gc,age       ] GC(42) - age   1:      33712 bytes,      33712 total
[2021-04-25T18:17:18.303+0000][7][gc,age       ] GC(42) - age   2:      16896 bytes,      50608 total
[2021-04-25T18:17:18.303+0000][7][gc,age       ] GC(42) - age   3:       2248 bytes,      52856 total
[2021-04-25T18:17:18.304+0000][7][gc,age       ] GC(42) - age   4:         80 bytes,      52936 total
[2021-04-25T18:17:18.304+0000][7][gc,age       ] GC(42) - age   5:     141736 bytes,     194672 total
[2021-04-25T18:17:18.305+0000][7][gc,age       ] GC(42) - age   6:        408 bytes,     195080 total
[2021-04-25T18:17:18.305+0000][7][gc,age       ] GC(42) - age   7:       4256 bytes,     199336 total
[2021-04-25T18:17:18.305+0000][7][gc,age       ] GC(42) - age   8:       7848 bytes,     207184 total
[2021-04-25T18:17:18.306+0000][7][gc,age       ] GC(42) - age   9:        464 bytes,     207648 total
[2021-04-25T18:17:18.306+0000][7][gc,age       ] GC(42) - age  10:       3416 bytes,     211064 total
[2021-04-25T18:17:18.306+0000][7][gc,age       ] GC(42) - age  12:       1664 bytes,     212728 total
[2021-04-25T18:17:18.307+0000][7][gc,age       ] GC(42) - age  13:       4080 bytes,     216808 total
[2021-04-25T18:17:18.307+0000][7][gc,age       ] GC(42) - age  14:        696 bytes,     217504 total
[2021-04-25T18:17:18.308+0000][7][gc,age       ] GC(42) - age  15:       3736 bytes,     221240 total
[2021-04-25T18:17:18.308+0000][7][gc,phases    ] GC(42)   Pre Evacuate Collection Set: 0.1ms
[2021-04-25T18:17:18.308+0000][7][gc,phases    ] GC(42)   Merge Heap Roots: 0.1ms
[2021-04-25T18:17:18.309+0000][7][gc,phases    ] GC(42)   Evacuate Collection Set: 2.1ms
[2021-04-25T18:17:18.309+0000][7][gc,phases    ] GC(42)   Post Evacuate Collection Set: 1.4ms
[2021-04-25T18:17:18.309+0000][7][gc,phases    ] GC(42)   Other: 7.7ms
[2021-04-25T18:17:18.310+0000][7][gc,heap      ] GC(42) Eden regions: 304->0(304)
[2021-04-25T18:17:18.310+0000][7][gc,heap      ] GC(42) Survivor regions: 1->1(39)
[2021-04-25T18:17:18.310+0000][7][gc,heap      ] GC(42) Old regions: 69->69
[2021-04-25T18:17:18.311+0000][7][gc,heap      ] GC(42) Archive regions: 2->2
[2021-04-25T18:17:18.311+0000][7][gc,heap      ] GC(42) Humongous regions: 7->7
[2021-04-25T18:17:18.311+0000][7][gc,metaspace ] GC(42) Metaspace: 90267K(97764K)->90267K(97764K) NonClass: 78170K(82584K)->78170K(82584K) Class: 12096K(15180K)->12096K(15180K)
[2021-04-25T18:17:18.312+0000][7][gc           ] GC(42) Pause Young (Normal) (G1 Evacuation Pause) 380M->76M(512M) 15.269ms
[2021-04-25T18:17:18.312+0000][7][gc,cpu       ] GC(42) User=0.00s Sys=0.00s Real=0.01s
[2021-04-25T18:17:18.312+0000][7][safepoint    ] Safepoint "G1CollectForAllocation", Time since last: 84761379200 ns, Reaching safepoint: 129600 ns, At safepoint: 15942400 ns, Total: 16072000 ns
[2021-04-25T18:17:31.316+0000][7][safepoint    ] Safepoint "Cleanup", Time since last: 13003367900 ns, Reaching safepoint: 142800 ns, At safepoint: 3800 ns, Total: 146600 ns
[2021-04-25T18:22:31.412+0000][7][safepoint    ] Safepoint "Cleanup", Time since last: 300095388000 ns, Reaching safepoint: 545000 ns, At safepoint: 15800 ns, Total: 560800 ns
[2021-04-25T18:22:55.424+0000][7][safepoint    ] Safepoint "Cleanup", Time since last: 24011117100 ns, Reaching safepoint: 434700 ns, At safepoint: 12300 ns, Total: 447000 ns
[2021-04-25T18:23:01.428+0000][7][safepoint    ] Safepoint "Cleanup", Time since last: 6004426400 ns, Reaching safepoint: 230200 ns, At safepoint: 11800 ns, Total: 242000 ns
[2021-04-25T18:23:26.441+0000][7][safepoint    ] Safepoint "Cleanup", Time since last: 25012661200 ns, Reaching safepoint: 506000 ns, At safepoint: 16400 ns, Total: 522400 ns
[2021-04-25T18:23:31.446+0000][7][safepoint    ] Safepoint "Cleanup", Time since last: 5004261500 ns, Reaching safepoint: 461700 ns, At safepoint: 10200 ns, Total: 471900 ns
[2021-04-25T18:25:53.502+0000][7][safepoint    ] Safepoint "Cleanup", Time since last: 142055650400 ns, Reaching safepoint: 456100 ns, At safepoint: 13300 ns, Total: 469400 ns
[2021-04-25T18:27:29.244+0000][7][gc,start     ] GC(43) Pause Young (Normal) (G1 Evacuation Pause)
[2021-04-25T18:27:29.244+0000][7][gc,task      ] GC(43) Using 2 workers of 2 for evacuation
[2021-04-25T18:27:29.245+0000][7][gc,age       ] GC(43) Desired survivor size 20447232 bytes, new threshold 15 (max threshold 15)
[2021-04-25T18:27:29.250+0000][7][gc,age       ] GC(43) Age table with threshold 15 (max threshold 15)
[2021-04-25T18:27:29.250+0000][7][gc,age       ] GC(43) - age   1:      20024 bytes,      20024 total
[2021-04-25T18:27:29.251+0000][7][gc,age       ] GC(43) - age   2:      17864 bytes,      37888 total
[2021-04-25T18:27:29.251+0000][7][gc,age       ] GC(43) - age   3:      16696 bytes,      54584 total
[2021-04-25T18:27:29.252+0000][7][gc,age       ] GC(43) - age   4:       2248 bytes,      56832 total
[2021-04-25T18:27:29.252+0000][7][gc,age       ] GC(43) - age   5:         80 bytes,      56912 total
[2021-04-25T18:27:29.253+0000][7][gc,age       ] GC(43) - age   6:     141736 bytes,     198648 total
[2021-04-25T18:27:29.253+0000][7][gc,age       ] GC(43) - age   7:        408 bytes,     199056 total
[2021-04-25T18:27:29.254+0000][7][gc,age       ] GC(43) - age   8:       4256 bytes,     203312 total
[2021-04-25T18:27:29.254+0000][7][gc,age       ] GC(43) - age   9:       7848 bytes,     211160 total
[2021-04-25T18:27:29.255+0000][7][gc,age       ] GC(43) - age  10:        464 bytes,     211624 total
[2021-04-25T18:27:29.255+0000][7][gc,age       ] GC(43) - age  11:       3416 bytes,     215040 total
[2021-04-25T18:27:29.256+0000][7][gc,age       ] GC(43) - age  13:       1664 bytes,     216704 total
[2021-04-25T18:27:29.256+0000][7][gc,age       ] GC(43) - age  14:       4080 bytes,     220784 total
[2021-04-25T18:27:29.256+0000][7][gc,age       ] GC(43) - age  15:        696 bytes,     221480 total
[2021-04-25T18:27:29.257+0000][7][gc,phases    ] GC(43)   Pre Evacuate Collection Set: 0.1ms
[2021-04-25T18:27:29.257+0000][7][gc,phases    ] GC(43)   Merge Heap Roots: 0.1ms
[2021-04-25T18:27:29.258+0000][7][gc,phases    ] GC(43)   Evacuate Collection Set: 2.6ms
[2021-04-25T18:27:29.258+0000][7][gc,phases    ] GC(43)   Post Evacuate Collection Set: 1.6ms
[2021-04-25T18:27:29.259+0000][7][gc,phases    ] GC(43)   Other: 8.9ms
[2021-04-25T18:27:29.259+0000][7][gc,heap      ] GC(43) Eden regions: 304->0(304)
[2021-04-25T18:27:29.259+0000][7][gc,heap      ] GC(43) Survivor regions: 1->1(39)
[2021-04-25T18:27:29.260+0000][7][gc,heap      ] GC(43) Old regions: 69->69
[2021-04-25T18:27:29.260+0000][7][gc,heap      ] GC(43) Archive regions: 2->2
[2021-04-25T18:27:29.260+0000][7][gc,heap      ] GC(43) Humongous regions: 7->7
[2021-04-25T18:27:29.261+0000][7][gc,metaspace ] GC(43) Metaspace: 90271K(97764K)->90271K(97764K) NonClass: 78174K(82584K)->78174K(82584K) Class: 12096K(15180K)->12096K(15180K)
[2021-04-25T18:27:29.261+0000][7][gc           ] GC(43) Pause Young (Normal) (G1 Evacuation Pause) 380M->76M(512M) 17.621ms
[2021-04-25T18:27:29.262+0000][7][gc,cpu       ] GC(43) User=0.00s Sys=0.00s Real=0.02s
[2021-04-25T18:27:29.262+0000][7][safepoint    ] Safepoint "G1CollectForAllocation", Time since last: 95741470500 ns, Reaching safepoint: 126800 ns, At safepoint: 18424800 ns, Total: 18551600 ns
[2021-04-25T18:28:01.270+0000][7][safepoint    ] Safepoint "Cleanup", Time since last: 32007686900 ns, Reaching safepoint: 182200 ns, At safepoint: 4400 ns, Total: 186600 ns
[2021-04-25T18:35:53.402+0000][7][safepoint    ] Safepoint "Cleanup", Time since last: 472131541400 ns, Reaching safepoint: 227900 ns, At safepoint: 4000 ns, Total: 231900 ns
[2021-04-25T18:35:54.403+0000][7][safepoint    ] Safepoint "Cleanup", Time since last: 1001268500 ns, Reaching safepoint: 356200 ns, At safepoint: 9100 ns, Total: 365300 ns
[2021-04-25T18:37:36.139+0000][7][gc,start     ] GC(44) Pause Young (Normal) (G1 Evacuation Pause)
[2021-04-25T18:37:36.141+0000][7][gc,task      ] GC(44) Using 2 workers of 2 for evacuation
[2021-04-25T18:37:36.143+0000][7][gc,age       ] GC(44) Desired survivor size 20447232 bytes, new threshold 15 (max threshold 15)
[2021-04-25T18:37:36.161+0000][7][gc,age       ] GC(44) Age table with threshold 15 (max threshold 15)
[2021-04-25T18:37:36.162+0000][7][gc,age       ] GC(44) - age   1:      30864 bytes,      30864 total
[2021-04-25T18:37:36.163+0000][7][gc,age       ] GC(44) - age   2:       3992 bytes,      34856 total
[2021-04-25T18:37:36.163+0000][7][gc,age       ] GC(44) - age   3:       1712 bytes,      36568 total
[2021-04-25T18:37:36.164+0000][7][gc,age       ] GC(44) - age   4:      16696 bytes,      53264 total
[2021-04-25T18:37:36.165+0000][7][gc,age       ] GC(44) - age   5:       2248 bytes,      55512 total
[2021-04-25T18:37:36.166+0000][7][gc,age       ] GC(44) - age   6:         80 bytes,      55592 total
[2021-04-25T18:37:36.166+0000][7][gc,age       ] GC(44) - age   7:     141736 bytes,     197328 total
[2021-04-25T18:37:36.167+0000][7][gc,age       ] GC(44) - age   8:        408 bytes,     197736 total
[2021-04-25T18:37:36.167+0000][7][gc,age       ] GC(44) - age   9:       4256 bytes,     201992 total
[2021-04-25T18:37:36.168+0000][7][gc,age       ] GC(44) - age  10:       7808 bytes,     209800 total
[2021-04-25T18:37:36.168+0000][7][gc,age       ] GC(44) - age  11:        464 bytes,     210264 total
[2021-04-25T18:37:36.169+0000][7][gc,age       ] GC(44) - age  12:       3416 bytes,     213680 total
[2021-04-25T18:37:36.169+0000][7][gc,age       ] GC(44) - age  14:       1664 bytes,     215344 total
[2021-04-25T18:37:36.170+0000][7][gc,age       ] GC(44) - age  15:       4080 bytes,     219424 total
[2021-04-25T18:37:36.170+0000][7][gc,phases    ] GC(44)   Pre Evacuate Collection Set: 0.6ms
[2021-04-25T18:37:36.171+0000][7][gc,phases    ] GC(44)   Merge Heap Roots: 0.5ms
[2021-04-25T18:37:36.171+0000][7][gc,phases    ] GC(44)   Evacuate Collection Set: 11.0ms
[2021-04-25T18:37:36.171+0000][7][gc,phases    ] GC(44)   Post Evacuate Collection Set: 2.5ms
[2021-04-25T18:37:36.172+0000][7][gc,phases    ] GC(44)   Other: 17.1ms
[2021-04-25T18:37:36.172+0000][7][gc,heap      ] GC(44) Eden regions: 304->0(304)
[2021-04-25T18:37:36.172+0000][7][gc,heap      ] GC(44) Survivor regions: 1->1(39)
[2021-04-25T18:37:36.173+0000][7][gc,heap      ] GC(44) Old regions: 69->69
[2021-04-25T18:37:36.173+0000][7][gc,heap      ] GC(44) Archive regions: 2->2
[2021-04-25T18:37:36.173+0000][7][gc,heap      ] GC(44) Humongous regions: 7->7
[2021-04-25T18:37:36.174+0000][7][gc,metaspace ] GC(44) Metaspace: 90287K(97764K)->90287K(97764K) NonClass: 78191K(82584K)->78191K(82584K) Class: 12096K(15180K)->12096K(15180K)
[2021-04-25T18:37:36.174+0000][7][gc           ] GC(44) Pause Young (Normal) (G1 Evacuation Pause) 380M->76M(512M) 35.451ms
[2021-04-25T18:37:36.174+0000][7][gc,cpu       ] GC(44) User=0.02s Sys=0.00s Real=0.04s
[2021-04-25T18:37:36.175+0000][7][safepoint    ] Safepoint "G1CollectForAllocation", Time since last: 101735205000 ns, Reaching safepoint: 579500 ns, At safepoint: 36432800 ns, Total: 37012300 ns
[2021-04-25T18:47:45.980+0000][7][gc,start     ] GC(45) Pause Young (Normal) (G1 Evacuation Pause)
[2021-04-25T18:47:45.982+0000][7][gc,task      ] GC(45) Using 2 workers of 2 for evacuation
[2021-04-25T18:47:45.985+0000][7][gc,age       ] GC(45) Desired survivor size 20447232 bytes, new threshold 15 (max threshold 15)
[2021-04-25T18:47:45.994+0000][7][gc,age       ] GC(45) Age table with threshold 15 (max threshold 15)
[2021-04-25T18:47:45.995+0000][7][gc,age       ] GC(45) - age   1:      49384 bytes,      49384 total
[2021-04-25T18:47:45.996+0000][7][gc,age       ] GC(45) - age   2:        432 bytes,      49816 total
[2021-04-25T18:47:45.997+0000][7][gc,age       ] GC(45) - age   3:       3992 bytes,      53808 total
[2021-04-25T18:47:45.997+0000][7][gc,age       ] GC(45) - age   4:       1712 bytes,      55520 total
[2021-04-25T18:47:45.998+0000][7][gc,age       ] GC(45) - age   5:        504 bytes,      56024 total
[2021-04-25T18:47:45.999+0000][7][gc,age       ] GC(45) - age   6:       2208 bytes,      58232 total
[2021-04-25T18:47:45.999+0000][7][gc,age       ] GC(45) - age   7:         80 bytes,      58312 total
[2021-04-25T18:47:46.000+0000][7][gc,age       ] GC(45) - age   8:     141736 bytes,     200048 total
[2021-04-25T18:47:46.000+0000][7][gc,age       ] GC(45) - age   9:        408 bytes,     200456 total
[2021-04-25T18:47:46.001+0000][7][gc,age       ] GC(45) - age  10:       4256 bytes,     204712 total
[2021-04-25T18:47:46.001+0000][7][gc,age       ] GC(45) - age  11:       7808 bytes,     212520 total
[2021-04-25T18:47:46.002+0000][7][gc,age       ] GC(45) - age  12:        464 bytes,     212984 total
[2021-04-25T18:47:46.002+0000][7][gc,age       ] GC(45) - age  13:       3416 bytes,     216400 total
[2021-04-25T18:47:46.003+0000][7][gc,age       ] GC(45) - age  15:       1664 bytes,     218064 total
[2021-04-25T18:47:46.003+0000][7][gc,phases    ] GC(45)   Pre Evacuate Collection Set: 0.5ms
[2021-04-25T18:47:46.003+0000][7][gc,phases    ] GC(45)   Merge Heap Roots: 0.2ms
[2021-04-25T18:47:46.003+0000][7][gc,phases    ] GC(45)   Evacuate Collection Set: 4.2ms
[2021-04-25T18:47:46.004+0000][7][gc,phases    ] GC(45)   Post Evacuate Collection Set: 2.7ms
[2021-04-25T18:47:46.004+0000][7][gc,phases    ] GC(45)   Other: 15.6ms
[2021-04-25T18:47:46.005+0000][7][gc,heap      ] GC(45) Eden regions: 304->0(304)
[2021-04-25T18:47:46.005+0000][7][gc,heap      ] GC(45) Survivor regions: 1->1(39)
[2021-04-25T18:47:46.005+0000][7][gc,heap      ] GC(45) Old regions: 69->69
[2021-04-25T18:47:46.006+0000][7][gc,heap      ] GC(45) Archive regions: 2->2
[2021-04-25T18:47:46.006+0000][7][gc,heap      ] GC(45) Humongous regions: 7->7
[2021-04-25T18:47:46.007+0000][7][gc,metaspace ] GC(45) Metaspace: 90289K(97764K)->90289K(97764K) NonClass: 78192K(82584K)->78192K(82584K) Class: 12096K(15180K)->12096K(15180K)
[2021-04-25T18:47:46.007+0000][7][gc           ] GC(45) Pause Young (Normal) (G1 Evacuation Pause) 380M->76M(512M) 27.044ms
[2021-04-25T18:47:46.007+0000][7][gc,cpu       ] GC(45) User=0.01s Sys=0.00s Real=0.03s
[2021-04-25T18:47:46.008+0000][7][safepoint    ] Safepoint "G1CollectForAllocation", Time since last: 609803685700 ns, Reaching safepoint: 717000 ns, At safepoint: 27849000 ns, Total: 28566000 ns
[2021-04-25T18:52:32.125+0000][7][safepoint    ] Safepoint "Cleanup", Time since last: 286116612200 ns, Reaching safepoint: 610600 ns, At safepoint: 22800 ns, Total: 633400 ns
[2021-04-25T18:57:53.186+0000][7][gc,start     ] GC(46) Pause Young (Normal) (G1 Evacuation Pause)
[2021-04-25T18:57:53.189+0000][7][gc,task      ] GC(46) Using 2 workers of 2 for evacuation
[2021-04-25T18:57:53.191+0000][7][gc,age       ] GC(46) Desired survivor size 20447232 bytes, new threshold 15 (max threshold 15)
[2021-04-25T18:57:53.205+0000][7][gc,age       ] GC(46) Age table with threshold 15 (max threshold 15)
[2021-04-25T18:57:53.207+0000][7][gc,age       ] GC(46) - age   1:      31808 bytes,      31808 total
[2021-04-25T18:57:53.208+0000][7][gc,age       ] GC(46) - age   2:      17312 bytes,      49120 total
[2021-04-25T18:57:53.209+0000][7][gc,age       ] GC(46) - age   3:        192 bytes,      49312 total
[2021-04-25T18:57:53.210+0000][7][gc,age       ] GC(46) - age   4:       3992 bytes,      53304 total
[2021-04-25T18:57:53.211+0000][7][gc,age       ] GC(46) - age   5:       1712 bytes,      55016 total
[2021-04-25T18:57:53.212+0000][7][gc,age       ] GC(46) - age   6:        504 bytes,      55520 total
[2021-04-25T18:57:53.213+0000][7][gc,age       ] GC(46) - age   7:       2208 bytes,      57728 total
[2021-04-25T18:57:53.214+0000][7][gc,age       ] GC(46) - age   8:         80 bytes,      57808 total
[2021-04-25T18:57:53.215+0000][7][gc,age       ] GC(46) - age   9:     141736 bytes,     199544 total
[2021-04-25T18:57:53.216+0000][7][gc,age       ] GC(46) - age  10:        408 bytes,     199952 total
[2021-04-25T18:57:53.217+0000][7][gc,age       ] GC(46) - age  11:       4256 bytes,     204208 total
[2021-04-25T18:57:53.218+0000][7][gc,age       ] GC(46) - age  12:       7808 bytes,     212016 total
[2021-04-25T18:57:53.219+0000][7][gc,age       ] GC(46) - age  13:        464 bytes,     212480 total
[2021-04-25T18:57:53.219+0000][7][gc,age       ] GC(46) - age  14:       3416 bytes,     215896 total
[2021-04-25T18:57:53.220+0000][7][gc,phases    ] GC(46)   Pre Evacuate Collection Set: 0.5ms
[2021-04-25T18:57:53.220+0000][7][gc,phases    ] GC(46)   Merge Heap Roots: 0.3ms
[2021-04-25T18:57:53.220+0000][7][gc,phases    ] GC(46)   Evacuate Collection Set: 7.3ms
[2021-04-25T18:57:53.221+0000][7][gc,phases    ] GC(46)   Post Evacuate Collection Set: 3.7ms
[2021-04-25T18:57:53.221+0000][7][gc,phases    ] GC(46)   Other: 22.1ms
[2021-04-25T18:57:53.222+0000][7][gc,heap      ] GC(46) Eden regions: 304->0(304)
[2021-04-25T18:57:53.222+0000][7][gc,heap      ] GC(46) Survivor regions: 1->1(39)
[2021-04-25T18:57:53.223+0000][7][gc,heap      ] GC(46) Old regions: 69->69
[2021-04-25T18:57:53.223+0000][7][gc,heap      ] GC(46) Archive regions: 2->2
[2021-04-25T18:57:53.224+0000][7][gc,heap      ] GC(46) Humongous regions: 7->7
[2021-04-25T18:57:53.224+0000][7][gc,metaspace ] GC(46) Metaspace: 90329K(97764K)->90329K(97764K) NonClass: 78233K(82584K)->78233K(82584K) Class: 12096K(15180K)->12096K(15180K)
[2021-04-25T18:57:53.225+0000][7][gc           ] GC(46) Pause Young (Normal) (G1 Evacuation Pause) 380M->76M(512M) 39.055ms
[2021-04-25T18:57:53.225+0000][7][gc,cpu       ] GC(46) User=0.02s Sys=0.01s Real=0.04s
[2021-04-25T18:57:53.226+0000][7][safepoint    ] Safepoint "G1CollectForAllocation", Time since last: 321061449500 ns, Reaching safepoint: 789200 ns, At safepoint: 40194900 ns, Total: 40984100 ns
[2021-04-25T19:00:32.263+0000][7][safepoint    ] Safepoint "Cleanup", Time since last: 159035394200 ns, Reaching safepoint: 129000 ns, At safepoint: 2600 ns, Total: 131600 ns
[2021-04-25T19:04:32.325+0000][7][safepoint    ] Safepoint "Cleanup", Time since last: 240061769300 ns, Reaching safepoint: 124500 ns, At safepoint: 3000 ns, Total: 127500 ns
[2021-04-25T19:05:02.334+0000][7][safepoint    ] Safepoint "Cleanup", Time since last: 30009455800 ns, Reaching safepoint: 154000 ns, At safepoint: 2500 ns, Total: 156500 ns
[2021-04-25T19:05:55.352+0000][7][safepoint    ] Safepoint "Cleanup", Time since last: 53017349300 ns, Reaching safepoint: 441400 ns, At safepoint: 11600 ns, Total: 453000 ns
[2021-04-25T19:08:02.881+0000][7][gc,start     ] GC(47) Pause Young (Normal) (G1 Evacuation Pause)
[2021-04-25T19:08:02.883+0000][7][gc,task      ] GC(47) Using 2 workers of 2 for evacuation
[2021-04-25T19:08:02.885+0000][7][gc,age       ] GC(47) Desired survivor size 20447232 bytes, new threshold 15 (max threshold 15)
[2021-04-25T19:08:02.902+0000][7][gc,age       ] GC(47) Age table with threshold 15 (max threshold 15)
[2021-04-25T19:08:02.904+0000][7][gc,age       ] GC(47) - age   1:      36264 bytes,      36264 total
[2021-04-25T19:08:02.906+0000][7][gc,age       ] GC(47) - age   2:      16752 bytes,      53016 total
[2021-04-25T19:08:02.908+0000][7][gc,age       ] GC(47) - age   3:       1120 bytes,      54136 total
[2021-04-25T19:08:02.910+0000][7][gc,age       ] GC(47) - age   4:        192 bytes,      54328 total
[2021-04-25T19:08:02.912+0000][7][gc,age       ] GC(47) - age   5:       3992 bytes,      58320 total
[2021-04-25T19:08:02.913+0000][7][gc,age       ] GC(47) - age   6:       1712 bytes,      60032 total
[2021-04-25T19:08:02.915+0000][7][gc,age       ] GC(47) - age   7:        504 bytes,      60536 total
[2021-04-25T19:08:02.916+0000][7][gc,age       ] GC(47) - age   8:       2208 bytes,      62744 total
[2021-04-25T19:08:02.917+0000][7][gc,age       ] GC(47) - age   9:         80 bytes,      62824 total
[2021-04-25T19:08:02.918+0000][7][gc,age       ] GC(47) - age  10:     141736 bytes,     204560 total
[2021-04-25T19:08:02.918+0000][7][gc,age       ] GC(47) - age  11:        408 bytes,     204968 total
[2021-04-25T19:08:02.919+0000][7][gc,age       ] GC(47) - age  12:       4256 bytes,     209224 total
[2021-04-25T19:08:02.920+0000][7][gc,age       ] GC(47) - age  13:       7808 bytes,     217032 total
[2021-04-25T19:08:02.920+0000][7][gc,age       ] GC(47) - age  14:        464 bytes,     217496 total
[2021-04-25T19:08:02.920+0000][7][gc,age       ] GC(47) - age  15:       3416 bytes,     220912 total
[2021-04-25T19:08:02.921+0000][7][gc,phases    ] GC(47)   Pre Evacuate Collection Set: 0.3ms
[2021-04-25T19:08:02.921+0000][7][gc,phases    ] GC(47)   Merge Heap Roots: 0.3ms
[2021-04-25T19:08:02.922+0000][7][gc,phases    ] GC(47)   Evacuate Collection Set: 8.8ms
[2021-04-25T19:08:02.922+0000][7][gc,phases    ] GC(47)   Post Evacuate Collection Set: 5.5ms
[2021-04-25T19:08:02.923+0000][7][gc,phases    ] GC(47)   Other: 24.7ms
[2021-04-25T19:08:02.923+0000][7][gc,heap      ] GC(47) Eden regions: 304->0(304)
[2021-04-25T19:08:02.923+0000][7][gc,heap      ] GC(47) Survivor regions: 1->1(39)
[2021-04-25T19:08:02.924+0000][7][gc,heap      ] GC(47) Old regions: 69->69
[2021-04-25T19:08:02.924+0000][7][gc,heap      ] GC(47) Archive regions: 2->2
[2021-04-25T19:08:02.924+0000][7][gc,heap      ] GC(47) Humongous regions: 7->7
[2021-04-25T19:08:02.925+0000][7][gc,metaspace ] GC(47) Metaspace: 90332K(97764K)->90332K(97764K) NonClass: 78235K(82584K)->78235K(82584K) Class: 12096K(15180K)->12096K(15180K)
[2021-04-25T19:08:02.925+0000][7][gc           ] GC(47) Pause Young (Normal) (G1 Evacuation Pause) 380M->76M(512M) 43.631ms
[2021-04-25T19:08:02.925+0000][7][gc,cpu       ] GC(47) User=0.02s Sys=0.00s Real=0.05s
[2021-04-25T19:08:02.926+0000][7][safepoint    ] Safepoint "G1CollectForAllocation", Time since last: 127529585300 ns, Reaching safepoint: 313400 ns, At safepoint: 44363100 ns, Total: 44676500 ns
[2021-04-25T19:10:58.000+0000][7][safepoint    ] Safepoint "Cleanup", Time since last: 175074037000 ns, Reaching safepoint: 227600 ns, At safepoint: 5900 ns, Total: 233500 ns
[2021-04-25T19:11:56.024+0000][7][safepoint    ] Safepoint "Cleanup", Time since last: 58022922800 ns, Reaching safepoint: 438700 ns, At safepoint: 16700 ns, Total: 455400 ns
[2021-04-25T19:12:26.039+0000][7][safepoint    ] Safepoint "Cleanup", Time since last: 30014670000 ns, Reaching safepoint: 496600 ns, At safepoint: 9600 ns, Total: 506200 ns
[2021-04-25T19:17:28.160+0000][7][safepoint    ] Safepoint "Cleanup", Time since last: 302119927200 ns, Reaching safepoint: 566800 ns, At safepoint: 14400 ns, Total: 581200 ns
[2021-04-25T19:17:29.164+0000][7][safepoint    ] Safepoint "Cleanup", Time since last: 1003151600 ns, Reaching safepoint: 601100 ns, At safepoint: 64800 ns, Total: 665900 ns
[2021-04-25T19:18:08.738+0000][7][gc,start     ] GC(48) Pause Young (Normal) (G1 Evacuation Pause)
[2021-04-25T19:18:08.739+0000][7][gc,task      ] GC(48) Using 2 workers of 2 for evacuation
[2021-04-25T19:18:08.739+0000][7][gc,age       ] GC(48) Desired survivor size 20447232 bytes, new threshold 15 (max threshold 15)
[2021-04-25T19:18:08.746+0000][7][gc,age       ] GC(48) Age table with threshold 15 (max threshold 15)
[2021-04-25T19:18:08.747+0000][7][gc,age       ] GC(48) - age   1:      32168 bytes,      32168 total
[2021-04-25T19:18:08.748+0000][7][gc,age       ] GC(48) - age   2:       4240 bytes,      36408 total
[2021-04-25T19:18:08.748+0000][7][gc,age       ] GC(48) - age   3:      16752 bytes,      53160 total
[2021-04-25T19:18:08.749+0000][7][gc,age       ] GC(48) - age   4:       1120 bytes,      54280 total
[2021-04-25T19:18:08.750+0000][7][gc,age       ] GC(48) - age   5:        192 bytes,      54472 total
[2021-04-25T19:18:08.750+0000][7][gc,age       ] GC(48) - age   6:       3992 bytes,      58464 total
[2021-04-25T19:18:08.751+0000][7][gc,age       ] GC(48) - age   7:       1712 bytes,      60176 total
[2021-04-25T19:18:08.751+0000][7][gc,age       ] GC(48) - age   8:        464 bytes,      60640 total
[2021-04-25T19:18:08.752+0000][7][gc,age       ] GC(48) - age   9:       2208 bytes,      62848 total
[2021-04-25T19:18:08.752+0000][7][gc,age       ] GC(48) - age  10:         80 bytes,      62928 total
[2021-04-25T19:18:08.753+0000][7][gc,age       ] GC(48) - age  11:     141736 bytes,     204664 total
[2021-04-25T19:18:08.753+0000][7][gc,age       ] GC(48) - age  12:        408 bytes,     205072 total
[2021-04-25T19:18:08.754+0000][7][gc,age       ] GC(48) - age  13:       4256 bytes,     209328 total
[2021-04-25T19:18:08.754+0000][7][gc,age       ] GC(48) - age  14:       7808 bytes,     217136 total
[2021-04-25T19:18:08.755+0000][7][gc,age       ] GC(48) - age  15:        464 bytes,     217600 total
[2021-04-25T19:18:08.755+0000][7][gc,phases    ] GC(48)   Pre Evacuate Collection Set: 0.2ms
[2021-04-25T19:18:08.756+0000][7][gc,phases    ] GC(48)   Merge Heap Roots: 0.1ms
[2021-04-25T19:18:08.756+0000][7][gc,phases    ] GC(48)   Evacuate Collection Set: 3.5ms
[2021-04-25T19:18:08.756+0000][7][gc,phases    ] GC(48)   Post Evacuate Collection Set: 2.5ms
[2021-04-25T19:18:08.757+0000][7][gc,phases    ] GC(48)   Other: 11.2ms
[2021-04-25T19:18:08.757+0000][7][gc,heap      ] GC(48) Eden regions: 304->0(304)
[2021-04-25T19:18:08.757+0000][7][gc,heap      ] GC(48) Survivor regions: 1->1(39)
[2021-04-25T19:18:08.758+0000][7][gc,heap      ] GC(48) Old regions: 69->69
[2021-04-25T19:18:08.758+0000][7][gc,heap      ] GC(48) Archive regions: 2->2
[2021-04-25T19:18:08.758+0000][7][gc,heap      ] GC(48) Humongous regions: 7->7
[2021-04-25T19:18:08.759+0000][7][gc,metaspace ] GC(48) Metaspace: 90334K(97764K)->90334K(97764K) NonClass: 78237K(82584K)->78237K(82584K) Class: 12097K(15180K)->12097K(15180K)
[2021-04-25T19:18:08.759+0000][7][gc           ] GC(48) Pause Young (Normal) (G1 Evacuation Pause) 380M->76M(512M) 21.468ms
[2021-04-25T19:18:08.760+0000][7][gc,cpu       ] GC(48) User=0.01s Sys=0.00s Real=0.02s
[2021-04-25T19:18:08.760+0000][7][safepoint    ] Safepoint "G1CollectForAllocation", Time since last: 39573882300 ns, Reaching safepoint: 165500 ns, At safepoint: 22189000 ns, Total: 22354500 ns
[2021-04-25T19:18:58.779+0000][7][safepoint    ] Safepoint "Cleanup", Time since last: 50018149500 ns, Reaching safepoint: 523700 ns, At safepoint: 14300 ns, Total: 538000 ns
[2021-04-25T19:21:32.841+0000][7][safepoint    ] Safepoint "Cleanup", Time since last: 154062422500 ns, Reaching safepoint: 526100 ns, At safepoint: 11100 ns, Total: 537200 ns
[2021-04-25T19:28:19.587+0000][7][gc,start     ] GC(49) Pause Young (Normal) (G1 Evacuation Pause)
[2021-04-25T19:28:19.589+0000][7][gc,task      ] GC(49) Using 2 workers of 2 for evacuation
[2021-04-25T19:28:19.593+0000][7][gc,age       ] GC(49) Desired survivor size 20447232 bytes, new threshold 15 (max threshold 15)
[2021-04-25T19:28:19.608+0000][7][gc,age       ] GC(49) Age table with threshold 15 (max threshold 15)
[2021-04-25T19:28:19.609+0000][7][gc,age       ] GC(49) - age   1:      32256 bytes,      32256 total
[2021-04-25T19:28:19.610+0000][7][gc,age       ] GC(49) - age   2:       1456 bytes,      33712 total
[2021-04-25T19:28:19.611+0000][7][gc,age       ] GC(49) - age   3:       4000 bytes,      37712 total
[2021-04-25T19:28:19.612+0000][7][gc,age       ] GC(49) - age   4:      16752 bytes,      54464 total
[2021-04-25T19:28:19.613+0000][7][gc,age       ] GC(49) - age   5:       1120 bytes,      55584 total
[2021-04-25T19:28:19.614+0000][7][gc,age       ] GC(49) - age   6:        192 bytes,      55776 total
[2021-04-25T19:28:19.614+0000][7][gc,age       ] GC(49) - age   7:       3992 bytes,      59768 total
[2021-04-25T19:28:19.615+0000][7][gc,age       ] GC(49) - age   8:       1712 bytes,      61480 total
[2021-04-25T19:28:19.615+0000][7][gc,age       ] GC(49) - age   9:        464 bytes,      61944 total
[2021-04-25T19:28:19.616+0000][7][gc,age       ] GC(49) - age  10:       2208 bytes,      64152 total
[2021-04-25T19:28:19.616+0000][7][gc,age       ] GC(49) - age  11:         80 bytes,      64232 total
[2021-04-25T19:28:19.617+0000][7][gc,age       ] GC(49) - age  12:     141736 bytes,     205968 total
[2021-04-25T19:28:19.617+0000][7][gc,age       ] GC(49) - age  13:        408 bytes,     206376 total
[2021-04-25T19:28:19.618+0000][7][gc,age       ] GC(49) - age  14:       4256 bytes,     210632 total
[2021-04-25T19:28:19.618+0000][7][gc,age       ] GC(49) - age  15:       7808 bytes,     218440 total
[2021-04-25T19:28:19.619+0000][7][gc,phases    ] GC(49)   Pre Evacuate Collection Set: 0.8ms
[2021-04-25T19:28:19.619+0000][7][gc,phases    ] GC(49)   Merge Heap Roots: 0.3ms
[2021-04-25T19:28:19.620+0000][7][gc,phases    ] GC(49)   Evacuate Collection Set: 7.9ms
[2021-04-25T19:28:19.620+0000][7][gc,phases    ] GC(49)   Post Evacuate Collection Set: 3.9ms
[2021-04-25T19:28:19.620+0000][7][gc,phases    ] GC(49)   Other: 19.1ms
[2021-04-25T19:28:19.621+0000][7][gc,heap      ] GC(49) Eden regions: 304->0(304)
[2021-04-25T19:28:19.621+0000][7][gc,heap      ] GC(49) Survivor regions: 1->1(39)
[2021-04-25T19:28:19.621+0000][7][gc,heap      ] GC(49) Old regions: 69->69
[2021-04-25T19:28:19.622+0000][7][gc,heap      ] GC(49) Archive regions: 2->2
[2021-04-25T19:28:19.622+0000][7][gc,heap      ] GC(49) Humongous regions: 7->7
[2021-04-25T19:28:19.622+0000][7][gc,metaspace ] GC(49) Metaspace: 90339K(97764K)->90339K(97764K) NonClass: 78242K(82584K)->78242K(82584K) Class: 12097K(15180K)->12097K(15180K)
[2021-04-25T19:28:19.623+0000][7][gc           ] GC(49) Pause Young (Normal) (G1 Evacuation Pause) 380M->76M(512M) 36.087ms
[2021-04-25T19:28:19.623+0000][7][gc,cpu       ] GC(49) User=0.02s Sys=0.01s Real=0.03s
[2021-04-25T19:28:19.624+0000][7][safepoint    ] Safepoint "G1CollectForAllocation", Time since last: 406744693900 ns, Reaching safepoint: 618700 ns, At safepoint: 36877400 ns, Total: 37496100 ns
[2021-04-25T19:38:28.473+0000][7][gc,start     ] GC(50) Pause Young (Normal) (G1 Evacuation Pause)
[2021-04-25T19:38:28.475+0000][7][gc,task      ] GC(50) Using 2 workers of 2 for evacuation
[2021-04-25T19:38:28.476+0000][7][gc,age       ] GC(50) Desired survivor size 20447232 bytes, new threshold 15 (max threshold 15)
[2021-04-25T19:38:28.488+0000][7][gc,age       ] GC(50) Age table with threshold 15 (max threshold 15)
[2021-04-25T19:38:28.490+0000][7][gc,age       ] GC(50) - age   1:      31104 bytes,      31104 total
[2021-04-25T19:38:28.492+0000][7][gc,age       ] GC(50) - age   2:        128 bytes,      31232 total
[2021-04-25T19:38:28.493+0000][7][gc,age       ] GC(50) - age   3:       1456 bytes,      32688 total
[2021-04-25T19:38:28.494+0000][7][gc,age       ] GC(50) - age   4:       4000 bytes,      36688 total
[2021-04-25T19:38:28.495+0000][7][gc,age       ] GC(50) - age   5:      16752 bytes,      53440 total
[2021-04-25T19:38:28.495+0000][7][gc,age       ] GC(50) - age   6:       1120 bytes,      54560 total
[2021-04-25T19:38:28.497+0000][7][gc,age       ] GC(50) - age   7:        192 bytes,      54752 total
[2021-04-25T19:38:28.497+0000][7][gc,age       ] GC(50) - age   8:       3992 bytes,      58744 total
[2021-04-25T19:38:28.498+0000][7][gc,age       ] GC(50) - age   9:       1672 bytes,      60416 total
[2021-04-25T19:38:28.499+0000][7][gc,age       ] GC(50) - age  10:        464 bytes,      60880 total
[2021-04-25T19:38:28.499+0000][7][gc,age       ] GC(50) - age  11:       2208 bytes,      63088 total
[2021-04-25T19:38:28.500+0000][7][gc,age       ] GC(50) - age  12:         80 bytes,      63168 total
[2021-04-25T19:38:28.500+0000][7][gc,age       ] GC(50) - age  13:     141736 bytes,     204904 total
[2021-04-25T19:38:28.501+0000][7][gc,age       ] GC(50) - age  14:        408 bytes,     205312 total
[2021-04-25T19:38:28.501+0000][7][gc,age       ] GC(50) - age  15:       4256 bytes,     209568 total
[2021-04-25T19:38:28.502+0000][7][gc,phases    ] GC(50)   Pre Evacuate Collection Set: 0.4ms
[2021-04-25T19:38:28.502+0000][7][gc,phases    ] GC(50)   Merge Heap Roots: 0.4ms
[2021-04-25T19:38:28.503+0000][7][gc,phases    ] GC(50)   Evacuate Collection Set: 5.7ms
[2021-04-25T19:38:28.503+0000][7][gc,phases    ] GC(50)   Post Evacuate Collection Set: 3.4ms
[2021-04-25T19:38:28.503+0000][7][gc,phases    ] GC(50)   Other: 18.6ms
[2021-04-25T19:38:28.504+0000][7][gc,heap      ] GC(50) Eden regions: 304->0(304)
[2021-04-25T19:38:28.504+0000][7][gc,heap      ] GC(50) Survivor regions: 1->1(39)
[2021-04-25T19:38:28.505+0000][7][gc,heap      ] GC(50) Old regions: 69->69
[2021-04-25T19:38:28.505+0000][7][gc,heap      ] GC(50) Archive regions: 2->2
[2021-04-25T19:38:28.505+0000][7][gc,heap      ] GC(50) Humongous regions: 7->7
[2021-04-25T19:38:28.506+0000][7][gc,metaspace ] GC(50) Metaspace: 90340K(97764K)->90340K(97764K) NonClass: 78243K(82584K)->78243K(82584K) Class: 12097K(15180K)->12097K(15180K)
[2021-04-25T19:38:28.506+0000][7][gc           ] GC(50) Pause Young (Normal) (G1 Evacuation Pause) 380M->76M(512M) 32.890ms
[2021-04-25T19:38:28.507+0000][7][gc,cpu       ] GC(50) User=0.02s Sys=0.00s Real=0.04s
[2021-04-25T19:38:28.507+0000][7][safepoint    ] Safepoint "G1CollectForAllocation", Time since last: 608849390400 ns, Reaching safepoint: 332700 ns, At safepoint: 33756900 ns, Total: 34089600 ns
[2021-04-25T19:48:36.376+0000][7][gc,start     ] GC(51) Pause Young (Normal) (G1 Evacuation Pause)
[2021-04-25T19:48:36.378+0000][7][gc,task      ] GC(51) Using 2 workers of 2 for evacuation
[2021-04-25T19:48:36.381+0000][7][gc,age       ] GC(51) Desired survivor size 20447232 bytes, new threshold 15 (max threshold 15)
[2021-04-25T19:48:36.394+0000][7][gc,age       ] GC(51) Age table with threshold 15 (max threshold 15)
[2021-04-25T19:48:36.396+0000][7][gc,age       ] GC(51) - age   1:      48304 bytes,      48304 total
[2021-04-25T19:48:36.397+0000][7][gc,age       ] GC(51) - age   2:        272 bytes,      48576 total
[2021-04-25T19:48:36.398+0000][7][gc,age       ] GC(51) - age   3:         88 bytes,      48664 total
[2021-04-25T19:48:36.399+0000][7][gc,age       ] GC(51) - age   4:       1416 bytes,      50080 total
[2021-04-25T19:48:36.400+0000][7][gc,age       ] GC(51) - age   5:       4000 bytes,      54080 total
[2021-04-25T19:48:36.401+0000][7][gc,age       ] GC(51) - age   6:        600 bytes,      54680 total
[2021-04-25T19:48:36.401+0000][7][gc,age       ] GC(51) - age   7:       1120 bytes,      55800 total
[2021-04-25T19:48:36.402+0000][7][gc,age       ] GC(51) - age   8:        192 bytes,      55992 total
[2021-04-25T19:48:36.403+0000][7][gc,age       ] GC(51) - age   9:       3992 bytes,      59984 total
[2021-04-25T19:48:36.403+0000][7][gc,age       ] GC(51) - age  10:       1672 bytes,      61656 total
[2021-04-25T19:48:36.404+0000][7][gc,age       ] GC(51) - age  11:        464 bytes,      62120 total
[2021-04-25T19:48:36.405+0000][7][gc,age       ] GC(51) - age  12:       2208 bytes,      64328 total
[2021-04-25T19:48:36.405+0000][7][gc,age       ] GC(51) - age  13:         80 bytes,      64408 total
[2021-04-25T19:48:36.406+0000][7][gc,age       ] GC(51) - age  14:     141736 bytes,     206144 total
[2021-04-25T19:48:36.406+0000][7][gc,age       ] GC(51) - age  15:        408 bytes,     206552 total
[2021-04-25T19:48:36.407+0000][7][gc,phases    ] GC(51)   Pre Evacuate Collection Set: 0.4ms
[2021-04-25T19:48:36.407+0000][7][gc,phases    ] GC(51)   Merge Heap Roots: 0.3ms
[2021-04-25T19:48:36.408+0000][7][gc,phases    ] GC(51)   Evacuate Collection Set: 6.5ms
[2021-04-25T19:48:36.408+0000][7][gc,phases    ] GC(51)   Post Evacuate Collection Set: 4.2ms
[2021-04-25T19:48:36.409+0000][7][gc,phases    ] GC(51)   Other: 19.6ms
[2021-04-25T19:48:36.409+0000][7][gc,heap      ] GC(51) Eden regions: 304->0(304)
[2021-04-25T19:48:36.409+0000][7][gc,heap      ] GC(51) Survivor regions: 1->1(39)
[2021-04-25T19:48:36.410+0000][7][gc,heap      ] GC(51) Old regions: 69->69
[2021-04-25T19:48:36.410+0000][7][gc,heap      ] GC(51) Archive regions: 2->2
[2021-04-25T19:48:36.410+0000][7][gc,heap      ] GC(51) Humongous regions: 7->7
[2021-04-25T19:48:36.411+0000][7][gc,metaspace ] GC(51) Metaspace: 90340K(97764K)->90340K(97764K) NonClass: 78243K(82584K)->78243K(82584K) Class: 12097K(15180K)->12097K(15180K)
[2021-04-25T19:48:36.411+0000][7][gc           ] GC(51) Pause Young (Normal) (G1 Evacuation Pause) 380M->76M(512M) 35.488ms
[2021-04-25T19:48:36.412+0000][7][gc,cpu       ] GC(51) User=0.02s Sys=0.01s Real=0.03s
[2021-04-25T19:48:36.412+0000][7][safepoint    ] Safepoint "G1CollectForAllocation", Time since last: 607868008100 ns, Reaching safepoint: 467300 ns, At safepoint: 36521900 ns, Total: 36989200 ns
[2021-04-25T19:50:54.466+0000][7][safepoint    ] Safepoint "Cleanup", Time since last: 138053551900 ns, Reaching safepoint: 471100 ns, At safepoint: 10400 ns, Total: 481500 ns
[2021-04-25T19:51:33.483+0000][7][safepoint    ] Safepoint "Cleanup", Time since last: 39017025000 ns, Reaching safepoint: 146700 ns, At safepoint: 3200 ns, Total: 149900 ns
[2021-04-25T19:55:53.586+0000][7][safepoint    ] Safepoint "Cleanup", Time since last: 260101997300 ns, Reaching safepoint: 615200 ns, At safepoint: 13900 ns, Total: 629100 ns
[2021-04-25T19:56:33.604+0000][7][safepoint    ] Safepoint "Cleanup", Time since last: 40017063900 ns, Reaching safepoint: 556800 ns, At safepoint: 15000 ns, Total: 571800 ns
[2021-04-25T19:58:43.315+0000][7][gc,start     ] GC(52) Pause Young (Normal) (G1 Evacuation Pause)
[2021-04-25T19:58:43.317+0000][7][gc,task      ] GC(52) Using 2 workers of 2 for evacuation
[2021-04-25T19:58:43.320+0000][7][gc,age       ] GC(52) Desired survivor size 20447232 bytes, new threshold 15 (max threshold 15)
[2021-04-25T19:58:43.342+0000][7][gc,age       ] GC(52) Age table with threshold 15 (max threshold 15)
[2021-04-25T19:58:43.344+0000][7][gc,age       ] GC(52) - age   1:      47520 bytes,      47520 total
[2021-04-25T19:58:43.346+0000][7][gc,age       ] GC(52) - age   2:        168 bytes,      47688 total
[2021-04-25T19:58:43.347+0000][7][gc,age       ] GC(52) - age   4:         88 bytes,      47776 total
[2021-04-25T19:58:43.348+0000][7][gc,age       ] GC(52) - age   5:       1416 bytes,      49192 total
[2021-04-25T19:58:43.349+0000][7][gc,age       ] GC(52) - age   6:       4000 bytes,      53192 total
[2021-04-25T19:58:43.350+0000][7][gc,age       ] GC(52) - age   7:        560 bytes,      53752 total
[2021-04-25T19:58:43.351+0000][7][gc,age       ] GC(52) - age   8:       1120 bytes,      54872 total
[2021-04-25T19:58:43.351+0000][7][gc,age       ] GC(52) - age   9:        192 bytes,      55064 total
[2021-04-25T19:58:43.352+0000][7][gc,age       ] GC(52) - age  10:       3992 bytes,      59056 total
[2021-04-25T19:58:43.352+0000][7][gc,age       ] GC(52) - age  11:       1672 bytes,      60728 total
[2021-04-25T19:58:43.353+0000][7][gc,age       ] GC(52) - age  12:        464 bytes,      61192 total
[2021-04-25T19:58:43.353+0000][7][gc,age       ] GC(52) - age  13:       2208 bytes,      63400 total
[2021-04-25T19:58:43.353+0000][7][gc,age       ] GC(52) - age  14:         80 bytes,      63480 total
[2021-04-25T19:58:43.354+0000][7][gc,age       ] GC(52) - age  15:     141736 bytes,     205216 total
[2021-04-25T19:58:43.354+0000][7][gc,phases    ] GC(52)   Pre Evacuate Collection Set: 0.8ms
[2021-04-25T19:58:43.355+0000][7][gc,phases    ] GC(52)   Merge Heap Roots: 1.0ms
[2021-04-25T19:58:43.355+0000][7][gc,phases    ] GC(52)   Evacuate Collection Set: 11.5ms
[2021-04-25T19:58:43.356+0000][7][gc,phases    ] GC(52)   Post Evacuate Collection Set: 5.8ms
[2021-04-25T19:58:43.356+0000][7][gc,phases    ] GC(52)   Other: 20.7ms
[2021-04-25T19:58:43.356+0000][7][gc,heap      ] GC(52) Eden regions: 304->0(304)
[2021-04-25T19:58:43.357+0000][7][gc,heap      ] GC(52) Survivor regions: 1->1(39)
[2021-04-25T19:58:43.357+0000][7][gc,heap      ] GC(52) Old regions: 69->69
[2021-04-25T19:58:43.357+0000][7][gc,heap      ] GC(52) Archive regions: 2->2
[2021-04-25T19:58:43.358+0000][7][gc,heap      ] GC(52) Humongous regions: 7->7
[2021-04-25T19:58:43.358+0000][7][gc,metaspace ] GC(52) Metaspace: 90345K(97764K)->90345K(97764K) NonClass: 78248K(82584K)->78248K(82584K) Class: 12097K(15180K)->12097K(15180K)
[2021-04-25T19:58:43.359+0000][7][gc           ] GC(52) Pause Young (Normal) (G1 Evacuation Pause) 380M->76M(512M) 44.006ms
[2021-04-25T19:58:43.359+0000][7][gc,cpu       ] GC(52) User=0.01s Sys=0.00s Real=0.04s
[2021-04-25T19:58:43.359+0000][7][safepoint    ] Safepoint "G1CollectForAllocation", Time since last: 129710999200 ns, Reaching safepoint: 390600 ns, At safepoint: 44734500 ns, Total: 45125100 ns
[2021-04-25T20:05:53.512+0000][7][safepoint    ] Safepoint "Cleanup", Time since last: 430150551500 ns, Reaching safepoint: 570100 ns, At safepoint: 12300 ns, Total: 582400 ns
[2021-04-25T20:08:53.253+0000][7][gc,start     ] GC(53) Pause Young (Normal) (G1 Evacuation Pause)
[2021-04-25T20:08:53.253+0000][7][gc,task      ] GC(53) Using 2 workers of 2 for evacuation
[2021-04-25T20:08:53.254+0000][7][gc,age       ] GC(53) Desired survivor size 20447232 bytes, new threshold 15 (max threshold 15)
[2021-04-25T20:08:53.258+0000][7][gc,age       ] GC(53) Age table with threshold 15 (max threshold 15)
[2021-04-25T20:08:53.258+0000][7][gc,age       ] GC(53) - age   1:      32304 bytes,      32304 total
[2021-04-25T20:08:53.259+0000][7][gc,age       ] GC(53) - age   2:      16640 bytes,      48944 total
[2021-04-25T20:08:53.259+0000][7][gc,age       ] GC(53) - age   3:        136 bytes,      49080 total
[2021-04-25T20:08:53.259+0000][7][gc,age       ] GC(53) - age   5:         88 bytes,      49168 total
[2021-04-25T20:08:53.260+0000][7][gc,age       ] GC(53) - age   6:       1416 bytes,      50584 total
[2021-04-25T20:08:53.260+0000][7][gc,age       ] GC(53) - age   7:       4000 bytes,      54584 total
[2021-04-25T20:08:53.260+0000][7][gc,age       ] GC(53) - age   8:        560 bytes,      55144 total
[2021-04-25T20:08:53.260+0000][7][gc,age       ] GC(53) - age   9:       1080 bytes,      56224 total
[2021-04-25T20:08:53.261+0000][7][gc,age       ] GC(53) - age  10:        192 bytes,      56416 total
[2021-04-25T20:08:53.261+0000][7][gc,age       ] GC(53) - age  11:       3992 bytes,      60408 total
[2021-04-25T20:08:53.262+0000][7][gc,age       ] GC(53) - age  12:       1672 bytes,      62080 total
[2021-04-25T20:08:53.262+0000][7][gc,age       ] GC(53) - age  13:        464 bytes,      62544 total
[2021-04-25T20:08:53.262+0000][7][gc,age       ] GC(53) - age  14:       2208 bytes,      64752 total
[2021-04-25T20:08:53.262+0000][7][gc,age       ] GC(53) - age  15:         80 bytes,      64832 total
[2021-04-25T20:08:53.263+0000][7][gc,phases    ] GC(53)   Pre Evacuate Collection Set: 0.2ms
[2021-04-25T20:08:53.263+0000][7][gc,phases    ] GC(53)   Merge Heap Roots: 0.1ms
[2021-04-25T20:08:53.263+0000][7][gc,phases    ] GC(53)   Evacuate Collection Set: 1.4ms
[2021-04-25T20:08:53.264+0000][7][gc,phases    ] GC(53)   Post Evacuate Collection Set: 1.5ms
[2021-04-25T20:08:53.264+0000][7][gc,phases    ] GC(53)   Other: 7.0ms
[2021-04-25T20:08:53.265+0000][7][gc,heap      ] GC(53) Eden regions: 304->0(303)
[2021-04-25T20:08:53.265+0000][7][gc,heap      ] GC(53) Survivor regions: 1->1(39)
[2021-04-25T20:08:53.265+0000][7][gc,heap      ] GC(53) Old regions: 69->70
[2021-04-25T20:08:53.266+0000][7][gc,heap      ] GC(53) Archive regions: 2->2
[2021-04-25T20:08:53.266+0000][7][gc,heap      ] GC(53) Humongous regions: 7->7
[2021-04-25T20:08:53.267+0000][7][gc,metaspace ] GC(53) Metaspace: 90345K(97764K)->90345K(97764K) NonClass: 78248K(82584K)->78248K(82584K) Class: 12097K(15180K)->12097K(15180K)
[2021-04-25T20:08:53.267+0000][7][gc           ] GC(53) Pause Young (Normal) (G1 Evacuation Pause) 380M->76M(512M) 14.441ms
[2021-04-25T20:08:53.267+0000][7][gc,cpu       ] GC(53) User=0.01s Sys=0.00s Real=0.02s
[2021-04-25T20:08:53.268+0000][7][safepoint    ] Safepoint "G1CollectForAllocation", Time since last: 179741530600 ns, Reaching safepoint: 102900 ns, At safepoint: 15202700 ns, Total: 15305600 ns
[2021-04-25T20:08:55.270+0000][7][safepoint    ] Safepoint "Cleanup", Time since last: 2001305300 ns, Reaching safepoint: 370700 ns, At safepoint: 10600 ns, Total: 381300 ns
[2021-04-25T20:15:53.390+0000][7][safepoint    ] Safepoint "Cleanup", Time since last: 418120567900 ns, Reaching safepoint: 163100 ns, At safepoint: 3100 ns, Total: 166200 ns
[2021-04-25T20:17:04.413+0000][7][safepoint    ] Safepoint "Cleanup", Time since last: 71022794100 ns, Reaching safepoint: 461200 ns, At safepoint: 11500 ns, Total: 472700 ns
[2021-04-25T20:18:59.185+0000][7][gc,start     ] GC(54) Pause Young (Normal) (G1 Evacuation Pause)
[2021-04-25T20:18:59.187+0000][7][gc,task      ] GC(54) Using 2 workers of 2 for evacuation
[2021-04-25T20:18:59.189+0000][7][gc,age       ] GC(54) Desired survivor size 19922944 bytes, new threshold 15 (max threshold 15)
[2021-04-25T20:18:59.201+0000][7][gc,age       ] GC(54) Age table with threshold 15 (max threshold 15)
[2021-04-25T20:18:59.202+0000][7][gc,age       ] GC(54) - age   1:      32000 bytes,      32000 total
[2021-04-25T20:18:59.203+0000][7][gc,age       ] GC(54) - age   2:        240 bytes,      32240 total
[2021-04-25T20:18:59.204+0000][7][gc,age       ] GC(54) - age   3:      16600 bytes,      48840 total
[2021-04-25T20:18:59.206+0000][7][gc,age       ] GC(54) - age   4:        136 bytes,      48976 total
[2021-04-25T20:18:59.206+0000][7][gc,age       ] GC(54) - age   6:         88 bytes,      49064 total
[2021-04-25T20:18:59.207+0000][7][gc,age       ] GC(54) - age   7:       1416 bytes,      50480 total
[2021-04-25T20:18:59.208+0000][7][gc,age       ] GC(54) - age   8:       4000 bytes,      54480 total
[2021-04-25T20:18:59.208+0000][7][gc,age       ] GC(54) - age   9:        560 bytes,      55040 total
[2021-04-25T20:18:59.209+0000][7][gc,age       ] GC(54) - age  10:       1080 bytes,      56120 total
[2021-04-25T20:18:59.210+0000][7][gc,age       ] GC(54) - age  11:        192 bytes,      56312 total
[2021-04-25T20:18:59.210+0000][7][gc,age       ] GC(54) - age  12:       3992 bytes,      60304 total
[2021-04-25T20:18:59.211+0000][7][gc,age       ] GC(54) - age  13:       1672 bytes,      61976 total
[2021-04-25T20:18:59.212+0000][7][gc,age       ] GC(54) - age  14:        464 bytes,      62440 total
[2021-04-25T20:18:59.212+0000][7][gc,age       ] GC(54) - age  15:       2208 bytes,      64648 total
[2021-04-25T20:18:59.213+0000][7][gc,phases    ] GC(54)   Pre Evacuate Collection Set: 0.7ms
[2021-04-25T20:18:59.214+0000][7][gc,phases    ] GC(54)   Merge Heap Roots: 0.7ms
[2021-04-25T20:18:59.214+0000][7][gc,phases    ] GC(54)   Evacuate Collection Set: 4.3ms
[2021-04-25T20:18:59.215+0000][7][gc,phases    ] GC(54)   Post Evacuate Collection Set: 3.8ms
[2021-04-25T20:18:59.215+0000][7][gc,phases    ] GC(54)   Other: 19.0ms
[2021-04-25T20:18:59.215+0000][7][gc,heap      ] GC(54) Eden regions: 303->0(303)
[2021-04-25T20:18:59.216+0000][7][gc,heap      ] GC(54) Survivor regions: 1->1(38)
[2021-04-25T20:18:59.216+0000][7][gc,heap      ] GC(54) Old regions: 70->70
[2021-04-25T20:18:59.217+0000][7][gc,heap      ] GC(54) Archive regions: 2->2
[2021-04-25T20:18:59.217+0000][7][gc,heap      ] GC(54) Humongous regions: 7->7
[2021-04-25T20:18:59.218+0000][7][gc,metaspace ] GC(54) Metaspace: 90347K(97764K)->90347K(97764K) NonClass: 78250K(82584K)->78250K(82584K) Class: 12097K(15180K)->12097K(15180K)
[2021-04-25T20:18:59.218+0000][7][gc           ] GC(54) Pause Young (Normal) (G1 Evacuation Pause) 379M->76M(512M) 33.701ms
[2021-04-25T20:18:59.219+0000][7][gc,cpu       ] GC(54) User=0.02s Sys=0.01s Real=0.04s
[2021-04-25T20:18:59.219+0000][7][safepoint    ] Safepoint "G1CollectForAllocation", Time since last: 114770606700 ns, Reaching safepoint: 409900 ns, At safepoint: 34786800 ns, Total: 35196700 ns
[2021-04-25T20:25:53.313+0000][7][safepoint    ] Safepoint "Cleanup", Time since last: 414094275600 ns, Reaching safepoint: 143300 ns, At safepoint: 3300 ns, Total: 146600 ns
[2021-04-25T20:29:05.055+0000][7][gc,start     ] GC(55) Pause Young (Normal) (G1 Evacuation Pause)
[2021-04-25T20:29:05.058+0000][7][gc,task      ] GC(55) Using 2 workers of 2 for evacuation
[2021-04-25T20:29:05.061+0000][7][gc,age       ] GC(55) Desired survivor size 19922944 bytes, new threshold 15 (max threshold 15)
[2021-04-25T20:29:05.080+0000][7][gc,age       ] GC(55) Age table with threshold 15 (max threshold 15)
[2021-04-25T20:29:05.082+0000][7][gc,age       ] GC(55) - age   1:      48792 bytes,      48792 total
[2021-04-25T20:29:05.083+0000][7][gc,age       ] GC(55) - age   2:         40 bytes,      48832 total
[2021-04-25T20:29:05.085+0000][7][gc,age       ] GC(55) - age   4:        448 bytes,      49280 total
[2021-04-25T20:29:05.086+0000][7][gc,age       ] GC(55) - age   5:         96 bytes,      49376 total
[2021-04-25T20:29:05.087+0000][7][gc,age       ] GC(55) - age   7:         88 bytes,      49464 total
[2021-04-25T20:29:05.088+0000][7][gc,age       ] GC(55) - age   8:       1416 bytes,      50880 total
[2021-04-25T20:29:05.089+0000][7][gc,age       ] GC(55) - age   9:       4000 bytes,      54880 total
[2021-04-25T20:29:05.090+0000][7][gc,age       ] GC(55) - age  10:        560 bytes,      55440 total
[2021-04-25T20:29:05.090+0000][7][gc,age       ] GC(55) - age  11:       1080 bytes,      56520 total
[2021-04-25T20:29:05.091+0000][7][gc,age       ] GC(55) - age  12:        192 bytes,      56712 total
[2021-04-25T20:29:05.091+0000][7][gc,age       ] GC(55) - age  13:       3992 bytes,      60704 total
[2021-04-25T20:29:05.092+0000][7][gc,age       ] GC(55) - age  14:       1672 bytes,      62376 total
[2021-04-25T20:29:05.092+0000][7][gc,age       ] GC(55) - age  15:        464 bytes,      62840 total
[2021-04-25T20:29:05.093+0000][7][gc,phases    ] GC(55)   Pre Evacuate Collection Set: 0.5ms
[2021-04-25T20:29:05.093+0000][7][gc,phases    ] GC(55)   Merge Heap Roots: 0.3ms
[2021-04-25T20:29:05.094+0000][7][gc,phases    ] GC(55)   Evacuate Collection Set: 10.9ms
[2021-04-25T20:29:05.094+0000][7][gc,phases    ] GC(55)   Post Evacuate Collection Set: 5.2ms
[2021-04-25T20:29:05.094+0000][7][gc,phases    ] GC(55)   Other: 20.9ms
[2021-04-25T20:29:05.095+0000][7][gc,heap      ] GC(55) Eden regions: 303->0(303)
[2021-04-25T20:29:05.095+0000][7][gc,heap      ] GC(55) Survivor regions: 1->1(38)
[2021-04-25T20:29:05.096+0000][7][gc,heap      ] GC(55) Old regions: 70->70
[2021-04-25T20:29:05.096+0000][7][gc,heap      ] GC(55) Archive regions: 2->2
[2021-04-25T20:29:05.096+0000][7][gc,heap      ] GC(55) Humongous regions: 7->7
[2021-04-25T20:29:05.097+0000][7][gc,metaspace ] GC(55) Metaspace: 90352K(97764K)->90352K(97764K) NonClass: 78254K(82584K)->78254K(82584K) Class: 12097K(15180K)->12097K(15180K)
[2021-04-25T20:29:05.097+0000][7][gc           ] GC(55) Pause Young (Normal) (G1 Evacuation Pause) 379M->76M(512M) 41.866ms
[2021-04-25T20:29:05.097+0000][7][gc,cpu       ] GC(55) User=0.02s Sys=0.00s Real=0.04s
[2021-04-25T20:29:05.098+0000][7][safepoint    ] Safepoint "G1CollectForAllocation", Time since last: 191740867600 ns, Reaching safepoint: 776900 ns, At safepoint: 42738700 ns, Total: 43515600 ns
[2021-04-25T20:35:53.234+0000][7][safepoint    ] Safepoint "Cleanup", Time since last: 408136432400 ns, Reaching safepoint: 197400 ns, At safepoint: 2800 ns, Total: 200200 ns
[2021-04-25T20:39:02.942+0000][7][gc,start     ] GC(56) Pause Young (Normal) (G1 Evacuation Pause)
[2021-04-25T20:39:02.944+0000][7][gc,task      ] GC(56) Using 2 workers of 2 for evacuation
[2021-04-25T20:39:02.946+0000][7][gc,age       ] GC(56) Desired survivor size 19922944 bytes, new threshold 15 (max threshold 15)
[2021-04-25T20:39:02.959+0000][7][gc,age       ] GC(56) Age table with threshold 15 (max threshold 15)
[2021-04-25T20:39:02.961+0000][7][gc,age       ] GC(56) - age   1:      53920 bytes,      53920 total
[2021-04-25T20:39:02.964+0000][7][gc,age       ] GC(56) - age   2:      32656 bytes,      86576 total
[2021-04-25T20:39:02.966+0000][7][gc,age       ] GC(56) - age   5:        408 bytes,      86984 total
[2021-04-25T20:39:02.968+0000][7][gc,age       ] GC(56) - age   6:         56 bytes,      87040 total
[2021-04-25T20:39:02.970+0000][7][gc,age       ] GC(56) - age   8:         88 bytes,      87128 total
[2021-04-25T20:39:02.971+0000][7][gc,age       ] GC(56) - age   9:       1416 bytes,      88544 total
[2021-04-25T20:39:02.973+0000][7][gc,age       ] GC(56) - age  10:       4000 bytes,      92544 total
[2021-04-25T20:39:02.974+0000][7][gc,age       ] GC(56) - age  11:        560 bytes,      93104 total
[2021-04-25T20:39:02.975+0000][7][gc,age       ] GC(56) - age  12:       1080 bytes,      94184 total
[2021-04-25T20:39:02.976+0000][7][gc,age       ] GC(56) - age  13:        192 bytes,      94376 total
[2021-04-25T20:39:02.977+0000][7][gc,age       ] GC(56) - age  14:       3992 bytes,      98368 total
[2021-04-25T20:39:02.978+0000][7][gc,age       ] GC(56) - age  15:       1672 bytes,     100040 total
[2021-04-25T20:39:02.978+0000][7][gc,phases    ] GC(56)   Pre Evacuate Collection Set: 0.7ms
[2021-04-25T20:39:02.979+0000][7][gc,phases    ] GC(56)   Merge Heap Roots: 0.3ms
[2021-04-25T20:39:02.979+0000][7][gc,phases    ] GC(56)   Evacuate Collection Set: 4.0ms
[2021-04-25T20:39:02.980+0000][7][gc,phases    ] GC(56)   Post Evacuate Collection Set: 5.5ms
[2021-04-25T20:39:02.980+0000][7][gc,phases    ] GC(56)   Other: 26.2ms
[2021-04-25T20:39:02.980+0000][7][gc,heap      ] GC(56) Eden regions: 303->0(303)
[2021-04-25T20:39:02.981+0000][7][gc,heap      ] GC(56) Survivor regions: 1->1(38)
[2021-04-25T20:39:02.981+0000][7][gc,heap      ] GC(56) Old regions: 70->70
[2021-04-25T20:39:02.982+0000][7][gc,heap      ] GC(56) Archive regions: 2->2
[2021-04-25T20:39:02.982+0000][7][gc,heap      ] GC(56) Humongous regions: 7->7
[2021-04-25T20:39:02.982+0000][7][gc,metaspace ] GC(56) Metaspace: 90352K(97764K)->90352K(97764K) NonClass: 78254K(82584K)->78254K(82584K) Class: 12097K(15180K)->12097K(15180K)
[2021-04-25T20:39:02.983+0000][7][gc           ] GC(56) Pause Young (Normal) (G1 Evacuation Pause) 379M->76M(512M) 41.139ms
[2021-04-25T20:39:02.983+0000][7][gc,cpu       ] GC(56) User=0.01s Sys=0.01s Real=0.04s
[2021-04-25T20:39:02.984+0000][7][safepoint    ] Safepoint "G1CollectForAllocation", Time since last: 189706979600 ns, Reaching safepoint: 452000 ns, At safepoint: 41902000 ns, Total: 42354000 ns
[2021-04-25T20:49:06.818+0000][7][gc,start     ] GC(57) Pause Young (Normal) (G1 Evacuation Pause)
[2021-04-25T20:49:06.821+0000][7][gc,task      ] GC(57) Using 2 workers of 2 for evacuation
[2021-04-25T20:49:06.823+0000][7][gc,age       ] GC(57) Desired survivor size 19922944 bytes, new threshold 15 (max threshold 15)
[2021-04-25T20:49:06.837+0000][7][gc,age       ] GC(57) Age table with threshold 15 (max threshold 15)
[2021-04-25T20:49:06.838+0000][7][gc,age       ] GC(57) - age   1:      17128 bytes,      17128 total
[2021-04-25T20:49:06.840+0000][7][gc,age       ] GC(57) - age   2:      21176 bytes,      38304 total
[2021-04-25T20:49:06.841+0000][7][gc,age       ] GC(57) - age   3:      16504 bytes,      54808 total
[2021-04-25T20:49:06.842+0000][7][gc,age       ] GC(57) - age   6:        408 bytes,      55216 total
[2021-04-25T20:49:06.843+0000][7][gc,age       ] GC(57) - age   7:         56 bytes,      55272 total
[2021-04-25T20:49:06.844+0000][7][gc,age       ] GC(57) - age   9:         88 bytes,      55360 total
[2021-04-25T20:49:06.844+0000][7][gc,age       ] GC(57) - age  10:       1416 bytes,      56776 total
[2021-04-25T20:49:06.845+0000][7][gc,age       ] GC(57) - age  11:       4000 bytes,      60776 total
[2021-04-25T20:49:06.846+0000][7][gc,age       ] GC(57) - age  12:        560 bytes,      61336 total
[2021-04-25T20:49:06.846+0000][7][gc,age       ] GC(57) - age  13:       1080 bytes,      62416 total
[2021-04-25T20:49:06.847+0000][7][gc,age       ] GC(57) - age  14:        192 bytes,      62608 total
[2021-04-25T20:49:06.847+0000][7][gc,age       ] GC(57) - age  15:       3992 bytes,      66600 total
[2021-04-25T20:49:06.848+0000][7][gc,phases    ] GC(57)   Pre Evacuate Collection Set: 0.7ms
[2021-04-25T20:49:06.848+0000][7][gc,phases    ] GC(57)   Merge Heap Roots: 0.3ms
[2021-04-25T20:49:06.849+0000][7][gc,phases    ] GC(57)   Evacuate Collection Set: 5.1ms
[2021-04-25T20:49:06.849+0000][7][gc,phases    ] GC(57)   Post Evacuate Collection Set: 3.8ms
[2021-04-25T20:49:06.849+0000][7][gc,phases    ] GC(57)   Other: 19.9ms
[2021-04-25T20:49:06.850+0000][7][gc,heap      ] GC(57) Eden regions: 303->0(303)
[2021-04-25T20:49:06.850+0000][7][gc,heap      ] GC(57) Survivor regions: 1->1(38)
[2021-04-25T20:49:06.851+0000][7][gc,heap      ] GC(57) Old regions: 70->70
[2021-04-25T20:49:06.851+0000][7][gc,heap      ] GC(57) Archive regions: 2->2
[2021-04-25T20:49:06.851+0000][7][gc,heap      ] GC(57) Humongous regions: 7->7
[2021-04-25T20:49:06.852+0000][7][gc,metaspace ] GC(57) Metaspace: 90352K(97764K)->90352K(97764K) NonClass: 78255K(82584K)->78255K(82584K) Class: 12097K(15180K)->12097K(15180K)
[2021-04-25T20:49:06.852+0000][7][gc           ] GC(57) Pause Young (Normal) (G1 Evacuation Pause) 379M->76M(512M) 34.034ms
[2021-04-25T20:49:06.853+0000][7][gc,cpu       ] GC(57) User=0.01s Sys=0.00s Real=0.03s
[2021-04-25T20:49:06.853+0000][7][safepoint    ] Safepoint "G1CollectForAllocation", Time since last: 603833457700 ns, Reaching safepoint: 573600 ns, At safepoint: 34960800 ns, Total: 35534400 ns
[2021-04-25T20:59:12.751+0000][7][gc,start     ] GC(58) Pause Young (Normal) (G1 Evacuation Pause)
[2021-04-25T20:59:12.754+0000][7][gc,task      ] GC(58) Using 2 workers of 2 for evacuation
[2021-04-25T20:59:12.756+0000][7][gc,age       ] GC(58) Desired survivor size 19922944 bytes, new threshold 15 (max threshold 15)
[2021-04-25T20:59:12.769+0000][7][gc,age       ] GC(58) Age table with threshold 15 (max threshold 15)
[2021-04-25T20:59:12.771+0000][7][gc,age       ] GC(58) - age   1:      24272 bytes,      24272 total
[2021-04-25T20:59:12.772+0000][7][gc,age       ] GC(58) - age   2:       1376 bytes,      25648 total
[2021-04-25T20:59:12.773+0000][7][gc,age       ] GC(58) - age   3:      20048 bytes,      45696 total
[2021-04-25T20:59:12.775+0000][7][gc,age       ] GC(58) - age   4:      16464 bytes,      62160 total
[2021-04-25T20:59:12.776+0000][7][gc,age       ] GC(58) - age   7:        408 bytes,      62568 total
[2021-04-25T20:59:12.777+0000][7][gc,age       ] GC(58) - age   8:         56 bytes,      62624 total
[2021-04-25T20:59:12.778+0000][7][gc,age       ] GC(58) - age  10:         88 bytes,      62712 total
[2021-04-25T20:59:12.778+0000][7][gc,age       ] GC(58) - age  11:       1416 bytes,      64128 total
[2021-04-25T20:59:12.779+0000][7][gc,age       ] GC(58) - age  12:       4000 bytes,      68128 total
[2021-04-25T20:59:12.779+0000][7][gc,age       ] GC(58) - age  13:        560 bytes,      68688 total
[2021-04-25T20:59:12.780+0000][7][gc,age       ] GC(58) - age  14:       1080 bytes,      69768 total
[2021-04-25T20:59:12.780+0000][7][gc,age       ] GC(58) - age  15:        192 bytes,      69960 total
[2021-04-25T20:59:12.781+0000][7][gc,phases    ] GC(58)   Pre Evacuate Collection Set: 0.7ms
[2021-04-25T20:59:12.781+0000][7][gc,phases    ] GC(58)   Merge Heap Roots: 0.5ms
[2021-04-25T20:59:12.782+0000][7][gc,phases    ] GC(58)   Evacuate Collection Set: 3.5ms
[2021-04-25T20:59:12.782+0000][7][gc,phases    ] GC(58)   Post Evacuate Collection Set: 4.5ms
[2021-04-25T20:59:12.782+0000][7][gc,phases    ] GC(58)   Other: 20.8ms
[2021-04-25T20:59:12.783+0000][7][gc,heap      ] GC(58) Eden regions: 303->0(303)
[2021-04-25T20:59:12.783+0000][7][gc,heap      ] GC(58) Survivor regions: 1->1(38)
[2021-04-25T20:59:12.783+0000][7][gc,heap      ] GC(58) Old regions: 70->70
[2021-04-25T20:59:12.784+0000][7][gc,heap      ] GC(58) Archive regions: 2->2
[2021-04-25T20:59:12.784+0000][7][gc,heap      ] GC(58) Humongous regions: 7->7
[2021-04-25T20:59:12.785+0000][7][gc,metaspace ] GC(58) Metaspace: 90352K(97764K)->90352K(97764K) NonClass: 78255K(82584K)->78255K(82584K) Class: 12097K(15180K)->12097K(15180K)
[2021-04-25T20:59:12.785+0000][7][gc           ] GC(58) Pause Young (Normal) (G1 Evacuation Pause) 379M->76M(512M) 34.286ms
[2021-04-25T20:59:12.786+0000][7][gc,cpu       ] GC(58) User=0.02s Sys=0.01s Real=0.04s
[2021-04-25T20:59:12.786+0000][7][safepoint    ] Safepoint "G1CollectForAllocation", Time since last: 605897795200 ns, Reaching safepoint: 414400 ns, At safepoint: 35354400 ns, Total: 35768800 ns
[2021-04-25T21:00:35.820+0000][7][safepoint    ] Safepoint "Cleanup", Time since last: 83033702000 ns, Reaching safepoint: 529500 ns, At safepoint: 10500 ns, Total: 540000 ns
[2021-04-25T21:07:05.973+0000][7][safepoint    ] Safepoint "Cleanup", Time since last: 390151749100 ns, Reaching safepoint: 488500 ns, At safepoint: 9300 ns, Total: 497800 ns
[2021-04-25T21:09:18.592+0000][7][gc,start     ] GC(59) Pause Young (Normal) (G1 Evacuation Pause)
[2021-04-25T21:09:18.595+0000][7][gc,task      ] GC(59) Using 2 workers of 2 for evacuation
[2021-04-25T21:09:18.597+0000][7][gc,age       ] GC(59) Desired survivor size 19922944 bytes, new threshold 15 (max threshold 15)
[2021-04-25T21:09:18.612+0000][7][gc,age       ] GC(59) Age table with threshold 15 (max threshold 15)
[2021-04-25T21:09:18.614+0000][7][gc,age       ] GC(59) - age   1:      40320 bytes,      40320 total
[2021-04-25T21:09:18.615+0000][7][gc,age       ] GC(59) - age   2:       8904 bytes,      49224 total
[2021-04-25T21:09:18.616+0000][7][gc,age       ] GC(59) - age   3:       1376 bytes,      50600 total
[2021-04-25T21:09:18.618+0000][7][gc,age       ] GC(59) - age   4:       3856 bytes,      54456 total
[2021-04-25T21:09:18.618+0000][7][gc,age       ] GC(59) - age   5:        312 bytes,      54768 total
[2021-04-25T21:09:18.619+0000][7][gc,age       ] GC(59) - age   8:        408 bytes,      55176 total
[2021-04-25T21:09:18.620+0000][7][gc,age       ] GC(59) - age   9:         56 bytes,      55232 total
[2021-04-25T21:09:18.621+0000][7][gc,age       ] GC(59) - age  11:         88 bytes,      55320 total
[2021-04-25T21:09:18.622+0000][7][gc,age       ] GC(59) - age  12:       1416 bytes,      56736 total
[2021-04-25T21:09:18.622+0000][7][gc,age       ] GC(59) - age  13:       4000 bytes,      60736 total
[2021-04-25T21:09:18.622+0000][7][gc,age       ] GC(59) - age  14:        560 bytes,      61296 total
[2021-04-25T21:09:18.623+0000][7][gc,age       ] GC(59) - age  15:       1080 bytes,      62376 total
[2021-04-25T21:09:18.623+0000][7][gc,phases    ] GC(59)   Pre Evacuate Collection Set: 0.6ms
[2021-04-25T21:09:18.624+0000][7][gc,phases    ] GC(59)   Merge Heap Roots: 0.8ms
[2021-04-25T21:09:18.624+0000][7][gc,phases    ] GC(59)   Evacuate Collection Set: 4.9ms
[2021-04-25T21:09:18.625+0000][7][gc,phases    ] GC(59)   Post Evacuate Collection Set: 5.5ms
[2021-04-25T21:09:18.625+0000][7][gc,phases    ] GC(59)   Other: 19.9ms
[2021-04-25T21:09:18.625+0000][7][gc,heap      ] GC(59) Eden regions: 303->0(303)
[2021-04-25T21:09:18.626+0000][7][gc,heap      ] GC(59) Survivor regions: 1->1(38)
[2021-04-25T21:09:18.626+0000][7][gc,heap      ] GC(59) Old regions: 70->70
[2021-04-25T21:09:18.627+0000][7][gc,heap      ] GC(59) Archive regions: 2->2
[2021-04-25T21:09:18.627+0000][7][gc,heap      ] GC(59) Humongous regions: 7->7
[2021-04-25T21:09:18.627+0000][7][gc,metaspace ] GC(59) Metaspace: 90368K(97764K)->90368K(97764K) NonClass: 78271K(82584K)->78271K(82584K) Class: 12097K(15180K)->12097K(15180K)
[2021-04-25T21:09:18.628+0000][7][gc           ] GC(59) Pause Young (Normal) (G1 Evacuation Pause) 379M->76M(512M) 35.957ms
[2021-04-25T21:09:18.628+0000][7][gc,cpu       ] GC(59) User=0.01s Sys=0.01s Real=0.04s
[2021-04-25T21:09:18.628+0000][7][safepoint    ] Safepoint "G1CollectForAllocation", Time since last: 132618138200 ns, Reaching safepoint: 432200 ns, At safepoint: 36782700 ns, Total: 37214900 ns
[2021-04-25T21:19:24.496+0000][7][gc,start     ] GC(60) Pause Young (Normal) (G1 Evacuation Pause)
[2021-04-25T21:19:24.498+0000][7][gc,task      ] GC(60) Using 2 workers of 2 for evacuation
[2021-04-25T21:19:24.500+0000][7][gc,age       ] GC(60) Desired survivor size 19922944 bytes, new threshold 15 (max threshold 15)
[2021-04-25T21:19:24.512+0000][7][gc,age       ] GC(60) Age table with threshold 15 (max threshold 15)
[2021-04-25T21:19:24.515+0000][7][gc,age       ] GC(60) - age   1:      48232 bytes,      48232 total
[2021-04-25T21:19:24.517+0000][7][gc,age       ] GC(60) - age   2:        240 bytes,      48472 total
[2021-04-25T21:19:24.519+0000][7][gc,age       ] GC(60) - age   3:        768 bytes,      49240 total
[2021-04-25T21:19:24.521+0000][7][gc,age       ] GC(60) - age   4:       1376 bytes,      50616 total
[2021-04-25T21:19:24.522+0000][7][gc,age       ] GC(60) - age   5:       3776 bytes,      54392 total
[2021-04-25T21:19:24.524+0000][7][gc,age       ] GC(60) - age   6:        312 bytes,      54704 total
[2021-04-25T21:19:24.525+0000][7][gc,age       ] GC(60) - age   9:        408 bytes,      55112 total
[2021-04-25T21:19:24.527+0000][7][gc,age       ] GC(60) - age  10:         56 bytes,      55168 total
[2021-04-25T21:19:24.527+0000][7][gc,age       ] GC(60) - age  12:         88 bytes,      55256 total
[2021-04-25T21:19:24.528+0000][7][gc,age       ] GC(60) - age  13:       1416 bytes,      56672 total
[2021-04-25T21:19:24.529+0000][7][gc,age       ] GC(60) - age  14:       4000 bytes,      60672 total
[2021-04-25T21:19:24.530+0000][7][gc,age       ] GC(60) - age  15:        560 bytes,      61232 total
[2021-04-25T21:19:24.531+0000][7][gc,phases    ] GC(60)   Pre Evacuate Collection Set: 0.8ms
[2021-04-25T21:19:24.532+0000][7][gc,phases    ] GC(60)   Merge Heap Roots: 0.3ms
[2021-04-25T21:19:24.533+0000][7][gc,phases    ] GC(60)   Evacuate Collection Set: 4.8ms
[2021-04-25T21:19:24.533+0000][7][gc,phases    ] GC(60)   Post Evacuate Collection Set: 3.5ms
[2021-04-25T21:19:24.534+0000][7][gc,phases    ] GC(60)   Other: 26.3ms
[2021-04-25T21:19:24.534+0000][7][gc,heap      ] GC(60) Eden regions: 303->0(303)
[2021-04-25T21:19:24.535+0000][7][gc,heap      ] GC(60) Survivor regions: 1->1(38)
[2021-04-25T21:19:24.535+0000][7][gc,heap      ] GC(60) Old regions: 70->70
[2021-04-25T21:19:24.536+0000][7][gc,heap      ] GC(60) Archive regions: 2->2
[2021-04-25T21:19:24.536+0000][7][gc,heap      ] GC(60) Humongous regions: 7->7
[2021-04-25T21:19:24.537+0000][7][gc,metaspace ] GC(60) Metaspace: 90368K(97764K)->90368K(97764K) NonClass: 78271K(82584K)->78271K(82584K) Class: 12097K(15180K)->12097K(15180K)
[2021-04-25T21:19:24.537+0000][7][gc           ] GC(60) Pause Young (Normal) (G1 Evacuation Pause) 379M->76M(512M) 41.359ms
[2021-04-25T21:19:24.537+0000][7][gc,cpu       ] GC(60) User=0.01s Sys=0.00s Real=0.04s
[2021-04-25T21:19:24.538+0000][7][safepoint    ] Safepoint "G1CollectForAllocation", Time since last: 605866655400 ns, Reaching safepoint: 488100 ns, At safepoint: 42394400 ns, Total: 42882500 ns
[2021-04-25T21:29:30.397+0000][7][gc,start     ] GC(61) Pause Young (Normal) (G1 Evacuation Pause)
[2021-04-25T21:29:30.399+0000][7][gc,task      ] GC(61) Using 2 workers of 2 for evacuation
[2021-04-25T21:29:30.402+0000][7][gc,age       ] GC(61) Desired survivor size 19922944 bytes, new threshold 15 (max threshold 15)
[2021-04-25T21:29:30.421+0000][7][gc,age       ] GC(61) Age table with threshold 15 (max threshold 15)
[2021-04-25T21:29:30.423+0000][7][gc,age       ] GC(61) - age   1:      32216 bytes,      32216 total
[2021-04-25T21:29:30.424+0000][7][gc,age       ] GC(61) - age   2:      16352 bytes,      48568 total
[2021-04-25T21:29:30.425+0000][7][gc,age       ] GC(61) - age   3:         40 bytes,      48608 total
[2021-04-25T21:29:30.426+0000][7][gc,age       ] GC(61) - age   4:        768 bytes,      49376 total
[2021-04-25T21:29:30.427+0000][7][gc,age       ] GC(61) - age   5:       1376 bytes,      50752 total
[2021-04-25T21:29:30.428+0000][7][gc,age       ] GC(61) - age   6:       3776 bytes,      54528 total
[2021-04-25T21:29:30.429+0000][7][gc,age       ] GC(61) - age   7:        272 bytes,      54800 total
[2021-04-25T21:29:30.429+0000][7][gc,age       ] GC(61) - age  10:        408 bytes,      55208 total
[2021-04-25T21:29:30.430+0000][7][gc,age       ] GC(61) - age  11:         56 bytes,      55264 total
[2021-04-25T21:29:30.431+0000][7][gc,age       ] GC(61) - age  13:         88 bytes,      55352 total
[2021-04-25T21:29:30.432+0000][7][gc,age       ] GC(61) - age  14:       1416 bytes,      56768 total
[2021-04-25T21:29:30.432+0000][7][gc,age       ] GC(61) - age  15:       4000 bytes,      60768 total
[2021-04-25T21:29:30.432+0000][7][gc,phases    ] GC(61)   Pre Evacuate Collection Set: 1.0ms
[2021-04-25T21:29:30.433+0000][7][gc,phases    ] GC(61)   Merge Heap Roots: 0.5ms
[2021-04-25T21:29:30.433+0000][7][gc,phases    ] GC(61)   Evacuate Collection Set: 10.8ms
[2021-04-25T21:29:30.434+0000][7][gc,phases    ] GC(61)   Post Evacuate Collection Set: 4.1ms
[2021-04-25T21:29:30.434+0000][7][gc,phases    ] GC(61)   Other: 19.5ms
[2021-04-25T21:29:30.435+0000][7][gc,heap      ] GC(61) Eden regions: 303->0(303)
[2021-04-25T21:29:30.435+0000][7][gc,heap      ] GC(61) Survivor regions: 1->1(38)
[2021-04-25T21:29:30.435+0000][7][gc,heap      ] GC(61) Old regions: 70->70
[2021-04-25T21:29:30.436+0000][7][gc,heap      ] GC(61) Archive regions: 2->2
[2021-04-25T21:29:30.436+0000][7][gc,heap      ] GC(61) Humongous regions: 7->7
[2021-04-25T21:29:30.437+0000][7][gc,metaspace ] GC(61) Metaspace: 90368K(97764K)->90368K(97764K) NonClass: 78271K(82584K)->78271K(82584K) Class: 12097K(15180K)->12097K(15180K)
[2021-04-25T21:29:30.437+0000][7][gc           ] GC(61) Pause Young (Normal) (G1 Evacuation Pause) 379M->76M(512M) 40.362ms
[2021-04-25T21:29:30.437+0000][7][gc,cpu       ] GC(61) User=0.01s Sys=0.01s Real=0.04s
[2021-04-25T21:29:30.438+0000][7][safepoint    ] Safepoint "G1CollectForAllocation", Time since last: 605858192000 ns, Reaching safepoint: 525400 ns, At safepoint: 41247900 ns, Total: 41773300 ns
[2021-04-25T21:35:53.590+0000][7][safepoint    ] Safepoint "Cleanup", Time since last: 383151088300 ns, Reaching safepoint: 549300 ns, At safepoint: 25800 ns, Total: 575100 ns
[2021-04-25T21:39:36.388+0000][7][gc,start     ] GC(62) Pause Young (Normal) (G1 Evacuation Pause)
[2021-04-25T21:39:36.391+0000][7][gc,task      ] GC(62) Using 2 workers of 2 for evacuation
[2021-04-25T21:39:36.394+0000][7][gc,age       ] GC(62) Desired survivor size 19922944 bytes, new threshold 15 (max threshold 15)
[2021-04-25T21:39:36.406+0000][7][gc,age       ] GC(62) Age table with threshold 15 (max threshold 15)
[2021-04-25T21:39:36.407+0000][7][gc,age       ] GC(62) - age   1:      51208 bytes,      51208 total
[2021-04-25T21:39:36.409+0000][7][gc,age       ] GC(62) - age   2:        152 bytes,      51360 total
[2021-04-25T21:39:36.410+0000][7][gc,age       ] GC(62) - age   3:         40 bytes,      51400 total
[2021-04-25T21:39:36.411+0000][7][gc,age       ] GC(62) - age   4:         40 bytes,      51440 total
[2021-04-25T21:39:36.412+0000][7][gc,age       ] GC(62) - age   5:        728 bytes,      52168 total
[2021-04-25T21:39:36.413+0000][7][gc,age       ] GC(62) - age   6:       1376 bytes,      53544 total
[2021-04-25T21:39:36.414+0000][7][gc,age       ] GC(62) - age   7:       3776 bytes,      57320 total
[2021-04-25T21:39:36.415+0000][7][gc,age       ] GC(62) - age   8:        272 bytes,      57592 total
[2021-04-25T21:39:36.416+0000][7][gc,age       ] GC(62) - age  11:        408 bytes,      58000 total
[2021-04-25T21:39:36.416+0000][7][gc,age       ] GC(62) - age  12:         56 bytes,      58056 total
[2021-04-25T21:39:36.417+0000][7][gc,age       ] GC(62) - age  14:         88 bytes,      58144 total
[2021-04-25T21:39:36.418+0000][7][gc,age       ] GC(62) - age  15:       1416 bytes,      59560 total
[2021-04-25T21:39:36.418+0000][7][gc,phases    ] GC(62)   Pre Evacuate Collection Set: 0.4ms
[2021-04-25T21:39:36.419+0000][7][gc,phases    ] GC(62)   Merge Heap Roots: 0.4ms
[2021-04-25T21:39:36.419+0000][7][gc,phases    ] GC(62)   Evacuate Collection Set: 3.7ms
[2021-04-25T21:39:36.419+0000][7][gc,phases    ] GC(62)   Post Evacuate Collection Set: 5.3ms
[2021-04-25T21:39:36.420+0000][7][gc,phases    ] GC(62)   Other: 20.1ms
[2021-04-25T21:39:36.420+0000][7][gc,heap      ] GC(62) Eden regions: 303->0(303)
[2021-04-25T21:39:36.421+0000][7][gc,heap      ] GC(62) Survivor regions: 1->1(38)
[2021-04-25T21:39:36.421+0000][7][gc,heap      ] GC(62) Old regions: 70->70
[2021-04-25T21:39:36.422+0000][7][gc,heap      ] GC(62) Archive regions: 2->2
[2021-04-25T21:39:36.422+0000][7][gc,heap      ] GC(62) Humongous regions: 7->7
[2021-04-25T21:39:36.423+0000][7][gc,metaspace ] GC(62) Metaspace: 90369K(97764K)->90369K(97764K) NonClass: 78272K(82584K)->78272K(82584K) Class: 12097K(15180K)->12097K(15180K)
[2021-04-25T21:39:36.423+0000][7][gc           ] GC(62) Pause Young (Normal) (G1 Evacuation Pause) 379M->76M(512M) 34.594ms
[2021-04-25T21:39:36.423+0000][7][gc,cpu       ] GC(62) User=0.01s Sys=0.00s Real=0.03s
[2021-04-25T21:39:36.424+0000][7][safepoint    ] Safepoint "G1CollectForAllocation", Time since last: 222798140100 ns, Reaching safepoint: 812800 ns, At safepoint: 35609500 ns, Total: 36422300 ns
[2021-04-25T21:49:44.270+0000][7][gc,start     ] GC(63) Pause Young (Normal) (G1 Evacuation Pause)
[2021-04-25T21:49:44.271+0000][7][gc,task      ] GC(63) Using 2 workers of 2 for evacuation
[2021-04-25T21:49:44.272+0000][7][gc,age       ] GC(63) Desired survivor size 19922944 bytes, new threshold 15 (max threshold 15)
[2021-04-25T21:49:44.275+0000][7][gc,age       ] GC(63) Age table with threshold 15 (max threshold 15)
[2021-04-25T21:49:44.275+0000][7][gc,age       ] GC(63) - age   1:      46880 bytes,      46880 total
[2021-04-25T21:49:44.276+0000][7][gc,age       ] GC(63) - age   2:        280 bytes,      47160 total
[2021-04-25T21:49:44.276+0000][7][gc,age       ] GC(63) - age   3:        112 bytes,      47272 total
[2021-04-25T21:49:44.276+0000][7][gc,age       ] GC(63) - age   5:         40 bytes,      47312 total
[2021-04-25T21:49:44.277+0000][7][gc,age       ] GC(63) - age   6:        728 bytes,      48040 total
[2021-04-25T21:49:44.277+0000][7][gc,age       ] GC(63) - age   7:       1376 bytes,      49416 total
[2021-04-25T21:49:44.278+0000][7][gc,age       ] GC(63) - age   8:       3776 bytes,      53192 total
[2021-04-25T21:49:44.278+0000][7][gc,age       ] GC(63) - age   9:        272 bytes,      53464 total
[2021-04-25T21:49:44.278+0000][7][gc,age       ] GC(63) - age  12:        408 bytes,      53872 total
[2021-04-25T21:49:44.279+0000][7][gc,age       ] GC(63) - age  13:         56 bytes,      53928 total
[2021-04-25T21:49:44.279+0000][7][gc,age       ] GC(63) - age  15:         88 bytes,      54016 total
[2021-04-25T21:49:44.279+0000][7][gc,phases    ] GC(63)   Pre Evacuate Collection Set: 0.1ms
[2021-04-25T21:49:44.280+0000][7][gc,phases    ] GC(63)   Merge Heap Roots: 0.0ms
[2021-04-25T21:49:44.280+0000][7][gc,phases    ] GC(63)   Evacuate Collection Set: 0.8ms
[2021-04-25T21:49:44.280+0000][7][gc,phases    ] GC(63)   Post Evacuate Collection Set: 1.2ms
[2021-04-25T21:49:44.281+0000][7][gc,phases    ] GC(63)   Other: 6.9ms
[2021-04-25T21:49:44.281+0000][7][gc,heap      ] GC(63) Eden regions: 303->0(303)
[2021-04-25T21:49:44.281+0000][7][gc,heap      ] GC(63) Survivor regions: 1->1(38)
[2021-04-25T21:49:44.282+0000][7][gc,heap      ] GC(63) Old regions: 70->70
[2021-04-25T21:49:44.282+0000][7][gc,heap      ] GC(63) Archive regions: 2->2
[2021-04-25T21:49:44.282+0000][7][gc,heap      ] GC(63) Humongous regions: 7->7
[2021-04-25T21:49:44.283+0000][7][gc,metaspace ] GC(63) Metaspace: 90369K(97764K)->90369K(97764K) NonClass: 78272K(82584K)->78272K(82584K) Class: 12097K(15180K)->12097K(15180K)
[2021-04-25T21:49:44.283+0000][7][gc           ] GC(63) Pause Young (Normal) (G1 Evacuation Pause) 379M->76M(512M) 12.842ms
[2021-04-25T21:49:44.283+0000][7][gc,cpu       ] GC(63) User=0.00s Sys=0.00s Real=0.01s
[2021-04-25T21:49:44.284+0000][7][safepoint    ] Safepoint "G1CollectForAllocation", Time since last: 607846152300 ns, Reaching safepoint: 110900 ns, At safepoint: 13650500 ns, Total: 13761400 ns
[2021-04-25T21:59:44.475+0000][7][safepoint    ] Safepoint "Cleanup", Time since last: 600190219200 ns, Reaching safepoint: 756000 ns, At safepoint: 24000 ns, Total: 780000 ns
[2021-04-25T21:59:48.153+0000][7][gc,start     ] GC(64) Pause Young (Normal) (G1 Evacuation Pause)
[2021-04-25T21:59:48.155+0000][7][gc,task      ] GC(64) Using 2 workers of 2 for evacuation
[2021-04-25T21:59:48.158+0000][7][gc,age       ] GC(64) Desired survivor size 19922944 bytes, new threshold 15 (max threshold 15)
[2021-04-25T21:59:48.175+0000][7][gc,age       ] GC(64) Age table with threshold 15 (max threshold 15)
[2021-04-25T21:59:48.177+0000][7][gc,age       ] GC(64) - age   1:      47632 bytes,      47632 total
[2021-04-25T21:59:48.178+0000][7][gc,age       ] GC(64) - age   2:         80 bytes,      47712 total
[2021-04-25T21:59:48.178+0000][7][gc,age       ] GC(64) - age   3:         40 bytes,      47752 total
[2021-04-25T21:59:48.179+0000][7][gc,age       ] GC(64) - age   4:        112 bytes,      47864 total
[2021-04-25T21:59:48.180+0000][7][gc,age       ] GC(64) - age   7:        728 bytes,      48592 total
[2021-04-25T21:59:48.181+0000][7][gc,age       ] GC(64) - age   8:       1376 bytes,      49968 total
[2021-04-25T21:59:48.181+0000][7][gc,age       ] GC(64) - age   9:       3776 bytes,      53744 total
[2021-04-25T21:59:48.182+0000][7][gc,age       ] GC(64) - age  10:        272 bytes,      54016 total
[2021-04-25T21:59:48.182+0000][7][gc,age       ] GC(64) - age  13:        408 bytes,      54424 total
[2021-04-25T21:59:48.183+0000][7][gc,age       ] GC(64) - age  14:         56 bytes,      54480 total
[2021-04-25T21:59:48.183+0000][7][gc,phases    ] GC(64)   Pre Evacuate Collection Set: 0.9ms
[2021-04-25T21:59:48.184+0000][7][gc,phases    ] GC(64)   Merge Heap Roots: 1.1ms
[2021-04-25T21:59:48.184+0000][7][gc,phases    ] GC(64)   Evacuate Collection Set: 9.5ms
[2021-04-25T21:59:48.185+0000][7][gc,phases    ] GC(64)   Post Evacuate Collection Set: 3.3ms
[2021-04-25T21:59:48.185+0000][7][gc,phases    ] GC(64)   Other: 15.7ms
[2021-04-25T21:59:48.186+0000][7][gc,heap      ] GC(64) Eden regions: 303->0(303)
[2021-04-25T21:59:48.186+0000][7][gc,heap      ] GC(64) Survivor regions: 1->1(38)
[2021-04-25T21:59:48.186+0000][7][gc,heap      ] GC(64) Old regions: 70->70
[2021-04-25T21:59:48.187+0000][7][gc,heap      ] GC(64) Archive regions: 2->2
[2021-04-25T21:59:48.187+0000][7][gc,heap      ] GC(64) Humongous regions: 7->7
[2021-04-25T21:59:48.187+0000][7][gc,metaspace ] GC(64) Metaspace: 90371K(97764K)->90371K(97764K) NonClass: 78273K(82584K)->78273K(82584K) Class: 12097K(15180K)->12097K(15180K)
[2021-04-25T21:59:48.188+0000][7][gc           ] GC(64) Pause Young (Normal) (G1 Evacuation Pause) 379M->76M(512M) 35.042ms
[2021-04-25T21:59:48.188+0000][7][gc,cpu       ] GC(64) User=0.02s Sys=0.00s Real=0.04s
[2021-04-25T21:59:48.189+0000][7][safepoint    ] Safepoint "G1CollectForAllocation", Time since last: 3677343600 ns, Reaching safepoint: 420800 ns, At safepoint: 35937500 ns, Total: 36358300 ns
[2021-04-25T22:04:08.255+0000][7][safepoint    ] Safepoint "Cleanup", Time since last: 260066453500 ns, Reaching safepoint: 134800 ns, At safepoint: 2700 ns, Total: 137500 ns
[2021-04-25T22:05:53.281+0000][7][safepoint    ] Safepoint "Cleanup", Time since last: 105026095700 ns, Reaching safepoint: 170900 ns, At safepoint: 2700 ns, Total: 173600 ns
[2021-04-25T22:09:58.944+0000][7][gc,start     ] GC(65) Pause Young (Normal) (G1 Evacuation Pause)
[2021-04-25T22:09:58.947+0000][7][gc,task      ] GC(65) Using 2 workers of 2 for evacuation
[2021-04-25T22:09:58.950+0000][7][gc,age       ] GC(65) Desired survivor size 19922944 bytes, new threshold 15 (max threshold 15)
[2021-04-25T22:09:58.967+0000][7][gc,age       ] GC(65) Age table with threshold 15 (max threshold 15)
[2021-04-25T22:09:58.969+0000][7][gc,age       ] GC(65) - age   1:      32200 bytes,      32200 total
[2021-04-25T22:09:58.970+0000][7][gc,age       ] GC(65) - age   2:      16704 bytes,      48904 total
[2021-04-25T22:09:58.971+0000][7][gc,age       ] GC(65) - age   3:         80 bytes,      48984 total
[2021-04-25T22:09:58.972+0000][7][gc,age       ] GC(65) - age   5:        112 bytes,      49096 total
[2021-04-25T22:09:58.973+0000][7][gc,age       ] GC(65) - age   8:        728 bytes,      49824 total
[2021-04-25T22:09:58.974+0000][7][gc,age       ] GC(65) - age   9:       1376 bytes,      51200 total
[2021-04-25T22:09:58.975+0000][7][gc,age       ] GC(65) - age  10:       3776 bytes,      54976 total
[2021-04-25T22:09:58.975+0000][7][gc,age       ] GC(65) - age  11:        272 bytes,      55248 total
[2021-04-25T22:09:58.976+0000][7][gc,age       ] GC(65) - age  14:        408 bytes,      55656 total
[2021-04-25T22:09:58.976+0000][7][gc,age       ] GC(65) - age  15:         56 bytes,      55712 total
[2021-04-25T22:09:58.977+0000][7][gc,phases    ] GC(65)   Pre Evacuate Collection Set: 0.5ms
[2021-04-25T22:09:58.977+0000][7][gc,phases    ] GC(65)   Merge Heap Roots: 0.3ms
[2021-04-25T22:09:58.978+0000][7][gc,phases    ] GC(65)   Evacuate Collection Set: 6.8ms
[2021-04-25T22:09:58.978+0000][7][gc,phases    ] GC(65)   Post Evacuate Collection Set: 7.8ms
[2021-04-25T22:09:58.979+0000][7][gc,phases    ] GC(65)   Other: 17.2ms
[2021-04-25T22:09:58.979+0000][7][gc,heap      ] GC(65) Eden regions: 303->0(303)
[2021-04-25T22:09:58.980+0000][7][gc,heap      ] GC(65) Survivor regions: 1->1(38)
[2021-04-25T22:09:58.980+0000][7][gc,heap      ] GC(65) Old regions: 70->70
[2021-04-25T22:09:58.981+0000][7][gc,heap      ] GC(65) Archive regions: 2->2
[2021-04-25T22:09:58.981+0000][7][gc,heap      ] GC(65) Humongous regions: 7->7
[2021-04-25T22:09:58.982+0000][7][gc,metaspace ] GC(65) Metaspace: 90372K(97764K)->90372K(97764K) NonClass: 78275K(82584K)->78275K(82584K) Class: 12097K(15180K)->12097K(15180K)
[2021-04-25T22:09:58.982+0000][7][gc           ] GC(65) Pause Young (Normal) (G1 Evacuation Pause) 379M->76M(512M) 37.681ms
[2021-04-25T22:09:58.982+0000][7][gc,cpu       ] GC(65) User=0.02s Sys=0.01s Real=0.04s
[2021-04-25T22:09:58.983+0000][7][safepoint    ] Safepoint "G1CollectForAllocation", Time since last: 245662218500 ns, Reaching safepoint: 391000 ns, At safepoint: 38502500 ns, Total: 38893500 ns
[2021-04-25T22:14:38.093+0000][7][safepoint    ] Safepoint "Cleanup", Time since last: 279109596900 ns, Reaching safepoint: 563400 ns, At safepoint: 13900 ns, Total: 577300 ns
[2021-04-25T22:15:53.126+0000][7][safepoint    ] Safepoint "Cleanup", Time since last: 75032590000 ns, Reaching safepoint: 669200 ns, At safepoint: 30200 ns, Total: 699400 ns
[2021-04-25T22:20:04.918+0000][7][gc,start     ] GC(66) Pause Young (Normal) (G1 Evacuation Pause)
[2021-04-25T22:20:04.920+0000][7][gc,task      ] GC(66) Using 2 workers of 2 for evacuation
[2021-04-25T22:20:04.923+0000][7][gc,age       ] GC(66) Desired survivor size 19922944 bytes, new threshold 15 (max threshold 15)
[2021-04-25T22:20:04.937+0000][7][gc,age       ] GC(66) Age table with threshold 15 (max threshold 15)
[2021-04-25T22:20:04.939+0000][7][gc,age       ] GC(66) - age   1:      32448 bytes,      32448 total
[2021-04-25T22:20:04.941+0000][7][gc,age       ] GC(66) - age   2:      16424 bytes,      48872 total
[2021-04-25T22:20:04.942+0000][7][gc,age       ] GC(66) - age   3:        552 bytes,      49424 total
[2021-04-25T22:20:04.943+0000][7][gc,age       ] GC(66) - age   4:         40 bytes,      49464 total
[2021-04-25T22:20:04.945+0000][7][gc,age       ] GC(66) - age   6:        112 bytes,      49576 total
[2021-04-25T22:20:04.946+0000][7][gc,age       ] GC(66) - age   9:        728 bytes,      50304 total
[2021-04-25T22:20:04.947+0000][7][gc,age       ] GC(66) - age  10:       1376 bytes,      51680 total
[2021-04-25T22:20:04.947+0000][7][gc,age       ] GC(66) - age  11:       3776 bytes,      55456 total
[2021-04-25T22:20:04.948+0000][7][gc,age       ] GC(66) - age  12:        272 bytes,      55728 total
[2021-04-25T22:20:04.949+0000][7][gc,age       ] GC(66) - age  15:        408 bytes,      56136 total
[2021-04-25T22:20:04.950+0000][7][gc,phases    ] GC(66)   Pre Evacuate Collection Set: 0.8ms
[2021-04-25T22:20:04.950+0000][7][gc,phases    ] GC(66)   Merge Heap Roots: 0.9ms
[2021-04-25T22:20:04.951+0000][7][gc,phases    ] GC(66)   Evacuate Collection Set: 3.3ms
[2021-04-25T22:20:04.952+0000][7][gc,phases    ] GC(66)   Post Evacuate Collection Set: 5.4ms
[2021-04-25T22:20:04.952+0000][7][gc,phases    ] GC(66)   Other: 21.0ms
[2021-04-25T22:20:04.953+0000][7][gc,heap      ] GC(66) Eden regions: 303->0(303)
[2021-04-25T22:20:04.953+0000][7][gc,heap      ] GC(66) Survivor regions: 1->1(38)
[2021-04-25T22:20:04.954+0000][7][gc,heap      ] GC(66) Old regions: 70->70
[2021-04-25T22:20:04.954+0000][7][gc,heap      ] GC(66) Archive regions: 2->2
[2021-04-25T22:20:04.954+0000][7][gc,heap      ] GC(66) Humongous regions: 7->7
[2021-04-25T22:20:04.955+0000][7][gc,metaspace ] GC(66) Metaspace: 90373K(97764K)->90373K(97764K) NonClass: 78275K(82584K)->78275K(82584K) Class: 12097K(15180K)->12097K(15180K)
[2021-04-25T22:20:04.955+0000][7][gc           ] GC(66) Pause Young (Normal) (G1 Evacuation Pause) 379M->76M(512M) 36.742ms
[2021-04-25T22:20:04.955+0000][7][gc,cpu       ] GC(66) User=0.01s Sys=0.01s Real=0.04s
[2021-04-25T22:20:04.956+0000][7][safepoint    ] Safepoint "G1CollectForAllocation", Time since last: 251791716200 ns, Reaching safepoint: 411500 ns, At safepoint: 37611600 ns, Total: 38023100 ns
[2021-04-25T22:30:10.795+0000][7][gc,start     ] GC(67) Pause Young (Normal) (G1 Evacuation Pause)
[2021-04-25T22:30:10.799+0000][7][gc,task      ] GC(67) Using 2 workers of 2 for evacuation
[2021-04-25T22:30:10.802+0000][7][gc,age       ] GC(67) Desired survivor size 19922944 bytes, new threshold 15 (max threshold 15)
[2021-04-25T22:30:10.813+0000][7][gc,age       ] GC(67) Age table with threshold 15 (max threshold 15)
[2021-04-25T22:30:10.814+0000][7][gc,age       ] GC(67) - age   1:      32344 bytes,      32344 total
[2021-04-25T22:30:10.822+0000][7][gc,age       ] GC(67) - age   2:        512 bytes,      32856 total
[2021-04-25T22:30:10.823+0000][7][gc,age       ] GC(67) - age   3:      16192 bytes,      49048 total
[2021-04-25T22:30:10.824+0000][7][gc,age       ] GC(67) - age   4:        552 bytes,      49600 total
[2021-04-25T22:30:10.825+0000][7][gc,age       ] GC(67) - age   7:        112 bytes,      49712 total
[2021-04-25T22:30:10.825+0000][7][gc,age       ] GC(67) - age  10:        728 bytes,      50440 total
[2021-04-25T22:30:10.826+0000][7][gc,age       ] GC(67) - age  11:       1376 bytes,      51816 total
[2021-04-25T22:30:10.827+0000][7][gc,age       ] GC(67) - age  12:       3776 bytes,      55592 total
[2021-04-25T22:30:10.827+0000][7][gc,age       ] GC(67) - age  13:        272 bytes,      55864 total
[2021-04-25T22:30:10.828+0000][7][gc,phases    ] GC(67)   Pre Evacuate Collection Set: 1.0ms
[2021-04-25T22:30:10.828+0000][7][gc,phases    ] GC(67)   Merge Heap Roots: 0.8ms
[2021-04-25T22:30:10.829+0000][7][gc,phases    ] GC(67)   Evacuate Collection Set: 3.7ms
[2021-04-25T22:30:10.829+0000][7][gc,phases    ] GC(67)   Post Evacuate Collection Set: 3.4ms
[2021-04-25T22:30:10.830+0000][7][gc,phases    ] GC(67)   Other: 23.5ms
[2021-04-25T22:30:10.830+0000][7][gc,heap      ] GC(67) Eden regions: 303->0(303)
[2021-04-25T22:30:10.831+0000][7][gc,heap      ] GC(67) Survivor regions: 1->1(38)
[2021-04-25T22:30:10.831+0000][7][gc,heap      ] GC(67) Old regions: 70->70
[2021-04-25T22:30:10.831+0000][7][gc,heap      ] GC(67) Archive regions: 2->2
[2021-04-25T22:30:10.832+0000][7][gc,heap      ] GC(67) Humongous regions: 7->7
[2021-04-25T22:30:10.832+0000][7][gc,metaspace ] GC(67) Metaspace: 90374K(97764K)->90374K(97764K) NonClass: 78277K(82584K)->78277K(82584K) Class: 12097K(15180K)->12097K(15180K)
[2021-04-25T22:30:10.833+0000][7][gc           ] GC(67) Pause Young (Normal) (G1 Evacuation Pause) 379M->76M(512M) 37.230ms
[2021-04-25T22:30:10.833+0000][7][gc,cpu       ] GC(67) User=0.01s Sys=0.00s Real=0.03s
[2021-04-25T22:30:10.834+0000][7][safepoint    ] Safepoint "G1CollectForAllocation", Time since last: 605838986900 ns, Reaching safepoint: 569500 ns, At safepoint: 38176800 ns, Total: 38746300 ns
[2021-04-25T22:40:16.720+0000][7][gc,start     ] GC(68) Pause Young (Normal) (G1 Evacuation Pause)
[2021-04-25T22:40:16.721+0000][7][gc,task      ] GC(68) Using 2 workers of 2 for evacuation
[2021-04-25T22:40:16.722+0000][7][gc,age       ] GC(68) Desired survivor size 19922944 bytes, new threshold 15 (max threshold 15)
[2021-04-25T22:40:16.727+0000][7][gc,age       ] GC(68) Age table with threshold 15 (max threshold 15)
[2021-04-25T22:40:16.727+0000][7][gc,age       ] GC(68) - age   1:      16080 bytes,      16080 total
[2021-04-25T22:40:16.728+0000][7][gc,age       ] GC(68) - age   2:      16224 bytes,      32304 total
[2021-04-25T22:40:16.728+0000][7][gc,age       ] GC(68) - age   3:        512 bytes,      32816 total
[2021-04-25T22:40:16.729+0000][7][gc,age       ] GC(68) - age   4:      16192 bytes,      49008 total
[2021-04-25T22:40:16.729+0000][7][gc,age       ] GC(68) - age   5:        552 bytes,      49560 total
[2021-04-25T22:40:16.730+0000][7][gc,age       ] GC(68) - age   8:        112 bytes,      49672 total
[2021-04-25T22:40:16.730+0000][7][gc,age       ] GC(68) - age  11:        728 bytes,      50400 total
[2021-04-25T22:40:16.731+0000][7][gc,age       ] GC(68) - age  12:       1376 bytes,      51776 total
[2021-04-25T22:40:16.731+0000][7][gc,age       ] GC(68) - age  13:       3776 bytes,      55552 total
[2021-04-25T22:40:16.731+0000][7][gc,age       ] GC(68) - age  14:        272 bytes,      55824 total
[2021-04-25T22:40:16.732+0000][7][gc,phases    ] GC(68)   Pre Evacuate Collection Set: 0.2ms
[2021-04-25T22:40:16.732+0000][7][gc,phases    ] GC(68)   Merge Heap Roots: 0.2ms
[2021-04-25T22:40:16.733+0000][7][gc,phases    ] GC(68)   Evacuate Collection Set: 2.1ms
[2021-04-25T22:40:16.733+0000][7][gc,phases    ] GC(68)   Post Evacuate Collection Set: 1.5ms
[2021-04-25T22:40:16.733+0000][7][gc,phases    ] GC(68)   Other: 7.6ms
[2021-04-25T22:40:16.734+0000][7][gc,heap      ] GC(68) Eden regions: 303->0(303)
[2021-04-25T22:40:16.734+0000][7][gc,heap      ] GC(68) Survivor regions: 1->1(38)
[2021-04-25T22:40:16.734+0000][7][gc,heap      ] GC(68) Old regions: 70->70
[2021-04-25T22:40:16.735+0000][7][gc,heap      ] GC(68) Archive regions: 2->2
[2021-04-25T22:40:16.735+0000][7][gc,heap      ] GC(68) Humongous regions: 7->7
[2021-04-25T22:40:16.736+0000][7][gc,metaspace ] GC(68) Metaspace: 90375K(97764K)->90375K(97764K) NonClass: 78278K(82584K)->78278K(82584K) Class: 12097K(15180K)->12097K(15180K)
[2021-04-25T22:40:16.736+0000][7][gc           ] GC(68) Pause Young (Normal) (G1 Evacuation Pause) 379M->76M(512M) 15.781ms
[2021-04-25T22:40:16.736+0000][7][gc,cpu       ] GC(68) User=0.01s Sys=0.00s Real=0.02s
[2021-04-25T22:40:16.737+0000][7][safepoint    ] Safepoint "G1CollectForAllocation", Time since last: 605886160200 ns, Reaching safepoint: 141000 ns, At safepoint: 16826500 ns, Total: 16967500 ns
[2021-04-25T22:50:23.988+0000][7][gc,start     ] GC(69) Pause Young (Normal) (G1 Evacuation Pause)
[2021-04-25T22:50:23.991+0000][7][gc,task      ] GC(69) Using 2 workers of 2 for evacuation
[2021-04-25T22:50:23.993+0000][7][gc,age       ] GC(69) Desired survivor size 19922944 bytes, new threshold 15 (max threshold 15)
[2021-04-25T22:50:24.011+0000][7][gc,age       ] GC(69) Age table with threshold 15 (max threshold 15)
[2021-04-25T22:50:24.013+0000][7][gc,age       ] GC(69) - age   1:      46968 bytes,      46968 total
[2021-04-25T22:50:24.014+0000][7][gc,age       ] GC(69) - age   2:        232 bytes,      47200 total
[2021-04-25T22:50:24.016+0000][7][gc,age       ] GC(69) - age   3:         40 bytes,      47240 total
[2021-04-25T22:50:24.017+0000][7][gc,age       ] GC(69) - age   4:        472 bytes,      47712 total
[2021-04-25T22:50:24.018+0000][7][gc,age       ] GC(69) - age   5:         40 bytes,      47752 total
[2021-04-25T22:50:24.019+0000][7][gc,age       ] GC(69) - age   6:        512 bytes,      48264 total
[2021-04-25T22:50:24.020+0000][7][gc,age       ] GC(69) - age   9:        112 bytes,      48376 total
[2021-04-25T22:50:24.020+0000][7][gc,age       ] GC(69) - age  12:        728 bytes,      49104 total
[2021-04-25T22:50:24.021+0000][7][gc,age       ] GC(69) - age  13:       1376 bytes,      50480 total
[2021-04-25T22:50:24.022+0000][7][gc,age       ] GC(69) - age  14:       3776 bytes,      54256 total
[2021-04-25T22:50:24.022+0000][7][gc,age       ] GC(69) - age  15:        272 bytes,      54528 total
[2021-04-25T22:50:24.023+0000][7][gc,phases    ] GC(69)   Pre Evacuate Collection Set: 0.5ms
[2021-04-25T22:50:24.023+0000][7][gc,phases    ] GC(69)   Merge Heap Roots: 0.3ms
[2021-04-25T22:50:24.024+0000][7][gc,phases    ] GC(69)   Evacuate Collection Set: 6.5ms
[2021-04-25T22:50:24.024+0000][7][gc,phases    ] GC(69)   Post Evacuate Collection Set: 7.1ms
[2021-04-25T22:50:24.025+0000][7][gc,phases    ] GC(69)   Other: 20.0ms
[2021-04-25T22:50:24.025+0000][7][gc,heap      ] GC(69) Eden regions: 303->0(303)
[2021-04-25T22:50:24.026+0000][7][gc,heap      ] GC(69) Survivor regions: 1->1(38)
[2021-04-25T22:50:24.026+0000][7][gc,heap      ] GC(69) Old regions: 70->70
[2021-04-25T22:50:24.026+0000][7][gc,heap      ] GC(69) Archive regions: 2->2
[2021-04-25T22:50:24.027+0000][7][gc,heap      ] GC(69) Humongous regions: 7->7
[2021-04-25T22:50:24.027+0000][7][gc,metaspace ] GC(69) Metaspace: 90376K(97764K)->90376K(97764K) NonClass: 78279K(82584K)->78279K(82584K) Class: 12097K(15180K)->12097K(15180K)
[2021-04-25T22:50:24.027+0000][7][gc           ] GC(69) Pause Young (Normal) (G1 Evacuation Pause) 379M->76M(512M) 39.195ms
[2021-04-25T22:50:24.028+0000][7][gc,cpu       ] GC(69) User=0.02s Sys=0.00s Real=0.04s
[2021-04-25T22:50:24.028+0000][7][safepoint    ] Safepoint "G1CollectForAllocation", Time since last: 607251064300 ns, Reaching safepoint: 434000 ns, At safepoint: 40071800 ns, Total: 40505800 ns
[2021-04-25T23:00:31.524+0000][7][gc,start     ] GC(70) Pause Young (Normal) (G1 Evacuation Pause)
[2021-04-25T23:00:31.526+0000][7][gc,task      ] GC(70) Using 2 workers of 2 for evacuation
[2021-04-25T23:00:31.529+0000][7][gc,age       ] GC(70) Desired survivor size 19922944 bytes, new threshold 15 (max threshold 15)
[2021-04-25T23:00:31.541+0000][7][gc,age       ] GC(70) Age table with threshold 15 (max threshold 15)
[2021-04-25T23:00:31.543+0000][7][gc,age       ] GC(70) - age   1:      30680 bytes,      30680 total
[2021-04-25T23:00:31.544+0000][7][gc,age       ] GC(70) - age   2:      16264 bytes,      46944 total
[2021-04-25T23:00:31.545+0000][7][gc,age       ] GC(70) - age   4:         40 bytes,      46984 total
[2021-04-25T23:00:31.547+0000][7][gc,age       ] GC(70) - age   5:        472 bytes,      47456 total
[2021-04-25T23:00:31.548+0000][7][gc,age       ] GC(70) - age   6:         40 bytes,      47496 total
[2021-04-25T23:00:31.549+0000][7][gc,age       ] GC(70) - age   7:        472 bytes,      47968 total
[2021-04-25T23:00:31.551+0000][7][gc,age       ] GC(70) - age  10:        112 bytes,      48080 total
[2021-04-25T23:00:31.552+0000][7][gc,age       ] GC(70) - age  13:        728 bytes,      48808 total
[2021-04-25T23:00:31.552+0000][7][gc,age       ] GC(70) - age  14:       1376 bytes,      50184 total
[2021-04-25T23:00:31.554+0000][7][gc,age       ] GC(70) - age  15:       3776 bytes,      53960 total
[2021-04-25T23:00:31.554+0000][7][gc,phases    ] GC(70)   Pre Evacuate Collection Set: 0.6ms
[2021-04-25T23:00:31.555+0000][7][gc,phases    ] GC(70)   Merge Heap Roots: 0.2ms
[2021-04-25T23:00:31.555+0000][7][gc,phases    ] GC(70)   Evacuate Collection Set: 3.5ms
[2021-04-25T23:00:31.556+0000][7][gc,phases    ] GC(70)   Post Evacuate Collection Set: 5.9ms
[2021-04-25T23:00:31.557+0000][7][gc,phases    ] GC(70)   Other: 20.3ms
[2021-04-25T23:00:31.558+0000][7][gc,heap      ] GC(70) Eden regions: 303->0(303)
[2021-04-25T23:00:31.558+0000][7][gc,heap      ] GC(70) Survivor regions: 1->1(38)
[2021-04-25T23:00:31.559+0000][7][gc,heap      ] GC(70) Old regions: 70->70
[2021-04-25T23:00:31.559+0000][7][gc,heap      ] GC(70) Archive regions: 2->2
[2021-04-25T23:00:31.560+0000][7][gc,heap      ] GC(70) Humongous regions: 7->7
[2021-04-25T23:00:31.560+0000][7][gc,metaspace ] GC(70) Metaspace: 90378K(97764K)->90378K(97764K) NonClass: 78280K(82584K)->78280K(82584K) Class: 12097K(15180K)->12097K(15180K)
[2021-04-25T23:00:31.561+0000][7][gc           ] GC(70) Pause Young (Normal) (G1 Evacuation Pause) 379M->76M(512M) 36.899ms
[2021-04-25T23:00:31.561+0000][7][gc,cpu       ] GC(70) User=0.01s Sys=0.01s Real=0.03s
[2021-04-25T23:00:31.562+0000][7][safepoint    ] Safepoint "G1CollectForAllocation", Time since last: 607495668400 ns, Reaching safepoint: 716000 ns, At safepoint: 38103900 ns, Total: 38819900 ns
[2021-04-25T23:05:53.682+0000][7][safepoint    ] Safepoint "Cleanup", Time since last: 322118192000 ns, Reaching safepoint: 376100 ns, At safepoint: 11800 ns, Total: 387900 ns
[2021-04-25T23:10:39.332+0000][7][gc,start     ] GC(71) Pause Young (Normal) (G1 Evacuation Pause)
[2021-04-25T23:10:39.335+0000][7][gc,task      ] GC(71) Using 2 workers of 2 for evacuation
[2021-04-25T23:10:39.337+0000][7][gc,age       ] GC(71) Desired survivor size 19922944 bytes, new threshold 15 (max threshold 15)
[2021-04-25T23:10:39.356+0000][7][gc,age       ] GC(71) Age table with threshold 15 (max threshold 15)
[2021-04-25T23:10:39.358+0000][7][gc,age       ] GC(71) - age   1:      31240 bytes,      31240 total
[2021-04-25T23:10:39.360+0000][7][gc,age       ] GC(71) - age   2:      16192 bytes,      47432 total
[2021-04-25T23:10:39.361+0000][7][gc,age       ] GC(71) - age   3:         80 bytes,      47512 total
[2021-04-25T23:10:39.362+0000][7][gc,age       ] GC(71) - age   6:        472 bytes,      47984 total
[2021-04-25T23:10:39.363+0000][7][gc,age       ] GC(71) - age   7:         40 bytes,      48024 total
[2021-04-25T23:10:39.364+0000][7][gc,age       ] GC(71) - age   8:        472 bytes,      48496 total
[2021-04-25T23:10:39.365+0000][7][gc,age       ] GC(71) - age  11:        112 bytes,      48608 total
[2021-04-25T23:10:39.366+0000][7][gc,age       ] GC(71) - age  14:        728 bytes,      49336 total
[2021-04-25T23:10:39.367+0000][7][gc,age       ] GC(71) - age  15:       1376 bytes,      50712 total
[2021-04-25T23:10:39.367+0000][7][gc,phases    ] GC(71)   Pre Evacuate Collection Set: 1.0ms
[2021-04-25T23:10:39.368+0000][7][gc,phases    ] GC(71)   Merge Heap Roots: 1.1ms
[2021-04-25T23:10:39.368+0000][7][gc,phases    ] GC(71)   Evacuate Collection Set: 6.5ms
[2021-04-25T23:10:39.369+0000][7][gc,phases    ] GC(71)   Post Evacuate Collection Set: 7.0ms
[2021-04-25T23:10:39.369+0000][7][gc,phases    ] GC(71)   Other: 19.3ms
[2021-04-25T23:10:39.369+0000][7][gc,heap      ] GC(71) Eden regions: 303->0(303)
[2021-04-25T23:10:39.370+0000][7][gc,heap      ] GC(71) Survivor regions: 1->1(38)
[2021-04-25T23:10:39.370+0000][7][gc,heap      ] GC(71) Old regions: 70->70
[2021-04-25T23:10:39.371+0000][7][gc,heap      ] GC(71) Archive regions: 2->2
[2021-04-25T23:10:39.371+0000][7][gc,heap      ] GC(71) Humongous regions: 7->7
[2021-04-25T23:10:39.371+0000][7][gc,metaspace ] GC(71) Metaspace: 90381K(97764K)->90381K(97764K) NonClass: 78284K(82584K)->78284K(82584K) Class: 12097K(15180K)->12097K(15180K)
[2021-04-25T23:10:39.372+0000][7][gc           ] GC(71) Pause Young (Normal) (G1 Evacuation Pause) 379M->76M(512M) 39.714ms
[2021-04-25T23:10:39.372+0000][7][gc,cpu       ] GC(71) User=0.01s Sys=0.00s Real=0.04s
[2021-04-25T23:10:39.373+0000][7][safepoint    ] Safepoint "G1CollectForAllocation", Time since last: 285650465400 ns, Reaching safepoint: 516600 ns, At safepoint: 40587100 ns, Total: 41103700 ns
[2021-04-25T23:20:45.277+0000][7][gc,start     ] GC(72) Pause Young (Normal) (G1 Evacuation Pause)
[2021-04-25T23:20:45.278+0000][7][gc,task      ] GC(72) Using 2 workers of 2 for evacuation
[2021-04-25T23:20:45.278+0000][7][gc,age       ] GC(72) Desired survivor size 19922944 bytes, new threshold 15 (max threshold 15)
[2021-04-25T23:20:45.283+0000][7][gc,age       ] GC(72) Age table with threshold 15 (max threshold 15)
[2021-04-25T23:20:45.283+0000][7][gc,age       ] GC(72) - age   1:      32024 bytes,      32024 total
[2021-04-25T23:20:45.284+0000][7][gc,age       ] GC(72) - age   2:        240 bytes,      32264 total
[2021-04-25T23:20:45.284+0000][7][gc,age       ] GC(72) - age   3:      16192 bytes,      48456 total
[2021-04-25T23:20:45.285+0000][7][gc,age       ] GC(72) - age   4:         80 bytes,      48536 total
[2021-04-25T23:20:45.285+0000][7][gc,age       ] GC(72) - age   7:        472 bytes,      49008 total
[2021-04-25T23:20:45.286+0000][7][gc,age       ] GC(72) - age   9:        472 bytes,      49480 total
[2021-04-25T23:20:45.286+0000][7][gc,age       ] GC(72) - age  12:        112 bytes,      49592 total
[2021-04-25T23:20:45.287+0000][7][gc,age       ] GC(72) - age  15:        728 bytes,      50320 total
[2021-04-25T23:20:45.287+0000][7][gc,phases    ] GC(72)   Pre Evacuate Collection Set: 0.1ms
[2021-04-25T23:20:45.287+0000][7][gc,phases    ] GC(72)   Merge Heap Roots: 0.2ms
[2021-04-25T23:20:45.288+0000][7][gc,phases    ] GC(72)   Evacuate Collection Set: 2.0ms
[2021-04-25T23:20:45.288+0000][7][gc,phases    ] GC(72)   Post Evacuate Collection Set: 1.5ms
[2021-04-25T23:20:45.289+0000][7][gc,phases    ] GC(72)   Other: 6.3ms
[2021-04-25T23:20:45.289+0000][7][gc,heap      ] GC(72) Eden regions: 303->0(303)
[2021-04-25T23:20:45.289+0000][7][gc,heap      ] GC(72) Survivor regions: 1->1(38)
[2021-04-25T23:20:45.290+0000][7][gc,heap      ] GC(72) Old regions: 70->70
[2021-04-25T23:20:45.290+0000][7][gc,heap      ] GC(72) Archive regions: 2->2
[2021-04-25T23:20:45.291+0000][7][gc,heap      ] GC(72) Humongous regions: 7->7
[2021-04-25T23:20:45.291+0000][7][gc,metaspace ] GC(72) Metaspace: 90383K(97764K)->90383K(97764K) NonClass: 78286K(82584K)->78286K(82584K) Class: 12097K(15180K)->12097K(15180K)
[2021-04-25T23:20:45.292+0000][7][gc           ] GC(72) Pause Young (Normal) (G1 Evacuation Pause) 379M->76M(512M) 14.496ms
[2021-04-25T23:20:45.292+0000][7][gc,cpu       ] GC(72) User=0.00s Sys=0.00s Real=0.01s
[2021-04-25T23:20:45.292+0000][7][safepoint    ] Safepoint "G1CollectForAllocation", Time since last: 605903877800 ns, Reaching safepoint: 105000 ns, At safepoint: 15337500 ns, Total: 15442500 ns
[2021-04-25T23:30:51.171+0000][7][gc,start     ] GC(73) Pause Young (Normal) (G1 Evacuation Pause)
[2021-04-25T23:30:51.173+0000][7][gc,task      ] GC(73) Using 2 workers of 2 for evacuation
[2021-04-25T23:30:51.176+0000][7][gc,age       ] GC(73) Desired survivor size 19922944 bytes, new threshold 15 (max threshold 15)
[2021-04-25T23:30:51.195+0000][7][gc,age       ] GC(73) Age table with threshold 15 (max threshold 15)
[2021-04-25T23:30:51.198+0000][7][gc,age       ] GC(73) - age   1:      48336 bytes,      48336 total
[2021-04-25T23:30:51.199+0000][7][gc,age       ] GC(73) - age   2:         40 bytes,      48376 total
[2021-04-25T23:30:51.200+0000][7][gc,age       ] GC(73) - age   4:         40 bytes,      48416 total
[2021-04-25T23:30:51.202+0000][7][gc,age       ] GC(73) - age   5:         40 bytes,      48456 total
[2021-04-25T23:30:51.203+0000][7][gc,age       ] GC(73) - age   8:        472 bytes,      48928 total
[2021-04-25T23:30:51.204+0000][7][gc,age       ] GC(73) - age  10:        472 bytes,      49400 total
[2021-04-25T23:30:51.205+0000][7][gc,age       ] GC(73) - age  13:        112 bytes,      49512 total
[2021-04-25T23:30:51.206+0000][7][gc,phases    ] GC(73)   Pre Evacuate Collection Set: 0.3ms
[2021-04-25T23:30:51.207+0000][7][gc,phases    ] GC(73)   Merge Heap Roots: 0.6ms
[2021-04-25T23:30:51.207+0000][7][gc,phases    ] GC(73)   Evacuate Collection Set: 9.3ms
[2021-04-25T23:30:51.208+0000][7][gc,phases    ] GC(73)   Post Evacuate Collection Set: 7.0ms
[2021-04-25T23:30:51.208+0000][7][gc,phases    ] GC(73)   Other: 17.5ms
[2021-04-25T23:30:51.209+0000][7][gc,heap      ] GC(73) Eden regions: 303->0(303)
[2021-04-25T23:30:51.209+0000][7][gc,heap      ] GC(73) Survivor regions: 1->1(38)
[2021-04-25T23:30:51.210+0000][7][gc,heap      ] GC(73) Old regions: 70->70
[2021-04-25T23:30:51.210+0000][7][gc,heap      ] GC(73) Archive regions: 2->2
[2021-04-25T23:30:51.210+0000][7][gc,heap      ] GC(73) Humongous regions: 7->7
[2021-04-25T23:30:51.211+0000][7][gc,metaspace ] GC(73) Metaspace: 90383K(97764K)->90383K(97764K) NonClass: 78286K(82584K)->78286K(82584K) Class: 12097K(15180K)->12097K(15180K)
[2021-04-25T23:30:51.211+0000][7][gc           ] GC(73) Pause Young (Normal) (G1 Evacuation Pause) 379M->76M(512M) 40.172ms
[2021-04-25T23:30:51.212+0000][7][gc,cpu       ] GC(73) User=0.02s Sys=0.00s Real=0.04s
[2021-04-25T23:30:51.212+0000][7][safepoint    ] Safepoint "G1CollectForAllocation", Time since last: 605878090500 ns, Reaching safepoint: 504700 ns, At safepoint: 41098300 ns, Total: 41603000 ns
[2021-04-25T23:35:53.281+0000][7][safepoint    ] Safepoint "Cleanup", Time since last: 302069131400 ns, Reaching safepoint: 145000 ns, At safepoint: 3000 ns, Total: 148000 ns
[2021-04-25T23:40:57.011+0000][7][gc,start     ] GC(74) Pause Young (Normal) (G1 Evacuation Pause)
[2021-04-25T23:40:57.012+0000][7][gc,task      ] GC(74) Using 2 workers of 2 for evacuation
[2021-04-25T23:40:57.012+0000][7][gc,age       ] GC(74) Desired survivor size 19922944 bytes, new threshold 15 (max threshold 15)
[2021-04-25T23:40:57.016+0000][7][gc,age       ] GC(74) Age table with threshold 15 (max threshold 15)
[2021-04-25T23:40:57.016+0000][7][gc,age       ] GC(74) - age   1:      32216 bytes,      32216 total
[2021-04-25T23:40:57.017+0000][7][gc,age       ] GC(74) - age   2:      16232 bytes,      48448 total
[2021-04-25T23:40:57.017+0000][7][gc,age       ] GC(74) - age   5:         40 bytes,      48488 total
[2021-04-25T23:40:57.018+0000][7][gc,age       ] GC(74) - age   6:         40 bytes,      48528 total
[2021-04-25T23:40:57.018+0000][7][gc,age       ] GC(74) - age   9:        472 bytes,      49000 total
[2021-04-25T23:40:57.019+0000][7][gc,age       ] GC(74) - age  11:        472 bytes,      49472 total
[2021-04-25T23:40:57.020+0000][7][gc,age       ] GC(74) - age  14:        112 bytes,      49584 total
[2021-04-25T23:40:57.020+0000][7][gc,phases    ] GC(74)   Pre Evacuate Collection Set: 0.1ms
[2021-04-25T23:40:57.021+0000][7][gc,phases    ] GC(74)   Merge Heap Roots: 0.0ms
[2021-04-25T23:40:57.021+0000][7][gc,phases    ] GC(74)   Evacuate Collection Set: 1.3ms
[2021-04-25T23:40:57.021+0000][7][gc,phases    ] GC(74)   Post Evacuate Collection Set: 1.8ms
[2021-04-25T23:40:57.022+0000][7][gc,phases    ] GC(74)   Other: 6.0ms
[2021-04-25T23:40:57.022+0000][7][gc,heap      ] GC(74) Eden regions: 303->0(303)
[2021-04-25T23:40:57.022+0000][7][gc,heap      ] GC(74) Survivor regions: 1->1(38)
[2021-04-25T23:40:57.023+0000][7][gc,heap      ] GC(74) Old regions: 70->70
[2021-04-25T23:40:57.023+0000][7][gc,heap      ] GC(74) Archive regions: 2->2
[2021-04-25T23:40:57.024+0000][7][gc,heap      ] GC(74) Humongous regions: 7->7
[2021-04-25T23:40:57.024+0000][7][gc,metaspace ] GC(74) Metaspace: 90384K(97764K)->90384K(97764K) NonClass: 78287K(82584K)->78287K(82584K) Class: 12097K(15180K)->12097K(15180K)
[2021-04-25T23:40:57.025+0000][7][gc           ] GC(74) Pause Young (Normal) (G1 Evacuation Pause) 379M->76M(512M) 13.644ms
[2021-04-25T23:40:57.025+0000][7][gc,cpu       ] GC(74) User=0.01s Sys=0.00s Real=0.02s
[2021-04-25T23:40:57.025+0000][7][safepoint    ] Safepoint "G1CollectForAllocation", Time since last: 303729592200 ns, Reaching safepoint: 144000 ns, At safepoint: 14426200 ns, Total: 14570200 ns
[2021-04-25T23:51:02.874+0000][7][gc,start     ] GC(75) Pause Young (Normal) (G1 Evacuation Pause)
[2021-04-25T23:51:02.877+0000][7][gc,task      ] GC(75) Using 2 workers of 2 for evacuation
[2021-04-25T23:51:02.879+0000][7][gc,age       ] GC(75) Desired survivor size 19922944 bytes, new threshold 15 (max threshold 15)
[2021-04-25T23:51:02.890+0000][7][gc,age       ] GC(75) Age table with threshold 15 (max threshold 15)
[2021-04-25T23:51:02.891+0000][7][gc,age       ] GC(75) - age   1:      32144 bytes,      32144 total
[2021-04-25T23:51:02.892+0000][7][gc,age       ] GC(75) - age   2:        160 bytes,      32304 total
[2021-04-25T23:51:02.893+0000][7][gc,age       ] GC(75) - age   3:      16232 bytes,      48536 total
[2021-04-25T23:51:02.893+0000][7][gc,age       ] GC(75) - age   6:         40 bytes,      48576 total
[2021-04-25T23:51:02.894+0000][7][gc,age       ] GC(75) - age  10:        472 bytes,      49048 total
[2021-04-25T23:51:02.895+0000][7][gc,age       ] GC(75) - age  12:        472 bytes,      49520 total
[2021-04-25T23:51:02.895+0000][7][gc,age       ] GC(75) - age  15:        112 bytes,      49632 total
[2021-04-25T23:51:02.895+0000][7][gc,phases    ] GC(75)   Pre Evacuate Collection Set: 0.2ms
[2021-04-25T23:51:02.896+0000][7][gc,phases    ] GC(75)   Merge Heap Roots: 0.2ms
[2021-04-25T23:51:02.896+0000][7][gc,phases    ] GC(75)   Evacuate Collection Set: 4.0ms
[2021-04-25T23:51:02.896+0000][7][gc,phases    ] GC(75)   Post Evacuate Collection Set: 4.1ms
[2021-04-25T23:51:02.897+0000][7][gc,phases    ] GC(75)   Other: 12.4ms
[2021-04-25T23:51:02.897+0000][7][gc,heap      ] GC(75) Eden regions: 303->0(303)
[2021-04-25T23:51:02.897+0000][7][gc,heap      ] GC(75) Survivor regions: 1->1(38)
[2021-04-25T23:51:02.898+0000][7][gc,heap      ] GC(75) Old regions: 70->70
[2021-04-25T23:51:02.898+0000][7][gc,heap      ] GC(75) Archive regions: 2->2
[2021-04-25T23:51:02.898+0000][7][gc,heap      ] GC(75) Humongous regions: 7->7
[2021-04-25T23:51:02.899+0000][7][gc,metaspace ] GC(75) Metaspace: 90384K(97764K)->90384K(97764K) NonClass: 78287K(82584K)->78287K(82584K) Class: 12097K(15180K)->12097K(15180K)
[2021-04-25T23:51:02.899+0000][7][gc           ] GC(75) Pause Young (Normal) (G1 Evacuation Pause) 379M->76M(512M) 24.541ms
[2021-04-25T23:51:02.899+0000][7][gc,cpu       ] GC(75) User=0.01s Sys=0.00s Real=0.03s
[2021-04-25T23:51:02.900+0000][7][safepoint    ] Safepoint "G1CollectForAllocation", Time since last: 605848632700 ns, Reaching safepoint: 378200 ns, At safepoint: 25218100 ns, Total: 25596300 ns
[2021-04-26T00:01:08.783+0000][7][gc,start     ] GC(76) Pause Young (Normal) (G1 Evacuation Pause)
[2021-04-26T00:01:08.785+0000][7][gc,task      ] GC(76) Using 2 workers of 2 for evacuation
[2021-04-26T00:01:08.788+0000][7][gc,age       ] GC(76) Desired survivor size 19922944 bytes, new threshold 15 (max threshold 15)
[2021-04-26T00:01:08.802+0000][7][gc,age       ] GC(76) Age table with threshold 15 (max threshold 15)
[2021-04-26T00:01:08.804+0000][7][gc,age       ] GC(76) - age   1:      30712 bytes,      30712 total
[2021-04-26T00:01:08.807+0000][7][gc,age       ] GC(76) - age   2:      16392 bytes,      47104 total
[2021-04-26T00:01:08.808+0000][7][gc,age       ] GC(76) - age   3:         40 bytes,      47144 total
[2021-04-26T00:01:08.809+0000][7][gc,age       ] GC(76) - age   4:         40 bytes,      47184 total
[2021-04-26T00:01:08.811+0000][7][gc,age       ] GC(76) - age   7:         40 bytes,      47224 total
[2021-04-26T00:01:08.812+0000][7][gc,age       ] GC(76) - age  11:        472 bytes,      47696 total
[2021-04-26T00:01:08.814+0000][7][gc,age       ] GC(76) - age  13:        472 bytes,      48168 total
[2021-04-26T00:01:08.814+0000][7][gc,phases    ] GC(76)   Pre Evacuate Collection Set: 0.7ms
[2021-04-26T00:01:08.815+0000][7][gc,phases    ] GC(76)   Merge Heap Roots: 0.8ms
[2021-04-26T00:01:08.816+0000][7][gc,phases    ] GC(76)   Evacuate Collection Set: 4.2ms
[2021-04-26T00:01:08.816+0000][7][gc,phases    ] GC(76)   Post Evacuate Collection Set: 5.2ms
[2021-04-26T00:01:08.817+0000][7][gc,phases    ] GC(76)   Other: 20.7ms
[2021-04-26T00:01:08.817+0000][7][gc,heap      ] GC(76) Eden regions: 303->0(303)
[2021-04-26T00:01:08.818+0000][7][gc,heap      ] GC(76) Survivor regions: 1->1(38)
[2021-04-26T00:01:08.818+0000][7][gc,heap      ] GC(76) Old regions: 70->70
[2021-04-26T00:01:08.819+0000][7][gc,heap      ] GC(76) Archive regions: 2->2
[2021-04-26T00:01:08.819+0000][7][gc,heap      ] GC(76) Humongous regions: 7->7
[2021-04-26T00:01:08.819+0000][7][gc,metaspace ] GC(76) Metaspace: 90384K(97764K)->90384K(97764K) NonClass: 78287K(82584K)->78287K(82584K) Class: 12097K(15180K)->12097K(15180K)
[2021-04-26T00:01:08.820+0000][7][gc           ] GC(76) Pause Young (Normal) (G1 Evacuation Pause) 379M->76M(512M) 36.814ms
[2021-04-26T00:01:08.820+0000][7][gc,cpu       ] GC(76) User=0.01s Sys=0.01s Real=0.04s
[2021-04-26T00:01:08.821+0000][7][safepoint    ] Safepoint "G1CollectForAllocation", Time since last: 605882424700 ns, Reaching safepoint: 790300 ns, At safepoint: 37747800 ns, Total: 38538100 ns
[2021-04-26T00:11:17.687+0000][7][gc,start     ] GC(77) Pause Young (Normal) (G1 Evacuation Pause)
[2021-04-26T00:11:17.690+0000][7][gc,task      ] GC(77) Using 2 workers of 2 for evacuation
[2021-04-26T00:11:17.692+0000][7][gc,age       ] GC(77) Desired survivor size 19922944 bytes, new threshold 15 (max threshold 15)
[2021-04-26T00:11:17.706+0000][7][gc,age       ] GC(77) Age table with threshold 15 (max threshold 15)
[2021-04-26T00:11:17.707+0000][7][gc,age       ] GC(77) - age   1:      14720 bytes,      14720 total
[2021-04-26T00:11:17.709+0000][7][gc,age       ] GC(77) - age   2:      16192 bytes,      30912 total
[2021-04-26T00:11:17.710+0000][7][gc,age       ] GC(77) - age   3:      16192 bytes,      47104 total
[2021-04-26T00:11:17.711+0000][7][gc,age       ] GC(77) - age   4:         40 bytes,      47144 total
[2021-04-26T00:11:17.712+0000][7][gc,age       ] GC(77) - age   5:         40 bytes,      47184 total
[2021-04-26T00:11:17.712+0000][7][gc,age       ] GC(77) - age   8:         40 bytes,      47224 total
[2021-04-26T00:11:17.713+0000][7][gc,age       ] GC(77) - age  12:        472 bytes,      47696 total
[2021-04-26T00:11:17.713+0000][7][gc,age       ] GC(77) - age  14:        472 bytes,      48168 total
[2021-04-26T00:11:17.714+0000][7][gc,phases    ] GC(77)   Pre Evacuate Collection Set: 0.6ms
[2021-04-26T00:11:17.714+0000][7][gc,phases    ] GC(77)   Merge Heap Roots: 0.4ms
[2021-04-26T00:11:17.715+0000][7][gc,phases    ] GC(77)   Evacuate Collection Set: 7.6ms
[2021-04-26T00:11:17.716+0000][7][gc,phases    ] GC(77)   Post Evacuate Collection Set: 2.1ms
[2021-04-26T00:11:17.716+0000][7][gc,phases    ] GC(77)   Other: 16.3ms
[2021-04-26T00:11:17.716+0000][7][gc,heap      ] GC(77) Eden regions: 303->0(303)
[2021-04-26T00:11:17.717+0000][7][gc,heap      ] GC(77) Survivor regions: 1->1(38)
[2021-04-26T00:11:17.717+0000][7][gc,heap      ] GC(77) Old regions: 70->70
[2021-04-26T00:11:17.718+0000][7][gc,heap      ] GC(77) Archive regions: 2->2
[2021-04-26T00:11:17.718+0000][7][gc,heap      ] GC(77) Humongous regions: 7->7
[2021-04-26T00:11:17.719+0000][7][gc,metaspace ] GC(77) Metaspace: 90384K(97764K)->90384K(97764K) NonClass: 78287K(82584K)->78287K(82584K) Class: 12097K(15180K)->12097K(15180K)
[2021-04-26T00:11:17.719+0000][7][gc           ] GC(77) Pause Young (Normal) (G1 Evacuation Pause) 379M->76M(512M) 32.078ms
[2021-04-26T00:11:17.720+0000][7][gc,cpu       ] GC(77) User=0.01s Sys=0.00s Real=0.03s
[2021-04-26T00:11:17.720+0000][7][safepoint    ] Safepoint "G1CollectForAllocation", Time since last: 608865507500 ns, Reaching safepoint: 662500 ns, At safepoint: 33065700 ns, Total: 33728200 ns
[2021-04-26T00:21:25.408+0000][7][gc,start     ] GC(78) Pause Young (Normal) (G1 Evacuation Pause)
[2021-04-26T00:21:25.410+0000][7][gc,task      ] GC(78) Using 2 workers of 2 for evacuation
[2021-04-26T00:21:25.413+0000][7][gc,age       ] GC(78) Desired survivor size 19922944 bytes, new threshold 15 (max threshold 15)
[2021-04-26T00:21:25.427+0000][7][gc,age       ] GC(78) Age table with threshold 15 (max threshold 15)
[2021-04-26T00:21:25.429+0000][7][gc,age       ] GC(78) - age   1:      32216 bytes,      32216 total
[2021-04-26T00:21:25.430+0000][7][gc,age       ] GC(78) - age   2:        152 bytes,      32368 total
[2021-04-26T00:21:25.432+0000][7][gc,age       ] GC(78) - age   3:      16192 bytes,      48560 total
[2021-04-26T00:21:25.433+0000][7][gc,age       ] GC(78) - age   4:         40 bytes,      48600 total
[2021-04-26T00:21:25.434+0000][7][gc,age       ] GC(78) - age   5:         40 bytes,      48640 total
[2021-04-26T00:21:25.435+0000][7][gc,age       ] GC(78) - age   6:         40 bytes,      48680 total
[2021-04-26T00:21:25.436+0000][7][gc,age       ] GC(78) - age  13:        472 bytes,      49152 total
[2021-04-26T00:21:25.437+0000][7][gc,age       ] GC(78) - age  15:        472 bytes,      49624 total
[2021-04-26T00:21:25.438+0000][7][gc,phases    ] GC(78)   Pre Evacuate Collection Set: 0.9ms
[2021-04-26T00:21:25.439+0000][7][gc,phases    ] GC(78)   Merge Heap Roots: 0.4ms
[2021-04-26T00:21:25.439+0000][7][gc,phases    ] GC(78)   Evacuate Collection Set: 3.7ms
[2021-04-26T00:21:25.440+0000][7][gc,phases    ] GC(78)   Post Evacuate Collection Set: 6.0ms
[2021-04-26T00:21:25.440+0000][7][gc,phases    ] GC(78)   Other: 19.8ms
[2021-04-26T00:21:25.441+0000][7][gc,heap      ] GC(78) Eden regions: 303->0(303)
[2021-04-26T00:21:25.441+0000][7][gc,heap      ] GC(78) Survivor regions: 1->1(38)
[2021-04-26T00:21:25.441+0000][7][gc,heap      ] GC(78) Old regions: 70->70
[2021-04-26T00:21:25.442+0000][7][gc,heap      ] GC(78) Archive regions: 2->2
[2021-04-26T00:21:25.442+0000][7][gc,heap      ] GC(78) Humongous regions: 7->7
[2021-04-26T00:21:25.443+0000][7][gc,metaspace ] GC(78) Metaspace: 90395K(97764K)->90395K(97764K) NonClass: 78298K(82584K)->78298K(82584K) Class: 12097K(15180K)->12097K(15180K)
[2021-04-26T00:21:25.443+0000][7][gc           ] GC(78) Pause Young (Normal) (G1 Evacuation Pause) 379M->76M(512M) 35.389ms
[2021-04-26T00:21:25.443+0000][7][gc,cpu       ] GC(78) User=0.01s Sys=0.00s Real=0.03s
[2021-04-26T00:21:25.444+0000][7][safepoint    ] Safepoint "G1CollectForAllocation", Time since last: 607687340600 ns, Reaching safepoint: 636200 ns, At safepoint: 36189900 ns, Total: 36826100 ns
[2021-04-26T00:23:11.484+0000][7][safepoint    ] Safepoint "Cleanup", Time since last: 106039848500 ns, Reaching safepoint: 467300 ns, At safepoint: 9200 ns, Total: 476500 ns
[2021-04-26T00:31:31.306+0000][7][gc,start     ] GC(79) Pause Young (Normal) (G1 Evacuation Pause)
[2021-04-26T00:31:31.308+0000][7][gc,task      ] GC(79) Using 2 workers of 2 for evacuation
[2021-04-26T00:31:31.310+0000][7][gc,age       ] GC(79) Desired survivor size 19922944 bytes, new threshold 15 (max threshold 15)
[2021-04-26T00:31:31.323+0000][7][gc,age       ] GC(79) Age table with threshold 15 (max threshold 15)
[2021-04-26T00:31:31.325+0000][7][gc,age       ] GC(79) - age   1:      30984 bytes,      30984 total
[2021-04-26T00:31:31.328+0000][7][gc,age       ] GC(79) - age   2:      16560 bytes,      47544 total
[2021-04-26T00:31:31.330+0000][7][gc,age       ] GC(79) - age   4:         40 bytes,      47584 total
[2021-04-26T00:31:31.333+0000][7][gc,age       ] GC(79) - age   5:         40 bytes,      47624 total
[2021-04-26T00:31:31.335+0000][7][gc,age       ] GC(79) - age   7:         40 bytes,      47664 total
[2021-04-26T00:31:31.337+0000][7][gc,age       ] GC(79) - age  14:        472 bytes,      48136 total
[2021-04-26T00:31:31.339+0000][7][gc,phases    ] GC(79)   Pre Evacuate Collection Set: 0.5ms
[2021-04-26T00:31:31.340+0000][7][gc,phases    ] GC(79)   Merge Heap Roots: 0.3ms
[2021-04-26T00:31:31.341+0000][7][gc,phases    ] GC(79)   Evacuate Collection Set: 5.0ms
[2021-04-26T00:31:31.342+0000][7][gc,phases    ] GC(79)   Post Evacuate Collection Set: 4.5ms
[2021-04-26T00:31:31.343+0000][7][gc,phases    ] GC(79)   Other: 22.7ms
[2021-04-26T00:31:31.344+0000][7][gc,heap      ] GC(79) Eden regions: 303->0(303)
[2021-04-26T00:31:31.345+0000][7][gc,heap      ] GC(79) Survivor regions: 1->1(38)
[2021-04-26T00:31:31.345+0000][7][gc,heap      ] GC(79) Old regions: 70->70
[2021-04-26T00:31:31.346+0000][7][gc,heap      ] GC(79) Archive regions: 2->2
[2021-04-26T00:31:31.346+0000][7][gc,heap      ] GC(79) Humongous regions: 7->7
[2021-04-26T00:31:31.347+0000][7][gc,metaspace ] GC(79) Metaspace: 90395K(97764K)->90395K(97764K) NonClass: 78298K(82584K)->78298K(82584K) Class: 12097K(15180K)->12097K(15180K)
[2021-04-26T00:31:31.347+0000][7][gc           ] GC(79) Pause Young (Normal) (G1 Evacuation Pause) 379M->76M(512M) 40.924ms
[2021-04-26T00:31:31.347+0000][7][gc,cpu       ] GC(79) User=0.02s Sys=0.00s Real=0.04s
[2021-04-26T00:31:31.348+0000][7][safepoint    ] Safepoint "G1CollectForAllocation", Time since last: 499821141400 ns, Reaching safepoint: 273700 ns, At safepoint: 41839400 ns, Total: 42113100 ns
[2021-04-26T00:38:41.505+0000][7][safepoint    ] Safepoint "Cleanup", Time since last: 430156834400 ns, Reaching safepoint: 358300 ns, At safepoint: 7000 ns, Total: 365300 ns
[2021-04-26T00:41:37.266+0000][7][gc,start     ] GC(80) Pause Young (Normal) (G1 Evacuation Pause)
[2021-04-26T00:41:37.267+0000][7][gc,task      ] GC(80) Using 2 workers of 2 for evacuation
[2021-04-26T00:41:37.268+0000][7][gc,age       ] GC(80) Desired survivor size 19922944 bytes, new threshold 15 (max threshold 15)
[2021-04-26T00:41:37.273+0000][7][gc,age       ] GC(80) Age table with threshold 15 (max threshold 15)
[2021-04-26T00:41:37.275+0000][7][gc,age       ] GC(80) - age   1:      48408 bytes,      48408 total
[2021-04-26T00:41:37.276+0000][7][gc,age       ] GC(80) - age   2:         72 bytes,      48480 total
[2021-04-26T00:41:37.277+0000][7][gc,age       ] GC(80) - age   3:        208 bytes,      48688 total
[2021-04-26T00:41:37.278+0000][7][gc,age       ] GC(80) - age   5:         40 bytes,      48728 total
[2021-04-26T00:41:37.278+0000][7][gc,age       ] GC(80) - age  15:        472 bytes,      49200 total
[2021-04-26T00:41:37.279+0000][7][gc,phases    ] GC(80)   Pre Evacuate Collection Set: 0.2ms
[2021-04-26T00:41:37.279+0000][7][gc,phases    ] GC(80)   Merge Heap Roots: 0.1ms
[2021-04-26T00:41:37.280+0000][7][gc,phases    ] GC(80)   Evacuate Collection Set: 1.8ms
[2021-04-26T00:41:37.280+0000][7][gc,phases    ] GC(80)   Post Evacuate Collection Set: 2.5ms
[2021-04-26T00:41:37.281+0000][7][gc,phases    ] GC(80)   Other: 8.5ms
[2021-04-26T00:41:37.281+0000][7][gc,heap      ] GC(80) Eden regions: 303->0(303)
[2021-04-26T00:41:37.281+0000][7][gc,heap      ] GC(80) Survivor regions: 1->1(38)
[2021-04-26T00:41:37.282+0000][7][gc,heap      ] GC(80) Old regions: 70->70
[2021-04-26T00:41:37.282+0000][7][gc,heap      ] GC(80) Archive regions: 2->2
[2021-04-26T00:41:37.283+0000][7][gc,heap      ] GC(80) Humongous regions: 7->7
[2021-04-26T00:41:37.283+0000][7][gc,metaspace ] GC(80) Metaspace: 90396K(97764K)->90396K(97764K) NonClass: 78298K(82584K)->78298K(82584K) Class: 12097K(15180K)->12097K(15180K)
[2021-04-26T00:41:37.283+0000][7][gc           ] GC(80) Pause Young (Normal) (G1 Evacuation Pause) 379M->76M(512M) 17.823ms
[2021-04-26T00:41:37.284+0000][7][gc,cpu       ] GC(80) User=0.01s Sys=0.00s Real=0.01s
[2021-04-26T00:41:37.284+0000][7][safepoint    ] Safepoint "G1CollectForAllocation", Time since last: 175760636700 ns, Reaching safepoint: 208100 ns, At safepoint: 18631100 ns, Total: 18839200 ns
[2021-04-26T00:51:43.238+0000][7][gc,start     ] GC(81) Pause Young (Normal) (G1 Evacuation Pause)
[2021-04-26T00:51:43.240+0000][7][gc,task      ] GC(81) Using 2 workers of 2 for evacuation
[2021-04-26T00:51:43.241+0000][7][gc,age       ] GC(81) Desired survivor size 19922944 bytes, new threshold 15 (max threshold 15)
[2021-04-26T00:51:43.250+0000][7][gc,age       ] GC(81) Age table with threshold 15 (max threshold 15)
[2021-04-26T00:51:43.251+0000][7][gc,age       ] GC(81) - age   1:      32728 bytes,      32728 total
[2021-04-26T00:51:43.251+0000][7][gc,age       ] GC(81) - age   2:      16232 bytes,      48960 total
[2021-04-26T00:51:43.252+0000][7][gc,age       ] GC(81) - age   3:         40 bytes,      49000 total
[2021-04-26T00:51:43.252+0000][7][gc,age       ] GC(81) - age   4:        208 bytes,      49208 total
[2021-04-26T00:51:43.253+0000][7][gc,phases    ] GC(81)   Pre Evacuate Collection Set: 0.3ms
[2021-04-26T00:51:43.253+0000][7][gc,phases    ] GC(81)   Merge Heap Roots: 0.1ms
[2021-04-26T00:51:43.254+0000][7][gc,phases    ] GC(81)   Evacuate Collection Set: 3.3ms
[2021-04-26T00:51:43.254+0000][7][gc,phases    ] GC(81)   Post Evacuate Collection Set: 3.9ms
[2021-04-26T00:51:43.255+0000][7][gc,phases    ] GC(81)   Other: 7.2ms
[2021-04-26T00:51:43.256+0000][7][gc,heap      ] GC(81) Eden regions: 303->0(303)
[2021-04-26T00:51:43.256+0000][7][gc,heap      ] GC(81) Survivor regions: 1->1(38)
[2021-04-26T00:51:43.257+0000][7][gc,heap      ] GC(81) Old regions: 70->70
[2021-04-26T00:51:43.257+0000][7][gc,heap      ] GC(81) Archive regions: 2->2
[2021-04-26T00:51:43.258+0000][7][gc,heap      ] GC(81) Humongous regions: 7->7
[2021-04-26T00:51:43.258+0000][7][gc,metaspace ] GC(81) Metaspace: 90403K(97764K)->90403K(97764K) NonClass: 78306K(82584K)->78306K(82584K) Class: 12097K(15180K)->12097K(15180K)
[2021-04-26T00:51:43.258+0000][7][gc           ] GC(81) Pause Young (Normal) (G1 Evacuation Pause) 379M->76M(512M) 20.003ms
[2021-04-26T00:51:43.259+0000][7][gc,cpu       ] GC(81) User=0.01s Sys=0.00s Real=0.02s
[2021-04-26T00:51:43.259+0000][7][safepoint    ] Safepoint "G1CollectForAllocation", Time since last: 605953674900 ns, Reaching safepoint: 272000 ns, At safepoint: 20934200 ns, Total: 21206200 ns
[2021-04-26T01:01:50.442+0000][7][safepoint    ] Safepoint "Cleanup", Time since last: 607182268800 ns, Reaching safepoint: 468400 ns, At safepoint: 12400 ns, Total: 480800 ns
[2021-04-26T01:01:52.227+0000][7][gc,start     ] GC(82) Pause Young (Normal) (G1 Evacuation Pause)
[2021-04-26T01:01:52.228+0000][7][gc,task      ] GC(82) Using 2 workers of 2 for evacuation
[2021-04-26T01:01:52.230+0000][7][gc,age       ] GC(82) Desired survivor size 19922944 bytes, new threshold 15 (max threshold 15)
[2021-04-26T01:01:52.235+0000][7][gc,age       ] GC(82) Age table with threshold 15 (max threshold 15)
[2021-04-26T01:01:52.236+0000][7][gc,age       ] GC(82) - age   1:      31072 bytes,      31072 total
[2021-04-26T01:01:52.237+0000][7][gc,age       ] GC(82) - age   2:      16888 bytes,      47960 total
[2021-04-26T01:01:52.237+0000][7][gc,age       ] GC(82) - age   3:         80 bytes,      48040 total
[2021-04-26T01:01:52.238+0000][7][gc,age       ] GC(82) - age   5:        208 bytes,      48248 total
[2021-04-26T01:01:52.239+0000][7][gc,phases    ] GC(82)   Pre Evacuate Collection Set: 0.2ms
[2021-04-26T01:01:52.240+0000][7][gc,phases    ] GC(82)   Merge Heap Roots: 0.1ms
[2021-04-26T01:01:52.241+0000][7][gc,phases    ] GC(82)   Evacuate Collection Set: 1.8ms
[2021-04-26T01:01:52.241+0000][7][gc,phases    ] GC(82)   Post Evacuate Collection Set: 2.1ms
[2021-04-26T01:01:52.241+0000][7][gc,phases    ] GC(82)   Other: 8.4ms
[2021-04-26T01:01:52.242+0000][7][gc,heap      ] GC(82) Eden regions: 303->0(303)
[2021-04-26T01:01:52.242+0000][7][gc,heap      ] GC(82) Survivor regions: 1->1(38)
[2021-04-26T01:01:52.243+0000][7][gc,heap      ] GC(82) Old regions: 70->70
[2021-04-26T01:01:52.243+0000][7][gc,heap      ] GC(82) Archive regions: 2->2
[2021-04-26T01:01:52.244+0000][7][gc,heap      ] GC(82) Humongous regions: 7->7
[2021-04-26T01:01:52.244+0000][7][gc,metaspace ] GC(82) Metaspace: 90405K(97764K)->90405K(97764K) NonClass: 78307K(82584K)->78307K(82584K) Class: 12097K(15180K)->12097K(15180K)
[2021-04-26T01:01:52.245+0000][7][gc           ] GC(82) Pause Young (Normal) (G1 Evacuation Pause) 379M->76M(512M) 17.952ms
[2021-04-26T01:01:52.245+0000][7][gc,cpu       ] GC(82) User=0.01s Sys=0.00s Real=0.02s
[2021-04-26T01:01:52.245+0000][7][safepoint    ] Safepoint "G1CollectForAllocation", Time since last: 1784339400 ns, Reaching safepoint: 225900 ns, At safepoint: 18907200 ns, Total: 19133100 ns
[2021-04-26T01:11:59.978+0000][7][gc,start     ] GC(83) Pause Young (Normal) (G1 Evacuation Pause)
[2021-04-26T01:11:59.981+0000][7][gc,task      ] GC(83) Using 2 workers of 2 for evacuation
[2021-04-26T01:11:59.983+0000][7][gc,age       ] GC(83) Desired survivor size 19922944 bytes, new threshold 15 (max threshold 15)
[2021-04-26T01:11:59.996+0000][7][gc,age       ] GC(83) Age table with threshold 15 (max threshold 15)
[2021-04-26T01:11:59.999+0000][7][gc,age       ] GC(83) - age   1:      32264 bytes,      32264 total
[2021-04-26T01:12:00.000+0000][7][gc,age       ] GC(83) - age   2:        288 bytes,      32552 total
[2021-04-26T01:12:00.003+0000][7][gc,age       ] GC(83) - age   3:      16688 bytes,      49240 total
[2021-04-26T01:12:00.006+0000][7][gc,age       ] GC(83) - age   4:         40 bytes,      49280 total
[2021-04-26T01:12:00.007+0000][7][gc,age       ] GC(83) - age   6:        208 bytes,      49488 total
[2021-04-26T01:12:00.008+0000][7][gc,phases    ] GC(83)   Pre Evacuate Collection Set: 0.6ms
[2021-04-26T01:12:00.009+0000][7][gc,phases    ] GC(83)   Merge Heap Roots: 0.4ms
[2021-04-26T01:12:00.010+0000][7][gc,phases    ] GC(83)   Evacuate Collection Set: 4.5ms
[2021-04-26T01:12:00.011+0000][7][gc,phases    ] GC(83)   Post Evacuate Collection Set: 5.6ms
[2021-04-26T01:12:00.012+0000][7][gc,phases    ] GC(83)   Other: 19.2ms
[2021-04-26T01:12:00.013+0000][7][gc,heap      ] GC(83) Eden regions: 303->0(303)
[2021-04-26T01:12:00.014+0000][7][gc,heap      ] GC(83) Survivor regions: 1->1(38)
[2021-04-26T01:12:00.015+0000][7][gc,heap      ] GC(83) Old regions: 70->70
[2021-04-26T01:12:00.016+0000][7][gc,heap      ] GC(83) Archive regions: 2->2
[2021-04-26T01:12:00.017+0000][7][gc,heap      ] GC(83) Humongous regions: 7->7
[2021-04-26T01:12:00.017+0000][7][gc,metaspace ] GC(83) Metaspace: 90406K(97764K)->90406K(97764K) NonClass: 78308K(82584K)->78308K(82584K) Class: 12097K(15180K)->12097K(15180K)
[2021-04-26T01:12:00.018+0000][7][gc           ] GC(83) Pause Young (Normal) (G1 Evacuation Pause) 379M->76M(512M) 40.035ms
[2021-04-26T01:12:00.019+0000][7][gc,cpu       ] GC(83) User=0.01s Sys=0.01s Real=0.04s
[2021-04-26T01:12:00.020+0000][7][safepoint    ] Safepoint "G1CollectForAllocation", Time since last: 607733080200 ns, Reaching safepoint: 451400 ns, At safepoint: 41690400 ns, Total: 42141800 ns
[2021-04-26T01:22:05.786+0000][7][gc,start     ] GC(84) Pause Young (Normal) (G1 Evacuation Pause)
[2021-04-26T01:22:05.789+0000][7][gc,task      ] GC(84) Using 2 workers of 2 for evacuation
[2021-04-26T01:22:05.792+0000][7][gc,age       ] GC(84) Desired survivor size 19922944 bytes, new threshold 15 (max threshold 15)
[2021-04-26T01:22:05.802+0000][7][gc,age       ] GC(84) Age table with threshold 15 (max threshold 15)
[2021-04-26T01:22:05.803+0000][7][gc,age       ] GC(84) - age   1:      31240 bytes,      31240 total
[2021-04-26T01:22:05.804+0000][7][gc,age       ] GC(84) - age   2:      16192 bytes,      47432 total
[2021-04-26T01:22:05.805+0000][7][gc,age       ] GC(84) - age   3:        256 bytes,      47688 total
[2021-04-26T01:22:05.806+0000][7][gc,age       ] GC(84) - age   4:        536 bytes,      48224 total
[2021-04-26T01:22:05.807+0000][7][gc,age       ] GC(84) - age   5:         40 bytes,      48264 total
[2021-04-26T01:22:05.807+0000][7][gc,age       ] GC(84) - age   7:        168 bytes,      48432 total
[2021-04-26T01:22:05.808+0000][7][gc,phases    ] GC(84)   Pre Evacuate Collection Set: 0.5ms
[2021-04-26T01:22:05.809+0000][7][gc,phases    ] GC(84)   Merge Heap Roots: 0.1ms
[2021-04-26T01:22:05.810+0000][7][gc,phases    ] GC(84)   Evacuate Collection Set: 1.7ms
[2021-04-26T01:22:05.810+0000][7][gc,phases    ] GC(84)   Post Evacuate Collection Set: 2.9ms
[2021-04-26T01:22:05.811+0000][7][gc,phases    ] GC(84)   Other: 17.3ms
[2021-04-26T01:22:05.811+0000][7][gc,heap      ] GC(84) Eden regions: 303->0(303)
[2021-04-26T01:22:05.811+0000][7][gc,heap      ] GC(84) Survivor regions: 1->1(38)
[2021-04-26T01:22:05.812+0000][7][gc,heap      ] GC(84) Old regions: 70->70
[2021-04-26T01:22:05.812+0000][7][gc,heap      ] GC(84) Archive regions: 2->2
[2021-04-26T01:22:05.813+0000][7][gc,heap      ] GC(84) Humongous regions: 7->7
[2021-04-26T01:22:05.813+0000][7][gc,metaspace ] GC(84) Metaspace: 90407K(97764K)->90407K(97764K) NonClass: 78310K(82584K)->78310K(82584K) Class: 12097K(15180K)->12097K(15180K)
[2021-04-26T01:22:05.814+0000][7][gc           ] GC(84) Pause Young (Normal) (G1 Evacuation Pause) 379M->76M(512M) 27.569ms
[2021-04-26T01:22:05.814+0000][7][gc,cpu       ] GC(84) User=0.01s Sys=0.00s Real=0.02s
[2021-04-26T01:22:05.814+0000][7][safepoint    ] Safepoint "G1CollectForAllocation", Time since last: 605764943700 ns, Reaching safepoint: 449200 ns, At safepoint: 28521900 ns, Total: 28971100 ns
[2021-04-26T01:30:00.989+0000][7][safepoint    ] Safepoint "Cleanup", Time since last: 475174247700 ns, Reaching safepoint: 379900 ns, At safepoint: 12500 ns, Total: 392400 ns
[2021-04-26T01:32:11.767+0000][7][gc,start     ] GC(85) Pause Young (Normal) (G1 Evacuation Pause)
[2021-04-26T01:32:11.770+0000][7][gc,task      ] GC(85) Using 2 workers of 2 for evacuation
[2021-04-26T01:32:11.772+0000][7][gc,age       ] GC(85) Desired survivor size 19922944 bytes, new threshold 15 (max threshold 15)
[2021-04-26T01:32:11.792+0000][7][gc,age       ] GC(85) Age table with threshold 15 (max threshold 15)
[2021-04-26T01:32:11.793+0000][7][gc,age       ] GC(85) - age   1:      72664 bytes,      72664 total
[2021-04-26T01:32:11.795+0000][7][gc,age       ] GC(85) - age   2:        272 bytes,      72936 total
[2021-04-26T01:32:11.797+0000][7][gc,age       ] GC(85) - age   3:         40 bytes,      72976 total
[2021-04-26T01:32:11.798+0000][7][gc,age       ] GC(85) - age   4:        216 bytes,      73192 total
[2021-04-26T01:32:11.799+0000][7][gc,age       ] GC(85) - age   5:        496 bytes,      73688 total
[2021-04-26T01:32:11.801+0000][7][gc,age       ] GC(85) - age   6:         40 bytes,      73728 total
[2021-04-26T01:32:11.802+0000][7][gc,age       ] GC(85) - age   8:        168 bytes,      73896 total
[2021-04-26T01:32:11.802+0000][7][gc,phases    ] GC(85)   Pre Evacuate Collection Set: 0.5ms
[2021-04-26T01:32:11.803+0000][7][gc,phases    ] GC(85)   Merge Heap Roots: 0.5ms
[2021-04-26T01:32:11.804+0000][7][gc,phases    ] GC(85)   Evacuate Collection Set: 10.8ms
[2021-04-26T01:32:11.804+0000][7][gc,phases    ] GC(85)   Post Evacuate Collection Set: 4.7ms
[2021-04-26T01:32:11.804+0000][7][gc,phases    ] GC(85)   Other: 19.4ms
[2021-04-26T01:32:11.805+0000][7][gc,heap      ] GC(85) Eden regions: 303->0(303)
[2021-04-26T01:32:11.805+0000][7][gc,heap      ] GC(85) Survivor regions: 1->1(38)
[2021-04-26T01:32:11.806+0000][7][gc,heap      ] GC(85) Old regions: 70->70
[2021-04-26T01:32:11.806+0000][7][gc,heap      ] GC(85) Archive regions: 2->2
[2021-04-26T01:32:11.807+0000][7][gc,heap      ] GC(85) Humongous regions: 7->7
[2021-04-26T01:32:11.807+0000][7][gc,metaspace ] GC(85) Metaspace: 90458K(97764K)->90458K(97764K) NonClass: 78356K(82584K)->78356K(82584K) Class: 12102K(15180K)->12102K(15180K)
[2021-04-26T01:32:11.808+0000][7][gc           ] GC(85) Pause Young (Normal) (G1 Evacuation Pause) 379M->76M(512M) 40.864ms
[2021-04-26T01:32:11.808+0000][7][gc,cpu       ] GC(85) User=0.02s Sys=0.00s Real=0.04s
[2021-04-26T01:32:11.808+0000][7][safepoint    ] Safepoint "G1CollectForAllocation", Time since last: 130777143300 ns, Reaching safepoint: 441600 ns, At safepoint: 41787100 ns, Total: 42228700 ns
[2021-04-26T01:35:52.887+0000][7][safepoint    ] Safepoint "Cleanup", Time since last: 221078305800 ns, Reaching safepoint: 711400 ns, At safepoint: 69400 ns, Total: 780800 ns
[2021-04-26T01:39:13.968+0000][7][safepoint    ] Safepoint "Cleanup", Time since last: 201080403000 ns, Reaching safepoint: 429300 ns, At safepoint: 9000 ns, Total: 438300 ns
[2021-04-26T01:39:14.971+0000][7][safepoint    ] Safepoint "Cleanup", Time since last: 1002071900 ns, Reaching safepoint: 452300 ns, At safepoint: 12400 ns, Total: 464700 ns
[2021-04-26T01:42:17.704+0000][7][gc,start     ] GC(86) Pause Young (Normal) (G1 Evacuation Pause)
[2021-04-26T01:42:17.706+0000][7][gc,task      ] GC(86) Using 2 workers of 2 for evacuation
[2021-04-26T01:42:17.709+0000][7][gc,age       ] GC(86) Desired survivor size 19922944 bytes, new threshold 15 (max threshold 15)
[2021-04-26T01:42:17.722+0000][7][gc,age       ] GC(86) Age table with threshold 15 (max threshold 15)
[2021-04-26T01:42:17.724+0000][7][gc,age       ] GC(86) - age   1:      16088 bytes,      16088 total
[2021-04-26T01:42:17.725+0000][7][gc,age       ] GC(86) - age   2:      56856 bytes,      72944 total
[2021-04-26T01:42:17.726+0000][7][gc,age       ] GC(86) - age   3:         40 bytes,      72984 total
[2021-04-26T01:42:17.727+0000][7][gc,age       ] GC(86) - age   4:         40 bytes,      73024 total
[2021-04-26T01:42:17.728+0000][7][gc,age       ] GC(86) - age   5:        216 bytes,      73240 total
[2021-04-26T01:42:17.729+0000][7][gc,age       ] GC(86) - age   6:        496 bytes,      73736 total
[2021-04-26T01:42:17.730+0000][7][gc,age       ] GC(86) - age   7:         40 bytes,      73776 total
[2021-04-26T01:42:17.730+0000][7][gc,age       ] GC(86) - age   9:        168 bytes,      73944 total
[2021-04-26T01:42:17.731+0000][7][gc,phases    ] GC(86)   Pre Evacuate Collection Set: 1.0ms
[2021-04-26T01:42:17.731+0000][7][gc,phases    ] GC(86)   Merge Heap Roots: 0.4ms
[2021-04-26T01:42:17.732+0000][7][gc,phases    ] GC(86)   Evacuate Collection Set: 3.2ms
[2021-04-26T01:42:17.732+0000][7][gc,phases    ] GC(86)   Post Evacuate Collection Set: 5.4ms
[2021-04-26T01:42:17.733+0000][7][gc,phases    ] GC(86)   Other: 17.2ms
[2021-04-26T01:42:17.733+0000][7][gc,heap      ] GC(86) Eden regions: 303->0(303)
[2021-04-26T01:42:17.734+0000][7][gc,heap      ] GC(86) Survivor regions: 1->1(38)
[2021-04-26T01:42:17.734+0000][7][gc,heap      ] GC(86) Old regions: 70->70
[2021-04-26T01:42:17.735+0000][7][gc,heap      ] GC(86) Archive regions: 2->2
[2021-04-26T01:42:17.735+0000][7][gc,heap      ] GC(86) Humongous regions: 7->7
[2021-04-26T01:42:17.735+0000][7][gc,metaspace ] GC(86) Metaspace: 90459K(97764K)->90459K(97764K) NonClass: 78357K(82584K)->78357K(82584K) Class: 12102K(15180K)->12102K(15180K)
[2021-04-26T01:42:17.736+0000][7][gc           ] GC(86) Pause Young (Normal) (G1 Evacuation Pause) 379M->76M(512M) 32.137ms
[2021-04-26T01:42:17.736+0000][7][gc,cpu       ] GC(86) User=0.01s Sys=0.01s Real=0.04s
[2021-04-26T01:42:17.737+0000][7][safepoint    ] Safepoint "G1CollectForAllocation", Time since last: 182732168700 ns, Reaching safepoint: 487600 ns, At safepoint: 33035400 ns, Total: 33523000 ns
[2021-04-26T01:45:52.824+0000][7][safepoint    ] Safepoint "Cleanup", Time since last: 215086800500 ns, Reaching safepoint: 324300 ns, At safepoint: 7800 ns, Total: 332100 ns
[2021-04-26T01:48:43.888+0000][7][safepoint    ] Safepoint "Cleanup", Time since last: 171063717400 ns, Reaching safepoint: 148500 ns, At safepoint: 3300 ns, Total: 151800 ns
[2021-04-26T01:52:23.567+0000][7][gc,start     ] GC(87) Pause Young (Normal) (G1 Evacuation Pause)
[2021-04-26T01:52:23.570+0000][7][gc,task      ] GC(87) Using 2 workers of 2 for evacuation
[2021-04-26T01:52:23.573+0000][7][gc,age       ] GC(87) Desired survivor size 19922944 bytes, new threshold 15 (max threshold 15)
[2021-04-26T01:52:23.583+0000][7][gc,age       ] GC(87) Age table with threshold 15 (max threshold 15)
[2021-04-26T01:52:23.584+0000][7][gc,age       ] GC(87) - age   1:      47792 bytes,      47792 total
[2021-04-26T01:52:23.585+0000][7][gc,age       ] GC(87) - age   3:      24552 bytes,      72344 total
[2021-04-26T01:52:23.586+0000][7][gc,age       ] GC(87) - age   6:        216 bytes,      72560 total
[2021-04-26T01:52:23.587+0000][7][gc,age       ] GC(87) - age   7:        496 bytes,      73056 total
[2021-04-26T01:52:23.588+0000][7][gc,age       ] GC(87) - age   8:         40 bytes,      73096 total
[2021-04-26T01:52:23.589+0000][7][gc,age       ] GC(87) - age  10:        168 bytes,      73264 total
[2021-04-26T01:52:23.590+0000][7][gc,phases    ] GC(87)   Pre Evacuate Collection Set: 0.6ms
[2021-04-26T01:52:23.590+0000][7][gc,phases    ] GC(87)   Merge Heap Roots: 0.3ms
[2021-04-26T01:52:23.591+0000][7][gc,phases    ] GC(87)   Evacuate Collection Set: 3.1ms
[2021-04-26T01:52:23.591+0000][7][gc,phases    ] GC(87)   Post Evacuate Collection Set: 3.0ms
[2021-04-26T01:52:23.592+0000][7][gc,phases    ] GC(87)   Other: 15.7ms
[2021-04-26T01:52:23.592+0000][7][gc,heap      ] GC(87) Eden regions: 303->0(303)
[2021-04-26T01:52:23.592+0000][7][gc,heap      ] GC(87) Survivor regions: 1->1(38)
[2021-04-26T01:52:23.593+0000][7][gc,heap      ] GC(87) Old regions: 70->70
[2021-04-26T01:52:23.593+0000][7][gc,heap      ] GC(87) Archive regions: 2->2
[2021-04-26T01:52:23.593+0000][7][gc,heap      ] GC(87) Humongous regions: 7->7
[2021-04-26T01:52:23.594+0000][7][gc,metaspace ] GC(87) Metaspace: 90468K(97764K)->90468K(97764K) NonClass: 78366K(82584K)->78366K(82584K) Class: 12102K(15180K)->12102K(15180K)
[2021-04-26T01:52:23.594+0000][7][gc           ] GC(87) Pause Young (Normal) (G1 Evacuation Pause) 379M->76M(512M) 27.034ms
[2021-04-26T01:52:23.594+0000][7][gc,cpu       ] GC(87) User=0.01s Sys=0.00s Real=0.03s
[2021-04-26T01:52:23.595+0000][7][safepoint    ] Safepoint "G1CollectForAllocation", Time since last: 219679220800 ns, Reaching safepoint: 443700 ns, At safepoint: 27898800 ns, Total: 28342500 ns
[2021-04-26T02:02:29.373+0000][7][gc,start     ] GC(88) Pause Young (Normal) (G1 Evacuation Pause)
[2021-04-26T02:02:29.374+0000][7][gc,task      ] GC(88) Using 2 workers of 2 for evacuation
[2021-04-26T02:02:29.374+0000][7][gc,age       ] GC(88) Desired survivor size 19922944 bytes, new threshold 15 (max threshold 15)
[2021-04-26T02:02:29.378+0000][7][gc,age       ] GC(88) Age table with threshold 15 (max threshold 15)
[2021-04-26T02:02:29.378+0000][7][gc,age       ] GC(88) - age   1:      32048 bytes,      32048 total
[2021-04-26T02:02:29.379+0000][7][gc,age       ] GC(88) - age   2:      16792 bytes,      48840 total
[2021-04-26T02:02:29.379+0000][7][gc,age       ] GC(88) - age   4:      24552 bytes,      73392 total
[2021-04-26T02:02:29.380+0000][7][gc,age       ] GC(88) - age   7:        216 bytes,      73608 total
[2021-04-26T02:02:29.381+0000][7][gc,age       ] GC(88) - age   8:        496 bytes,      74104 total
[2021-04-26T02:02:29.381+0000][7][gc,age       ] GC(88) - age  11:        168 bytes,      74272 total
[2021-04-26T02:02:29.382+0000][7][gc,phases    ] GC(88)   Pre Evacuate Collection Set: 0.1ms
[2021-04-26T02:02:29.382+0000][7][gc,phases    ] GC(88)   Merge Heap Roots: 0.1ms
[2021-04-26T02:02:29.382+0000][7][gc,phases    ] GC(88)   Evacuate Collection Set: 1.5ms
[2021-04-26T02:02:29.383+0000][7][gc,phases    ] GC(88)   Post Evacuate Collection Set: 1.2ms
[2021-04-26T02:02:29.383+0000][7][gc,phases    ] GC(88)   Other: 5.5ms
[2021-04-26T02:02:29.383+0000][7][gc,heap      ] GC(88) Eden regions: 303->0(303)
[2021-04-26T02:02:29.384+0000][7][gc,heap      ] GC(88) Survivor regions: 1->1(38)
[2021-04-26T02:02:29.384+0000][7][gc,heap      ] GC(88) Old regions: 70->70
[2021-04-26T02:02:29.384+0000][7][gc,heap      ] GC(88) Archive regions: 2->2
[2021-04-26T02:02:29.385+0000][7][gc,heap      ] GC(88) Humongous regions: 7->7
[2021-04-26T02:02:29.385+0000][7][gc,metaspace ] GC(88) Metaspace: 90468K(97764K)->90468K(97764K) NonClass: 78366K(82584K)->78366K(82584K) Class: 12102K(15180K)->12102K(15180K)
[2021-04-26T02:02:29.386+0000][7][gc           ] GC(88) Pause Young (Normal) (G1 Evacuation Pause) 379M->76M(512M) 12.456ms
[2021-04-26T02:02:29.386+0000][7][gc,cpu       ] GC(88) User=0.01s Sys=0.00s Real=0.02s
[2021-04-26T02:02:29.386+0000][7][safepoint    ] Safepoint "G1CollectForAllocation", Time since last: 605778968700 ns, Reaching safepoint: 129000 ns, At safepoint: 13277900 ns, Total: 13406900 ns
[2021-04-26T02:04:44.439+0000][7][safepoint    ] Safepoint "Cleanup", Time since last: 135050668300 ns, Reaching safepoint: 545700 ns, At safepoint: 11100 ns, Total: 556800 ns
[2021-04-26T02:12:35.275+0000][7][gc,start     ] GC(89) Pause Young (Normal) (G1 Evacuation Pause)
[2021-04-26T02:12:35.276+0000][7][gc,task      ] GC(89) Using 2 workers of 2 for evacuation
[2021-04-26T02:12:35.277+0000][7][gc,age       ] GC(89) Desired survivor size 19922944 bytes, new threshold 15 (max threshold 15)
[2021-04-26T02:12:35.280+0000][7][gc,age       ] GC(89) Age table with threshold 15 (max threshold 15)
[2021-04-26T02:12:35.281+0000][7][gc,age       ] GC(89) - age   1:      30840 bytes,      30840 total
[2021-04-26T02:12:35.281+0000][7][gc,age       ] GC(89) - age   2:         72 bytes,      30912 total
[2021-04-26T02:12:35.282+0000][7][gc,age       ] GC(89) - age   3:      16552 bytes,      47464 total
[2021-04-26T02:12:35.282+0000][7][gc,age       ] GC(89) - age   5:      24552 bytes,      72016 total
[2021-04-26T02:12:35.283+0000][7][gc,age       ] GC(89) - age   8:        216 bytes,      72232 total
[2021-04-26T02:12:35.283+0000][7][gc,age       ] GC(89) - age   9:        496 bytes,      72728 total
[2021-04-26T02:12:35.283+0000][7][gc,age       ] GC(89) - age  12:        168 bytes,      72896 total
[2021-04-26T02:12:35.284+0000][7][gc,phases    ] GC(89)   Pre Evacuate Collection Set: 0.1ms
[2021-04-26T02:12:35.284+0000][7][gc,phases    ] GC(89)   Merge Heap Roots: 0.1ms
[2021-04-26T02:12:35.285+0000][7][gc,phases    ] GC(89)   Evacuate Collection Set: 1.0ms
[2021-04-26T02:12:35.285+0000][7][gc,phases    ] GC(89)   Post Evacuate Collection Set: 1.7ms
[2021-04-26T02:12:35.286+0000][7][gc,phases    ] GC(89)   Other: 5.5ms
[2021-04-26T02:12:35.286+0000][7][gc,heap      ] GC(89) Eden regions: 303->0(303)
[2021-04-26T02:12:35.286+0000][7][gc,heap      ] GC(89) Survivor regions: 1->1(38)
[2021-04-26T02:12:35.287+0000][7][gc,heap      ] GC(89) Old regions: 70->70
[2021-04-26T02:12:35.287+0000][7][gc,heap      ] GC(89) Archive regions: 2->2
[2021-04-26T02:12:35.287+0000][7][gc,heap      ] GC(89) Humongous regions: 7->7
[2021-04-26T02:12:35.288+0000][7][gc,metaspace ] GC(89) Metaspace: 90470K(97764K)->90470K(97764K) NonClass: 78368K(82584K)->78368K(82584K) Class: 12102K(15180K)->12102K(15180K)
[2021-04-26T02:12:35.288+0000][7][gc           ] GC(89) Pause Young (Normal) (G1 Evacuation Pause) 379M->76M(512M) 12.665ms
[2021-04-26T02:12:35.288+0000][7][gc,cpu       ] GC(89) User=0.00s Sys=0.00s Real=0.01s
[2021-04-26T02:12:35.289+0000][7][safepoint    ] Safepoint "G1CollectForAllocation", Time since last: 470837145200 ns, Reaching safepoint: 241600 ns, At safepoint: 13419900 ns, Total: 13661500 ns
[2021-04-26T02:22:46.177+0000][7][gc,start     ] GC(90) Pause Young (Normal) (G1 Evacuation Pause)
[2021-04-26T02:22:46.179+0000][7][gc,task      ] GC(90) Using 2 workers of 2 for evacuation
[2021-04-26T02:22:46.182+0000][7][gc,age       ] GC(90) Desired survivor size 19922944 bytes, new threshold 15 (max threshold 15)
[2021-04-26T02:22:46.195+0000][7][gc,age       ] GC(90) Age table with threshold 15 (max threshold 15)
[2021-04-26T02:22:46.196+0000][7][gc,age       ] GC(90) - age   1:      48560 bytes,      48560 total
[2021-04-26T02:22:46.198+0000][7][gc,age       ] GC(90) - age   2:        104 bytes,      48664 total
[2021-04-26T02:22:46.199+0000][7][gc,age       ] GC(90) - age   3:         40 bytes,      48704 total
[2021-04-26T02:22:46.200+0000][7][gc,age       ] GC(90) - age   4:        400 bytes,      49104 total
[2021-04-26T02:22:46.201+0000][7][gc,age       ] GC(90) - age   6:      24472 bytes,      73576 total
[2021-04-26T02:22:46.202+0000][7][gc,age       ] GC(90) - age   9:        216 bytes,      73792 total
[2021-04-26T02:22:46.203+0000][7][gc,age       ] GC(90) - age  10:        496 bytes,      74288 total
[2021-04-26T02:22:46.204+0000][7][gc,age       ] GC(90) - age  13:        168 bytes,      74456 total
[2021-04-26T02:22:46.205+0000][7][gc,phases    ] GC(90)   Pre Evacuate Collection Set: 0.7ms
[2021-04-26T02:22:46.205+0000][7][gc,phases    ] GC(90)   Merge Heap Roots: 0.3ms
[2021-04-26T02:22:46.205+0000][7][gc,phases    ] GC(90)   Evacuate Collection Set: 4.9ms
[2021-04-26T02:22:46.206+0000][7][gc,phases    ] GC(90)   Post Evacuate Collection Set: 4.3ms
[2021-04-26T02:22:46.206+0000][7][gc,phases    ] GC(90)   Other: 17.2ms
[2021-04-26T02:22:46.207+0000][7][gc,heap      ] GC(90) Eden regions: 303->0(303)
[2021-04-26T02:22:46.207+0000][7][gc,heap      ] GC(90) Survivor regions: 1->1(38)
[2021-04-26T02:22:46.207+0000][7][gc,heap      ] GC(90) Old regions: 70->70
[2021-04-26T02:22:46.208+0000][7][gc,heap      ] GC(90) Archive regions: 2->2
[2021-04-26T02:22:46.208+0000][7][gc,heap      ] GC(90) Humongous regions: 7->7
[2021-04-26T02:22:46.208+0000][7][gc,metaspace ] GC(90) Metaspace: 90471K(97764K)->90471K(97764K) NonClass: 78369K(82584K)->78369K(82584K) Class: 12102K(15180K)->12102K(15180K)
[2021-04-26T02:22:46.209+0000][7][gc           ] GC(90) Pause Young (Normal) (G1 Evacuation Pause) 379M->76M(512M) 31.655ms
[2021-04-26T02:22:46.209+0000][7][gc,cpu       ] GC(90) User=0.01s Sys=0.00s Real=0.03s
[2021-04-26T02:22:46.210+0000][7][safepoint    ] Safepoint "G1CollectForAllocation", Time since last: 610887312000 ns, Reaching safepoint: 560300 ns, At safepoint: 32667000 ns, Total: 33227300 ns
[2021-04-26T02:32:52.086+0000][7][gc,start     ] GC(91) Pause Young (Normal) (G1 Evacuation Pause)
[2021-04-26T02:32:52.089+0000][7][gc,task      ] GC(91) Using 2 workers of 2 for evacuation
[2021-04-26T02:32:52.091+0000][7][gc,age       ] GC(91) Desired survivor size 19922944 bytes, new threshold 15 (max threshold 15)
[2021-04-26T02:32:52.108+0000][7][gc,age       ] GC(91) Age table with threshold 15 (max threshold 15)
[2021-04-26T02:32:52.110+0000][7][gc,age       ] GC(91) - age   1:      32120 bytes,      32120 total
[2021-04-26T02:32:52.113+0000][7][gc,age       ] GC(91) - age   2:      16592 bytes,      48712 total
[2021-04-26T02:32:52.114+0000][7][gc,age       ] GC(91) - age   3:         64 bytes,      48776 total
[2021-04-26T02:32:52.116+0000][7][gc,age       ] GC(91) - age   4:         40 bytes,      48816 total
[2021-04-26T02:32:52.117+0000][7][gc,age       ] GC(91) - age   5:        400 bytes,      49216 total
[2021-04-26T02:32:52.118+0000][7][gc,age       ] GC(91) - age   7:      24472 bytes,      73688 total
[2021-04-26T02:32:52.119+0000][7][gc,age       ] GC(91) - age  10:        216 bytes,      73904 total
[2021-04-26T02:32:52.120+0000][7][gc,age       ] GC(91) - age  11:        496 bytes,      74400 total
[2021-04-26T02:32:52.121+0000][7][gc,age       ] GC(91) - age  14:        168 bytes,      74568 total
[2021-04-26T02:32:52.122+0000][7][gc,phases    ] GC(91)   Pre Evacuate Collection Set: 0.5ms
[2021-04-26T02:32:52.122+0000][7][gc,phases    ] GC(91)   Merge Heap Roots: 0.5ms
[2021-04-26T02:32:52.123+0000][7][gc,phases    ] GC(91)   Evacuate Collection Set: 8.6ms
[2021-04-26T02:32:52.124+0000][7][gc,phases    ] GC(91)   Post Evacuate Collection Set: 4.7ms
[2021-04-26T02:32:52.124+0000][7][gc,phases    ] GC(91)   Other: 21.2ms
[2021-04-26T02:32:52.125+0000][7][gc,heap      ] GC(91) Eden regions: 303->0(303)
[2021-04-26T02:32:52.125+0000][7][gc,heap      ] GC(91) Survivor regions: 1->1(38)
[2021-04-26T02:32:52.126+0000][7][gc,heap      ] GC(91) Old regions: 70->70
[2021-04-26T02:32:52.126+0000][7][gc,heap      ] GC(91) Archive regions: 2->2
[2021-04-26T02:32:52.127+0000][7][gc,heap      ] GC(91) Humongous regions: 7->7
[2021-04-26T02:32:52.127+0000][7][gc,metaspace ] GC(91) Metaspace: 90471K(97764K)->90471K(97764K) NonClass: 78369K(82584K)->78369K(82584K) Class: 12102K(15180K)->12102K(15180K)
[2021-04-26T02:32:52.127+0000][7][gc           ] GC(91) Pause Young (Normal) (G1 Evacuation Pause) 379M->76M(512M) 41.316ms
[2021-04-26T02:32:52.128+0000][7][gc,cpu       ] GC(91) User=0.02s Sys=0.01s Real=0.04s
[2021-04-26T02:32:52.128+0000][7][safepoint    ] Safepoint "G1CollectForAllocation", Time since last: 605874930300 ns, Reaching safepoint: 700900 ns, At safepoint: 42187500 ns, Total: 42888400 ns
[2021-04-26T02:36:26.204+0000][7][safepoint    ] Safepoint "Cleanup", Time since last: 214075966400 ns, Reaching safepoint: 254200 ns, At safepoint: 6300 ns, Total: 260500 ns
[2021-04-26T02:42:47.979+0000][7][gc,start     ] GC(92) Pause Young (Normal) (G1 Evacuation Pause)
[2021-04-26T02:42:47.981+0000][7][gc,task      ] GC(92) Using 2 workers of 2 for evacuation
[2021-04-26T02:42:47.984+0000][7][gc,age       ] GC(92) Desired survivor size 19922944 bytes, new threshold 15 (max threshold 15)
[2021-04-26T02:42:48.003+0000][7][gc,age       ] GC(92) Age table with threshold 15 (max threshold 15)
[2021-04-26T02:42:48.004+0000][7][gc,age       ] GC(92) - age   1:      62216 bytes,      62216 total
[2021-04-26T02:42:48.005+0000][7][gc,age       ] GC(92) - age   2:      16192 bytes,      78408 total
[2021-04-26T02:42:48.006+0000][7][gc,age       ] GC(92) - age   3:        200 bytes,      78608 total
[2021-04-26T02:42:48.007+0000][7][gc,age       ] GC(92) - age   4:         64 bytes,      78672 total
[2021-04-26T02:42:48.008+0000][7][gc,age       ] GC(92) - age   6:        360 bytes,      79032 total
[2021-04-26T02:42:48.008+0000][7][gc,age       ] GC(92) - age   8:      24472 bytes,     103504 total
[2021-04-26T02:42:48.009+0000][7][gc,age       ] GC(92) - age  11:        216 bytes,     103720 total
[2021-04-26T02:42:48.009+0000][7][gc,age       ] GC(92) - age  12:        496 bytes,     104216 total
[2021-04-26T02:42:48.010+0000][7][gc,age       ] GC(92) - age  15:        168 bytes,     104384 total
[2021-04-26T02:42:48.010+0000][7][gc,phases    ] GC(92)   Pre Evacuate Collection Set: 0.7ms
[2021-04-26T02:42:48.011+0000][7][gc,phases    ] GC(92)   Merge Heap Roots: 1.0ms
[2021-04-26T02:42:48.011+0000][7][gc,phases    ] GC(92)   Evacuate Collection Set: 11.5ms
[2021-04-26T02:42:48.012+0000][7][gc,phases    ] GC(92)   Post Evacuate Collection Set: 2.5ms
[2021-04-26T02:42:48.012+0000][7][gc,phases    ] GC(92)   Other: 15.5ms
[2021-04-26T02:42:48.012+0000][7][gc,heap      ] GC(92) Eden regions: 303->0(303)
[2021-04-26T02:42:48.013+0000][7][gc,heap      ] GC(92) Survivor regions: 1->1(38)
[2021-04-26T02:42:48.013+0000][7][gc,heap      ] GC(92) Old regions: 70->70
[2021-04-26T02:42:48.014+0000][7][gc,heap      ] GC(92) Archive regions: 2->2
[2021-04-26T02:42:48.014+0000][7][gc,heap      ] GC(92) Humongous regions: 7->7
[2021-04-26T02:42:48.014+0000][7][gc,metaspace ] GC(92) Metaspace: 90474K(97764K)->90474K(97764K) NonClass: 78372K(82584K)->78372K(82584K) Class: 12102K(15180K)->12102K(15180K)
[2021-04-26T02:42:48.015+0000][7][gc           ] GC(92) Pause Young (Normal) (G1 Evacuation Pause) 379M->77M(512M) 35.620ms
[2021-04-26T02:42:48.015+0000][7][gc,cpu       ] GC(92) User=0.01s Sys=0.00s Real=0.04s
[2021-04-26T02:42:48.016+0000][7][safepoint    ] Safepoint "G1CollectForAllocation", Time since last: 381773962200 ns, Reaching safepoint: 742500 ns, At safepoint: 36578500 ns, Total: 37321000 ns
[2021-04-26T02:44:45.061+0000][7][safepoint    ] Safepoint "Cleanup", Time since last: 117044524000 ns, Reaching safepoint: 457800 ns, At safepoint: 12200 ns, Total: 470000 ns
[2021-04-26T02:45:53.090+0000][7][safepoint    ] Safepoint "Cleanup", Time since last: 68029293100 ns, Reaching safepoint: 418200 ns, At safepoint: 10700 ns, Total: 428900 ns
[2021-04-26T02:45:57.094+0000][7][safepoint    ] Safepoint "Cleanup", Time since last: 4003183000 ns, Reaching safepoint: 378900 ns, At safepoint: 9000 ns, Total: 387900 ns
[2021-04-26T02:52:49.850+0000][7][gc,start     ] GC(93) Pause Young (Normal) (G1 Evacuation Pause)
[2021-04-26T02:52:49.852+0000][7][gc,task      ] GC(93) Using 2 workers of 2 for evacuation
[2021-04-26T02:52:49.855+0000][7][gc,age       ] GC(93) Desired survivor size 19922944 bytes, new threshold 15 (max threshold 15)
[2021-04-26T02:52:49.871+0000][7][gc,age       ] GC(93) Age table with threshold 15 (max threshold 15)
[2021-04-26T02:52:49.872+0000][7][gc,age       ] GC(93) - age   1:      41888 bytes,      41888 total
[2021-04-26T02:52:49.873+0000][7][gc,age       ] GC(93) - age   2:      12696 bytes,      54584 total
[2021-04-26T02:52:49.874+0000][7][gc,age       ] GC(93) - age   3:         40 bytes,      54624 total
[2021-04-26T02:52:49.875+0000][7][gc,age       ] GC(93) - age   4:        160 bytes,      54784 total
[2021-04-26T02:52:49.876+0000][7][gc,age       ] GC(93) - age   5:         64 bytes,      54848 total
[2021-04-26T02:52:49.876+0000][7][gc,age       ] GC(93) - age   7:        360 bytes,      55208 total
[2021-04-26T02:52:49.877+0000][7][gc,age       ] GC(93) - age   9:      24472 bytes,      79680 total
[2021-04-26T02:52:49.878+0000][7][gc,age       ] GC(93) - age  12:        216 bytes,      79896 total
[2021-04-26T02:52:49.878+0000][7][gc,age       ] GC(93) - age  13:        496 bytes,      80392 total
[2021-04-26T02:52:49.879+0000][7][gc,phases    ] GC(93)   Pre Evacuate Collection Set: 0.5ms
[2021-04-26T02:52:49.879+0000][7][gc,phases    ] GC(93)   Merge Heap Roots: 0.1ms
[2021-04-26T02:52:49.880+0000][7][gc,phases    ] GC(93)   Evacuate Collection Set: 10.7ms
[2021-04-26T02:52:49.880+0000][7][gc,phases    ] GC(93)   Post Evacuate Collection Set: 3.0ms
[2021-04-26T02:52:49.881+0000][7][gc,phases    ] GC(93)   Other: 14.2ms
[2021-04-26T02:52:49.881+0000][7][gc,heap      ] GC(93) Eden regions: 303->0(303)
[2021-04-26T02:52:49.882+0000][7][gc,heap      ] GC(93) Survivor regions: 1->1(38)
[2021-04-26T02:52:49.882+0000][7][gc,heap      ] GC(93) Old regions: 70->70
[2021-04-26T02:52:49.882+0000][7][gc,heap      ] GC(93) Archive regions: 2->2
[2021-04-26T02:52:49.883+0000][7][gc,heap      ] GC(93) Humongous regions: 7->7
[2021-04-26T02:52:49.883+0000][7][gc,metaspace ] GC(93) Metaspace: 90474K(97764K)->90474K(97764K) NonClass: 78372K(82584K)->78372K(82584K) Class: 12102K(15180K)->12102K(15180K)
[2021-04-26T02:52:49.884+0000][7][gc           ] GC(93) Pause Young (Normal) (G1 Evacuation Pause) 380M->77M(512M) 33.439ms
[2021-04-26T02:52:49.884+0000][7][gc,cpu       ] GC(93) User=0.02s Sys=0.00s Real=0.03s
[2021-04-26T02:52:49.885+0000][7][safepoint    ] Safepoint "G1CollectForAllocation", Time since last: 412755641200 ns, Reaching safepoint: 626600 ns, At safepoint: 34331200 ns, Total: 34957800 ns
[2021-04-26T03:02:54.630+0000][7][gc,start     ] GC(94) Pause Young (Normal) (G1 Evacuation Pause)
[2021-04-26T03:02:54.631+0000][7][gc,task      ] GC(94) Using 2 workers of 2 for evacuation
[2021-04-26T03:02:54.632+0000][7][gc,age       ] GC(94) Desired survivor size 19922944 bytes, new threshold 15 (max threshold 15)
[2021-04-26T03:02:54.636+0000][7][gc,age       ] GC(94) Age table with threshold 15 (max threshold 15)
[2021-04-26T03:02:54.637+0000][7][gc,age       ] GC(94) - age   1:      32776 bytes,      32776 total
[2021-04-26T03:02:54.637+0000][7][gc,age       ] GC(94) - age   2:      25528 bytes,      58304 total
[2021-04-26T03:02:54.638+0000][7][gc,age       ] GC(94) - age   3:      12304 bytes,      70608 total
[2021-04-26T03:02:54.639+0000][7][gc,age       ] GC(94) - age   4:         40 bytes,      70648 total
[2021-04-26T03:02:54.639+0000][7][gc,age       ] GC(94) - age   5:        160 bytes,      70808 total
[2021-04-26T03:02:54.640+0000][7][gc,age       ] GC(94) - age   6:         64 bytes,      70872 total
[2021-04-26T03:02:54.640+0000][7][gc,age       ] GC(94) - age   8:        360 bytes,      71232 total
[2021-04-26T03:02:54.640+0000][7][gc,age       ] GC(94) - age  10:      24472 bytes,      95704 total
[2021-04-26T03:02:54.641+0000][7][gc,age       ] GC(94) - age  13:        216 bytes,      95920 total
[2021-04-26T03:02:54.641+0000][7][gc,age       ] GC(94) - age  14:        496 bytes,      96416 total
[2021-04-26T03:02:54.642+0000][7][gc,phases    ] GC(94)   Pre Evacuate Collection Set: 0.1ms
[2021-04-26T03:02:54.642+0000][7][gc,phases    ] GC(94)   Merge Heap Roots: 0.0ms
[2021-04-26T03:02:54.643+0000][7][gc,phases    ] GC(94)   Evacuate Collection Set: 2.0ms
[2021-04-26T03:02:54.643+0000][7][gc,phases    ] GC(94)   Post Evacuate Collection Set: 1.7ms
[2021-04-26T03:02:54.644+0000][7][gc,phases    ] GC(94)   Other: 7.8ms
[2021-04-26T03:02:54.644+0000][7][gc,heap      ] GC(94) Eden regions: 303->0(303)
[2021-04-26T03:02:54.644+0000][7][gc,heap      ] GC(94) Survivor regions: 1->1(38)
[2021-04-26T03:02:54.645+0000][7][gc,heap      ] GC(94) Old regions: 70->70
[2021-04-26T03:02:54.645+0000][7][gc,heap      ] GC(94) Archive regions: 2->2
[2021-04-26T03:02:54.645+0000][7][gc,heap      ] GC(94) Humongous regions: 7->7
[2021-04-26T03:02:54.646+0000][7][gc,metaspace ] GC(94) Metaspace: 90474K(97764K)->90474K(97764K) NonClass: 78372K(82584K)->78372K(82584K) Class: 12102K(15180K)->12102K(15180K)
[2021-04-26T03:02:54.646+0000][7][gc           ] GC(94) Pause Young (Normal) (G1 Evacuation Pause) 380M->77M(512M) 15.771ms
[2021-04-26T03:02:54.646+0000][7][gc,cpu       ] GC(94) User=0.00s Sys=0.00s Real=0.02s
[2021-04-26T03:02:54.647+0000][7][safepoint    ] Safepoint "G1CollectForAllocation", Time since last: 604745667100 ns, Reaching safepoint: 140200 ns, At safepoint: 16581100 ns, Total: 16721300 ns
[2021-04-26T03:07:15.748+0000][7][safepoint    ] Safepoint "Cleanup", Time since last: 261101414000 ns, Reaching safepoint: 450300 ns, At safepoint: 8300 ns, Total: 458600 ns
[2021-04-26T03:07:52.765+0000][7][safepoint    ] Safepoint "Cleanup", Time since last: 37017432600 ns, Reaching safepoint: 437800 ns, At safepoint: 10600 ns, Total: 448400 ns
[2021-04-26T03:13:01.115+0000][7][gc,start     ] GC(95) Pause Young (Normal) (G1 Evacuation Pause)
[2021-04-26T03:13:01.117+0000][7][gc,task      ] GC(95) Using 2 workers of 2 for evacuation
[2021-04-26T03:13:01.119+0000][7][gc,age       ] GC(95) Desired survivor size 19922944 bytes, new threshold 15 (max threshold 15)
[2021-04-26T03:13:01.140+0000][7][gc,age       ] GC(95) Age table with threshold 15 (max threshold 15)
[2021-04-26T03:13:01.143+0000][7][gc,age       ] GC(95) - age   1:      47528 bytes,      47528 total
[2021-04-26T03:13:01.146+0000][7][gc,age       ] GC(95) - age   2:        728 bytes,      48256 total
[2021-04-26T03:13:01.147+0000][7][gc,age       ] GC(95) - age   3:       1160 bytes,      49416 total
[2021-04-26T03:13:01.148+0000][7][gc,age       ] GC(95) - age   4:       3832 bytes,      53248 total
[2021-04-26T03:13:01.150+0000][7][gc,age       ] GC(95) - age   6:        160 bytes,      53408 total
[2021-04-26T03:13:01.151+0000][7][gc,age       ] GC(95) - age   7:         64 bytes,      53472 total
[2021-04-26T03:13:01.152+0000][7][gc,age       ] GC(95) - age   9:        360 bytes,      53832 total
[2021-04-26T03:13:01.153+0000][7][gc,age       ] GC(95) - age  11:      24472 bytes,      78304 total
[2021-04-26T03:13:01.154+0000][7][gc,age       ] GC(95) - age  14:        216 bytes,      78520 total
[2021-04-26T03:13:01.154+0000][7][gc,age       ] GC(95) - age  15:        496 bytes,      79016 total
[2021-04-26T03:13:01.155+0000][7][gc,phases    ] GC(95)   Pre Evacuate Collection Set: 1.2ms
[2021-04-26T03:13:01.155+0000][7][gc,phases    ] GC(95)   Merge Heap Roots: 0.9ms
[2021-04-26T03:13:01.156+0000][7][gc,phases    ] GC(95)   Evacuate Collection Set: 9.1ms
[2021-04-26T03:13:01.156+0000][7][gc,phases    ] GC(95)   Post Evacuate Collection Set: 6.4ms
[2021-04-26T03:13:01.157+0000][7][gc,phases    ] GC(95)   Other: 22.2ms
[2021-04-26T03:13:01.157+0000][7][gc,heap      ] GC(95) Eden regions: 303->0(303)
[2021-04-26T03:13:01.158+0000][7][gc,heap      ] GC(95) Survivor regions: 1->1(38)
[2021-04-26T03:13:01.158+0000][7][gc,heap      ] GC(95) Old regions: 70->70
[2021-04-26T03:13:01.158+0000][7][gc,heap      ] GC(95) Archive regions: 2->2
[2021-04-26T03:13:01.159+0000][7][gc,heap      ] GC(95) Humongous regions: 7->7
[2021-04-26T03:13:01.159+0000][7][gc,metaspace ] GC(95) Metaspace: 90474K(97764K)->90474K(97764K) NonClass: 78372K(82584K)->78372K(82584K) Class: 12102K(15180K)->12102K(15180K)
[2021-04-26T03:13:01.160+0000][7][gc           ] GC(95) Pause Young (Normal) (G1 Evacuation Pause) 380M->77M(512M) 44.597ms
[2021-04-26T03:13:01.160+0000][7][gc,cpu       ] GC(95) User=0.02s Sys=0.00s Real=0.04s
[2021-04-26T03:13:01.160+0000][7][safepoint    ] Safepoint "G1CollectForAllocation", Time since last: 308348134800 ns, Reaching safepoint: 340100 ns, At safepoint: 45358800 ns, Total: 45698900 ns
[2021-04-26T03:23:11.309+0000][7][gc,start     ] GC(96) Pause Young (Normal) (G1 Evacuation Pause)
[2021-04-26T03:23:11.310+0000][7][gc,task      ] GC(96) Using 2 workers of 2 for evacuation
[2021-04-26T03:23:11.311+0000][7][gc,age       ] GC(96) Desired survivor size 19922944 bytes, new threshold 15 (max threshold 15)
[2021-04-26T03:23:11.316+0000][7][gc,age       ] GC(96) Age table with threshold 15 (max threshold 15)
[2021-04-26T03:23:11.317+0000][7][gc,age       ] GC(96) - age   1:      32584 bytes,      32584 total
[2021-04-26T03:23:11.318+0000][7][gc,age       ] GC(96) - age   2:      16488 bytes,      49072 total
[2021-04-26T03:23:11.318+0000][7][gc,age       ] GC(96) - age   3:        688 bytes,      49760 total
[2021-04-26T03:23:11.319+0000][7][gc,age       ] GC(96) - age   4:       1160 bytes,      50920 total
[2021-04-26T03:23:11.319+0000][7][gc,age       ] GC(96) - age   5:       3832 bytes,      54752 total
[2021-04-26T03:23:11.320+0000][7][gc,age       ] GC(96) - age   7:        160 bytes,      54912 total
[2021-04-26T03:23:11.320+0000][7][gc,age       ] GC(96) - age   8:         64 bytes,      54976 total
[2021-04-26T03:23:11.321+0000][7][gc,age       ] GC(96) - age  10:        360 bytes,      55336 total
[2021-04-26T03:23:11.321+0000][7][gc,age       ] GC(96) - age  12:      24472 bytes,      79808 total
[2021-04-26T03:23:11.321+0000][7][gc,age       ] GC(96) - age  15:        216 bytes,      80024 total
[2021-04-26T03:23:11.322+0000][7][gc,phases    ] GC(96)   Pre Evacuate Collection Set: 0.2ms
[2021-04-26T03:23:11.322+0000][7][gc,phases    ] GC(96)   Merge Heap Roots: 0.1ms
[2021-04-26T03:23:11.323+0000][7][gc,phases    ] GC(96)   Evacuate Collection Set: 2.0ms
[2021-04-26T03:23:11.323+0000][7][gc,phases    ] GC(96)   Post Evacuate Collection Set: 1.8ms
[2021-04-26T03:23:11.324+0000][7][gc,phases    ] GC(96)   Other: 9.1ms
[2021-04-26T03:23:11.324+0000][7][gc,heap      ] GC(96) Eden regions: 303->0(303)
[2021-04-26T03:23:11.324+0000][7][gc,heap      ] GC(96) Survivor regions: 1->1(38)
[2021-04-26T03:23:11.325+0000][7][gc,heap      ] GC(96) Old regions: 70->70
[2021-04-26T03:23:11.325+0000][7][gc,heap      ] GC(96) Archive regions: 2->2
[2021-04-26T03:23:11.325+0000][7][gc,heap      ] GC(96) Humongous regions: 7->7
[2021-04-26T03:23:11.326+0000][7][gc,metaspace ] GC(96) Metaspace: 90474K(97764K)->90474K(97764K) NonClass: 78372K(82584K)->78372K(82584K) Class: 12102K(15180K)->12102K(15180K)
[2021-04-26T03:23:11.326+0000][7][gc           ] GC(96) Pause Young (Normal) (G1 Evacuation Pause) 380M->77M(512M) 17.569ms
[2021-04-26T03:23:11.327+0000][7][gc,cpu       ] GC(96) User=0.01s Sys=0.00s Real=0.02s
[2021-04-26T03:23:11.327+0000][7][safepoint    ] Safepoint "G1CollectForAllocation", Time since last: 610148222900 ns, Reaching safepoint: 247600 ns, At safepoint: 18436100 ns, Total: 18683700 ns
[2021-04-26T03:25:53.380+0000][7][safepoint    ] Safepoint "Cleanup", Time since last: 162052470400 ns, Reaching safepoint: 142000 ns, At safepoint: 3600 ns, Total: 145600 ns
[2021-04-26T03:33:17.260+0000][7][gc,start     ] GC(97) Pause Young (Normal) (G1 Evacuation Pause)
[2021-04-26T03:33:17.260+0000][7][gc,task      ] GC(97) Using 2 workers of 2 for evacuation
[2021-04-26T03:33:17.261+0000][7][gc,age       ] GC(97) Desired survivor size 19922944 bytes, new threshold 15 (max threshold 15)
[2021-04-26T03:33:17.264+0000][7][gc,age       ] GC(97) Age table with threshold 15 (max threshold 15)
[2021-04-26T03:33:17.265+0000][7][gc,age       ] GC(97) - age   1:      48192 bytes,      48192 total
[2021-04-26T03:33:17.265+0000][7][gc,age       ] GC(97) - age   2:        592 bytes,      48784 total
[2021-04-26T03:33:17.266+0000][7][gc,age       ] GC(97) - age   3:        296 bytes,      49080 total
[2021-04-26T03:33:17.266+0000][7][gc,age       ] GC(97) - age   4:        688 bytes,      49768 total
[2021-04-26T03:33:17.267+0000][7][gc,age       ] GC(97) - age   5:       1120 bytes,      50888 total
[2021-04-26T03:33:17.267+0000][7][gc,age       ] GC(97) - age   6:       3832 bytes,      54720 total
[2021-04-26T03:33:17.267+0000][7][gc,age       ] GC(97) - age   8:        160 bytes,      54880 total
[2021-04-26T03:33:17.268+0000][7][gc,age       ] GC(97) - age   9:         64 bytes,      54944 total
[2021-04-26T03:33:17.268+0000][7][gc,age       ] GC(97) - age  11:        360 bytes,      55304 total
[2021-04-26T03:33:17.269+0000][7][gc,age       ] GC(97) - age  13:      24472 bytes,      79776 total
[2021-04-26T03:33:17.269+0000][7][gc,phases    ] GC(97)   Pre Evacuate Collection Set: 0.1ms
[2021-04-26T03:33:17.269+0000][7][gc,phases    ] GC(97)   Merge Heap Roots: 0.1ms
[2021-04-26T03:33:17.270+0000][7][gc,phases    ] GC(97)   Evacuate Collection Set: 1.0ms
[2021-04-26T03:33:17.270+0000][7][gc,phases    ] GC(97)   Post Evacuate Collection Set: 1.4ms
[2021-04-26T03:33:17.271+0000][7][gc,phases    ] GC(97)   Other: 6.8ms
[2021-04-26T03:33:17.271+0000][7][gc,heap      ] GC(97) Eden regions: 303->0(303)
[2021-04-26T03:33:17.272+0000][7][gc,heap      ] GC(97) Survivor regions: 1->1(38)
[2021-04-26T03:33:17.272+0000][7][gc,heap      ] GC(97) Old regions: 70->70
[2021-04-26T03:33:17.272+0000][7][gc,heap      ] GC(97) Archive regions: 2->2
[2021-04-26T03:33:17.273+0000][7][gc,heap      ] GC(97) Humongous regions: 7->7
[2021-04-26T03:33:17.273+0000][7][gc,metaspace ] GC(97) Metaspace: 90477K(97764K)->90477K(97764K) NonClass: 78375K(82584K)->78375K(82584K) Class: 12102K(15180K)->12102K(15180K)
[2021-04-26T03:33:17.273+0000][7][gc           ] GC(97) Pause Young (Normal) (G1 Evacuation Pause) 380M->77M(512M) 13.943ms
[2021-04-26T03:33:17.274+0000][7][gc,cpu       ] GC(97) User=0.01s Sys=0.00s Real=0.01s
[2021-04-26T03:33:17.274+0000][7][safepoint    ] Safepoint "G1CollectForAllocation", Time since last: 443879536600 ns, Reaching safepoint: 136900 ns, At safepoint: 14713600 ns, Total: 14850500 ns
[2021-04-26T03:35:53.310+0000][7][safepoint    ] Safepoint "Cleanup", Time since last: 156035343300 ns, Reaching safepoint: 137200 ns, At safepoint: 3100 ns, Total: 140300 ns
[2021-04-26T03:43:23.115+0000][7][gc,start     ] GC(98) Pause Young (Normal) (G1 Evacuation Pause)
[2021-04-26T03:43:23.116+0000][7][gc,task      ] GC(98) Using 2 workers of 2 for evacuation
[2021-04-26T03:43:23.117+0000][7][gc,age       ] GC(98) Desired survivor size 19922944 bytes, new threshold 15 (max threshold 15)
[2021-04-26T03:43:23.121+0000][7][gc,age       ] GC(98) Age table with threshold 15 (max threshold 15)
[2021-04-26T03:43:23.122+0000][7][gc,age       ] GC(98) - age   1:      48336 bytes,      48336 total
[2021-04-26T03:43:23.122+0000][7][gc,age       ] GC(98) - age   2:         80 bytes,      48416 total
[2021-04-26T03:43:23.123+0000][7][gc,age       ] GC(98) - age   3:        352 bytes,      48768 total
[2021-04-26T03:43:23.123+0000][7][gc,age       ] GC(98) - age   4:        256 bytes,      49024 total
[2021-04-26T03:43:23.124+0000][7][gc,age       ] GC(98) - age   5:        688 bytes,      49712 total
[2021-04-26T03:43:23.124+0000][7][gc,age       ] GC(98) - age   6:       1120 bytes,      50832 total
[2021-04-26T03:43:23.125+0000][7][gc,age       ] GC(98) - age   7:       3832 bytes,      54664 total
[2021-04-26T03:43:23.125+0000][7][gc,age       ] GC(98) - age   9:        160 bytes,      54824 total
[2021-04-26T03:43:23.125+0000][7][gc,age       ] GC(98) - age  10:         64 bytes,      54888 total
[2021-04-26T03:43:23.126+0000][7][gc,age       ] GC(98) - age  12:        360 bytes,      55248 total
[2021-04-26T03:43:23.126+0000][7][gc,age       ] GC(98) - age  14:      24472 bytes,      79720 total
[2021-04-26T03:43:23.127+0000][7][gc,phases    ] GC(98)   Pre Evacuate Collection Set: 0.2ms
[2021-04-26T03:43:23.127+0000][7][gc,phases    ] GC(98)   Merge Heap Roots: 0.2ms
[2021-04-26T03:43:23.127+0000][7][gc,phases    ] GC(98)   Evacuate Collection Set: 1.9ms
[2021-04-26T03:43:23.128+0000][7][gc,phases    ] GC(98)   Post Evacuate Collection Set: 1.2ms
[2021-04-26T03:43:23.128+0000][7][gc,phases    ] GC(98)   Other: 7.7ms
[2021-04-26T03:43:23.129+0000][7][gc,heap      ] GC(98) Eden regions: 303->0(303)
[2021-04-26T03:43:23.129+0000][7][gc,heap      ] GC(98) Survivor regions: 1->1(38)
[2021-04-26T03:43:23.129+0000][7][gc,heap      ] GC(98) Old regions: 70->70
[2021-04-26T03:43:23.130+0000][7][gc,heap      ] GC(98) Archive regions: 2->2
[2021-04-26T03:43:23.130+0000][7][gc,heap      ] GC(98) Humongous regions: 7->7
[2021-04-26T03:43:23.131+0000][7][gc,metaspace ] GC(98) Metaspace: 90483K(97764K)->90483K(97764K) NonClass: 78381K(82584K)->78381K(82584K) Class: 12102K(15180K)->12102K(15180K)
[2021-04-26T03:43:23.131+0000][7][gc           ] GC(98) Pause Young (Normal) (G1 Evacuation Pause) 380M->77M(512M) 15.750ms
[2021-04-26T03:43:23.131+0000][7][gc,cpu       ] GC(98) User=0.00s Sys=0.01s Real=0.01s
[2021-04-26T03:43:23.132+0000][7][safepoint    ] Safepoint "G1CollectForAllocation", Time since last: 449805422400 ns, Reaching safepoint: 133600 ns, At safepoint: 16508700 ns, Total: 16642300 ns
[2021-04-26T03:53:28.908+0000][7][gc,start     ] GC(99) Pause Young (Normal) (G1 Evacuation Pause)
[2021-04-26T03:53:28.911+0000][7][gc,task      ] GC(99) Using 2 workers of 2 for evacuation
[2021-04-26T03:53:28.914+0000][7][gc,age       ] GC(99) Desired survivor size 19922944 bytes, new threshold 15 (max threshold 15)
[2021-04-26T03:53:28.928+0000][7][gc,age       ] GC(99) Age table with threshold 15 (max threshold 15)
[2021-04-26T03:53:28.929+0000][7][gc,age       ] GC(99) - age   1:      47376 bytes,      47376 total
[2021-04-26T03:53:28.930+0000][7][gc,age       ] GC(99) - age   2:         80 bytes,      47456 total
[2021-04-26T03:53:28.931+0000][7][gc,age       ] GC(99) - age   3:         40 bytes,      47496 total
[2021-04-26T03:53:28.932+0000][7][gc,age       ] GC(99) - age   4:        352 bytes,      47848 total
[2021-04-26T03:53:28.933+0000][7][gc,age       ] GC(99) - age   5:        256 bytes,      48104 total
[2021-04-26T03:53:28.933+0000][7][gc,age       ] GC(99) - age   6:        688 bytes,      48792 total
[2021-04-26T03:53:28.934+0000][7][gc,age       ] GC(99) - age   7:       1120 bytes,      49912 total
[2021-04-26T03:53:28.935+0000][7][gc,age       ] GC(99) - age   8:       3792 bytes,      53704 total
[2021-04-26T03:53:28.935+0000][7][gc,age       ] GC(99) - age  10:        160 bytes,      53864 total
[2021-04-26T03:53:28.936+0000][7][gc,age       ] GC(99) - age  11:         64 bytes,      53928 total
[2021-04-26T03:53:28.936+0000][7][gc,age       ] GC(99) - age  13:        360 bytes,      54288 total
[2021-04-26T03:53:28.937+0000][7][gc,age       ] GC(99) - age  15:      24472 bytes,      78760 total
[2021-04-26T03:53:28.937+0000][7][gc,phases    ] GC(99)   Pre Evacuate Collection Set: 0.5ms
[2021-04-26T03:53:28.938+0000][7][gc,phases    ] GC(99)   Merge Heap Roots: 0.6ms
[2021-04-26T03:53:28.938+0000][7][gc,phases    ] GC(99)   Evacuate Collection Set: 6.4ms
[2021-04-26T03:53:28.939+0000][7][gc,phases    ] GC(99)   Post Evacuate Collection Set: 3.7ms
[2021-04-26T03:53:28.939+0000][7][gc,phases    ] GC(99)   Other: 18.5ms
[2021-04-26T03:53:28.940+0000][7][gc,heap      ] GC(99) Eden regions: 303->0(303)
[2021-04-26T03:53:28.940+0000][7][gc,heap      ] GC(99) Survivor regions: 1->1(38)
[2021-04-26T03:53:28.940+0000][7][gc,heap      ] GC(99) Old regions: 70->70
[2021-04-26T03:53:28.941+0000][7][gc,heap      ] GC(99) Archive regions: 2->2
[2021-04-26T03:53:28.941+0000][7][gc,heap      ] GC(99) Humongous regions: 7->7
[2021-04-26T03:53:28.941+0000][7][gc,metaspace ] GC(99) Metaspace: 90483K(97764K)->90483K(97764K) NonClass: 78381K(82584K)->78381K(82584K) Class: 12102K(15180K)->12102K(15180K)
[2021-04-26T03:53:28.942+0000][7][gc           ] GC(99) Pause Young (Normal) (G1 Evacuation Pause) 380M->77M(512M) 34.165ms
[2021-04-26T03:53:28.942+0000][7][gc,cpu       ] GC(99) User=0.01s Sys=0.01s Real=0.03s
[2021-04-26T03:53:28.943+0000][7][safepoint    ] Safepoint "G1CollectForAllocation", Time since last: 605775524000 ns, Reaching safepoint: 439500 ns, At safepoint: 35038800 ns, Total: 35478300 ns
[2021-04-26T03:57:17.028+0000][7][safepoint    ] Safepoint "Cleanup", Time since last: 228084537200 ns, Reaching safepoint: 633500 ns, At safepoint: 120100 ns, Total: 753600 ns
[2021-04-26T04:03:34.720+0000][7][gc,start     ] GC(100) Pause Young (Normal) (G1 Evacuation Pause)
[2021-04-26T04:03:34.722+0000][7][gc,task      ] GC(100) Using 2 workers of 2 for evacuation
[2021-04-26T04:03:34.726+0000][7][gc,age       ] GC(100) Desired survivor size 19922944 bytes, new threshold 15 (max threshold 15)
[2021-04-26T04:03:34.741+0000][7][gc,age       ] GC(100) Age table with threshold 15 (max threshold 15)
[2021-04-26T04:03:34.742+0000][7][gc,age       ] GC(100) - age   1:      48392 bytes,      48392 total
[2021-04-26T04:03:34.743+0000][7][gc,age       ] GC(100) - age   2:        280 bytes,      48672 total
[2021-04-26T04:03:34.744+0000][7][gc,age       ] GC(100) - age   4:         40 bytes,      48712 total
[2021-04-26T04:03:34.745+0000][7][gc,age       ] GC(100) - age   5:        352 bytes,      49064 total
[2021-04-26T04:03:34.745+0000][7][gc,age       ] GC(100) - age   6:        256 bytes,      49320 total
[2021-04-26T04:03:34.746+0000][7][gc,age       ] GC(100) - age   7:        688 bytes,      50008 total
[2021-04-26T04:03:34.747+0000][7][gc,age       ] GC(100) - age   8:       1120 bytes,      51128 total
[2021-04-26T04:03:34.747+0000][7][gc,age       ] GC(100) - age   9:       3792 bytes,      54920 total
[2021-04-26T04:03:34.748+0000][7][gc,age       ] GC(100) - age  11:        160 bytes,      55080 total
[2021-04-26T04:03:34.749+0000][7][gc,age       ] GC(100) - age  12:         64 bytes,      55144 total
[2021-04-26T04:03:34.749+0000][7][gc,age       ] GC(100) - age  14:        360 bytes,      55504 total
[2021-04-26T04:03:34.750+0000][7][gc,phases    ] GC(100)   Pre Evacuate Collection Set: 1.1ms
[2021-04-26T04:03:34.750+0000][7][gc,phases    ] GC(100)   Merge Heap Roots: 0.8ms
[2021-04-26T04:03:34.751+0000][7][gc,phases    ] GC(100)   Evacuate Collection Set: 5.3ms
[2021-04-26T04:03:34.751+0000][7][gc,phases    ] GC(100)   Post Evacuate Collection Set: 5.4ms
[2021-04-26T04:03:34.751+0000][7][gc,phases    ] GC(100)   Other: 17.2ms
[2021-04-26T04:03:34.752+0000][7][gc,heap      ] GC(100) Eden regions: 303->0(303)
[2021-04-26T04:03:34.752+0000][7][gc,heap      ] GC(100) Survivor regions: 1->1(38)
[2021-04-26T04:03:34.753+0000][7][gc,heap      ] GC(100) Old regions: 70->70
[2021-04-26T04:03:34.753+0000][7][gc,heap      ] GC(100) Archive regions: 2->2
[2021-04-26T04:03:34.754+0000][7][gc,heap      ] GC(100) Humongous regions: 7->7
[2021-04-26T04:03:34.754+0000][7][gc,metaspace ] GC(100) Metaspace: 90483K(97764K)->90483K(97764K) NonClass: 78381K(82584K)->78381K(82584K) Class: 12102K(15180K)->12102K(15180K)
[2021-04-26T04:03:34.755+0000][7][gc           ] GC(100) Pause Young (Normal) (G1 Evacuation Pause) 380M->77M(512M) 34.799ms
[2021-04-26T04:03:34.755+0000][7][gc,cpu       ] GC(100) User=0.02s Sys=0.00s Real=0.04s
[2021-04-26T04:03:34.755+0000][7][safepoint    ] Safepoint "G1CollectForAllocation", Time since last: 377690901000 ns, Reaching safepoint: 658000 ns, At safepoint: 35744900 ns, Total: 36402900 ns
[2021-04-26T04:05:52.807+0000][7][safepoint    ] Safepoint "Cleanup", Time since last: 138051021600 ns, Reaching safepoint: 538800 ns, At safepoint: 12900 ns, Total: 551700 ns
[2021-04-26T04:13:40.417+0000][7][gc,start     ] GC(101) Pause Young (Normal) (G1 Evacuation Pause)
[2021-04-26T04:13:40.418+0000][7][gc,task      ] GC(101) Using 2 workers of 2 for evacuation
[2021-04-26T04:13:40.419+0000][7][gc,age       ] GC(101) Desired survivor size 19922944 bytes, new threshold 15 (max threshold 15)
[2021-04-26T04:13:40.423+0000][7][gc,age       ] GC(101) Age table with threshold 15 (max threshold 15)
[2021-04-26T04:13:40.423+0000][7][gc,age       ] GC(101) - age   1:      14608 bytes,      14608 total
[2021-04-26T04:13:40.424+0000][7][gc,age       ] GC(101) - age   2:      32528 bytes,      47136 total
[2021-04-26T04:13:40.424+0000][7][gc,age       ] GC(101) - age   3:         80 bytes,      47216 total
[2021-04-26T04:13:40.425+0000][7][gc,age       ] GC(101) - age   5:         40 bytes,      47256 total
[2021-04-26T04:13:40.425+0000][7][gc,age       ] GC(101) - age   6:        352 bytes,      47608 total
[2021-04-26T04:13:40.426+0000][7][gc,age       ] GC(101) - age   7:        256 bytes,      47864 total
[2021-04-26T04:13:40.426+0000][7][gc,age       ] GC(101) - age   8:        688 bytes,      48552 total
[2021-04-26T04:13:40.426+0000][7][gc,age       ] GC(101) - age   9:       1120 bytes,      49672 total
[2021-04-26T04:13:40.427+0000][7][gc,age       ] GC(101) - age  10:       3792 bytes,      53464 total
[2021-04-26T04:13:40.427+0000][7][gc,age       ] GC(101) - age  12:        160 bytes,      53624 total
[2021-04-26T04:13:40.427+0000][7][gc,age       ] GC(101) - age  13:         64 bytes,      53688 total
[2021-04-26T04:13:40.428+0000][7][gc,age       ] GC(101) - age  15:        360 bytes,      54048 total
[2021-04-26T04:13:40.428+0000][7][gc,phases    ] GC(101)   Pre Evacuate Collection Set: 0.2ms
[2021-04-26T04:13:40.428+0000][7][gc,phases    ] GC(101)   Merge Heap Roots: 0.1ms
[2021-04-26T04:13:40.429+0000][7][gc,phases    ] GC(101)   Evacuate Collection Set: 1.7ms
[2021-04-26T04:13:40.429+0000][7][gc,phases    ] GC(101)   Post Evacuate Collection Set: 1.4ms
[2021-04-26T04:13:40.430+0000][7][gc,phases    ] GC(101)   Other: 7.5ms
[2021-04-26T04:13:40.430+0000][7][gc,heap      ] GC(101) Eden regions: 303->0(303)
[2021-04-26T04:13:40.430+0000][7][gc,heap      ] GC(101) Survivor regions: 1->1(38)
[2021-04-26T04:13:40.431+0000][7][gc,heap      ] GC(101) Old regions: 70->70
[2021-04-26T04:13:40.431+0000][7][gc,heap      ] GC(101) Archive regions: 2->2
[2021-04-26T04:13:40.432+0000][7][gc,heap      ] GC(101) Humongous regions: 7->7
[2021-04-26T04:13:40.432+0000][7][gc,metaspace ] GC(101) Metaspace: 90490K(97764K)->90490K(97764K) NonClass: 78388K(82584K)->78388K(82584K) Class: 12102K(15180K)->12102K(15180K)
[2021-04-26T04:13:40.432+0000][7][gc           ] GC(101) Pause Young (Normal) (G1 Evacuation Pause) 380M->77M(512M) 15.023ms
[2021-04-26T04:13:40.433+0000][7][gc,cpu       ] GC(101) User=0.01s Sys=0.00s Real=0.01s
[2021-04-26T04:13:40.433+0000][7][safepoint    ] Safepoint "G1CollectForAllocation", Time since last: 467610099800 ns, Reaching safepoint: 195400 ns, At safepoint: 15786300 ns, Total: 15981700 ns
[2021-04-26T04:23:51.256+0000][7][gc,start     ] GC(102) Pause Young (Normal) (G1 Evacuation Pause)
[2021-04-26T04:23:51.258+0000][7][gc,task      ] GC(102) Using 2 workers of 2 for evacuation
[2021-04-26T04:23:51.260+0000][7][gc,age       ] GC(102) Desired survivor size 19922944 bytes, new threshold 15 (max threshold 15)
[2021-04-26T04:23:51.271+0000][7][gc,age       ] GC(102) Age table with threshold 15 (max threshold 15)
[2021-04-26T04:23:51.272+0000][7][gc,age       ] GC(102) - age   1:      31280 bytes,      31280 total
[2021-04-26T04:23:51.273+0000][7][gc,age       ] GC(102) - age   3:      16376 bytes,      47656 total
[2021-04-26T04:23:51.275+0000][7][gc,age       ] GC(102) - age   4:         40 bytes,      47696 total
[2021-04-26T04:23:51.276+0000][7][gc,age       ] GC(102) - age   6:         40 bytes,      47736 total
[2021-04-26T04:23:51.277+0000][7][gc,age       ] GC(102) - age   7:        352 bytes,      48088 total
[2021-04-26T04:23:51.278+0000][7][gc,age       ] GC(102) - age   8:        256 bytes,      48344 total
[2021-04-26T04:23:51.278+0000][7][gc,age       ] GC(102) - age   9:        688 bytes,      49032 total
[2021-04-26T04:23:51.279+0000][7][gc,age       ] GC(102) - age  10:       1120 bytes,      50152 total
[2021-04-26T04:23:51.280+0000][7][gc,age       ] GC(102) - age  11:       3792 bytes,      53944 total
[2021-04-26T04:23:51.281+0000][7][gc,age       ] GC(102) - age  13:        160 bytes,      54104 total
[2021-04-26T04:23:51.282+0000][7][gc,age       ] GC(102) - age  14:         64 bytes,      54168 total
[2021-04-26T04:23:51.282+0000][7][gc,phases    ] GC(102)   Pre Evacuate Collection Set: 0.4ms
[2021-04-26T04:23:51.283+0000][7][gc,phases    ] GC(102)   Merge Heap Roots: 0.4ms
[2021-04-26T04:23:51.284+0000][7][gc,phases    ] GC(102)   Evacuate Collection Set: 4.7ms
[2021-04-26T04:23:51.285+0000][7][gc,phases    ] GC(102)   Post Evacuate Collection Set: 3.5ms
[2021-04-26T04:23:51.285+0000][7][gc,phases    ] GC(102)   Other: 17.6ms
[2021-04-26T04:23:51.286+0000][7][gc,heap      ] GC(102) Eden regions: 303->0(303)
[2021-04-26T04:23:51.286+0000][7][gc,heap      ] GC(102) Survivor regions: 1->1(38)
[2021-04-26T04:23:51.287+0000][7][gc,heap      ] GC(102) Old regions: 70->70
[2021-04-26T04:23:51.287+0000][7][gc,heap      ] GC(102) Archive regions: 2->2
[2021-04-26T04:23:51.287+0000][7][gc,heap      ] GC(102) Humongous regions: 7->7
[2021-04-26T04:23:51.288+0000][7][gc,metaspace ] GC(102) Metaspace: 90490K(97764K)->90490K(97764K) NonClass: 78388K(82584K)->78388K(82584K) Class: 12102K(15180K)->12102K(15180K)
[2021-04-26T04:23:51.288+0000][7][gc           ] GC(102) Pause Young (Normal) (G1 Evacuation Pause) 380M->77M(512M) 32.319ms
[2021-04-26T04:23:51.288+0000][7][gc,cpu       ] GC(102) User=0.01s Sys=0.01s Real=0.03s
[2021-04-26T04:23:51.289+0000][7][safepoint    ] Safepoint "G1CollectForAllocation", Time since last: 610822231000 ns, Reaching safepoint: 393300 ns, At safepoint: 33080300 ns, Total: 33473600 ns
[2021-04-26T04:33:57.192+0000][7][gc,start     ] GC(103) Pause Young (Normal) (G1 Evacuation Pause)
[2021-04-26T04:33:57.194+0000][7][gc,task      ] GC(103) Using 2 workers of 2 for evacuation
[2021-04-26T04:33:57.196+0000][7][gc,age       ] GC(103) Desired survivor size 19922944 bytes, new threshold 15 (max threshold 15)
[2021-04-26T04:33:57.209+0000][7][gc,age       ] GC(103) Age table with threshold 15 (max threshold 15)
[2021-04-26T04:33:57.211+0000][7][gc,age       ] GC(103) - age   1:      48216 bytes,      48216 total
[2021-04-26T04:33:57.213+0000][7][gc,age       ] GC(103) - age   2:        240 bytes,      48456 total
[2021-04-26T04:33:57.215+0000][7][gc,age       ] GC(103) - age   4:        224 bytes,      48680 total
[2021-04-26T04:33:57.216+0000][7][gc,age       ] GC(103) - age   8:        352 bytes,      49032 total
[2021-04-26T04:33:57.218+0000][7][gc,age       ] GC(103) - age   9:        256 bytes,      49288 total
[2021-04-26T04:33:57.219+0000][7][gc,age       ] GC(103) - age  10:        688 bytes,      49976 total
[2021-04-26T04:33:57.220+0000][7][gc,age       ] GC(103) - age  11:       1120 bytes,      51096 total
[2021-04-26T04:33:57.221+0000][7][gc,age       ] GC(103) - age  12:       3792 bytes,      54888 total
[2021-04-26T04:33:57.222+0000][7][gc,age       ] GC(103) - age  14:        160 bytes,      55048 total
[2021-04-26T04:33:57.222+0000][7][gc,age       ] GC(103) - age  15:         64 bytes,      55112 total
[2021-04-26T04:33:57.223+0000][7][gc,phases    ] GC(103)   Pre Evacuate Collection Set: 0.6ms
[2021-04-26T04:33:57.224+0000][7][gc,phases    ] GC(103)   Merge Heap Roots: 0.6ms
[2021-04-26T04:33:57.225+0000][7][gc,phases    ] GC(103)   Evacuate Collection Set: 4.4ms
[2021-04-26T04:33:57.225+0000][7][gc,phases    ] GC(103)   Post Evacuate Collection Set: 4.8ms
[2021-04-26T04:33:57.226+0000][7][gc,phases    ] GC(103)   Other: 21.5ms
[2021-04-26T04:33:57.226+0000][7][gc,heap      ] GC(103) Eden regions: 303->0(303)
[2021-04-26T04:33:57.227+0000][7][gc,heap      ] GC(103) Survivor regions: 1->1(38)
[2021-04-26T04:33:57.227+0000][7][gc,heap      ] GC(103) Old regions: 70->70
[2021-04-26T04:33:57.228+0000][7][gc,heap      ] GC(103) Archive regions: 2->2
[2021-04-26T04:33:57.229+0000][7][gc,heap      ] GC(103) Humongous regions: 7->7
[2021-04-26T04:33:57.229+0000][7][gc,metaspace ] GC(103) Metaspace: 90494K(97764K)->90494K(97764K) NonClass: 78392K(82584K)->78392K(82584K) Class: 12102K(15180K)->12102K(15180K)
[2021-04-26T04:33:57.229+0000][7][gc           ] GC(103) Pause Young (Normal) (G1 Evacuation Pause) 380M->77M(512M) 37.780ms
[2021-04-26T04:33:57.230+0000][7][gc,cpu       ] GC(103) User=0.01s Sys=0.00s Real=0.04s
[2021-04-26T04:33:57.230+0000][7][safepoint    ] Safepoint "G1CollectForAllocation", Time since last: 605902968800 ns, Reaching safepoint: 535900 ns, At safepoint: 38836100 ns, Total: 39372000 ns
[2021-04-26T04:40:48.330+0000][7][safepoint    ] Safepoint "Cleanup", Time since last: 411098743100 ns, Reaching safepoint: 355400 ns, At safepoint: 11700 ns, Total: 367100 ns
[2021-04-26T04:44:03.167+0000][7][gc,start     ] GC(104) Pause Young (Normal) (G1 Evacuation Pause)
[2021-04-26T04:44:03.169+0000][7][gc,task      ] GC(104) Using 2 workers of 2 for evacuation
[2021-04-26T04:44:03.171+0000][7][gc,age       ] GC(104) Desired survivor size 19922944 bytes, new threshold 15 (max threshold 15)
[2021-04-26T04:44:03.181+0000][7][gc,age       ] GC(104) Age table with threshold 15 (max threshold 15)
[2021-04-26T04:44:03.182+0000][7][gc,age       ] GC(104) - age   1:      32600 bytes,      32600 total
[2021-04-26T04:44:03.183+0000][7][gc,age       ] GC(104) - age   2:      16232 bytes,      48832 total
[2021-04-26T04:44:03.183+0000][7][gc,age       ] GC(104) - age   3:         40 bytes,      48872 total
[2021-04-26T04:44:03.184+0000][7][gc,age       ] GC(104) - age   5:        184 bytes,      49056 total
[2021-04-26T04:44:03.185+0000][7][gc,age       ] GC(104) - age   9:        352 bytes,      49408 total
[2021-04-26T04:44:03.186+0000][7][gc,age       ] GC(104) - age  10:        256 bytes,      49664 total
[2021-04-26T04:44:03.186+0000][7][gc,age       ] GC(104) - age  11:        688 bytes,      50352 total
[2021-04-26T04:44:03.187+0000][7][gc,age       ] GC(104) - age  12:       1120 bytes,      51472 total
[2021-04-26T04:44:03.187+0000][7][gc,age       ] GC(104) - age  13:       3792 bytes,      55264 total
[2021-04-26T04:44:03.188+0000][7][gc,age       ] GC(104) - age  15:        160 bytes,      55424 total
[2021-04-26T04:44:03.188+0000][7][gc,phases    ] GC(104)   Pre Evacuate Collection Set: 0.7ms
[2021-04-26T04:44:03.189+0000][7][gc,phases    ] GC(104)   Merge Heap Roots: 0.5ms
[2021-04-26T04:44:03.189+0000][7][gc,phases    ] GC(104)   Evacuate Collection Set: 3.8ms
[2021-04-26T04:44:03.190+0000][7][gc,phases    ] GC(104)   Post Evacuate Collection Set: 3.7ms
[2021-04-26T04:44:03.190+0000][7][gc,phases    ] GC(104)   Other: 13.2ms
[2021-04-26T04:44:03.191+0000][7][gc,heap      ] GC(104) Eden regions: 303->0(303)
[2021-04-26T04:44:03.191+0000][7][gc,heap      ] GC(104) Survivor regions: 1->1(38)
[2021-04-26T04:44:03.191+0000][7][gc,heap      ] GC(104) Old regions: 70->70
[2021-04-26T04:44:03.192+0000][7][gc,heap      ] GC(104) Archive regions: 2->2
[2021-04-26T04:44:03.192+0000][7][gc,heap      ] GC(104) Humongous regions: 7->7
[2021-04-26T04:44:03.192+0000][7][gc,metaspace ] GC(104) Metaspace: 90501K(97764K)->90501K(97764K) NonClass: 78399K(82584K)->78399K(82584K) Class: 12102K(15180K)->12102K(15180K)
[2021-04-26T04:44:03.193+0000][7][gc           ] GC(104) Pause Young (Normal) (G1 Evacuation Pause) 380M->77M(512M) 26.300ms
[2021-04-26T04:44:03.193+0000][7][gc,cpu       ] GC(104) User=0.01s Sys=0.00s Real=0.02s
[2021-04-26T04:44:03.194+0000][7][safepoint    ] Safepoint "G1CollectForAllocation", Time since last: 194835722200 ns, Reaching safepoint: 419500 ns, At safepoint: 27226000 ns, Total: 27645500 ns
[2021-04-26T04:50:54.293+0000][7][safepoint    ] Safepoint "Cleanup", Time since last: 411099399800 ns, Reaching safepoint: 219200 ns, At safepoint: 5000 ns, Total: 224200 ns
[2021-04-26T04:54:08.960+0000][7][gc,start     ] GC(105) Pause Young (Normal) (G1 Evacuation Pause)
[2021-04-26T04:54:08.962+0000][7][gc,task      ] GC(105) Using 2 workers of 2 for evacuation
[2021-04-26T04:54:08.965+0000][7][gc,age       ] GC(105) Desired survivor size 19922944 bytes, new threshold 15 (max threshold 15)
[2021-04-26T04:54:08.977+0000][7][gc,age       ] GC(105) Age table with threshold 15 (max threshold 15)
[2021-04-26T04:54:08.978+0000][7][gc,age       ] GC(105) - age   1:      47544 bytes,      47544 total
[2021-04-26T04:54:08.979+0000][7][gc,age       ] GC(105) - age   2:        440 bytes,      47984 total
[2021-04-26T04:54:08.979+0000][7][gc,age       ] GC(105) - age   3:         40 bytes,      48024 total
[2021-04-26T04:54:08.980+0000][7][gc,age       ] GC(105) - age   6:        184 bytes,      48208 total
[2021-04-26T04:54:08.981+0000][7][gc,age       ] GC(105) - age  10:        352 bytes,      48560 total
[2021-04-26T04:54:08.982+0000][7][gc,age       ] GC(105) - age  11:        256 bytes,      48816 total
[2021-04-26T04:54:08.983+0000][7][gc,age       ] GC(105) - age  12:        688 bytes,      49504 total
[2021-04-26T04:54:08.983+0000][7][gc,age       ] GC(105) - age  13:       1120 bytes,      50624 total
[2021-04-26T04:54:08.984+0000][7][gc,age       ] GC(105) - age  14:       3792 bytes,      54416 total
[2021-04-26T04:54:08.984+0000][7][gc,phases    ] GC(105)   Pre Evacuate Collection Set: 0.5ms
[2021-04-26T04:54:08.985+0000][7][gc,phases    ] GC(105)   Merge Heap Roots: 0.7ms
[2021-04-26T04:54:08.985+0000][7][gc,phases    ] GC(105)   Evacuate Collection Set: 4.1ms
[2021-04-26T04:54:08.986+0000][7][gc,phases    ] GC(105)   Post Evacuate Collection Set: 3.8ms
[2021-04-26T04:54:08.986+0000][7][gc,phases    ] GC(105)   Other: 15.6ms
[2021-04-26T04:54:08.986+0000][7][gc,heap      ] GC(105) Eden regions: 303->0(303)
[2021-04-26T04:54:08.987+0000][7][gc,heap      ] GC(105) Survivor regions: 1->1(38)
[2021-04-26T04:54:08.987+0000][7][gc,heap      ] GC(105) Old regions: 70->70
[2021-04-26T04:54:08.988+0000][7][gc,heap      ] GC(105) Archive regions: 2->2
[2021-04-26T04:54:08.988+0000][7][gc,heap      ] GC(105) Humongous regions: 7->7
[2021-04-26T04:54:08.989+0000][7][gc,metaspace ] GC(105) Metaspace: 90501K(97764K)->90501K(97764K) NonClass: 78399K(82584K)->78399K(82584K) Class: 12102K(15180K)->12102K(15180K)
[2021-04-26T04:54:08.989+0000][7][gc           ] GC(105) Pause Young (Normal) (G1 Evacuation Pause) 380M->77M(512M) 29.390ms
[2021-04-26T04:54:08.990+0000][7][gc,cpu       ] GC(105) User=0.01s Sys=0.00s Real=0.03s
[2021-04-26T04:54:08.990+0000][7][safepoint    ] Safepoint "G1CollectForAllocation", Time since last: 194666013900 ns, Reaching safepoint: 468300 ns, At safepoint: 30154900 ns, Total: 30623200 ns
[2021-04-26T05:04:14.811+0000][7][gc,start     ] GC(106) Pause Young (Normal) (G1 Evacuation Pause)
[2021-04-26T05:04:14.813+0000][7][gc,task      ] GC(106) Using 2 workers of 2 for evacuation
[2021-04-26T05:04:14.818+0000][7][gc,age       ] GC(106) Desired survivor size 19922944 bytes, new threshold 15 (max threshold 15)
[2021-04-26T05:04:14.834+0000][7][gc,age       ] GC(106) Age table with threshold 15 (max threshold 15)
[2021-04-26T05:04:14.835+0000][7][gc,age       ] GC(106) - age   1:      48232 bytes,      48232 total
[2021-04-26T05:04:14.836+0000][7][gc,age       ] GC(106) - age   2:        392 bytes,      48624 total
[2021-04-26T05:04:14.837+0000][7][gc,age       ] GC(106) - age   3:        400 bytes,      49024 total
[2021-04-26T05:04:14.838+0000][7][gc,age       ] GC(106) - age   4:         40 bytes,      49064 total
[2021-04-26T05:04:14.839+0000][7][gc,age       ] GC(106) - age   7:        144 bytes,      49208 total
[2021-04-26T05:04:14.840+0000][7][gc,age       ] GC(106) - age  11:        352 bytes,      49560 total
[2021-04-26T05:04:14.840+0000][7][gc,age       ] GC(106) - age  12:        256 bytes,      49816 total
[2021-04-26T05:04:14.841+0000][7][gc,age       ] GC(106) - age  13:        688 bytes,      50504 total
[2021-04-26T05:04:14.841+0000][7][gc,age       ] GC(106) - age  14:       1120 bytes,      51624 total
[2021-04-26T05:04:14.842+0000][7][gc,age       ] GC(106) - age  15:       3792 bytes,      55416 total
[2021-04-26T05:04:14.842+0000][7][gc,phases    ] GC(106)   Pre Evacuate Collection Set: 0.6ms
[2021-04-26T05:04:14.843+0000][7][gc,phases    ] GC(106)   Merge Heap Roots: 0.3ms
[2021-04-26T05:04:14.843+0000][7][gc,phases    ] GC(106)   Evacuate Collection Set: 5.8ms
[2021-04-26T05:04:14.843+0000][7][gc,phases    ] GC(106)   Post Evacuate Collection Set: 6.4ms
[2021-04-26T05:04:14.844+0000][7][gc,phases    ] GC(106)   Other: 18.2ms
[2021-04-26T05:04:14.844+0000][7][gc,heap      ] GC(106) Eden regions: 303->0(303)
[2021-04-26T05:04:14.844+0000][7][gc,heap      ] GC(106) Survivor regions: 1->1(38)
[2021-04-26T05:04:14.845+0000][7][gc,heap      ] GC(106) Old regions: 70->70
[2021-04-26T05:04:14.845+0000][7][gc,heap      ] GC(106) Archive regions: 2->2
[2021-04-26T05:04:14.846+0000][7][gc,heap      ] GC(106) Humongous regions: 7->7
[2021-04-26T05:04:14.846+0000][7][gc,metaspace ] GC(106) Metaspace: 90501K(97764K)->90501K(97764K) NonClass: 78399K(82584K)->78399K(82584K) Class: 12102K(15180K)->12102K(15180K)
[2021-04-26T05:04:14.846+0000][7][gc           ] GC(106) Pause Young (Normal) (G1 Evacuation Pause) 380M->77M(512M) 35.606ms
[2021-04-26T05:04:14.847+0000][7][gc,cpu       ] GC(106) User=0.01s Sys=0.00s Real=0.04s
[2021-04-26T05:04:14.847+0000][7][safepoint    ] Safepoint "G1CollectForAllocation", Time since last: 605821356500 ns, Reaching safepoint: 448100 ns, At safepoint: 36486500 ns, Total: 36934600 ns
[2021-04-26T05:05:53.890+0000][7][safepoint    ] Safepoint "Cleanup", Time since last: 99041211200 ns, Reaching safepoint: 486300 ns, At safepoint: 11200 ns, Total: 497500 ns
[2021-04-26T05:14:19.088+0000][7][safepoint    ] Safepoint "Cleanup", Time since last: 505201341000 ns, Reaching safepoint: 305900 ns, At safepoint: 6700 ns, Total: 312600 ns
[2021-04-26T05:14:20.735+0000][7][gc,start     ] GC(107) Pause Young (Normal) (G1 Evacuation Pause)
[2021-04-26T05:14:20.738+0000][7][gc,task      ] GC(107) Using 2 workers of 2 for evacuation
[2021-04-26T05:14:20.741+0000][7][gc,age       ] GC(107) Desired survivor size 19922944 bytes, new threshold 15 (max threshold 15)
[2021-04-26T05:14:20.753+0000][7][gc,age       ] GC(107) Age table with threshold 15 (max threshold 15)
[2021-04-26T05:14:20.754+0000][7][gc,age       ] GC(107) - age   1:      32264 bytes,      32264 total
[2021-04-26T05:14:20.755+0000][7][gc,age       ] GC(107) - age   2:      16232 bytes,      48496 total
[2021-04-26T05:14:20.756+0000][7][gc,age       ] GC(107) - age   3:        192 bytes,      48688 total
[2021-04-26T05:14:20.757+0000][7][gc,age       ] GC(107) - age   4:        400 bytes,      49088 total
[2021-04-26T05:14:20.758+0000][7][gc,age       ] GC(107) - age   8:        144 bytes,      49232 total
[2021-04-26T05:14:20.759+0000][7][gc,age       ] GC(107) - age  12:        352 bytes,      49584 total
[2021-04-26T05:14:20.760+0000][7][gc,age       ] GC(107) - age  13:        256 bytes,      49840 total
[2021-04-26T05:14:20.761+0000][7][gc,age       ] GC(107) - age  14:        688 bytes,      50528 total
[2021-04-26T05:14:20.762+0000][7][gc,age       ] GC(107) - age  15:       1120 bytes,      51648 total
[2021-04-26T05:14:20.762+0000][7][gc,phases    ] GC(107)   Pre Evacuate Collection Set: 0.6ms
[2021-04-26T05:14:20.763+0000][7][gc,phases    ] GC(107)   Merge Heap Roots: 0.7ms
[2021-04-26T05:14:20.763+0000][7][gc,phases    ] GC(107)   Evacuate Collection Set: 4.2ms
[2021-04-26T05:14:20.764+0000][7][gc,phases    ] GC(107)   Post Evacuate Collection Set: 4.3ms
[2021-04-26T05:14:20.764+0000][7][gc,phases    ] GC(107)   Other: 17.6ms
[2021-04-26T05:14:20.765+0000][7][gc,heap      ] GC(107) Eden regions: 303->0(303)
[2021-04-26T05:14:20.765+0000][7][gc,heap      ] GC(107) Survivor regions: 1->1(38)
[2021-04-26T05:14:20.766+0000][7][gc,heap      ] GC(107) Old regions: 70->70
[2021-04-26T05:14:20.766+0000][7][gc,heap      ] GC(107) Archive regions: 2->2
[2021-04-26T05:14:20.767+0000][7][gc,heap      ] GC(107) Humongous regions: 7->7
[2021-04-26T05:14:20.767+0000][7][gc,metaspace ] GC(107) Metaspace: 90502K(97764K)->90502K(97764K) NonClass: 78400K(82584K)->78400K(82584K) Class: 12102K(15180K)->12102K(15180K)
[2021-04-26T05:14:20.767+0000][7][gc           ] GC(107) Pause Young (Normal) (G1 Evacuation Pause) 380M->77M(512M) 32.489ms
[2021-04-26T05:14:20.768+0000][7][gc,cpu       ] GC(107) User=0.02s Sys=0.00s Real=0.03s
[2021-04-26T05:14:20.768+0000][7][safepoint    ] Safepoint "G1CollectForAllocation", Time since last: 1646139900 ns, Reaching safepoint: 334500 ns, At safepoint: 33312700 ns, Total: 33647200 ns
[2021-04-26T05:24:27.903+0000][7][gc,start     ] GC(108) Pause Young (Normal) (G1 Evacuation Pause)
[2021-04-26T05:24:27.905+0000][7][gc,task      ] GC(108) Using 2 workers of 2 for evacuation
[2021-04-26T05:24:27.908+0000][7][gc,age       ] GC(108) Desired survivor size 19922944 bytes, new threshold 15 (max threshold 15)
[2021-04-26T05:24:27.927+0000][7][gc,age       ] GC(108) Age table with threshold 15 (max threshold 15)
[2021-04-26T05:24:27.929+0000][7][gc,age       ] GC(108) - age   1:      47400 bytes,      47400 total
[2021-04-26T05:24:27.932+0000][7][gc,age       ] GC(108) - age   2:         40 bytes,      47440 total
[2021-04-26T05:24:27.935+0000][7][gc,age       ] GC(108) - age   3:         40 bytes,      47480 total
[2021-04-26T05:24:27.937+0000][7][gc,age       ] GC(108) - age   4:        152 bytes,      47632 total
[2021-04-26T05:24:27.939+0000][7][gc,age       ] GC(108) - age   5:        400 bytes,      48032 total
[2021-04-26T05:24:27.940+0000][7][gc,age       ] GC(108) - age   9:        144 bytes,      48176 total
[2021-04-26T05:24:27.941+0000][7][gc,age       ] GC(108) - age  13:        352 bytes,      48528 total
[2021-04-26T05:24:27.943+0000][7][gc,age       ] GC(108) - age  14:        256 bytes,      48784 total
[2021-04-26T05:24:27.944+0000][7][gc,age       ] GC(108) - age  15:        688 bytes,      49472 total
[2021-04-26T05:24:27.945+0000][7][gc,phases    ] GC(108)   Pre Evacuate Collection Set: 0.6ms
[2021-04-26T05:24:27.946+0000][7][gc,phases    ] GC(108)   Merge Heap Roots: 0.4ms
[2021-04-26T05:24:27.947+0000][7][gc,phases    ] GC(108)   Evacuate Collection Set: 10.4ms
[2021-04-26T05:24:27.948+0000][7][gc,phases    ] GC(108)   Post Evacuate Collection Set: 5.9ms
[2021-04-26T05:24:27.948+0000][7][gc,phases    ] GC(108)   Other: 25.3ms
[2021-04-26T05:24:27.949+0000][7][gc,heap      ] GC(108) Eden regions: 303->0(303)
[2021-04-26T05:24:27.949+0000][7][gc,heap      ] GC(108) Survivor regions: 1->1(38)
[2021-04-26T05:24:27.950+0000][7][gc,heap      ] GC(108) Old regions: 70->70
[2021-04-26T05:24:27.950+0000][7][gc,heap      ] GC(108) Archive regions: 2->2
[2021-04-26T05:24:27.951+0000][7][gc,heap      ] GC(108) Humongous regions: 7->7
[2021-04-26T05:24:27.951+0000][7][gc,metaspace ] GC(108) Metaspace: 90507K(97764K)->90507K(97764K) NonClass: 78405K(82584K)->78405K(82584K) Class: 12102K(15180K)->12102K(15180K)
[2021-04-26T05:24:27.952+0000][7][gc           ] GC(108) Pause Young (Normal) (G1 Evacuation Pause) 380M->77M(512M) 48.994ms
[2021-04-26T05:24:27.952+0000][7][gc,cpu       ] GC(108) User=0.01s Sys=0.00s Real=0.05s
[2021-04-26T05:24:27.952+0000][7][safepoint    ] Safepoint "G1CollectForAllocation", Time since last: 607130936600 ns, Reaching safepoint: 524500 ns, At safepoint: 49914500 ns, Total: 50439000 ns
[2021-04-26T05:34:37.488+0000][7][gc,start     ] GC(109) Pause Young (Normal) (G1 Evacuation Pause)
[2021-04-26T05:34:37.490+0000][7][gc,task      ] GC(109) Using 2 workers of 2 for evacuation
[2021-04-26T05:34:37.492+0000][7][gc,age       ] GC(109) Desired survivor size 19922944 bytes, new threshold 15 (max threshold 15)
[2021-04-26T05:34:37.501+0000][7][gc,age       ] GC(109) Age table with threshold 15 (max threshold 15)
[2021-04-26T05:34:37.502+0000][7][gc,age       ] GC(109) - age   1:      35552 bytes,      35552 total
[2021-04-26T05:34:37.502+0000][7][gc,age       ] GC(109) - age   2:      16432 bytes,      51984 total
[2021-04-26T05:34:37.503+0000][7][gc,age       ] GC(109) - age   4:         40 bytes,      52024 total
[2021-04-26T05:34:37.504+0000][7][gc,age       ] GC(109) - age   5:        152 bytes,      52176 total
[2021-04-26T05:34:37.505+0000][7][gc,age       ] GC(109) - age   6:        400 bytes,      52576 total
[2021-04-26T05:34:37.506+0000][7][gc,age       ] GC(109) - age  10:        144 bytes,      52720 total
[2021-04-26T05:34:37.506+0000][7][gc,age       ] GC(109) - age  14:        352 bytes,      53072 total
[2021-04-26T05:34:37.507+0000][7][gc,age       ] GC(109) - age  15:        256 bytes,      53328 total
[2021-04-26T05:34:37.507+0000][7][gc,phases    ] GC(109)   Pre Evacuate Collection Set: 0.9ms
[2021-04-26T05:34:37.508+0000][7][gc,phases    ] GC(109)   Merge Heap Roots: 0.4ms
[2021-04-26T05:34:37.508+0000][7][gc,phases    ] GC(109)   Evacuate Collection Set: 3.1ms
[2021-04-26T05:34:37.509+0000][7][gc,phases    ] GC(109)   Post Evacuate Collection Set: 2.9ms
[2021-04-26T05:34:37.509+0000][7][gc,phases    ] GC(109)   Other: 12.2ms
[2021-04-26T05:34:37.510+0000][7][gc,heap      ] GC(109) Eden regions: 303->0(303)
[2021-04-26T05:34:37.510+0000][7][gc,heap      ] GC(109) Survivor regions: 1->1(38)
[2021-04-26T05:34:37.511+0000][7][gc,heap      ] GC(109) Old regions: 70->70
[2021-04-26T05:34:37.511+0000][7][gc,heap      ] GC(109) Archive regions: 2->2
[2021-04-26T05:34:37.511+0000][7][gc,heap      ] GC(109) Humongous regions: 7->7
[2021-04-26T05:34:37.512+0000][7][gc,metaspace ] GC(109) Metaspace: 90507K(97764K)->90507K(97764K) NonClass: 78405K(82584K)->78405K(82584K) Class: 12102K(15180K)->12102K(15180K)
[2021-04-26T05:34:37.512+0000][7][gc           ] GC(109) Pause Young (Normal) (G1 Evacuation Pause) 380M->77M(512M) 24.344ms
[2021-04-26T05:34:37.513+0000][7][gc,cpu       ] GC(109) User=0.00s Sys=0.01s Real=0.02s
[2021-04-26T05:34:37.513+0000][7][safepoint    ] Safepoint "G1CollectForAllocation", Time since last: 609535527000 ns, Reaching safepoint: 819300 ns, At safepoint: 25281900 ns, Total: 26101200 ns
[2021-04-26T05:35:53.543+0000][7][safepoint    ] Safepoint "Cleanup", Time since last: 76028903900 ns, Reaching safepoint: 667300 ns, At safepoint: 12300 ns, Total: 679600 ns
[2021-04-26T05:44:43.363+0000][7][gc,start     ] GC(110) Pause Young (Normal) (G1 Evacuation Pause)
[2021-04-26T05:44:43.365+0000][7][gc,task      ] GC(110) Using 2 workers of 2 for evacuation
[2021-04-26T05:44:43.367+0000][7][gc,age       ] GC(110) Desired survivor size 19922944 bytes, new threshold 15 (max threshold 15)
[2021-04-26T05:44:43.386+0000][7][gc,age       ] GC(110) Age table with threshold 15 (max threshold 15)
[2021-04-26T05:44:43.388+0000][7][gc,age       ] GC(110) - age   1:      47432 bytes,      47432 total
[2021-04-26T05:44:43.389+0000][7][gc,age       ] GC(110) - age   2:       3432 bytes,      50864 total
[2021-04-26T05:44:43.390+0000][7][gc,age       ] GC(110) - age   3:         80 bytes,      50944 total
[2021-04-26T05:44:43.391+0000][7][gc,age       ] GC(110) - age   6:        112 bytes,      51056 total
[2021-04-26T05:44:43.392+0000][7][gc,age       ] GC(110) - age   7:        400 bytes,      51456 total
[2021-04-26T05:44:43.393+0000][7][gc,age       ] GC(110) - age  11:        144 bytes,      51600 total
[2021-04-26T05:44:43.394+0000][7][gc,age       ] GC(110) - age  15:        352 bytes,      51952 total
[2021-04-26T05:44:43.394+0000][7][gc,phases    ] GC(110)   Pre Evacuate Collection Set: 0.5ms
[2021-04-26T05:44:43.395+0000][7][gc,phases    ] GC(110)   Merge Heap Roots: 0.5ms
[2021-04-26T05:44:43.396+0000][7][gc,phases    ] GC(110)   Evacuate Collection Set: 10.8ms
[2021-04-26T05:44:43.397+0000][7][gc,phases    ] GC(110)   Post Evacuate Collection Set: 4.0ms
[2021-04-26T05:44:43.398+0000][7][gc,phases    ] GC(110)   Other: 15.7ms
[2021-04-26T05:44:43.398+0000][7][gc,heap      ] GC(110) Eden regions: 303->0(303)
[2021-04-26T05:44:43.399+0000][7][gc,heap      ] GC(110) Survivor regions: 1->1(38)
[2021-04-26T05:44:43.399+0000][7][gc,heap      ] GC(110) Old regions: 70->70
[2021-04-26T05:44:43.400+0000][7][gc,heap      ] GC(110) Archive regions: 2->2
[2021-04-26T05:44:43.400+0000][7][gc,heap      ] GC(110) Humongous regions: 7->7
[2021-04-26T05:44:43.401+0000][7][gc,metaspace ] GC(110) Metaspace: 90507K(97764K)->90507K(97764K) NonClass: 78405K(82584K)->78405K(82584K) Class: 12102K(15180K)->12102K(15180K)
[2021-04-26T05:44:43.401+0000][7][gc           ] GC(110) Pause Young (Normal) (G1 Evacuation Pause) 380M->77M(512M) 38.251ms
[2021-04-26T05:44:43.402+0000][7][gc,cpu       ] GC(110) User=0.02s Sys=0.01s Real=0.04s
[2021-04-26T05:44:43.402+0000][7][safepoint    ] Safepoint "G1CollectForAllocation", Time since last: 529818561800 ns, Reaching safepoint: 492400 ns, At safepoint: 39269800 ns, Total: 39762200 ns
[2021-04-26T05:54:49.280+0000][7][gc,start     ] GC(111) Pause Young (Normal) (G1 Evacuation Pause)
[2021-04-26T05:54:49.281+0000][7][gc,task      ] GC(111) Using 2 workers of 2 for evacuation
[2021-04-26T05:54:49.282+0000][7][gc,age       ] GC(111) Desired survivor size 19922944 bytes, new threshold 15 (max threshold 15)
[2021-04-26T05:54:49.284+0000][7][gc,age       ] GC(111) Age table with threshold 15 (max threshold 15)
[2021-04-26T05:54:49.285+0000][7][gc,age       ] GC(111) - age   1:      48600 bytes,      48600 total
[2021-04-26T05:54:49.285+0000][7][gc,age       ] GC(111) - age   2:        112 bytes,      48712 total
[2021-04-26T05:54:49.286+0000][7][gc,age       ] GC(111) - age   3:       3392 bytes,      52104 total
[2021-04-26T05:54:49.286+0000][7][gc,age       ] GC(111) - age   4:         40 bytes,      52144 total
[2021-04-26T05:54:49.287+0000][7][gc,age       ] GC(111) - age   7:        112 bytes,      52256 total
[2021-04-26T05:54:49.287+0000][7][gc,age       ] GC(111) - age   8:        400 bytes,      52656 total
[2021-04-26T05:54:49.288+0000][7][gc,age       ] GC(111) - age  12:        144 bytes,      52800 total
[2021-04-26T05:54:49.288+0000][7][gc,phases    ] GC(111)   Pre Evacuate Collection Set: 0.1ms
[2021-04-26T05:54:49.289+0000][7][gc,phases    ] GC(111)   Merge Heap Roots: 0.0ms
[2021-04-26T05:54:49.290+0000][7][gc,phases    ] GC(111)   Evacuate Collection Set: 0.9ms
[2021-04-26T05:54:49.290+0000][7][gc,phases    ] GC(111)   Post Evacuate Collection Set: 1.0ms
[2021-04-26T05:54:49.290+0000][7][gc,phases    ] GC(111)   Other: 6.8ms
[2021-04-26T05:54:49.291+0000][7][gc,heap      ] GC(111) Eden regions: 303->0(303)
[2021-04-26T05:54:49.291+0000][7][gc,heap      ] GC(111) Survivor regions: 1->1(38)
[2021-04-26T05:54:49.292+0000][7][gc,heap      ] GC(111) Old regions: 70->70
[2021-04-26T05:54:49.292+0000][7][gc,heap      ] GC(111) Archive regions: 2->2
[2021-04-26T05:54:49.292+0000][7][gc,heap      ] GC(111) Humongous regions: 7->7
[2021-04-26T05:54:49.293+0000][7][gc,metaspace ] GC(111) Metaspace: 90520K(97764K)->90520K(97764K) NonClass: 78417K(82584K)->78417K(82584K) Class: 12102K(15180K)->12102K(15180K)
[2021-04-26T05:54:49.293+0000][7][gc           ] GC(111) Pause Young (Normal) (G1 Evacuation Pause) 380M->77M(512M) 13.419ms
[2021-04-26T05:54:49.293+0000][7][gc,cpu       ] GC(111) User=0.00s Sys=0.00s Real=0.01s
[2021-04-26T05:54:49.294+0000][7][safepoint    ] Safepoint "G1CollectForAllocation", Time since last: 605877276500 ns, Reaching safepoint: 130600 ns, At safepoint: 14259400 ns, Total: 14390000 ns
[2021-04-26T06:04:55.174+0000][7][gc,start     ] GC(112) Pause Young (Normal) (G1 Evacuation Pause)
[2021-04-26T06:04:55.177+0000][7][gc,task      ] GC(112) Using 2 workers of 2 for evacuation
[2021-04-26T06:04:55.179+0000][7][gc,age       ] GC(112) Desired survivor size 19922944 bytes, new threshold 15 (max threshold 15)
[2021-04-26T06:04:55.197+0000][7][gc,age       ] GC(112) Age table with threshold 15 (max threshold 15)
[2021-04-26T06:04:55.198+0000][7][gc,age       ] GC(112) - age   1:      47256 bytes,      47256 total
[2021-04-26T06:04:55.199+0000][7][gc,age       ] GC(112) - age   2:        464 bytes,      47720 total
[2021-04-26T06:04:55.200+0000][7][gc,age       ] GC(112) - age   3:         40 bytes,      47760 total
[2021-04-26T06:04:55.201+0000][7][gc,age       ] GC(112) - age   4:       3392 bytes,      51152 total
[2021-04-26T06:04:55.202+0000][7][gc,age       ] GC(112) - age   8:        112 bytes,      51264 total
[2021-04-26T06:04:55.203+0000][7][gc,age       ] GC(112) - age   9:        400 bytes,      51664 total
[2021-04-26T06:04:55.204+0000][7][gc,age       ] GC(112) - age  13:        144 bytes,      51808 total
[2021-04-26T06:04:55.205+0000][7][gc,phases    ] GC(112)   Pre Evacuate Collection Set: 0.9ms
[2021-04-26T06:04:55.206+0000][7][gc,phases    ] GC(112)   Merge Heap Roots: 0.3ms
[2021-04-26T06:04:55.206+0000][7][gc,phases    ] GC(112)   Evacuate Collection Set: 8.7ms
[2021-04-26T06:04:55.207+0000][7][gc,phases    ] GC(112)   Post Evacuate Collection Set: 6.1ms
[2021-04-26T06:04:55.208+0000][7][gc,phases    ] GC(112)   Other: 15.3ms
[2021-04-26T06:04:55.208+0000][7][gc,heap      ] GC(112) Eden regions: 303->0(303)
[2021-04-26T06:04:55.209+0000][7][gc,heap      ] GC(112) Survivor regions: 1->1(38)
[2021-04-26T06:04:55.209+0000][7][gc,heap      ] GC(112) Old regions: 70->70
[2021-04-26T06:04:55.209+0000][7][gc,heap      ] GC(112) Archive regions: 2->2
[2021-04-26T06:04:55.210+0000][7][gc,heap      ] GC(112) Humongous regions: 7->7
[2021-04-26T06:04:55.210+0000][7][gc,metaspace ] GC(112) Metaspace: 90520K(97764K)->90520K(97764K) NonClass: 78417K(82584K)->78417K(82584K) Class: 12102K(15180K)->12102K(15180K)
[2021-04-26T06:04:55.211+0000][7][gc           ] GC(112) Pause Young (Normal) (G1 Evacuation Pause) 380M->77M(512M) 36.857ms
[2021-04-26T06:04:55.211+0000][7][gc,cpu       ] GC(112) User=0.01s Sys=0.01s Real=0.04s
[2021-04-26T06:04:55.212+0000][7][safepoint    ] Safepoint "G1CollectForAllocation", Time since last: 605879495600 ns, Reaching safepoint: 484700 ns, At safepoint: 37761500 ns, Total: 38246200 ns
[2021-04-26T06:15:01.033+0000][7][gc,start     ] GC(113) Pause Young (Normal) (G1 Evacuation Pause)
[2021-04-26T06:15:01.034+0000][7][gc,task      ] GC(113) Using 2 workers of 2 for evacuation
[2021-04-26T06:15:01.035+0000][7][gc,age       ] GC(113) Desired survivor size 19922944 bytes, new threshold 15 (max threshold 15)
[2021-04-26T06:15:01.039+0000][7][gc,age       ] GC(113) Age table with threshold 15 (max threshold 15)
[2021-04-26T06:15:01.039+0000][7][gc,age       ] GC(113) - age   1:      32208 bytes,      32208 total
[2021-04-26T06:15:01.040+0000][7][gc,age       ] GC(113) - age   2:      16232 bytes,      48440 total
[2021-04-26T06:15:01.040+0000][7][gc,age       ] GC(113) - age   3:        224 bytes,      48664 total
[2021-04-26T06:15:01.041+0000][7][gc,age       ] GC(113) - age   4:         40 bytes,      48704 total
[2021-04-26T06:15:01.041+0000][7][gc,age       ] GC(113) - age   5:       3392 bytes,      52096 total
[2021-04-26T06:15:01.042+0000][7][gc,age       ] GC(113) - age   9:        112 bytes,      52208 total
[2021-04-26T06:15:01.042+0000][7][gc,age       ] GC(113) - age  10:        400 bytes,      52608 total
[2021-04-26T06:15:01.042+0000][7][gc,age       ] GC(113) - age  14:        144 bytes,      52752 total
[2021-04-26T06:15:01.043+0000][7][gc,phases    ] GC(113)   Pre Evacuate Collection Set: 0.1ms
[2021-04-26T06:15:01.043+0000][7][gc,phases    ] GC(113)   Merge Heap Roots: 0.2ms
[2021-04-26T06:15:01.044+0000][7][gc,phases    ] GC(113)   Evacuate Collection Set: 1.9ms
[2021-04-26T06:15:01.044+0000][7][gc,phases    ] GC(113)   Post Evacuate Collection Set: 1.5ms
[2021-04-26T06:15:01.045+0000][7][gc,phases    ] GC(113)   Other: 6.3ms
[2021-04-26T06:15:01.045+0000][7][gc,heap      ] GC(113) Eden regions: 303->0(303)
[2021-04-26T06:15:01.045+0000][7][gc,heap      ] GC(113) Survivor regions: 1->1(38)
[2021-04-26T06:15:01.046+0000][7][gc,heap      ] GC(113) Old regions: 70->70
[2021-04-26T06:15:01.046+0000][7][gc,heap      ] GC(113) Archive regions: 2->2
[2021-04-26T06:15:01.047+0000][7][gc,heap      ] GC(113) Humongous regions: 7->7
[2021-04-26T06:15:01.047+0000][7][gc,metaspace ] GC(113) Metaspace: 90520K(97764K)->90520K(97764K) NonClass: 78418K(82584K)->78418K(82584K) Class: 12102K(15180K)->12102K(15180K)
[2021-04-26T06:15:01.048+0000][7][gc           ] GC(113) Pause Young (Normal) (G1 Evacuation Pause) 380M->77M(512M) 14.691ms
[2021-04-26T06:15:01.048+0000][7][gc,cpu       ] GC(113) User=0.00s Sys=0.01s Real=0.02s
[2021-04-26T06:15:01.048+0000][7][safepoint    ] Safepoint "G1CollectForAllocation", Time since last: 605821043000 ns, Reaching safepoint: 134900 ns, At safepoint: 15486900 ns, Total: 15621800 ns
[2021-04-26T06:25:06.965+0000][7][gc,start     ] GC(114) Pause Young (Normal) (G1 Evacuation Pause)
[2021-04-26T06:25:06.968+0000][7][gc,task      ] GC(114) Using 2 workers of 2 for evacuation
[2021-04-26T06:25:06.970+0000][7][gc,age       ] GC(114) Desired survivor size 19922944 bytes, new threshold 15 (max threshold 15)
[2021-04-26T06:25:06.986+0000][7][gc,age       ] GC(114) Age table with threshold 15 (max threshold 15)
[2021-04-26T06:25:06.988+0000][7][gc,age       ] GC(114) - age   1:      47128 bytes,      47128 total
[2021-04-26T06:25:06.991+0000][7][gc,age       ] GC(114) - age   2:         72 bytes,      47200 total
[2021-04-26T06:25:06.993+0000][7][gc,age       ] GC(114) - age   3:         40 bytes,      47240 total
[2021-04-26T06:25:06.994+0000][7][gc,age       ] GC(114) - age   4:        184 bytes,      47424 total
[2021-04-26T06:25:06.995+0000][7][gc,age       ] GC(114) - age   5:         40 bytes,      47464 total
[2021-04-26T06:25:06.997+0000][7][gc,age       ] GC(114) - age   6:       3392 bytes,      50856 total
[2021-04-26T06:25:06.998+0000][7][gc,age       ] GC(114) - age  10:        112 bytes,      50968 total
[2021-04-26T06:25:06.999+0000][7][gc,age       ] GC(114) - age  11:        400 bytes,      51368 total
[2021-04-26T06:25:07.000+0000][7][gc,age       ] GC(114) - age  15:        144 bytes,      51512 total
[2021-04-26T06:25:07.000+0000][7][gc,phases    ] GC(114)   Pre Evacuate Collection Set: 1.4ms
[2021-04-26T06:25:07.001+0000][7][gc,phases    ] GC(114)   Merge Heap Roots: 0.6ms
[2021-04-26T06:25:07.001+0000][7][gc,phases    ] GC(114)   Evacuate Collection Set: 6.6ms
[2021-04-26T06:25:07.002+0000][7][gc,phases    ] GC(114)   Post Evacuate Collection Set: 5.5ms
[2021-04-26T06:25:07.002+0000][7][gc,phases    ] GC(114)   Other: 21.3ms
[2021-04-26T06:25:07.003+0000][7][gc,heap      ] GC(114) Eden regions: 303->0(303)
[2021-04-26T06:25:07.003+0000][7][gc,heap      ] GC(114) Survivor regions: 1->1(38)
[2021-04-26T06:25:07.004+0000][7][gc,heap      ] GC(114) Old regions: 70->70
[2021-04-26T06:25:07.004+0000][7][gc,heap      ] GC(114) Archive regions: 2->2
[2021-04-26T06:25:07.005+0000][7][gc,heap      ] GC(114) Humongous regions: 7->7
[2021-04-26T06:25:07.005+0000][7][gc,metaspace ] GC(114) Metaspace: 90521K(97764K)->90521K(97764K) NonClass: 78419K(82584K)->78419K(82584K) Class: 12102K(15180K)->12102K(15180K)
[2021-04-26T06:25:07.005+0000][7][gc           ] GC(114) Pause Young (Normal) (G1 Evacuation Pause) 380M->77M(512M) 40.338ms
[2021-04-26T06:25:07.006+0000][7][gc,cpu       ] GC(114) User=0.01s Sys=0.01s Real=0.04s
[2021-04-26T06:25:07.006+0000][7][safepoint    ] Safepoint "G1CollectForAllocation", Time since last: 605916204100 ns, Reaching safepoint: 758000 ns, At safepoint: 41270200 ns, Total: 42028200 ns
[2021-04-26T06:25:53.025+0000][7][safepoint    ] Safepoint "Cleanup", Time since last: 46017716500 ns, Reaching safepoint: 692500 ns, At safepoint: 24300 ns, Total: 716800 ns
[2021-04-26T06:30:51.141+0000][7][safepoint    ] Safepoint "Cleanup", Time since last: 298115841900 ns, Reaching safepoint: 526000 ns, At safepoint: 15300 ns, Total: 541300 ns
[2021-04-26T06:35:16.697+0000][7][gc,start     ] GC(115) Pause Young (Normal) (G1 Evacuation Pause)
[2021-04-26T06:35:16.699+0000][7][gc,task      ] GC(115) Using 2 workers of 2 for evacuation
[2021-04-26T06:35:16.702+0000][7][gc,age       ] GC(115) Desired survivor size 19922944 bytes, new threshold 15 (max threshold 15)
[2021-04-26T06:35:16.710+0000][7][gc,age       ] GC(115) Age table with threshold 15 (max threshold 15)
[2021-04-26T06:35:16.710+0000][7][gc,age       ] GC(115) - age   1:      30664 bytes,      30664 total
[2021-04-26T06:35:16.712+0000][7][gc,age       ] GC(115) - age   2:      16464 bytes,      47128 total
[2021-04-26T06:35:16.713+0000][7][gc,age       ] GC(115) - age   3:         40 bytes,      47168 total
[2021-04-26T06:35:16.714+0000][7][gc,age       ] GC(115) - age   4:         40 bytes,      47208 total
[2021-04-26T06:35:16.714+0000][7][gc,age       ] GC(115) - age   5:        184 bytes,      47392 total
[2021-04-26T06:35:16.715+0000][7][gc,age       ] GC(115) - age   7:       3392 bytes,      50784 total
[2021-04-26T06:35:16.716+0000][7][gc,age       ] GC(115) - age  11:        112 bytes,      50896 total
[2021-04-26T06:35:16.717+0000][7][gc,age       ] GC(115) - age  12:        400 bytes,      51296 total
[2021-04-26T06:35:16.718+0000][7][gc,phases    ] GC(115)   Pre Evacuate Collection Set: 0.4ms
[2021-04-26T06:35:16.719+0000][7][gc,phases    ] GC(115)   Merge Heap Roots: 0.4ms
[2021-04-26T06:35:16.719+0000][7][gc,phases    ] GC(115)   Evacuate Collection Set: 2.3ms
[2021-04-26T06:35:16.720+0000][7][gc,phases    ] GC(115)   Post Evacuate Collection Set: 1.7ms
[2021-04-26T06:35:16.721+0000][7][gc,phases    ] GC(115)   Other: 16.3ms
[2021-04-26T06:35:16.721+0000][7][gc,heap      ] GC(115) Eden regions: 303->0(303)
[2021-04-26T06:35:16.722+0000][7][gc,heap      ] GC(115) Survivor regions: 1->1(38)
[2021-04-26T06:35:16.722+0000][7][gc,heap      ] GC(115) Old regions: 70->70
[2021-04-26T06:35:16.723+0000][7][gc,heap      ] GC(115) Archive regions: 2->2
[2021-04-26T06:35:16.723+0000][7][gc,heap      ] GC(115) Humongous regions: 7->7
[2021-04-26T06:35:16.724+0000][7][gc,metaspace ] GC(115) Metaspace: 90524K(97764K)->90524K(97764K) NonClass: 78422K(82584K)->78422K(82584K) Class: 12102K(15180K)->12102K(15180K)
[2021-04-26T06:35:16.724+0000][7][gc           ] GC(115) Pause Young (Normal) (G1 Evacuation Pause) 380M->77M(512M) 27.731ms
[2021-04-26T06:35:16.725+0000][7][gc,cpu       ] GC(115) User=0.01s Sys=0.00s Real=0.03s
[2021-04-26T06:35:16.725+0000][7][safepoint    ] Safepoint "G1CollectForAllocation", Time since last: 265555194600 ns, Reaching safepoint: 639000 ns, At safepoint: 28763300 ns, Total: 29402300 ns
[2021-04-26T06:35:53.739+0000][7][safepoint    ] Safepoint "Cleanup", Time since last: 37012575600 ns, Reaching safepoint: 579000 ns, At safepoint: 12500 ns, Total: 591500 ns
[2021-04-26T06:45:23.530+0000][7][gc,start     ] GC(116) Pause Young (Normal) (G1 Evacuation Pause)
[2021-04-26T06:45:23.533+0000][7][gc,task      ] GC(116) Using 2 workers of 2 for evacuation
[2021-04-26T06:45:23.536+0000][7][gc,age       ] GC(116) Desired survivor size 19922944 bytes, new threshold 15 (max threshold 15)
[2021-04-26T06:45:23.551+0000][7][gc,age       ] GC(116) Age table with threshold 15 (max threshold 15)
[2021-04-26T06:45:23.554+0000][7][gc,age       ] GC(116) - age   1:      48400 bytes,      48400 total
[2021-04-26T06:45:23.555+0000][7][gc,age       ] GC(116) - age   2:        176 bytes,      48576 total
[2021-04-26T06:45:23.557+0000][7][gc,age       ] GC(116) - age   3:         40 bytes,      48616 total
[2021-04-26T06:45:23.558+0000][7][gc,age       ] GC(116) - age   4:         40 bytes,      48656 total
[2021-04-26T06:45:23.559+0000][7][gc,age       ] GC(116) - age   6:        184 bytes,      48840 total
[2021-04-26T06:45:23.560+0000][7][gc,age       ] GC(116) - age   8:       3392 bytes,      52232 total
[2021-04-26T06:45:23.561+0000][7][gc,age       ] GC(116) - age  12:        112 bytes,      52344 total
[2021-04-26T06:45:23.562+0000][7][gc,age       ] GC(116) - age  13:        400 bytes,      52744 total
[2021-04-26T06:45:23.562+0000][7][gc,phases    ] GC(116)   Pre Evacuate Collection Set: 1.1ms
[2021-04-26T06:45:23.563+0000][7][gc,phases    ] GC(116)   Merge Heap Roots: 0.5ms
[2021-04-26T06:45:23.564+0000][7][gc,phases    ] GC(116)   Evacuate Collection Set: 7.0ms
[2021-04-26T06:45:23.565+0000][7][gc,phases    ] GC(116)   Post Evacuate Collection Set: 3.9ms
[2021-04-26T06:45:23.566+0000][7][gc,phases    ] GC(116)   Other: 19.8ms
[2021-04-26T06:45:23.567+0000][7][gc,heap      ] GC(116) Eden regions: 303->0(303)
[2021-04-26T06:45:23.567+0000][7][gc,heap      ] GC(116) Survivor regions: 1->1(38)
[2021-04-26T06:45:23.568+0000][7][gc,heap      ] GC(116) Old regions: 70->70
[2021-04-26T06:45:23.568+0000][7][gc,heap      ] GC(116) Archive regions: 2->2
[2021-04-26T06:45:23.568+0000][7][gc,heap      ] GC(116) Humongous regions: 7->7
[2021-04-26T06:45:23.569+0000][7][gc,metaspace ] GC(116) Metaspace: 90527K(97764K)->90527K(97764K) NonClass: 78425K(82584K)->78425K(82584K) Class: 12102K(15180K)->12102K(15180K)
[2021-04-26T06:45:23.569+0000][7][gc           ] GC(116) Pause Young (Normal) (G1 Evacuation Pause) 380M->77M(512M) 39.028ms
[2021-04-26T06:45:23.570+0000][7][gc,cpu       ] GC(116) User=0.02s Sys=0.00s Real=0.04s
[2021-04-26T06:45:23.570+0000][7][safepoint    ] Safepoint "G1CollectForAllocation", Time since last: 569790497700 ns, Reaching safepoint: 525900 ns, At safepoint: 39930700 ns, Total: 40456600 ns
[2021-04-26T06:55:29.423+0000][7][gc,start     ] GC(117) Pause Young (Normal) (G1 Evacuation Pause)
[2021-04-26T06:55:29.424+0000][7][gc,task      ] GC(117) Using 2 workers of 2 for evacuation
[2021-04-26T06:55:29.425+0000][7][gc,age       ] GC(117) Desired survivor size 19922944 bytes, new threshold 15 (max threshold 15)
[2021-04-26T06:55:29.431+0000][7][gc,age       ] GC(117) Age table with threshold 15 (max threshold 15)
[2021-04-26T06:55:29.432+0000][7][gc,age       ] GC(117) - age   1:      32184 bytes,      32184 total
[2021-04-26T06:55:29.433+0000][7][gc,age       ] GC(117) - age   2:      16264 bytes,      48448 total
[2021-04-26T06:55:29.434+0000][7][gc,age       ] GC(117) - age   3:        176 bytes,      48624 total
[2021-04-26T06:55:29.435+0000][7][gc,age       ] GC(117) - age   4:         40 bytes,      48664 total
[2021-04-26T06:55:29.436+0000][7][gc,age       ] GC(117) - age   7:        184 bytes,      48848 total
[2021-04-26T06:55:29.437+0000][7][gc,age       ] GC(117) - age   9:       3392 bytes,      52240 total
[2021-04-26T06:55:29.438+0000][7][gc,age       ] GC(117) - age  13:        112 bytes,      52352 total
[2021-04-26T06:55:29.438+0000][7][gc,age       ] GC(117) - age  14:        400 bytes,      52752 total
[2021-04-26T06:55:29.439+0000][7][gc,phases    ] GC(117)   Pre Evacuate Collection Set: 0.4ms
[2021-04-26T06:55:29.439+0000][7][gc,phases    ] GC(117)   Merge Heap Roots: 0.1ms
[2021-04-26T06:55:29.440+0000][7][gc,phases    ] GC(117)   Evacuate Collection Set: 1.5ms
[2021-04-26T06:55:29.440+0000][7][gc,phases    ] GC(117)   Post Evacuate Collection Set: 3.3ms
[2021-04-26T06:55:29.441+0000][7][gc,phases    ] GC(117)   Other: 10.7ms
[2021-04-26T06:55:29.441+0000][7][gc,heap      ] GC(117) Eden regions: 303->0(303)
[2021-04-26T06:55:29.441+0000][7][gc,heap      ] GC(117) Survivor regions: 1->1(38)
[2021-04-26T06:55:29.442+0000][7][gc,heap      ] GC(117) Old regions: 70->70
[2021-04-26T06:55:29.442+0000][7][gc,heap      ] GC(117) Archive regions: 2->2
[2021-04-26T06:55:29.442+0000][7][gc,heap      ] GC(117) Humongous regions: 7->7
[2021-04-26T06:55:29.443+0000][7][gc,metaspace ] GC(117) Metaspace: 90530K(97764K)->90530K(97764K) NonClass: 78428K(82584K)->78428K(82584K) Class: 12102K(15180K)->12102K(15180K)
[2021-04-26T06:55:29.443+0000][7][gc           ] GC(117) Pause Young (Normal) (G1 Evacuation Pause) 380M->77M(512M) 20.397ms
[2021-04-26T06:55:29.444+0000][7][gc,cpu       ] GC(117) User=0.00s Sys=0.00s Real=0.02s
[2021-04-26T06:55:29.444+0000][7][safepoint    ] Safepoint "G1CollectForAllocation", Time since last: 605852838300 ns, Reaching safepoint: 207300 ns, At safepoint: 21164900 ns, Total: 21372200 ns
[2021-04-26T06:55:53.453+0000][7][safepoint    ] Safepoint "Cleanup", Time since last: 24008556900 ns, Reaching safepoint: 632900 ns, At safepoint: 21700 ns, Total: 654600 ns
[2021-04-26T07:05:35.301+0000][7][gc,start     ] GC(118) Pause Young (Normal) (G1 Evacuation Pause)
[2021-04-26T07:05:35.302+0000][7][gc,task      ] GC(118) Using 2 workers of 2 for evacuation
[2021-04-26T07:05:35.302+0000][7][gc,age       ] GC(118) Desired survivor size 19922944 bytes, new threshold 15 (max threshold 15)
[2021-04-26T07:05:35.306+0000][7][gc,age       ] GC(118) Age table with threshold 15 (max threshold 15)
[2021-04-26T07:05:35.307+0000][7][gc,age       ] GC(118) - age   1:      47176 bytes,      47176 total
[2021-04-26T07:05:35.307+0000][7][gc,age       ] GC(118) - age   2:        240 bytes,      47416 total
[2021-04-26T07:05:35.308+0000][7][gc,age       ] GC(118) - age   3:         40 bytes,      47456 total
[2021-04-26T07:05:35.308+0000][7][gc,age       ] GC(118) - age   4:        176 bytes,      47632 total
[2021-04-26T07:05:35.309+0000][7][gc,age       ] GC(118) - age   8:        184 bytes,      47816 total
[2021-04-26T07:05:35.309+0000][7][gc,age       ] GC(118) - age  10:       3392 bytes,      51208 total
[2021-04-26T07:05:35.309+0000][7][gc,age       ] GC(118) - age  14:        112 bytes,      51320 total
[2021-04-26T07:05:35.310+0000][7][gc,age       ] GC(118) - age  15:        400 bytes,      51720 total
[2021-04-26T07:05:35.310+0000][7][gc,phases    ] GC(118)   Pre Evacuate Collection Set: 0.2ms
[2021-04-26T07:05:35.310+0000][7][gc,phases    ] GC(118)   Merge Heap Roots: 0.1ms
[2021-04-26T07:05:35.311+0000][7][gc,phases    ] GC(118)   Evacuate Collection Set: 1.5ms
[2021-04-26T07:05:35.311+0000][7][gc,phases    ] GC(118)   Post Evacuate Collection Set: 1.6ms
[2021-04-26T07:05:35.311+0000][7][gc,phases    ] GC(118)   Other: 5.6ms
[2021-04-26T07:05:35.312+0000][7][gc,heap      ] GC(118) Eden regions: 303->0(303)
[2021-04-26T07:05:35.312+0000][7][gc,heap      ] GC(118) Survivor regions: 1->1(38)
[2021-04-26T07:05:35.312+0000][7][gc,heap      ] GC(118) Old regions: 70->70
[2021-04-26T07:05:35.313+0000][7][gc,heap      ] GC(118) Archive regions: 2->2
[2021-04-26T07:05:35.313+0000][7][gc,heap      ] GC(118) Humongous regions: 7->7
[2021-04-26T07:05:35.313+0000][7][gc,metaspace ] GC(118) Metaspace: 90531K(97764K)->90531K(97764K) NonClass: 78429K(82584K)->78429K(82584K) Class: 12102K(15180K)->12102K(15180K)
[2021-04-26T07:05:35.314+0000][7][gc           ] GC(118) Pause Young (Normal) (G1 Evacuation Pause) 380M->77M(512M) 12.868ms
[2021-04-26T07:05:35.314+0000][7][gc,cpu       ] GC(118) User=0.00s Sys=0.00s Real=0.01s
[2021-04-26T07:05:35.315+0000][7][safepoint    ] Safepoint "G1CollectForAllocation", Time since last: 581847451900 ns, Reaching safepoint: 120200 ns, At safepoint: 13702700 ns, Total: 13822900 ns
[2021-04-26T07:15:41.147+0000][7][gc,start     ] GC(119) Pause Young (Normal) (G1 Evacuation Pause)
[2021-04-26T07:15:41.150+0000][7][gc,task      ] GC(119) Using 2 workers of 2 for evacuation
[2021-04-26T07:15:41.152+0000][7][gc,age       ] GC(119) Desired survivor size 19922944 bytes, new threshold 15 (max threshold 15)
[2021-04-26T07:15:41.168+0000][7][gc,age       ] GC(119) Age table with threshold 15 (max threshold 15)
[2021-04-26T07:15:41.170+0000][7][gc,age       ] GC(119) - age   1:      32256 bytes,      32256 total
[2021-04-26T07:15:41.171+0000][7][gc,age       ] GC(119) - age   2:      16232 bytes,      48488 total
[2021-04-26T07:15:41.172+0000][7][gc,age       ] GC(119) - age   4:         40 bytes,      48528 total
[2021-04-26T07:15:41.173+0000][7][gc,age       ] GC(119) - age   5:        176 bytes,      48704 total
[2021-04-26T07:15:41.174+0000][7][gc,age       ] GC(119) - age   9:        184 bytes,      48888 total
[2021-04-26T07:15:41.175+0000][7][gc,age       ] GC(119) - age  11:       3392 bytes,      52280 total
[2021-04-26T07:15:41.176+0000][7][gc,age       ] GC(119) - age  15:        112 bytes,      52392 total
[2021-04-26T07:15:41.177+0000][7][gc,phases    ] GC(119)   Pre Evacuate Collection Set: 0.6ms
[2021-04-26T07:15:41.177+0000][7][gc,phases    ] GC(119)   Merge Heap Roots: 0.8ms
[2021-04-26T07:15:41.178+0000][7][gc,phases    ] GC(119)   Evacuate Collection Set: 7.6ms
[2021-04-26T07:15:41.179+0000][7][gc,phases    ] GC(119)   Post Evacuate Collection Set: 4.4ms
[2021-04-26T07:15:41.180+0000][7][gc,phases    ] GC(119)   Other: 16.4ms
[2021-04-26T07:15:41.180+0000][7][gc,heap      ] GC(119) Eden regions: 303->0(303)
[2021-04-26T07:15:41.181+0000][7][gc,heap      ] GC(119) Survivor regions: 1->1(38)
[2021-04-26T07:15:41.181+0000][7][gc,heap      ] GC(119) Old regions: 70->70
[2021-04-26T07:15:41.182+0000][7][gc,heap      ] GC(119) Archive regions: 2->2
[2021-04-26T07:15:41.182+0000][7][gc,heap      ] GC(119) Humongous regions: 7->7
[2021-04-26T07:15:41.183+0000][7][gc,metaspace ] GC(119) Metaspace: 90531K(97764K)->90531K(97764K) NonClass: 78429K(82584K)->78429K(82584K) Class: 12102K(15180K)->12102K(15180K)
[2021-04-26T07:15:41.184+0000][7][gc           ] GC(119) Pause Young (Normal) (G1 Evacuation Pause) 380M->77M(512M) 36.603ms
[2021-04-26T07:15:41.184+0000][7][gc,cpu       ] GC(119) User=0.01s Sys=0.01s Real=0.03s
[2021-04-26T07:15:41.185+0000][7][safepoint    ] Safepoint "G1CollectForAllocation", Time since last: 605831530100 ns, Reaching safepoint: 479600 ns, At safepoint: 37880500 ns, Total: 38360100 ns
[2021-04-26T07:25:47.063+0000][7][gc,start     ] GC(120) Pause Young (Normal) (G1 Evacuation Pause)
[2021-04-26T07:25:47.066+0000][7][gc,task      ] GC(120) Using 2 workers of 2 for evacuation
[2021-04-26T07:25:47.069+0000][7][gc,age       ] GC(120) Desired survivor size 19922944 bytes, new threshold 15 (max threshold 15)
[2021-04-26T07:25:47.078+0000][7][gc,age       ] GC(120) Age table with threshold 15 (max threshold 15)
[2021-04-26T07:25:47.079+0000][7][gc,age       ] GC(120) - age   1:      32144 bytes,      32144 total
[2021-04-26T07:25:47.080+0000][7][gc,age       ] GC(120) - age   2:         40 bytes,      32184 total
[2021-04-26T07:25:47.081+0000][7][gc,age       ] GC(120) - age   3:      16232 bytes,      48416 total
[2021-04-26T07:25:47.081+0000][7][gc,age       ] GC(120) - age   6:        176 bytes,      48592 total
[2021-04-26T07:25:47.082+0000][7][gc,age       ] GC(120) - age  10:        184 bytes,      48776 total
[2021-04-26T07:25:47.083+0000][7][gc,age       ] GC(120) - age  12:       3392 bytes,      52168 total
[2021-04-26T07:25:47.084+0000][7][gc,phases    ] GC(120)   Pre Evacuate Collection Set: 0.3ms
[2021-04-26T07:25:47.084+0000][7][gc,phases    ] GC(120)   Merge Heap Roots: 0.4ms
[2021-04-26T07:25:47.085+0000][7][gc,phases    ] GC(120)   Evacuate Collection Set: 2.8ms
[2021-04-26T07:25:47.086+0000][7][gc,phases    ] GC(120)   Post Evacuate Collection Set: 3.1ms
[2021-04-26T07:25:47.086+0000][7][gc,phases    ] GC(120)   Other: 14.3ms
[2021-04-26T07:25:47.087+0000][7][gc,heap      ] GC(120) Eden regions: 303->0(303)
[2021-04-26T07:25:47.087+0000][7][gc,heap      ] GC(120) Survivor regions: 1->1(38)
[2021-04-26T07:25:47.087+0000][7][gc,heap      ] GC(120) Old regions: 70->70
[2021-04-26T07:25:47.088+0000][7][gc,heap      ] GC(120) Archive regions: 2->2
[2021-04-26T07:25:47.088+0000][7][gc,heap      ] GC(120) Humongous regions: 7->7
[2021-04-26T07:25:47.089+0000][7][gc,metaspace ] GC(120) Metaspace: 90531K(97764K)->90531K(97764K) NonClass: 78429K(82584K)->78429K(82584K) Class: 12102K(15180K)->12102K(15180K)
[2021-04-26T07:25:47.089+0000][7][gc           ] GC(120) Pause Young (Normal) (G1 Evacuation Pause) 380M->77M(512M) 25.997ms
[2021-04-26T07:25:47.089+0000][7][gc,cpu       ] GC(120) User=0.01s Sys=0.00s Real=0.03s
[2021-04-26T07:25:47.090+0000][7][safepoint    ] Safepoint "G1CollectForAllocation", Time since last: 605878119500 ns, Reaching safepoint: 506300 ns, At safepoint: 26939200 ns, Total: 27445500 ns
[2021-04-26T07:35:53.198+0000][7][gc,start     ] GC(121) Pause Young (Normal) (G1 Evacuation Pause)
[2021-04-26T07:35:53.200+0000][7][gc,task      ] GC(121) Using 2 workers of 2 for evacuation
[2021-04-26T07:35:53.202+0000][7][gc,age       ] GC(121) Desired survivor size 19922944 bytes, new threshold 15 (max threshold 15)
[2021-04-26T07:35:53.209+0000][7][gc,age       ] GC(121) Age table with threshold 15 (max threshold 15)
[2021-04-26T07:35:53.210+0000][7][gc,age       ] GC(121) - age   1:      52456 bytes,      52456 total
[2021-04-26T07:35:53.211+0000][7][gc,age       ] GC(121) - age   2:      16512 bytes,      68968 total
[2021-04-26T07:35:53.212+0000][7][gc,age       ] GC(121) - age   3:         40 bytes,      69008 total
[2021-04-26T07:35:53.213+0000][7][gc,age       ] GC(121) - age   4:      16192 bytes,      85200 total
[2021-04-26T07:35:53.213+0000][7][gc,age       ] GC(121) - age   7:        136 bytes,      85336 total
[2021-04-26T07:35:53.214+0000][7][gc,age       ] GC(121) - age  11:        184 bytes,      85520 total
[2021-04-26T07:35:53.215+0000][7][gc,age       ] GC(121) - age  13:       3392 bytes,      88912 total
[2021-04-26T07:35:53.216+0000][7][gc,phases    ] GC(121)   Pre Evacuate Collection Set: 0.2ms
[2021-04-26T07:35:53.216+0000][7][gc,phases    ] GC(121)   Merge Heap Roots: 0.3ms
[2021-04-26T07:35:53.217+0000][7][gc,phases    ] GC(121)   Evacuate Collection Set: 2.6ms
[2021-04-26T07:35:53.218+0000][7][gc,phases    ] GC(121)   Post Evacuate Collection Set: 2.4ms
[2021-04-26T07:35:53.218+0000][7][gc,phases    ] GC(121)   Other: 12.5ms
[2021-04-26T07:35:53.218+0000][7][gc,heap      ] GC(121) Eden regions: 303->0(303)
[2021-04-26T07:35:53.219+0000][7][gc,heap      ] GC(121) Survivor regions: 1->1(38)
[2021-04-26T07:35:53.220+0000][7][gc,heap      ] GC(121) Old regions: 70->70
[2021-04-26T07:35:53.220+0000][7][gc,heap      ] GC(121) Archive regions: 2->2
[2021-04-26T07:35:53.220+0000][7][gc,heap      ] GC(121) Humongous regions: 7->7
[2021-04-26T07:35:53.221+0000][7][gc,metaspace ] GC(121) Metaspace: 90531K(97764K)->90531K(97764K) NonClass: 78429K(82584K)->78429K(82584K) Class: 12102K(15180K)->12102K(15180K)
[2021-04-26T07:35:53.221+0000][7][gc           ] GC(121) Pause Young (Normal) (G1 Evacuation Pause) 380M->77M(512M) 23.763ms
[2021-04-26T07:35:53.222+0000][7][gc,cpu       ] GC(121) User=0.01s Sys=0.00s Real=0.02s
[2021-04-26T07:35:53.222+0000][7][safepoint    ] Safepoint "G1CollectForAllocation", Time since last: 606106984400 ns, Reaching safepoint: 463100 ns, At safepoint: 24779000 ns, Total: 25242100 ns
[2021-04-26T07:45:58.763+0000][7][gc,start     ] GC(122) Pause Young (Normal) (G1 Evacuation Pause)
[2021-04-26T07:45:58.765+0000][7][gc,task      ] GC(122) Using 2 workers of 2 for evacuation
[2021-04-26T07:45:58.768+0000][7][gc,age       ] GC(122) Desired survivor size 19922944 bytes, new threshold 15 (max threshold 15)
[2021-04-26T07:45:58.783+0000][7][gc,age       ] GC(122) Age table with threshold 15 (max threshold 15)
[2021-04-26T07:45:58.784+0000][7][gc,age       ] GC(122) - age   1:      14760 bytes,      14760 total
[2021-04-26T07:45:58.786+0000][7][gc,age       ] GC(122) - age   2:      16232 bytes,      30992 total
[2021-04-26T07:45:58.787+0000][7][gc,age       ] GC(122) - age   3:      16192 bytes,      47184 total
[2021-04-26T07:45:58.788+0000][7][gc,age       ] GC(122) - age   4:         40 bytes,      47224 total
[2021-04-26T07:45:58.789+0000][7][gc,age       ] GC(122) - age   5:         40 bytes,      47264 total
[2021-04-26T07:45:58.790+0000][7][gc,age       ] GC(122) - age   8:        136 bytes,      47400 total
[2021-04-26T07:45:58.790+0000][7][gc,age       ] GC(122) - age  12:        184 bytes,      47584 total
[2021-04-26T07:45:58.791+0000][7][gc,age       ] GC(122) - age  14:       3392 bytes,      50976 total
[2021-04-26T07:45:58.792+0000][7][gc,phases    ] GC(122)   Pre Evacuate Collection Set: 0.8ms
[2021-04-26T07:45:58.792+0000][7][gc,phases    ] GC(122)   Merge Heap Roots: 0.7ms
[2021-04-26T07:45:58.793+0000][7][gc,phases    ] GC(122)   Evacuate Collection Set: 7.3ms
[2021-04-26T07:45:58.793+0000][7][gc,phases    ] GC(122)   Post Evacuate Collection Set: 3.4ms
[2021-04-26T07:45:58.794+0000][7][gc,phases    ] GC(122)   Other: 16.9ms
[2021-04-26T07:45:58.794+0000][7][gc,heap      ] GC(122) Eden regions: 303->0(303)
[2021-04-26T07:45:58.795+0000][7][gc,heap      ] GC(122) Survivor regions: 1->1(38)
[2021-04-26T07:45:58.795+0000][7][gc,heap      ] GC(122) Old regions: 70->70
[2021-04-26T07:45:58.795+0000][7][gc,heap      ] GC(122) Archive regions: 2->2
[2021-04-26T07:45:58.796+0000][7][gc,heap      ] GC(122) Humongous regions: 7->7
[2021-04-26T07:45:58.796+0000][7][gc,metaspace ] GC(122) Metaspace: 90531K(97764K)->90531K(97764K) NonClass: 78429K(82584K)->78429K(82584K) Class: 12102K(15180K)->12102K(15180K)
[2021-04-26T07:45:58.796+0000][7][gc           ] GC(122) Pause Young (Normal) (G1 Evacuation Pause) 380M->77M(512M) 33.925ms
[2021-04-26T07:45:58.797+0000][7][gc,cpu       ] GC(122) User=0.02s Sys=0.01s Real=0.04s
[2021-04-26T07:45:58.797+0000][7][safepoint    ] Safepoint "G1CollectForAllocation", Time since last: 605540187800 ns, Reaching safepoint: 461900 ns, At safepoint: 34912100 ns, Total: 35374000 ns
[2021-04-26T07:56:06.513+0000][7][gc,start     ] GC(123) Pause Young (Normal) (G1 Evacuation Pause)
[2021-04-26T07:56:06.516+0000][7][gc,task      ] GC(123) Using 2 workers of 2 for evacuation
[2021-04-26T07:56:06.519+0000][7][gc,age       ] GC(123) Desired survivor size 19922944 bytes, new threshold 15 (max threshold 15)
[2021-04-26T07:56:06.533+0000][7][gc,age       ] GC(123) Age table with threshold 15 (max threshold 15)
[2021-04-26T07:56:06.535+0000][7][gc,age       ] GC(123) - age   1:      47144 bytes,      47144 total
[2021-04-26T07:56:06.537+0000][7][gc,age       ] GC(123) - age   3:         40 bytes,      47184 total
[2021-04-26T07:56:06.538+0000][7][gc,age       ] GC(123) - age   4:         40 bytes,      47224 total
[2021-04-26T07:56:06.540+0000][7][gc,age       ] GC(123) - age   5:         40 bytes,      47264 total
[2021-04-26T07:56:06.541+0000][7][gc,age       ] GC(123) - age   9:        136 bytes,      47400 total
[2021-04-26T07:56:06.543+0000][7][gc,age       ] GC(123) - age  13:        184 bytes,      47584 total
[2021-04-26T07:56:06.544+0000][7][gc,age       ] GC(123) - age  15:       3392 bytes,      50976 total
[2021-04-26T07:56:06.545+0000][7][gc,phases    ] GC(123)   Pre Evacuate Collection Set: 0.4ms
[2021-04-26T07:56:06.546+0000][7][gc,phases    ] GC(123)   Merge Heap Roots: 0.4ms
[2021-04-26T07:56:06.547+0000][7][gc,phases    ] GC(123)   Evacuate Collection Set: 3.5ms
[2021-04-26T07:56:06.548+0000][7][gc,phases    ] GC(123)   Post Evacuate Collection Set: 6.1ms
[2021-04-26T07:56:06.548+0000][7][gc,phases    ] GC(123)   Other: 21.7ms
[2021-04-26T07:56:06.549+0000][7][gc,heap      ] GC(123) Eden regions: 303->0(303)
[2021-04-26T07:56:06.549+0000][7][gc,heap      ] GC(123) Survivor regions: 1->1(38)
[2021-04-26T07:56:06.550+0000][7][gc,heap      ] GC(123) Old regions: 70->70
[2021-04-26T07:56:06.550+0000][7][gc,heap      ] GC(123) Archive regions: 2->2
[2021-04-26T07:56:06.551+0000][7][gc,heap      ] GC(123) Humongous regions: 7->7
[2021-04-26T07:56:06.551+0000][7][gc,metaspace ] GC(123) Metaspace: 90531K(97764K)->90531K(97764K) NonClass: 78429K(82584K)->78429K(82584K) Class: 12102K(15180K)->12102K(15180K)
[2021-04-26T07:56:06.552+0000][7][gc           ] GC(123) Pause Young (Normal) (G1 Evacuation Pause) 380M->77M(512M) 38.387ms
[2021-04-26T07:56:06.552+0000][7][gc,cpu       ] GC(123) User=0.01s Sys=0.00s Real=0.04s
[2021-04-26T07:56:06.552+0000][7][safepoint    ] Safepoint "G1CollectForAllocation", Time since last: 607714475400 ns, Reaching safepoint: 569600 ns, At safepoint: 39240900 ns, Total: 39810500 ns
[2021-04-26T08:06:12.360+0000][7][gc,start     ] GC(124) Pause Young (Normal) (G1 Evacuation Pause)
[2021-04-26T08:06:12.361+0000][7][gc,task      ] GC(124) Using 2 workers of 2 for evacuation
[2021-04-26T08:06:12.362+0000][7][gc,age       ] GC(124) Desired survivor size 19922944 bytes, new threshold 15 (max threshold 15)
[2021-04-26T08:06:12.366+0000][7][gc,age       ] GC(124) Age table with threshold 15 (max threshold 15)
[2021-04-26T08:06:12.367+0000][7][gc,age       ] GC(124) - age   1:      31304 bytes,      31304 total
[2021-04-26T08:06:12.367+0000][7][gc,age       ] GC(124) - age   2:      16264 bytes,      47568 total
[2021-04-26T08:06:12.368+0000][7][gc,age       ] GC(124) - age   4:         40 bytes,      47608 total
[2021-04-26T08:06:12.368+0000][7][gc,age       ] GC(124) - age   5:         40 bytes,      47648 total
[2021-04-26T08:06:12.369+0000][7][gc,age       ] GC(124) - age  10:        136 bytes,      47784 total
[2021-04-26T08:06:12.369+0000][7][gc,age       ] GC(124) - age  14:        184 bytes,      47968 total
[2021-04-26T08:06:12.370+0000][7][gc,phases    ] GC(124)   Pre Evacuate Collection Set: 0.1ms
[2021-04-26T08:06:12.370+0000][7][gc,phases    ] GC(124)   Merge Heap Roots: 0.1ms
[2021-04-26T08:06:12.371+0000][7][gc,phases    ] GC(124)   Evacuate Collection Set: 1.8ms
[2021-04-26T08:06:12.371+0000][7][gc,phases    ] GC(124)   Post Evacuate Collection Set: 1.5ms
[2021-04-26T08:06:12.372+0000][7][gc,phases    ] GC(124)   Other: 5.9ms
[2021-04-26T08:06:12.372+0000][7][gc,heap      ] GC(124) Eden regions: 303->0(303)
[2021-04-26T08:06:12.372+0000][7][gc,heap      ] GC(124) Survivor regions: 1->1(38)
[2021-04-26T08:06:12.373+0000][7][gc,heap      ] GC(124) Old regions: 70->70
[2021-04-26T08:06:12.373+0000][7][gc,heap      ] GC(124) Archive regions: 2->2
[2021-04-26T08:06:12.374+0000][7][gc,heap      ] GC(124) Humongous regions: 7->7
[2021-04-26T08:06:12.374+0000][7][gc,metaspace ] GC(124) Metaspace: 90537K(97764K)->90537K(97764K) NonClass: 78435K(82584K)->78435K(82584K) Class: 12102K(15180K)->12102K(15180K)
[2021-04-26T08:06:12.374+0000][7][gc           ] GC(124) Pause Young (Normal) (G1 Evacuation Pause) 380M->77M(512M) 13.929ms
[2021-04-26T08:06:12.375+0000][7][gc,cpu       ] GC(124) User=0.01s Sys=0.00s Real=0.02s
[2021-04-26T08:06:12.375+0000][7][safepoint    ] Safepoint "G1CollectForAllocation", Time since last: 605808184400 ns, Reaching safepoint: 164300 ns, At safepoint: 14688100 ns, Total: 14852400 ns
[2021-04-26T08:13:54.539+0000][7][safepoint    ] Safepoint "Cleanup", Time since last: 462164548100 ns, Reaching safepoint: 575500 ns, At safepoint: 11600 ns, Total: 587100 ns
[2021-04-26T08:15:53.589+0000][7][safepoint    ] Safepoint "Cleanup", Time since last: 119048179000 ns, Reaching safepoint: 452600 ns, At safepoint: 12100 ns, Total: 464700 ns
[2021-04-26T08:16:21.223+0000][7][gc,start     ] GC(125) Pause Young (Normal) (G1 Evacuation Pause)
[2021-04-26T08:16:21.226+0000][7][gc,task      ] GC(125) Using 2 workers of 2 for evacuation
[2021-04-26T08:16:21.229+0000][7][gc,age       ] GC(125) Desired survivor size 19922944 bytes, new threshold 15 (max threshold 15)
[2021-04-26T08:16:21.245+0000][7][gc,age       ] GC(125) Age table with threshold 15 (max threshold 15)
[2021-04-26T08:16:21.247+0000][7][gc,age       ] GC(125) - age   1:      32056 bytes,      32056 total
[2021-04-26T08:16:21.248+0000][7][gc,age       ] GC(125) - age   2:        600 bytes,      32656 total
[2021-04-26T08:16:21.250+0000][7][gc,age       ] GC(125) - age   3:      16232 bytes,      48888 total
[2021-04-26T08:16:21.251+0000][7][gc,age       ] GC(125) - age   5:         40 bytes,      48928 total
[2021-04-26T08:16:21.252+0000][7][gc,age       ] GC(125) - age  11:        136 bytes,      49064 total
[2021-04-26T08:16:21.253+0000][7][gc,age       ] GC(125) - age  15:        184 bytes,      49248 total
[2021-04-26T08:16:21.253+0000][7][gc,phases    ] GC(125)   Pre Evacuate Collection Set: 0.4ms
[2021-04-26T08:16:21.254+0000][7][gc,phases    ] GC(125)   Merge Heap Roots: 0.6ms
[2021-04-26T08:16:21.255+0000][7][gc,phases    ] GC(125)   Evacuate Collection Set: 7.0ms
[2021-04-26T08:16:21.256+0000][7][gc,phases    ] GC(125)   Post Evacuate Collection Set: 6.2ms
[2021-04-26T08:16:21.257+0000][7][gc,phases    ] GC(125)   Other: 16.2ms
[2021-04-26T08:16:21.257+0000][7][gc,heap      ] GC(125) Eden regions: 303->0(303)
[2021-04-26T08:16:21.258+0000][7][gc,heap      ] GC(125) Survivor regions: 1->1(38)
[2021-04-26T08:16:21.259+0000][7][gc,heap      ] GC(125) Old regions: 70->70
[2021-04-26T08:16:21.259+0000][7][gc,heap      ] GC(125) Archive regions: 2->2
[2021-04-26T08:16:21.260+0000][7][gc,heap      ] GC(125) Humongous regions: 7->7
[2021-04-26T08:16:21.260+0000][7][gc,metaspace ] GC(125) Metaspace: 90537K(97764K)->90537K(97764K) NonClass: 78435K(82584K)->78435K(82584K) Class: 12102K(15180K)->12102K(15180K)
[2021-04-26T08:16:21.261+0000][7][gc           ] GC(125) Pause Young (Normal) (G1 Evacuation Pause) 380M->77M(512M) 37.298ms
[2021-04-26T08:16:21.261+0000][7][gc,cpu       ] GC(125) User=0.01s Sys=0.01s Real=0.04s
[2021-04-26T08:16:21.262+0000][7][safepoint    ] Safepoint "G1CollectForAllocation", Time since last: 27631180400 ns, Reaching safepoint: 543900 ns, At safepoint: 38392200 ns, Total: 38936100 ns
[2021-04-26T08:26:27.114+0000][7][gc,start     ] GC(126) Pause Young (Normal) (G1 Evacuation Pause)
[2021-04-26T08:26:27.117+0000][7][gc,task      ] GC(126) Using 2 workers of 2 for evacuation
[2021-04-26T08:26:27.120+0000][7][gc,age       ] GC(126) Desired survivor size 19922944 bytes, new threshold 15 (max threshold 15)
[2021-04-26T08:26:27.131+0000][7][gc,age       ] GC(126) Age table with threshold 15 (max threshold 15)
[2021-04-26T08:26:27.132+0000][7][gc,age       ] GC(126) - age   1:      48808 bytes,      48808 total
[2021-04-26T08:26:27.134+0000][7][gc,age       ] GC(126) - age   2:         40 bytes,      48848 total
[2021-04-26T08:26:27.135+0000][7][gc,age       ] GC(126) - age   3:        360 bytes,      49208 total
[2021-04-26T08:26:27.136+0000][7][gc,age       ] GC(126) - age   4:         80 bytes,      49288 total
[2021-04-26T08:26:27.137+0000][7][gc,age       ] GC(126) - age  12:        136 bytes,      49424 total
[2021-04-26T08:26:27.138+0000][7][gc,phases    ] GC(126)   Pre Evacuate Collection Set: 0.4ms
[2021-04-26T08:26:27.138+0000][7][gc,phases    ] GC(126)   Merge Heap Roots: 0.1ms
[2021-04-26T08:26:27.139+0000][7][gc,phases    ] GC(126)   Evacuate Collection Set: 3.1ms
[2021-04-26T08:26:27.139+0000][7][gc,phases    ] GC(126)   Post Evacuate Collection Set: 4.9ms
[2021-04-26T08:26:27.140+0000][7][gc,phases    ] GC(126)   Other: 15.4ms
[2021-04-26T08:26:27.140+0000][7][gc,heap      ] GC(126) Eden regions: 303->0(303)
[2021-04-26T08:26:27.141+0000][7][gc,heap      ] GC(126) Survivor regions: 1->1(38)
[2021-04-26T08:26:27.141+0000][7][gc,heap      ] GC(126) Old regions: 70->70
[2021-04-26T08:26:27.142+0000][7][gc,heap      ] GC(126) Archive regions: 2->2
[2021-04-26T08:26:27.142+0000][7][gc,heap      ] GC(126) Humongous regions: 7->7
[2021-04-26T08:26:27.143+0000][7][gc,metaspace ] GC(126) Metaspace: 90537K(97764K)->90537K(97764K) NonClass: 78435K(82584K)->78435K(82584K) Class: 12102K(15180K)->12102K(15180K)
[2021-04-26T08:26:27.143+0000][7][gc           ] GC(126) Pause Young (Normal) (G1 Evacuation Pause) 380M->77M(512M) 29.512ms
[2021-04-26T08:26:27.144+0000][7][gc,cpu       ] GC(126) User=0.01s Sys=0.01s Real=0.03s
[2021-04-26T08:26:27.144+0000][7][safepoint    ] Safepoint "G1CollectForAllocation", Time since last: 605854128300 ns, Reaching safepoint: 534000 ns, At safepoint: 30461600 ns, Total: 30995600 ns
[2021-04-26T08:36:28.607+0000][7][gc,start     ] GC(127) Pause Young (Normal) (G1 Evacuation Pause)
[2021-04-26T08:36:28.608+0000][7][gc,task      ] GC(127) Using 2 workers of 2 for evacuation
[2021-04-26T08:36:28.609+0000][7][gc,age       ] GC(127) Desired survivor size 19922944 bytes, new threshold 15 (max threshold 15)
[2021-04-26T08:36:28.612+0000][7][gc,age       ] GC(127) Age table with threshold 15 (max threshold 15)
[2021-04-26T08:36:28.613+0000][7][gc,age       ] GC(127) - age   1:      48952 bytes,      48952 total
[2021-04-26T08:36:28.614+0000][7][gc,age       ] GC(127) - age   2:      16712 bytes,      65664 total
[2021-04-26T08:36:28.614+0000][7][gc,age       ] GC(127) - age   4:        360 bytes,      66024 total
[2021-04-26T08:36:28.615+0000][7][gc,age       ] GC(127) - age   5:         40 bytes,      66064 total
[2021-04-26T08:36:28.615+0000][7][gc,age       ] GC(127) - age  13:        136 bytes,      66200 total
[2021-04-26T08:36:28.616+0000][7][gc,phases    ] GC(127)   Pre Evacuate Collection Set: 0.1ms
[2021-04-26T08:36:28.616+0000][7][gc,phases    ] GC(127)   Merge Heap Roots: 0.1ms
[2021-04-26T08:36:28.617+0000][7][gc,phases    ] GC(127)   Evacuate Collection Set: 1.1ms
[2021-04-26T08:36:28.617+0000][7][gc,phases    ] GC(127)   Post Evacuate Collection Set: 1.9ms
[2021-04-26T08:36:28.618+0000][7][gc,phases    ] GC(127)   Other: 6.2ms
[2021-04-26T08:36:28.618+0000][7][gc,heap      ] GC(127) Eden regions: 303->0(303)
[2021-04-26T08:36:28.619+0000][7][gc,heap      ] GC(127) Survivor regions: 1->1(38)
[2021-04-26T08:36:28.619+0000][7][gc,heap      ] GC(127) Old regions: 70->70
[2021-04-26T08:36:28.619+0000][7][gc,heap      ] GC(127) Archive regions: 2->2
[2021-04-26T08:36:28.620+0000][7][gc,heap      ] GC(127) Humongous regions: 7->7
[2021-04-26T08:36:28.620+0000][7][gc,metaspace ] GC(127) Metaspace: 90542K(97764K)->90542K(97764K) NonClass: 78440K(82584K)->78440K(82584K) Class: 12102K(15180K)->12102K(15180K)
[2021-04-26T08:36:28.621+0000][7][gc           ] GC(127) Pause Young (Normal) (G1 Evacuation Pause) 380M->77M(512M) 13.851ms
[2021-04-26T08:36:28.621+0000][7][gc,cpu       ] GC(127) User=0.01s Sys=0.00s Real=0.01s
[2021-04-26T08:36:28.621+0000][7][safepoint    ] Safepoint "G1CollectForAllocation", Time since last: 601462749800 ns, Reaching safepoint: 243200 ns, At safepoint: 14561600 ns, Total: 14804800 ns
[2021-04-26T08:46:24.855+0000][7][gc,start     ] GC(128) Pause Young (Normal) (G1 Evacuation Pause)
[2021-04-26T08:46:24.857+0000][7][gc,task      ] GC(128) Using 2 workers of 2 for evacuation
[2021-04-26T08:46:24.859+0000][7][gc,age       ] GC(128) Desired survivor size 19922944 bytes, new threshold 15 (max threshold 15)
[2021-04-26T08:46:24.878+0000][7][gc,age       ] GC(128) Age table with threshold 15 (max threshold 15)
[2021-04-26T08:46:24.880+0000][7][gc,age       ] GC(128) - age   1:      53064 bytes,      53064 total
[2021-04-26T08:46:24.882+0000][7][gc,age       ] GC(128) - age   2:      27136 bytes,      80200 total
[2021-04-26T08:46:24.884+0000][7][gc,age       ] GC(128) - age   3:      16672 bytes,      96872 total
[2021-04-26T08:46:24.886+0000][7][gc,age       ] GC(128) - age   5:        360 bytes,      97232 total
[2021-04-26T08:46:24.887+0000][7][gc,age       ] GC(128) - age  14:        136 bytes,      97368 total
[2021-04-26T08:46:24.889+0000][7][gc,phases    ] GC(128)   Pre Evacuate Collection Set: 0.6ms
[2021-04-26T08:46:24.890+0000][7][gc,phases    ] GC(128)   Merge Heap Roots: 0.3ms
[2021-04-26T08:46:24.891+0000][7][gc,phases    ] GC(128)   Evacuate Collection Set: 10.8ms
[2021-04-26T08:46:24.892+0000][7][gc,phases    ] GC(128)   Post Evacuate Collection Set: 4.1ms
[2021-04-26T08:46:24.893+0000][7][gc,phases    ] GC(128)   Other: 18.2ms
[2021-04-26T08:46:24.893+0000][7][gc,heap      ] GC(128) Eden regions: 303->0(303)
[2021-04-26T08:46:24.894+0000][7][gc,heap      ] GC(128) Survivor regions: 1->1(38)
[2021-04-26T08:46:24.894+0000][7][gc,heap      ] GC(128) Old regions: 70->70
[2021-04-26T08:46:24.894+0000][7][gc,heap      ] GC(128) Archive regions: 2->2
[2021-04-26T08:46:24.895+0000][7][gc,heap      ] GC(128) Humongous regions: 7->7
[2021-04-26T08:46:24.895+0000][7][gc,metaspace ] GC(128) Metaspace: 90544K(97764K)->90544K(97764K) NonClass: 78442K(82584K)->78442K(82584K) Class: 12102K(15180K)->12102K(15180K)
[2021-04-26T08:46:24.895+0000][7][gc           ] GC(128) Pause Young (Normal) (G1 Evacuation Pause) 380M->77M(512M) 40.782ms
[2021-04-26T08:46:24.896+0000][7][gc,cpu       ] GC(128) User=0.02s Sys=0.01s Real=0.04s
[2021-04-26T08:46:24.896+0000][7][safepoint    ] Safepoint "G1CollectForAllocation", Time since last: 596232396600 ns, Reaching safepoint: 822600 ns, At safepoint: 41816500 ns, Total: 42639100 ns
[2021-04-26T08:56:29.665+0000][7][gc,start     ] GC(129) Pause Young (Normal) (G1 Evacuation Pause)
[2021-04-26T08:56:29.667+0000][7][gc,task      ] GC(129) Using 2 workers of 2 for evacuation
[2021-04-26T08:56:29.669+0000][7][gc,age       ] GC(129) Desired survivor size 19922944 bytes, new threshold 15 (max threshold 15)
[2021-04-26T08:56:29.682+0000][7][gc,age       ] GC(129) Age table with threshold 15 (max threshold 15)
[2021-04-26T08:56:29.684+0000][7][gc,age       ] GC(129) - age   1:      32896 bytes,      32896 total
[2021-04-26T08:56:29.686+0000][7][gc,age       ] GC(129) - age   2:      12168 bytes,      45064 total
[2021-04-26T08:56:29.688+0000][7][gc,age       ] GC(129) - age   3:      10192 bytes,      55256 total
[2021-04-26T08:56:29.689+0000][7][gc,age       ] GC(129) - age   4:        520 bytes,      55776 total
[2021-04-26T08:56:29.691+0000][7][gc,age       ] GC(129) - age   6:        360 bytes,      56136 total
[2021-04-26T08:56:29.692+0000][7][gc,age       ] GC(129) - age  15:        136 bytes,      56272 total
[2021-04-26T08:56:29.693+0000][7][gc,phases    ] GC(129)   Pre Evacuate Collection Set: 0.2ms
[2021-04-26T08:56:29.694+0000][7][gc,phases    ] GC(129)   Merge Heap Roots: 0.2ms
[2021-04-26T08:56:29.695+0000][7][gc,phases    ] GC(129)   Evacuate Collection Set: 4.1ms
[2021-04-26T08:56:29.695+0000][7][gc,phases    ] GC(129)   Post Evacuate Collection Set: 5.8ms
[2021-04-26T08:56:29.696+0000][7][gc,phases    ] GC(129)   Other: 18.3ms
[2021-04-26T08:56:29.696+0000][7][gc,heap      ] GC(129) Eden regions: 303->0(303)
[2021-04-26T08:56:29.697+0000][7][gc,heap      ] GC(129) Survivor regions: 1->1(38)
[2021-04-26T08:56:29.697+0000][7][gc,heap      ] GC(129) Old regions: 70->70
[2021-04-26T08:56:29.698+0000][7][gc,heap      ] GC(129) Archive regions: 2->2
[2021-04-26T08:56:29.698+0000][7][gc,heap      ] GC(129) Humongous regions: 7->7
[2021-04-26T08:56:29.699+0000][7][gc,metaspace ] GC(129) Metaspace: 90547K(98020K)->90547K(98020K) NonClass: 78445K(82840K)->78445K(82840K) Class: 12102K(15180K)->12102K(15180K)
[2021-04-26T08:56:29.699+0000][7][gc           ] GC(129) Pause Young (Normal) (G1 Evacuation Pause) 380M->77M(512M) 34.459ms
[2021-04-26T08:56:29.699+0000][7][gc,cpu       ] GC(129) User=0.01s Sys=0.00s Real=0.03s
[2021-04-26T08:56:29.700+0000][7][safepoint    ] Safepoint "G1CollectForAllocation", Time since last: 604767282900 ns, Reaching safepoint: 521200 ns, At safepoint: 35327300 ns, Total: 35848500 ns
[2021-04-26T09:06:36.273+0000][7][gc,start     ] GC(130) Pause Young (Normal) (G1 Evacuation Pause)
[2021-04-26T09:06:36.274+0000][7][gc,task      ] GC(130) Using 2 workers of 2 for evacuation
[2021-04-26T09:06:36.275+0000][7][gc,age       ] GC(130) Desired survivor size 19922944 bytes, new threshold 15 (max threshold 15)
[2021-04-26T09:06:36.281+0000][7][gc,age       ] GC(130) Age table with threshold 15 (max threshold 15)
[2021-04-26T09:06:36.282+0000][7][gc,age       ] GC(130) - age   1:      31000 bytes,      31000 total
[2021-04-26T09:06:36.283+0000][7][gc,age       ] GC(130) - age   2:       8704 bytes,      39704 total
[2021-04-26T09:06:36.283+0000][7][gc,age       ] GC(130) - age   3:      11832 bytes,      51536 total
[2021-04-26T09:06:36.284+0000][7][gc,age       ] GC(130) - age   4:       2056 bytes,      53592 total
[2021-04-26T09:06:36.285+0000][7][gc,age       ] GC(130) - age   5:        520 bytes,      54112 total
[2021-04-26T09:06:36.285+0000][7][gc,age       ] GC(130) - age   7:        360 bytes,      54472 total
[2021-04-26T09:06:36.286+0000][7][gc,phases    ] GC(130)   Pre Evacuate Collection Set: 0.1ms
[2021-04-26T09:06:36.286+0000][7][gc,phases    ] GC(130)   Merge Heap Roots: 0.2ms
[2021-04-26T09:06:36.287+0000][7][gc,phases    ] GC(130)   Evacuate Collection Set: 2.5ms
[2021-04-26T09:06:36.287+0000][7][gc,phases    ] GC(130)   Post Evacuate Collection Set: 2.2ms
[2021-04-26T09:06:36.288+0000][7][gc,phases    ] GC(130)   Other: 7.5ms
[2021-04-26T09:06:36.288+0000][7][gc,heap      ] GC(130) Eden regions: 303->0(303)
[2021-04-26T09:06:36.289+0000][7][gc,heap      ] GC(130) Survivor regions: 1->1(38)
[2021-04-26T09:06:36.289+0000][7][gc,heap      ] GC(130) Old regions: 70->70
[2021-04-26T09:06:36.290+0000][7][gc,heap      ] GC(130) Archive regions: 2->2
[2021-04-26T09:06:36.290+0000][7][gc,heap      ] GC(130) Humongous regions: 7->7
[2021-04-26T09:06:36.290+0000][7][gc,metaspace ] GC(130) Metaspace: 90550K(98020K)->90550K(98020K) NonClass: 78448K(82840K)->78448K(82840K) Class: 12102K(15180K)->12102K(15180K)
[2021-04-26T09:06:36.291+0000][7][gc           ] GC(130) Pause Young (Normal) (G1 Evacuation Pause) 380M->77M(512M) 17.424ms
[2021-04-26T09:06:36.291+0000][7][gc,cpu       ] GC(130) User=0.01s Sys=0.00s Real=0.02s
[2021-04-26T09:06:36.292+0000][7][safepoint    ] Safepoint "G1CollectForAllocation", Time since last: 606573641400 ns, Reaching safepoint: 192000 ns, At safepoint: 18548700 ns, Total: 18740700 ns
[2021-04-26T09:16:46.292+0000][7][gc,start     ] GC(131) Pause Young (Normal) (G1 Evacuation Pause)
[2021-04-26T09:16:46.292+0000][7][gc,task      ] GC(131) Using 2 workers of 2 for evacuation
[2021-04-26T09:16:46.293+0000][7][gc,age       ] GC(131) Desired survivor size 19922944 bytes, new threshold 15 (max threshold 15)
[2021-04-26T09:16:46.297+0000][7][gc,age       ] GC(131) Age table with threshold 15 (max threshold 15)
[2021-04-26T09:16:46.298+0000][7][gc,age       ] GC(131) - age   1:      32008 bytes,      32008 total
[2021-04-26T09:16:46.299+0000][7][gc,age       ] GC(131) - age   2:        240 bytes,      32248 total
[2021-04-26T09:16:46.299+0000][7][gc,age       ] GC(131) - age   3:       8704 bytes,      40952 total
[2021-04-26T09:16:46.300+0000][7][gc,age       ] GC(131) - age   4:      11832 bytes,      52784 total
[2021-04-26T09:16:46.300+0000][7][gc,age       ] GC(131) - age   5:       2016 bytes,      54800 total
[2021-04-26T09:16:46.301+0000][7][gc,age       ] GC(131) - age   6:        520 bytes,      55320 total
[2021-04-26T09:16:46.301+0000][7][gc,age       ] GC(131) - age   8:        360 bytes,      55680 total
[2021-04-26T09:16:46.302+0000][7][gc,phases    ] GC(131)   Pre Evacuate Collection Set: 0.1ms
[2021-04-26T09:16:46.302+0000][7][gc,phases    ] GC(131)   Merge Heap Roots: 0.0ms
[2021-04-26T09:16:46.302+0000][7][gc,phases    ] GC(131)   Evacuate Collection Set: 1.9ms
[2021-04-26T09:16:46.303+0000][7][gc,phases    ] GC(131)   Post Evacuate Collection Set: 1.6ms
[2021-04-26T09:16:46.303+0000][7][gc,phases    ] GC(131)   Other: 6.4ms
[2021-04-26T09:16:46.304+0000][7][gc,heap      ] GC(131) Eden regions: 303->0(303)
[2021-04-26T09:16:46.304+0000][7][gc,heap      ] GC(131) Survivor regions: 1->1(38)
[2021-04-26T09:16:46.304+0000][7][gc,heap      ] GC(131) Old regions: 70->70
[2021-04-26T09:16:46.305+0000][7][gc,heap      ] GC(131) Archive regions: 2->2
[2021-04-26T09:16:46.305+0000][7][gc,heap      ] GC(131) Humongous regions: 7->7
[2021-04-26T09:16:46.305+0000][7][gc,metaspace ] GC(131) Metaspace: 90552K(98020K)->90552K(98020K) NonClass: 78450K(82840K)->78450K(82840K) Class: 12102K(15180K)->12102K(15180K)
[2021-04-26T09:16:46.306+0000][7][gc           ] GC(131) Pause Young (Normal) (G1 Evacuation Pause) 380M->77M(512M) 14.140ms
[2021-04-26T09:16:46.306+0000][7][gc,cpu       ] GC(131) User=0.00s Sys=0.00s Real=0.02s
[2021-04-26T09:16:46.307+0000][7][safepoint    ] Safepoint "G1CollectForAllocation", Time since last: 609999144700 ns, Reaching safepoint: 190200 ns, At safepoint: 14998700 ns, Total: 15188900 ns
[2021-04-26T09:25:26.460+0000][7][safepoint    ] Safepoint "Cleanup", Time since last: 520153338300 ns, Reaching safepoint: 159100 ns, At safepoint: 2700 ns, Total: 161800 ns
[2021-04-26T09:25:53.473+0000][7][safepoint    ] Safepoint "Cleanup", Time since last: 27012870300 ns, Reaching safepoint: 142200 ns, At safepoint: 2100 ns, Total: 144300 ns
[2021-04-26T09:26:52.222+0000][7][gc,start     ] GC(132) Pause Young (Normal) (G1 Evacuation Pause)
[2021-04-26T09:26:52.225+0000][7][gc,task      ] GC(132) Using 2 workers of 2 for evacuation
[2021-04-26T09:26:52.227+0000][7][gc,age       ] GC(132) Desired survivor size 19922944 bytes, new threshold 15 (max threshold 15)
[2021-04-26T09:26:52.242+0000][7][gc,age       ] GC(132) Age table with threshold 15 (max threshold 15)
[2021-04-26T09:26:52.244+0000][7][gc,age       ] GC(132) - age   1:      32344 bytes,      32344 total
[2021-04-26T09:26:52.246+0000][7][gc,age       ] GC(132) - age   2:        160 bytes,      32504 total
[2021-04-26T09:26:52.247+0000][7][gc,age       ] GC(132) - age   3:         40 bytes,      32544 total
[2021-04-26T09:26:52.249+0000][7][gc,age       ] GC(132) - age   4:       8704 bytes,      41248 total
[2021-04-26T09:26:52.250+0000][7][gc,age       ] GC(132) - age   5:      11832 bytes,      53080 total
[2021-04-26T09:26:52.251+0000][7][gc,age       ] GC(132) - age   6:       2016 bytes,      55096 total
[2021-04-26T09:26:52.252+0000][7][gc,age       ] GC(132) - age   7:        480 bytes,      55576 total
[2021-04-26T09:26:52.253+0000][7][gc,age       ] GC(132) - age   9:        360 bytes,      55936 total
[2021-04-26T09:26:52.254+0000][7][gc,phases    ] GC(132)   Pre Evacuate Collection Set: 0.5ms
[2021-04-26T09:26:52.255+0000][7][gc,phases    ] GC(132)   Merge Heap Roots: 0.5ms
[2021-04-26T09:26:52.255+0000][7][gc,phases    ] GC(132)   Evacuate Collection Set: 5.8ms
[2021-04-26T09:26:52.256+0000][7][gc,phases    ] GC(132)   Post Evacuate Collection Set: 5.2ms
[2021-04-26T09:26:52.257+0000][7][gc,phases    ] GC(132)   Other: 19.7ms
[2021-04-26T09:26:52.258+0000][7][gc,heap      ] GC(132) Eden regions: 303->0(303)
[2021-04-26T09:26:52.258+0000][7][gc,heap      ] GC(132) Survivor regions: 1->1(38)
[2021-04-26T09:26:52.259+0000][7][gc,heap      ] GC(132) Old regions: 70->70
[2021-04-26T09:26:52.260+0000][7][gc,heap      ] GC(132) Archive regions: 2->2
[2021-04-26T09:26:52.261+0000][7][gc,heap      ] GC(132) Humongous regions: 7->7
[2021-04-26T09:26:52.261+0000][7][gc,metaspace ] GC(132) Metaspace: 90552K(98020K)->90552K(98020K) NonClass: 78450K(82840K)->78450K(82840K) Class: 12102K(15180K)->12102K(15180K)
[2021-04-26T09:26:52.262+0000][7][gc           ] GC(132) Pause Young (Normal) (G1 Evacuation Pause) 380M->77M(512M) 39.402ms
[2021-04-26T09:26:52.262+0000][7][gc,cpu       ] GC(132) User=0.01s Sys=0.00s Real=0.04s
[2021-04-26T09:26:52.263+0000][7][safepoint    ] Safepoint "G1CollectForAllocation", Time since last: 58748578700 ns, Reaching safepoint: 524500 ns, At safepoint: 40399300 ns, Total: 40923800 ns
[2021-04-26T09:35:54.422+0000][7][safepoint    ] Safepoint "Cleanup", Time since last: 542158970900 ns, Reaching safepoint: 422500 ns, At safepoint: 9900 ns, Total: 432400 ns
[2021-04-26T09:36:58.096+0000][7][gc,start     ] GC(133) Pause Young (Normal) (G1 Evacuation Pause)
[2021-04-26T09:36:58.098+0000][7][gc,task      ] GC(133) Using 2 workers of 2 for evacuation
[2021-04-26T09:36:58.099+0000][7][gc,age       ] GC(133) Desired survivor size 19922944 bytes, new threshold 15 (max threshold 15)
[2021-04-26T09:36:58.108+0000][7][gc,age       ] GC(133) Age table with threshold 15 (max threshold 15)
[2021-04-26T09:36:58.109+0000][7][gc,age       ] GC(133) - age   1:      16072 bytes,      16072 total
[2021-04-26T09:36:58.110+0000][7][gc,age       ] GC(133) - age   2:      16312 bytes,      32384 total
[2021-04-26T09:36:58.111+0000][7][gc,age       ] GC(133) - age   3:         40 bytes,      32424 total
[2021-04-26T09:36:58.111+0000][7][gc,age       ] GC(133) - age   4:         40 bytes,      32464 total
[2021-04-26T09:36:58.112+0000][7][gc,age       ] GC(133) - age   5:       8704 bytes,      41168 total
[2021-04-26T09:36:58.113+0000][7][gc,age       ] GC(133) - age   6:      11832 bytes,      53000 total
[2021-04-26T09:36:58.114+0000][7][gc,age       ] GC(133) - age   7:       2016 bytes,      55016 total
[2021-04-26T09:36:58.114+0000][7][gc,age       ] GC(133) - age   8:        480 bytes,      55496 total
[2021-04-26T09:36:58.115+0000][7][gc,age       ] GC(133) - age  10:        360 bytes,      55856 total
[2021-04-26T09:36:58.115+0000][7][gc,phases    ] GC(133)   Pre Evacuate Collection Set: 0.7ms
[2021-04-26T09:36:58.116+0000][7][gc,phases    ] GC(133)   Merge Heap Roots: 0.4ms
[2021-04-26T09:36:58.116+0000][7][gc,phases    ] GC(133)   Evacuate Collection Set: 4.9ms
[2021-04-26T09:36:58.116+0000][7][gc,phases    ] GC(133)   Post Evacuate Collection Set: 2.2ms
[2021-04-26T09:36:58.117+0000][7][gc,phases    ] GC(133)   Other: 10.9ms
[2021-04-26T09:36:58.117+0000][7][gc,heap      ] GC(133) Eden regions: 303->0(303)
[2021-04-26T09:36:58.117+0000][7][gc,heap      ] GC(133) Survivor regions: 1->1(38)
[2021-04-26T09:36:58.118+0000][7][gc,heap      ] GC(133) Old regions: 70->70
[2021-04-26T09:36:58.118+0000][7][gc,heap      ] GC(133) Archive regions: 2->2
[2021-04-26T09:36:58.119+0000][7][gc,heap      ] GC(133) Humongous regions: 7->7
[2021-04-26T09:36:58.119+0000][7][gc,metaspace ] GC(133) Metaspace: 90560K(98020K)->90560K(98020K) NonClass: 78458K(82840K)->78458K(82840K) Class: 12102K(15180K)->12102K(15180K)
[2021-04-26T09:36:58.120+0000][7][gc           ] GC(133) Pause Young (Normal) (G1 Evacuation Pause) 380M->77M(512M) 23.510ms
[2021-04-26T09:36:58.120+0000][7][gc,cpu       ] GC(133) User=0.01s Sys=0.00s Real=0.02s
[2021-04-26T09:36:58.120+0000][7][safepoint    ] Safepoint "G1CollectForAllocation", Time since last: 63673822400 ns, Reaching safepoint: 296600 ns, At safepoint: 24267200 ns, Total: 24563800 ns
[2021-04-26T09:45:53.277+0000][7][safepoint    ] Safepoint "Cleanup", Time since last: 535156572400 ns, Reaching safepoint: 141100 ns, At safepoint: 3400 ns, Total: 144500 ns
[2021-04-26T09:47:03.971+0000][7][gc,start     ] GC(134) Pause Young (Normal) (G1 Evacuation Pause)
[2021-04-26T09:47:03.973+0000][7][gc,task      ] GC(134) Using 2 workers of 2 for evacuation
[2021-04-26T09:47:03.976+0000][7][gc,age       ] GC(134) Desired survivor size 19922944 bytes, new threshold 15 (max threshold 15)
[2021-04-26T09:47:03.995+0000][7][gc,age       ] GC(134) Age table with threshold 15 (max threshold 15)
[2021-04-26T09:47:03.996+0000][7][gc,age       ] GC(134) - age   1:      31968 bytes,      31968 total
[2021-04-26T09:47:03.998+0000][7][gc,age       ] GC(134) - age   2:        200 bytes,      32168 total
[2021-04-26T09:47:03.999+0000][7][gc,age       ] GC(134) - age   3:        160 bytes,      32328 total
[2021-04-26T09:47:04.000+0000][7][gc,age       ] GC(134) - age   5:         40 bytes,      32368 total
[2021-04-26T09:47:04.002+0000][7][gc,age       ] GC(134) - age   6:       8704 bytes,      41072 total
[2021-04-26T09:47:04.003+0000][7][gc,age       ] GC(134) - age   7:      11832 bytes,      52904 total
[2021-04-26T09:47:04.004+0000][7][gc,age       ] GC(134) - age   8:       2016 bytes,      54920 total
[2021-04-26T09:47:04.005+0000][7][gc,age       ] GC(134) - age   9:        480 bytes,      55400 total
[2021-04-26T09:47:04.005+0000][7][gc,age       ] GC(134) - age  11:        360 bytes,      55760 total
[2021-04-26T09:47:04.006+0000][7][gc,phases    ] GC(134)   Pre Evacuate Collection Set: 0.7ms
[2021-04-26T09:47:04.006+0000][7][gc,phases    ] GC(134)   Merge Heap Roots: 0.2ms
[2021-04-26T09:47:04.007+0000][7][gc,phases    ] GC(134)   Evacuate Collection Set: 12.1ms
[2021-04-26T09:47:04.007+0000][7][gc,phases    ] GC(134)   Post Evacuate Collection Set: 4.1ms
[2021-04-26T09:47:04.008+0000][7][gc,phases    ] GC(134)   Other: 18.2ms
[2021-04-26T09:47:04.008+0000][7][gc,heap      ] GC(134) Eden regions: 303->0(303)
[2021-04-26T09:47:04.008+0000][7][gc,heap      ] GC(134) Survivor regions: 1->1(38)
[2021-04-26T09:47:04.009+0000][7][gc,heap      ] GC(134) Old regions: 70->70
[2021-04-26T09:47:04.009+0000][7][gc,heap      ] GC(134) Archive regions: 2->2
[2021-04-26T09:47:04.010+0000][7][gc,heap      ] GC(134) Humongous regions: 7->7
[2021-04-26T09:47:04.010+0000][7][gc,metaspace ] GC(134) Metaspace: 90560K(98020K)->90560K(98020K) NonClass: 78458K(82840K)->78458K(82840K) Class: 12102K(15180K)->12102K(15180K)
[2021-04-26T09:47:04.010+0000][7][gc           ] GC(134) Pause Young (Normal) (G1 Evacuation Pause) 380M->77M(512M) 39.531ms
[2021-04-26T09:47:04.011+0000][7][gc,cpu       ] GC(134) User=0.02s Sys=0.00s Real=0.04s
[2021-04-26T09:47:04.011+0000][7][safepoint    ] Safepoint "G1CollectForAllocation", Time since last: 70692674100 ns, Reaching safepoint: 862200 ns, At safepoint: 40363600 ns, Total: 41225800 ns
[2021-04-26T09:57:09.855+0000][7][gc,start     ] GC(135) Pause Young (Normal) (G1 Evacuation Pause)
[2021-04-26T09:57:09.857+0000][7][gc,task      ] GC(135) Using 2 workers of 2 for evacuation
[2021-04-26T09:57:09.859+0000][7][gc,age       ] GC(135) Desired survivor size 19922944 bytes, new threshold 15 (max threshold 15)
[2021-04-26T09:57:09.872+0000][7][gc,age       ] GC(135) Age table with threshold 15 (max threshold 15)
[2021-04-26T09:57:09.873+0000][7][gc,age       ] GC(135) - age   1:      32224 bytes,      32224 total
[2021-04-26T09:57:09.874+0000][7][gc,age       ] GC(135) - age   2:      16224 bytes,      48448 total
[2021-04-26T09:57:09.875+0000][7][gc,age       ] GC(135) - age   4:        160 bytes,      48608 total
[2021-04-26T09:57:09.876+0000][7][gc,age       ] GC(135) - age   7:        688 bytes,      49296 total
[2021-04-26T09:57:09.877+0000][7][gc,age       ] GC(135) - age   8:       3696 bytes,      52992 total
[2021-04-26T09:57:09.878+0000][7][gc,age       ] GC(135) - age   9:       2016 bytes,      55008 total
[2021-04-26T09:57:09.879+0000][7][gc,age       ] GC(135) - age  10:        480 bytes,      55488 total
[2021-04-26T09:57:09.880+0000][7][gc,age       ] GC(135) - age  12:        360 bytes,      55848 total
[2021-04-26T09:57:09.880+0000][7][gc,phases    ] GC(135)   Pre Evacuate Collection Set: 0.7ms
[2021-04-26T09:57:09.881+0000][7][gc,phases    ] GC(135)   Merge Heap Roots: 0.6ms
[2021-04-26T09:57:09.881+0000][7][gc,phases    ] GC(135)   Evacuate Collection Set: 5.2ms
[2021-04-26T09:57:09.881+0000][7][gc,phases    ] GC(135)   Post Evacuate Collection Set: 3.8ms
[2021-04-26T09:57:09.882+0000][7][gc,phases    ] GC(135)   Other: 15.1ms
[2021-04-26T09:57:09.882+0000][7][gc,heap      ] GC(135) Eden regions: 303->0(303)
[2021-04-26T09:57:09.883+0000][7][gc,heap      ] GC(135) Survivor regions: 1->1(38)
[2021-04-26T09:57:09.883+0000][7][gc,heap      ] GC(135) Old regions: 70->70
[2021-04-26T09:57:09.884+0000][7][gc,heap      ] GC(135) Archive regions: 2->2
[2021-04-26T09:57:09.884+0000][7][gc,heap      ] GC(135) Humongous regions: 7->7
[2021-04-26T09:57:09.884+0000][7][gc,metaspace ] GC(135) Metaspace: 90562K(98020K)->90562K(98020K) NonClass: 78460K(82840K)->78460K(82840K) Class: 12102K(15180K)->12102K(15180K)
[2021-04-26T09:57:09.885+0000][7][gc           ] GC(135) Pause Young (Normal) (G1 Evacuation Pause) 380M->77M(512M) 29.891ms
[2021-04-26T09:57:09.885+0000][7][gc,cpu       ] GC(135) User=0.01s Sys=0.01s Real=0.03s
[2021-04-26T09:57:09.886+0000][7][safepoint    ] Safepoint "G1CollectForAllocation", Time since last: 605843297300 ns, Reaching safepoint: 606100 ns, At safepoint: 30922900 ns, Total: 31529000 ns
[2021-04-26T10:05:53.090+0000][7][safepoint    ] Safepoint "Cleanup", Time since last: 523204004800 ns, Reaching safepoint: 457200 ns, At safepoint: 12100 ns, Total: 469300 ns
[2021-04-26T10:07:15.765+0000][7][gc,start     ] GC(136) Pause Young (Normal) (G1 Evacuation Pause)
[2021-04-26T10:07:15.768+0000][7][gc,task      ] GC(136) Using 2 workers of 2 for evacuation
[2021-04-26T10:07:15.770+0000][7][gc,age       ] GC(136) Desired survivor size 19922944 bytes, new threshold 15 (max threshold 15)
[2021-04-26T10:07:15.783+0000][7][gc,age       ] GC(136) Age table with threshold 15 (max threshold 15)
[2021-04-26T10:07:15.786+0000][7][gc,age       ] GC(136) - age   1:      47160 bytes,      47160 total
[2021-04-26T10:07:15.789+0000][7][gc,age       ] GC(136) - age   2:         40 bytes,      47200 total
[2021-04-26T10:07:15.790+0000][7][gc,age       ] GC(136) - age   3:         40 bytes,      47240 total
[2021-04-26T10:07:15.791+0000][7][gc,age       ] GC(136) - age   5:        120 bytes,      47360 total
[2021-04-26T10:07:15.793+0000][7][gc,age       ] GC(136) - age   8:        688 bytes,      48048 total
[2021-04-26T10:07:15.794+0000][7][gc,age       ] GC(136) - age   9:       3656 bytes,      51704 total
[2021-04-26T10:07:15.795+0000][7][gc,age       ] GC(136) - age  10:       2016 bytes,      53720 total
[2021-04-26T10:07:15.796+0000][7][gc,age       ] GC(136) - age  11:        480 bytes,      54200 total
[2021-04-26T10:07:15.797+0000][7][gc,age       ] GC(136) - age  13:        360 bytes,      54560 total
[2021-04-26T10:07:15.798+0000][7][gc,phases    ] GC(136)   Pre Evacuate Collection Set: 0.5ms
[2021-04-26T10:07:15.798+0000][7][gc,phases    ] GC(136)   Merge Heap Roots: 0.2ms
[2021-04-26T10:07:15.799+0000][7][gc,phases    ] GC(136)   Evacuate Collection Set: 6.0ms
[2021-04-26T10:07:15.799+0000][7][gc,phases    ] GC(136)   Post Evacuate Collection Set: 4.6ms
[2021-04-26T10:07:15.800+0000][7][gc,phases    ] GC(136)   Other: 21.3ms
[2021-04-26T10:07:15.800+0000][7][gc,heap      ] GC(136) Eden regions: 303->0(303)
[2021-04-26T10:07:15.801+0000][7][gc,heap      ] GC(136) Survivor regions: 1->1(38)
[2021-04-26T10:07:15.801+0000][7][gc,heap      ] GC(136) Old regions: 70->70
[2021-04-26T10:07:15.802+0000][7][gc,heap      ] GC(136) Archive regions: 2->2
[2021-04-26T10:07:15.802+0000][7][gc,heap      ] GC(136) Humongous regions: 7->7
[2021-04-26T10:07:15.802+0000][7][gc,metaspace ] GC(136) Metaspace: 90562K(98020K)->90562K(98020K) NonClass: 78460K(82840K)->78460K(82840K) Class: 12102K(15180K)->12102K(15180K)
[2021-04-26T10:07:15.803+0000][7][gc           ] GC(136) Pause Young (Normal) (G1 Evacuation Pause) 380M->77M(512M) 37.617ms
[2021-04-26T10:07:15.803+0000][7][gc,cpu       ] GC(136) User=0.02s Sys=0.01s Real=0.03s
[2021-04-26T10:07:15.804+0000][7][safepoint    ] Safepoint "G1CollectForAllocation", Time since last: 82674105000 ns, Reaching safepoint: 781000 ns, At safepoint: 38476000 ns, Total: 39257000 ns
[2021-04-26T10:17:26.611+0000][7][gc,start     ] GC(137) Pause Young (Normal) (G1 Evacuation Pause)
[2021-04-26T10:17:26.614+0000][7][gc,task      ] GC(137) Using 2 workers of 2 for evacuation
[2021-04-26T10:17:26.615+0000][7][gc,age       ] GC(137) Desired survivor size 19922944 bytes, new threshold 15 (max threshold 15)
[2021-04-26T10:17:26.623+0000][7][gc,age       ] GC(137) Age table with threshold 15 (max threshold 15)
[2021-04-26T10:17:26.624+0000][7][gc,age       ] GC(137) - age   1:      15752 bytes,      15752 total
[2021-04-26T10:17:26.625+0000][7][gc,age       ] GC(137) - age   2:      32584 bytes,      48336 total
[2021-04-26T10:17:26.626+0000][7][gc,age       ] GC(137) - age   3:         40 bytes,      48376 total
[2021-04-26T10:17:26.627+0000][7][gc,age       ] GC(137) - age   4:         40 bytes,      48416 total
[2021-04-26T10:17:26.627+0000][7][gc,age       ] GC(137) - age   6:        120 bytes,      48536 total
[2021-04-26T10:17:26.628+0000][7][gc,age       ] GC(137) - age   9:        688 bytes,      49224 total
[2021-04-26T10:17:26.629+0000][7][gc,age       ] GC(137) - age  10:       3656 bytes,      52880 total
[2021-04-26T10:17:26.629+0000][7][gc,age       ] GC(137) - age  11:       2016 bytes,      54896 total
[2021-04-26T10:17:26.630+0000][7][gc,age       ] GC(137) - age  12:        480 bytes,      55376 total
[2021-04-26T10:17:26.631+0000][7][gc,age       ] GC(137) - age  14:        360 bytes,      55736 total
[2021-04-26T10:17:26.631+0000][7][gc,phases    ] GC(137)   Pre Evacuate Collection Set: 0.5ms
[2021-04-26T10:17:26.632+0000][7][gc,phases    ] GC(137)   Merge Heap Roots: 0.4ms
[2021-04-26T10:17:26.632+0000][7][gc,phases    ] GC(137)   Evacuate Collection Set: 2.4ms
[2021-04-26T10:17:26.632+0000][7][gc,phases    ] GC(137)   Post Evacuate Collection Set: 2.3ms
[2021-04-26T10:17:26.633+0000][7][gc,phases    ] GC(137)   Other: 14.2ms
[2021-04-26T10:17:26.633+0000][7][gc,heap      ] GC(137) Eden regions: 303->0(303)
[2021-04-26T10:17:26.633+0000][7][gc,heap      ] GC(137) Survivor regions: 1->1(38)
[2021-04-26T10:17:26.634+0000][7][gc,heap      ] GC(137) Old regions: 70->70
[2021-04-26T10:17:26.634+0000][7][gc,heap      ] GC(137) Archive regions: 2->2
[2021-04-26T10:17:26.634+0000][7][gc,heap      ] GC(137) Humongous regions: 7->7
[2021-04-26T10:17:26.635+0000][7][gc,metaspace ] GC(137) Metaspace: 90562K(98020K)->90562K(98020K) NonClass: 78460K(82840K)->78460K(82840K) Class: 12102K(15180K)->12102K(15180K)
[2021-04-26T10:17:26.635+0000][7][gc           ] GC(137) Pause Young (Normal) (G1 Evacuation Pause) 380M->77M(512M) 23.828ms
[2021-04-26T10:17:26.636+0000][7][gc,cpu       ] GC(137) User=0.01s Sys=0.00s Real=0.03s
[2021-04-26T10:17:26.636+0000][7][safepoint    ] Safepoint "G1CollectForAllocation", Time since last: 610806909900 ns, Reaching safepoint: 443900 ns, At safepoint: 24716700 ns, Total: 25160600 ns
[2021-04-26T10:27:32.500+0000][7][gc,start     ] GC(138) Pause Young (Normal) (G1 Evacuation Pause)
[2021-04-26T10:27:32.503+0000][7][gc,task      ] GC(138) Using 2 workers of 2 for evacuation
[2021-04-26T10:27:32.506+0000][7][gc,age       ] GC(138) Desired survivor size 19922944 bytes, new threshold 15 (max threshold 15)
[2021-04-26T10:27:32.519+0000][7][gc,age       ] GC(138) Age table with threshold 15 (max threshold 15)
[2021-04-26T10:27:32.520+0000][7][gc,age       ] GC(138) - age   1:      31264 bytes,      31264 total
[2021-04-26T10:27:32.523+0000][7][gc,age       ] GC(138) - age   3:      16232 bytes,      47496 total
[2021-04-26T10:27:32.524+0000][7][gc,age       ] GC(138) - age   4:         40 bytes,      47536 total
[2021-04-26T10:27:32.526+0000][7][gc,age       ] GC(138) - age   7:        120 bytes,      47656 total
[2021-04-26T10:27:32.527+0000][7][gc,age       ] GC(138) - age  10:        688 bytes,      48344 total
[2021-04-26T10:27:32.528+0000][7][gc,age       ] GC(138) - age  11:       3656 bytes,      52000 total
[2021-04-26T10:27:32.529+0000][7][gc,age       ] GC(138) - age  12:       2016 bytes,      54016 total
[2021-04-26T10:27:32.530+0000][7][gc,age       ] GC(138) - age  13:        480 bytes,      54496 total
[2021-04-26T10:27:32.531+0000][7][gc,age       ] GC(138) - age  15:        360 bytes,      54856 total
[2021-04-26T10:27:32.531+0000][7][gc,phases    ] GC(138)   Pre Evacuate Collection Set: 0.7ms
[2021-04-26T10:27:32.532+0000][7][gc,phases    ] GC(138)   Merge Heap Roots: 0.4ms
[2021-04-26T10:27:32.532+0000][7][gc,phases    ] GC(138)   Evacuate Collection Set: 3.7ms
[2021-04-26T10:27:32.533+0000][7][gc,phases    ] GC(138)   Post Evacuate Collection Set: 6.1ms
[2021-04-26T10:27:32.533+0000][7][gc,phases    ] GC(138)   Other: 20.3ms
[2021-04-26T10:27:32.534+0000][7][gc,heap      ] GC(138) Eden regions: 303->0(303)
[2021-04-26T10:27:32.534+0000][7][gc,heap      ] GC(138) Survivor regions: 1->1(38)
[2021-04-26T10:27:32.534+0000][7][gc,heap      ] GC(138) Old regions: 70->70
[2021-04-26T10:27:32.535+0000][7][gc,heap      ] GC(138) Archive regions: 2->2
[2021-04-26T10:27:32.535+0000][7][gc,heap      ] GC(138) Humongous regions: 7->7
[2021-04-26T10:27:32.536+0000][7][gc,metaspace ] GC(138) Metaspace: 90562K(98020K)->90562K(98020K) NonClass: 78460K(82840K)->78460K(82840K) Class: 12102K(15180K)->12102K(15180K)
[2021-04-26T10:27:32.536+0000][7][gc           ] GC(138) Pause Young (Normal) (G1 Evacuation Pause) 380M->77M(512M) 35.815ms
[2021-04-26T10:27:32.537+0000][7][gc,cpu       ] GC(138) User=0.01s Sys=0.01s Real=0.04s
[2021-04-26T10:27:32.537+0000][7][safepoint    ] Safepoint "G1CollectForAllocation", Time since last: 605864229700 ns, Reaching safepoint: 463600 ns, At safepoint: 36806500 ns, Total: 37270100 ns
[2021-04-26T10:29:58.590+0000][7][safepoint    ] Safepoint "Cleanup", Time since last: 146052977900 ns, Reaching safepoint: 504600 ns, At safepoint: 12100 ns, Total: 516700 ns
[2021-04-26T10:35:52.730+0000][7][safepoint    ] Safepoint "Cleanup", Time since last: 354138879100 ns, Reaching safepoint: 356900 ns, At safepoint: 90000 ns, Total: 446900 ns
[2021-04-26T10:37:38.376+0000][7][gc,start     ] GC(139) Pause Young (Normal) (G1 Evacuation Pause)
[2021-04-26T10:37:38.376+0000][7][gc,task      ] GC(139) Using 2 workers of 2 for evacuation
[2021-04-26T10:37:38.377+0000][7][gc,age       ] GC(139) Desired survivor size 19922944 bytes, new threshold 15 (max threshold 15)
[2021-04-26T10:37:38.381+0000][7][gc,age       ] GC(139) Age table with threshold 15 (max threshold 15)
[2021-04-26T10:37:38.382+0000][7][gc,age       ] GC(139) - age   1:      32224 bytes,      32224 total
[2021-04-26T10:37:38.382+0000][7][gc,age       ] GC(139) - age   2:         40 bytes,      32264 total
[2021-04-26T10:37:38.383+0000][7][gc,age       ] GC(139) - age   4:      16232 bytes,      48496 total
[2021-04-26T10:37:38.383+0000][7][gc,age       ] GC(139) - age   8:        120 bytes,      48616 total
[2021-04-26T10:37:38.384+0000][7][gc,age       ] GC(139) - age  11:        688 bytes,      49304 total
[2021-04-26T10:37:38.384+0000][7][gc,age       ] GC(139) - age  12:       3656 bytes,      52960 total
[2021-04-26T10:37:38.384+0000][7][gc,age       ] GC(139) - age  13:       2016 bytes,      54976 total
[2021-04-26T10:37:38.385+0000][7][gc,age       ] GC(139) - age  14:        480 bytes,      55456 total
[2021-04-26T10:37:38.385+0000][7][gc,phases    ] GC(139)   Pre Evacuate Collection Set: 0.3ms
[2021-04-26T10:37:38.385+0000][7][gc,phases    ] GC(139)   Merge Heap Roots: 0.1ms
[2021-04-26T10:37:38.386+0000][7][gc,phases    ] GC(139)   Evacuate Collection Set: 1.7ms
[2021-04-26T10:37:38.386+0000][7][gc,phases    ] GC(139)   Post Evacuate Collection Set: 1.6ms
[2021-04-26T10:37:38.387+0000][7][gc,phases    ] GC(139)   Other: 5.7ms
[2021-04-26T10:37:38.387+0000][7][gc,heap      ] GC(139) Eden regions: 303->0(303)
[2021-04-26T10:37:38.387+0000][7][gc,heap      ] GC(139) Survivor regions: 1->1(38)
[2021-04-26T10:37:38.388+0000][7][gc,heap      ] GC(139) Old regions: 70->70
[2021-04-26T10:37:38.388+0000][7][gc,heap      ] GC(139) Archive regions: 2->2
[2021-04-26T10:37:38.388+0000][7][gc,heap      ] GC(139) Humongous regions: 7->7
[2021-04-26T10:37:38.389+0000][7][gc,metaspace ] GC(139) Metaspace: 90563K(98020K)->90563K(98020K) NonClass: 78461K(82840K)->78461K(82840K) Class: 12102K(15180K)->12102K(15180K)
[2021-04-26T10:37:38.389+0000][7][gc           ] GC(139) Pause Young (Normal) (G1 Evacuation Pause) 380M->77M(512M) 13.551ms
[2021-04-26T10:37:38.390+0000][7][gc,cpu       ] GC(139) User=0.00s Sys=0.00s Real=0.01s
[2021-04-26T10:37:38.390+0000][7][safepoint    ] Safepoint "G1CollectForAllocation", Time since last: 105645279700 ns, Reaching safepoint: 124600 ns, At safepoint: 14408000 ns, Total: 14532600 ns
[2021-04-26T10:47:44.287+0000][7][gc,start     ] GC(140) Pause Young (Normal) (G1 Evacuation Pause)
[2021-04-26T10:47:44.288+0000][7][gc,task      ] GC(140) Using 2 workers of 2 for evacuation
[2021-04-26T10:47:44.288+0000][7][gc,age       ] GC(140) Desired survivor size 19922944 bytes, new threshold 15 (max threshold 15)
[2021-04-26T10:47:44.292+0000][7][gc,age       ] GC(140) Age table with threshold 15 (max threshold 15)
[2021-04-26T10:47:44.293+0000][7][gc,age       ] GC(140) - age   1:      32000 bytes,      32000 total
[2021-04-26T10:47:44.293+0000][7][gc,age       ] GC(140) - age   2:      16392 bytes,      48392 total
[2021-04-26T10:47:44.293+0000][7][gc,age       ] GC(140) - age   3:         40 bytes,      48432 total
[2021-04-26T10:47:44.294+0000][7][gc,age       ] GC(140) - age   5:         80 bytes,      48512 total
[2021-04-26T10:47:44.294+0000][7][gc,age       ] GC(140) - age   9:        120 bytes,      48632 total
[2021-04-26T10:47:44.295+0000][7][gc,age       ] GC(140) - age  12:        688 bytes,      49320 total
[2021-04-26T10:47:44.295+0000][7][gc,age       ] GC(140) - age  13:       3656 bytes,      52976 total
[2021-04-26T10:47:44.296+0000][7][gc,age       ] GC(140) - age  14:       1976 bytes,      54952 total
[2021-04-26T10:47:44.296+0000][7][gc,age       ] GC(140) - age  15:        480 bytes,      55432 total
[2021-04-26T10:47:44.297+0000][7][gc,phases    ] GC(140)   Pre Evacuate Collection Set: 0.2ms
[2021-04-26T10:47:44.297+0000][7][gc,phases    ] GC(140)   Merge Heap Roots: 0.1ms
[2021-04-26T10:47:44.298+0000][7][gc,phases    ] GC(140)   Evacuate Collection Set: 1.6ms
[2021-04-26T10:47:44.298+0000][7][gc,phases    ] GC(140)   Post Evacuate Collection Set: 1.4ms
[2021-04-26T10:47:44.299+0000][7][gc,phases    ] GC(140)   Other: 6.8ms
[2021-04-26T10:47:44.299+0000][7][gc,heap      ] GC(140) Eden regions: 303->0(303)
[2021-04-26T10:47:44.299+0000][7][gc,heap      ] GC(140) Survivor regions: 1->1(38)
[2021-04-26T10:47:44.300+0000][7][gc,heap      ] GC(140) Old regions: 70->70
[2021-04-26T10:47:44.300+0000][7][gc,heap      ] GC(140) Archive regions: 2->2
[2021-04-26T10:47:44.301+0000][7][gc,heap      ] GC(140) Humongous regions: 7->7
[2021-04-26T10:47:44.301+0000][7][gc,metaspace ] GC(140) Metaspace: 90565K(98020K)->90565K(98020K) NonClass: 78462K(82840K)->78462K(82840K) Class: 12102K(15180K)->12102K(15180K)
[2021-04-26T10:47:44.301+0000][7][gc           ] GC(140) Pause Young (Normal) (G1 Evacuation Pause) 380M->77M(512M) 14.586ms
[2021-04-26T10:47:44.302+0000][7][gc,cpu       ] GC(140) User=0.01s Sys=0.00s Real=0.01s
[2021-04-26T10:47:44.302+0000][7][safepoint    ] Safepoint "G1CollectForAllocation", Time since last: 605896585100 ns, Reaching safepoint: 155600 ns, At safepoint: 15463300 ns, Total: 15618900 ns
[2021-04-26T10:57:51.946+0000][7][gc,start     ] GC(141) Pause Young (Normal) (G1 Evacuation Pause)
[2021-04-26T10:57:51.948+0000][7][gc,task      ] GC(141) Using 2 workers of 2 for evacuation
[2021-04-26T10:57:51.951+0000][7][gc,age       ] GC(141) Desired survivor size 19922944 bytes, new threshold 15 (max threshold 15)
[2021-04-26T10:57:51.968+0000][7][gc,age       ] GC(141) Age table with threshold 15 (max threshold 15)
[2021-04-26T10:57:51.969+0000][7][gc,age       ] GC(141) - age   1:      30840 bytes,      30840 total
[2021-04-26T10:57:51.970+0000][7][gc,age       ] GC(141) - age   2:      16192 bytes,      47032 total
[2021-04-26T10:57:51.971+0000][7][gc,age       ] GC(141) - age   3:         40 bytes,      47072 total
[2021-04-26T10:57:51.971+0000][7][gc,age       ] GC(141) - age   6:         80 bytes,      47152 total
[2021-04-26T10:57:51.972+0000][7][gc,age       ] GC(141) - age  10:        120 bytes,      47272 total
[2021-04-26T10:57:51.973+0000][7][gc,age       ] GC(141) - age  13:        688 bytes,      47960 total
[2021-04-26T10:57:51.974+0000][7][gc,age       ] GC(141) - age  14:       3656 bytes,      51616 total
[2021-04-26T10:57:51.974+0000][7][gc,age       ] GC(141) - age  15:       1976 bytes,      53592 total
[2021-04-26T10:57:51.975+0000][7][gc,phases    ] GC(141)   Pre Evacuate Collection Set: 0.7ms
[2021-04-26T10:57:51.975+0000][7][gc,phases    ] GC(141)   Merge Heap Roots: 0.6ms
[2021-04-26T10:57:51.975+0000][7][gc,phases    ] GC(141)   Evacuate Collection Set: 7.0ms
[2021-04-26T10:57:51.976+0000][7][gc,phases    ] GC(141)   Post Evacuate Collection Set: 6.1ms
[2021-04-26T10:57:51.976+0000][7][gc,phases    ] GC(141)   Other: 14.7ms
[2021-04-26T10:57:51.977+0000][7][gc,heap      ] GC(141) Eden regions: 303->0(303)
[2021-04-26T10:57:51.977+0000][7][gc,heap      ] GC(141) Survivor regions: 1->1(38)
[2021-04-26T10:57:51.978+0000][7][gc,heap      ] GC(141) Old regions: 70->70
[2021-04-26T10:57:51.978+0000][7][gc,heap      ] GC(141) Archive regions: 2->2
[2021-04-26T10:57:51.978+0000][7][gc,heap      ] GC(141) Humongous regions: 7->7
[2021-04-26T10:57:51.979+0000][7][gc,metaspace ] GC(141) Metaspace: 90566K(98020K)->90566K(98020K) NonClass: 78464K(82840K)->78464K(82840K) Class: 12102K(15180K)->12102K(15180K)
[2021-04-26T10:57:51.979+0000][7][gc           ] GC(141) Pause Young (Normal) (G1 Evacuation Pause) 380M->77M(512M) 33.447ms
[2021-04-26T10:57:51.980+0000][7][gc,cpu       ] GC(141) User=0.01s Sys=0.00s Real=0.04s
[2021-04-26T10:57:51.980+0000][7][safepoint    ] Safepoint "G1CollectForAllocation", Time since last: 607641437900 ns, Reaching safepoint: 494700 ns, At safepoint: 34450600 ns, Total: 34945300 ns
[2021-04-26T11:07:56.052+0000][7][gc,start     ] GC(142) Pause Young (Normal) (G1 Evacuation Pause)
[2021-04-26T11:07:56.055+0000][7][gc,task      ] GC(142) Using 2 workers of 2 for evacuation
[2021-04-26T11:07:56.058+0000][7][gc,age       ] GC(142) Desired survivor size 19922944 bytes, new threshold 15 (max threshold 15)
[2021-04-26T11:07:56.070+0000][7][gc,age       ] GC(142) Age table with threshold 15 (max threshold 15)
[2021-04-26T11:07:56.071+0000][7][gc,age       ] GC(142) - age   1:      31192 bytes,      31192 total
[2021-04-26T11:07:56.072+0000][7][gc,age       ] GC(142) - age   2:         40 bytes,      31232 total
[2021-04-26T11:07:56.073+0000][7][gc,age       ] GC(142) - age   3:      16192 bytes,      47424 total
[2021-04-26T11:07:56.074+0000][7][gc,age       ] GC(142) - age   7:         80 bytes,      47504 total
[2021-04-26T11:07:56.075+0000][7][gc,age       ] GC(142) - age  11:        120 bytes,      47624 total
[2021-04-26T11:07:56.075+0000][7][gc,age       ] GC(142) - age  14:        688 bytes,      48312 total
[2021-04-26T11:07:56.076+0000][7][gc,age       ] GC(142) - age  15:       3656 bytes,      51968 total
[2021-04-26T11:07:56.077+0000][7][gc,phases    ] GC(142)   Pre Evacuate Collection Set: 0.4ms
[2021-04-26T11:07:56.077+0000][7][gc,phases    ] GC(142)   Merge Heap Roots: 0.1ms
[2021-04-26T11:07:56.078+0000][7][gc,phases    ] GC(142)   Evacuate Collection Set: 4.4ms
[2021-04-26T11:07:56.078+0000][7][gc,phases    ] GC(142)   Post Evacuate Collection Set: 4.7ms
[2021-04-26T11:07:56.079+0000][7][gc,phases    ] GC(142)   Other: 15.2ms
[2021-04-26T11:07:56.079+0000][7][gc,heap      ] GC(142) Eden regions: 303->0(303)
[2021-04-26T11:07:56.080+0000][7][gc,heap      ] GC(142) Survivor regions: 1->1(38)
[2021-04-26T11:07:56.080+0000][7][gc,heap      ] GC(142) Old regions: 70->70
[2021-04-26T11:07:56.081+0000][7][gc,heap      ] GC(142) Archive regions: 2->2
[2021-04-26T11:07:56.081+0000][7][gc,heap      ] GC(142) Humongous regions: 7->7
[2021-04-26T11:07:56.081+0000][7][gc,metaspace ] GC(142) Metaspace: 90566K(98020K)->90566K(98020K) NonClass: 78464K(82840K)->78464K(82840K) Class: 12102K(15180K)->12102K(15180K)
[2021-04-26T11:07:56.082+0000][7][gc           ] GC(142) Pause Young (Normal) (G1 Evacuation Pause) 380M->77M(512M) 29.729ms
[2021-04-26T11:07:56.082+0000][7][gc,cpu       ] GC(142) User=0.01s Sys=0.00s Real=0.03s
[2021-04-26T11:07:56.082+0000][7][safepoint    ] Safepoint "G1CollectForAllocation", Time since last: 604073285800 ns, Reaching safepoint: 408000 ns, At safepoint: 30484200 ns, Total: 30892200 ns
[2021-04-26T11:18:01.890+0000][7][gc,start     ] GC(143) Pause Young (Normal) (G1 Evacuation Pause)
[2021-04-26T11:18:01.893+0000][7][gc,task      ] GC(143) Using 2 workers of 2 for evacuation
[2021-04-26T11:18:01.896+0000][7][gc,age       ] GC(143) Desired survivor size 19922944 bytes, new threshold 15 (max threshold 15)
[2021-04-26T11:18:01.913+0000][7][gc,age       ] GC(143) Age table with threshold 15 (max threshold 15)
[2021-04-26T11:18:01.914+0000][7][gc,age       ] GC(143) - age   1:      30960 bytes,      30960 total
[2021-04-26T11:18:01.915+0000][7][gc,age       ] GC(143) - age   2:      16576 bytes,      47536 total
[2021-04-26T11:18:01.916+0000][7][gc,age       ] GC(143) - age   3:         40 bytes,      47576 total
[2021-04-26T11:18:01.917+0000][7][gc,age       ] GC(143) - age   4:         40 bytes,      47616 total
[2021-04-26T11:18:01.918+0000][7][gc,age       ] GC(143) - age   8:         40 bytes,      47656 total
[2021-04-26T11:18:01.919+0000][7][gc,age       ] GC(143) - age  12:        120 bytes,      47776 total
[2021-04-26T11:18:01.920+0000][7][gc,age       ] GC(143) - age  15:        688 bytes,      48464 total
[2021-04-26T11:18:01.921+0000][7][gc,phases    ] GC(143)   Pre Evacuate Collection Set: 0.5ms
[2021-04-26T11:18:01.921+0000][7][gc,phases    ] GC(143)   Merge Heap Roots: 0.7ms
[2021-04-26T11:18:01.922+0000][7][gc,phases    ] GC(143)   Evacuate Collection Set: 6.0ms
[2021-04-26T11:18:01.922+0000][7][gc,phases    ] GC(143)   Post Evacuate Collection Set: 4.6ms
[2021-04-26T11:18:01.923+0000][7][gc,phases    ] GC(143)   Other: 19.6ms
[2021-04-26T11:18:01.923+0000][7][gc,heap      ] GC(143) Eden regions: 303->0(303)
[2021-04-26T11:18:01.924+0000][7][gc,heap      ] GC(143) Survivor regions: 1->1(38)
[2021-04-26T11:18:01.924+0000][7][gc,heap      ] GC(143) Old regions: 70->70
[2021-04-26T11:18:01.925+0000][7][gc,heap      ] GC(143) Archive regions: 2->2
[2021-04-26T11:18:01.925+0000][7][gc,heap      ] GC(143) Humongous regions: 7->7
[2021-04-26T11:18:01.925+0000][7][gc,metaspace ] GC(143) Metaspace: 90569K(98020K)->90569K(98020K) NonClass: 78467K(82840K)->78467K(82840K) Class: 12102K(15180K)->12102K(15180K)
[2021-04-26T11:18:01.926+0000][7][gc           ] GC(143) Pause Young (Normal) (G1 Evacuation Pause) 380M->77M(512M) 36.214ms
[2021-04-26T11:18:01.926+0000][7][gc,cpu       ] GC(143) User=0.01s Sys=0.01s Real=0.04s
[2021-04-26T11:18:01.927+0000][7][safepoint    ] Safepoint "G1CollectForAllocation", Time since last: 605807181900 ns, Reaching safepoint: 637000 ns, At safepoint: 37165600 ns, Total: 37802600 ns
[2021-04-26T11:28:09.645+0000][7][gc,start     ] GC(144) Pause Young (Normal) (G1 Evacuation Pause)
[2021-04-26T11:28:09.648+0000][7][gc,task      ] GC(144) Using 2 workers of 2 for evacuation
[2021-04-26T11:28:09.650+0000][7][gc,age       ] GC(144) Desired survivor size 19922944 bytes, new threshold 15 (max threshold 15)
[2021-04-26T11:28:09.667+0000][7][gc,age       ] GC(144) Age table with threshold 15 (max threshold 15)
[2021-04-26T11:28:09.669+0000][7][gc,age       ] GC(144) - age   1:      14776 bytes,      14776 total
[2021-04-26T11:28:09.670+0000][7][gc,age       ] GC(144) - age   2:      16704 bytes,      31480 total
[2021-04-26T11:28:09.671+0000][7][gc,age       ] GC(144) - age   3:      16376 bytes,      47856 total
[2021-04-26T11:28:09.672+0000][7][gc,age       ] GC(144) - age   4:         40 bytes,      47896 total
[2021-04-26T11:28:09.673+0000][7][gc,age       ] GC(144) - age   5:         40 bytes,      47936 total
[2021-04-26T11:28:09.674+0000][7][gc,age       ] GC(144) - age   9:         40 bytes,      47976 total
[2021-04-26T11:28:09.675+0000][7][gc,age       ] GC(144) - age  13:        120 bytes,      48096 total
[2021-04-26T11:28:09.675+0000][7][gc,phases    ] GC(144)   Pre Evacuate Collection Set: 1.2ms
[2021-04-26T11:28:09.676+0000][7][gc,phases    ] GC(144)   Merge Heap Roots: 0.5ms
[2021-04-26T11:28:09.676+0000][7][gc,phases    ] GC(144)   Evacuate Collection Set: 10.5ms
[2021-04-26T11:28:09.677+0000][7][gc,phases    ] GC(144)   Post Evacuate Collection Set: 2.5ms
[2021-04-26T11:28:09.677+0000][7][gc,phases    ] GC(144)   Other: 15.6ms
[2021-04-26T11:28:09.678+0000][7][gc,heap      ] GC(144) Eden regions: 303->0(303)
[2021-04-26T11:28:09.678+0000][7][gc,heap      ] GC(144) Survivor regions: 1->1(38)
[2021-04-26T11:28:09.678+0000][7][gc,heap      ] GC(144) Old regions: 70->70
[2021-04-26T11:28:09.679+0000][7][gc,heap      ] GC(144) Archive regions: 2->2
[2021-04-26T11:28:09.679+0000][7][gc,heap      ] GC(144) Humongous regions: 7->7
[2021-04-26T11:28:09.680+0000][7][gc,metaspace ] GC(144) Metaspace: 90571K(98020K)->90571K(98020K) NonClass: 78469K(82840K)->78469K(82840K) Class: 12102K(15180K)->12102K(15180K)
[2021-04-26T11:28:09.680+0000][7][gc           ] GC(144) Pause Young (Normal) (G1 Evacuation Pause) 380M->77M(512M) 34.937ms
[2021-04-26T11:28:09.681+0000][7][gc,cpu       ] GC(144) User=0.02s Sys=0.00s Real=0.03s
[2021-04-26T11:28:09.681+0000][7][safepoint    ] Safepoint "G1CollectForAllocation", Time since last: 607717154100 ns, Reaching safepoint: 457800 ns, At safepoint: 35798500 ns, Total: 36256300 ns
[2021-04-26T11:35:52.864+0000][7][safepoint    ] Safepoint "Cleanup", Time since last: 463182458100 ns, Reaching safepoint: 651000 ns, At safepoint: 17900 ns, Total: 668900 ns
[2021-04-26T11:38:18.625+0000][7][gc,start     ] GC(145) Pause Young (Normal) (G1 Evacuation Pause)
[2021-04-26T11:38:18.628+0000][7][gc,task      ] GC(145) Using 2 workers of 2 for evacuation
[2021-04-26T11:38:18.630+0000][7][gc,age       ] GC(145) Desired survivor size 19922944 bytes, new threshold 15 (max threshold 15)
[2021-04-26T11:38:18.645+0000][7][gc,age       ] GC(145) Age table with threshold 15 (max threshold 15)
[2021-04-26T11:38:18.647+0000][7][gc,age       ] GC(145) - age   1:      48616 bytes,      48616 total
[2021-04-26T11:38:18.649+0000][7][gc,age       ] GC(145) - age   3:        552 bytes,      49168 total
[2021-04-26T11:38:18.650+0000][7][gc,age       ] GC(145) - age   4:        224 bytes,      49392 total
[2021-04-26T11:38:18.651+0000][7][gc,age       ] GC(145) - age   6:         40 bytes,      49432 total
[2021-04-26T11:38:18.653+0000][7][gc,age       ] GC(145) - age  14:        120 bytes,      49552 total
[2021-04-26T11:38:18.654+0000][7][gc,phases    ] GC(145)   Pre Evacuate Collection Set: 0.6ms
[2021-04-26T11:38:18.655+0000][7][gc,phases    ] GC(145)   Merge Heap Roots: 0.3ms
[2021-04-26T11:38:18.656+0000][7][gc,phases    ] GC(145)   Evacuate Collection Set: 4.3ms
[2021-04-26T11:38:18.657+0000][7][gc,phases    ] GC(145)   Post Evacuate Collection Set: 6.5ms
[2021-04-26T11:38:18.658+0000][7][gc,phases    ] GC(145)   Other: 17.1ms
[2021-04-26T11:38:18.659+0000][7][gc,heap      ] GC(145) Eden regions: 303->0(303)
[2021-04-26T11:38:18.659+0000][7][gc,heap      ] GC(145) Survivor regions: 1->1(38)
[2021-04-26T11:38:18.660+0000][7][gc,heap      ] GC(145) Old regions: 70->70
[2021-04-26T11:38:18.660+0000][7][gc,heap      ] GC(145) Archive regions: 2->2
[2021-04-26T11:38:18.661+0000][7][gc,heap      ] GC(145) Humongous regions: 7->7
[2021-04-26T11:38:18.661+0000][7][gc,metaspace ] GC(145) Metaspace: 90577K(98020K)->90577K(98020K) NonClass: 78475K(82840K)->78475K(82840K) Class: 12102K(15180K)->12102K(15180K)
[2021-04-26T11:38:18.662+0000][7][gc           ] GC(145) Pause Young (Normal) (G1 Evacuation Pause) 380M->77M(512M) 36.471ms
[2021-04-26T11:38:18.662+0000][7][gc,cpu       ] GC(145) User=0.02s Sys=0.00s Real=0.03s
[2021-04-26T11:38:18.662+0000][7][safepoint    ] Safepoint "G1CollectForAllocation", Time since last: 145761577400 ns, Reaching safepoint: 432300 ns, At safepoint: 37279500 ns, Total: 37711800 ns
[2021-04-26T11:48:24.576+0000][7][gc,start     ] GC(146) Pause Young (Normal) (G1 Evacuation Pause)
[2021-04-26T11:48:24.579+0000][7][gc,task      ] GC(146) Using 2 workers of 2 for evacuation
[2021-04-26T11:48:24.581+0000][7][gc,age       ] GC(146) Desired survivor size 19922944 bytes, new threshold 15 (max threshold 15)
[2021-04-26T11:48:24.594+0000][7][gc,age       ] GC(146) Age table with threshold 15 (max threshold 15)
[2021-04-26T11:48:24.596+0000][7][gc,age       ] GC(146) - age   1:      32472 bytes,      32472 total
[2021-04-26T11:48:24.596+0000][7][gc,age       ] GC(146) - age   2:      16560 bytes,      49032 total
[2021-04-26T11:48:24.598+0000][7][gc,age       ] GC(146) - age   4:        552 bytes,      49584 total
[2021-04-26T11:48:24.599+0000][7][gc,age       ] GC(146) - age   5:        184 bytes,      49768 total
[2021-04-26T11:48:24.600+0000][7][gc,age       ] GC(146) - age   7:         40 bytes,      49808 total
[2021-04-26T11:48:24.600+0000][7][gc,age       ] GC(146) - age  15:        120 bytes,      49928 total
[2021-04-26T11:48:24.601+0000][7][gc,phases    ] GC(146)   Pre Evacuate Collection Set: 0.4ms
[2021-04-26T11:48:24.602+0000][7][gc,phases    ] GC(146)   Merge Heap Roots: 0.8ms
[2021-04-26T11:48:24.602+0000][7][gc,phases    ] GC(146)   Evacuate Collection Set: 4.2ms
[2021-04-26T11:48:24.603+0000][7][gc,phases    ] GC(146)   Post Evacuate Collection Set: 5.0ms
[2021-04-26T11:48:24.603+0000][7][gc,phases    ] GC(146)   Other: 14.7ms
[2021-04-26T11:48:24.604+0000][7][gc,heap      ] GC(146) Eden regions: 303->0(303)
[2021-04-26T11:48:24.605+0000][7][gc,heap      ] GC(146) Survivor regions: 1->1(38)
[2021-04-26T11:48:24.605+0000][7][gc,heap      ] GC(146) Old regions: 70->70
[2021-04-26T11:48:24.606+0000][7][gc,heap      ] GC(146) Archive regions: 2->2
[2021-04-26T11:48:24.606+0000][7][gc,heap      ] GC(146) Humongous regions: 7->7
[2021-04-26T11:48:24.607+0000][7][gc,metaspace ] GC(146) Metaspace: 90580K(98020K)->90580K(98020K) NonClass: 78478K(82840K)->78478K(82840K) Class: 12102K(15180K)->12102K(15180K)
[2021-04-26T11:48:24.607+0000][7][gc           ] GC(146) Pause Young (Normal) (G1 Evacuation Pause) 380M->77M(512M) 31.340ms
[2021-04-26T11:48:24.608+0000][7][gc,cpu       ] GC(146) User=0.01s Sys=0.01s Real=0.03s
[2021-04-26T11:48:24.609+0000][7][safepoint    ] Safepoint "G1CollectForAllocation", Time since last: 605912630900 ns, Reaching safepoint: 492200 ns, At safepoint: 32754500 ns, Total: 33246700 ns
[2021-04-26T11:54:30.731+0000][7][safepoint    ] Safepoint "Cleanup", Time since last: 366122699800 ns, Reaching safepoint: 407800 ns, At safepoint: 7900 ns, Total: 415700 ns
[2021-04-26T11:55:52.764+0000][7][safepoint    ] Safepoint "Cleanup", Time since last: 82030567600 ns, Reaching safepoint: 239000 ns, At safepoint: 5200 ns, Total: 244200 ns
[2021-04-26T11:58:30.354+0000][7][gc,start     ] GC(147) Pause Young (Normal) (G1 Evacuation Pause)
[2021-04-26T11:58:30.355+0000][7][gc,task      ] GC(147) Using 2 workers of 2 for evacuation
[2021-04-26T11:58:30.356+0000][7][gc,age       ] GC(147) Desired survivor size 19922944 bytes, new threshold 15 (max threshold 15)
[2021-04-26T11:58:30.359+0000][7][gc,age       ] GC(147) Age table with threshold 15 (max threshold 15)
[2021-04-26T11:58:30.359+0000][7][gc,age       ] GC(147) - age   1:      32608 bytes,      32608 total
[2021-04-26T11:58:30.360+0000][7][gc,age       ] GC(147) - age   2:        600 bytes,      33208 total
[2021-04-26T11:58:30.360+0000][7][gc,age       ] GC(147) - age   3:      16320 bytes,      49528 total
[2021-04-26T11:58:30.361+0000][7][gc,age       ] GC(147) - age   5:        552 bytes,      50080 total
[2021-04-26T11:58:30.361+0000][7][gc,age       ] GC(147) - age   6:        184 bytes,      50264 total
[2021-04-26T11:58:30.362+0000][7][gc,age       ] GC(147) - age   8:         40 bytes,      50304 total
[2021-04-26T11:58:30.362+0000][7][gc,phases    ] GC(147)   Pre Evacuate Collection Set: 0.1ms
[2021-04-26T11:58:30.363+0000][7][gc,phases    ] GC(147)   Merge Heap Roots: 0.0ms
[2021-04-26T11:58:30.363+0000][7][gc,phases    ] GC(147)   Evacuate Collection Set: 0.7ms
[2021-04-26T11:58:30.363+0000][7][gc,phases    ] GC(147)   Post Evacuate Collection Set: 1.4ms
[2021-04-26T11:58:30.364+0000][7][gc,phases    ] GC(147)   Other: 5.5ms
[2021-04-26T11:58:30.364+0000][7][gc,heap      ] GC(147) Eden regions: 303->0(303)
[2021-04-26T11:58:30.364+0000][7][gc,heap      ] GC(147) Survivor regions: 1->1(38)
[2021-04-26T11:58:30.365+0000][7][gc,heap      ] GC(147) Old regions: 70->70
[2021-04-26T11:58:30.365+0000][7][gc,heap      ] GC(147) Archive regions: 2->2
[2021-04-26T11:58:30.365+0000][7][gc,heap      ] GC(147) Humongous regions: 7->7
[2021-04-26T11:58:30.366+0000][7][gc,metaspace ] GC(147) Metaspace: 90595K(98020K)->90595K(98020K) NonClass: 78493K(82840K)->78493K(82840K) Class: 12102K(15180K)->12102K(15180K)
[2021-04-26T11:58:30.366+0000][7][gc           ] GC(147) Pause Young (Normal) (G1 Evacuation Pause) 380M->77M(512M) 11.673ms
[2021-04-26T11:58:30.367+0000][7][gc,cpu       ] GC(147) User=0.00s Sys=0.00s Real=0.01s
[2021-04-26T11:58:30.367+0000][7][safepoint    ] Safepoint "G1CollectForAllocation", Time since last: 157592319900 ns, Reaching safepoint: 123100 ns, At safepoint: 12414000 ns, Total: 12537100 ns
[2021-04-26T12:05:53.540+0000][7][safepoint    ] Safepoint "Cleanup", Time since last: 443170482400 ns, Reaching safepoint: 849300 ns, At safepoint: 95500 ns, Total: 944800 ns
[2021-04-26T12:08:36.278+0000][7][gc,start     ] GC(148) Pause Young (Normal) (G1 Evacuation Pause)
[2021-04-26T12:08:36.280+0000][7][gc,task      ] GC(148) Using 2 workers of 2 for evacuation
[2021-04-26T12:08:36.283+0000][7][gc,age       ] GC(148) Desired survivor size 19922944 bytes, new threshold 15 (max threshold 15)
[2021-04-26T12:08:36.290+0000][7][gc,age       ] GC(148) Age table with threshold 15 (max threshold 15)
[2021-04-26T12:08:36.291+0000][7][gc,age       ] GC(148) - age   1:      32856 bytes,      32856 total
[2021-04-26T12:08:36.292+0000][7][gc,age       ] GC(148) - age   2:      16784 bytes,      49640 total
[2021-04-26T12:08:36.293+0000][7][gc,age       ] GC(148) - age   3:        560 bytes,      50200 total
[2021-04-26T12:08:36.293+0000][7][gc,age       ] GC(148) - age   4:        168 bytes,      50368 total
[2021-04-26T12:08:36.294+0000][7][gc,age       ] GC(148) - age   6:        552 bytes,      50920 total
[2021-04-26T12:08:36.294+0000][7][gc,age       ] GC(148) - age   7:        184 bytes,      51104 total
[2021-04-26T12:08:36.295+0000][7][gc,age       ] GC(148) - age   9:         40 bytes,      51144 total
[2021-04-26T12:08:36.295+0000][7][gc,phases    ] GC(148)   Pre Evacuate Collection Set: 0.4ms
[2021-04-26T12:08:36.296+0000][7][gc,phases    ] GC(148)   Merge Heap Roots: 0.2ms
[2021-04-26T12:08:36.296+0000][7][gc,phases    ] GC(148)   Evacuate Collection Set: 2.0ms
[2021-04-26T12:08:36.297+0000][7][gc,phases    ] GC(148)   Post Evacuate Collection Set: 3.2ms
[2021-04-26T12:08:36.297+0000][7][gc,phases    ] GC(148)   Other: 11.7ms
[2021-04-26T12:08:36.298+0000][7][gc,heap      ] GC(148) Eden regions: 303->0(303)
[2021-04-26T12:08:36.298+0000][7][gc,heap      ] GC(148) Survivor regions: 1->1(38)
[2021-04-26T12:08:36.299+0000][7][gc,heap      ] GC(148) Old regions: 70->70
[2021-04-26T12:08:36.299+0000][7][gc,heap      ] GC(148) Archive regions: 2->2
[2021-04-26T12:08:36.299+0000][7][gc,heap      ] GC(148) Humongous regions: 7->7
[2021-04-26T12:08:36.300+0000][7][gc,metaspace ] GC(148) Metaspace: 90616K(98020K)->90616K(98020K) NonClass: 78514K(82840K)->78514K(82840K) Class: 12102K(15180K)->12102K(15180K)
[2021-04-26T12:08:36.300+0000][7][gc           ] GC(148) Pause Young (Normal) (G1 Evacuation Pause) 380M->77M(512M) 22.322ms
[2021-04-26T12:08:36.301+0000][7][gc,cpu       ] GC(148) User=0.01s Sys=0.01s Real=0.02s
[2021-04-26T12:08:36.301+0000][7][safepoint    ] Safepoint "G1CollectForAllocation", Time since last: 162739178700 ns, Reaching safepoint: 416500 ns, At safepoint: 23258000 ns, Total: 23674500 ns
[2021-04-26T12:15:53.440+0000][7][safepoint    ] Safepoint "Cleanup", Time since last: 437137298400 ns, Reaching safepoint: 499100 ns, At safepoint: 13500 ns, Total: 512600 ns
[2021-04-26T12:18:43.237+0000][7][gc,start     ] GC(149) Pause Young (Normal) (G1 Evacuation Pause)
[2021-04-26T12:18:43.238+0000][7][gc,task      ] GC(149) Using 2 workers of 2 for evacuation
[2021-04-26T12:18:43.238+0000][7][gc,age       ] GC(149) Desired survivor size 19922944 bytes, new threshold 15 (max threshold 15)
[2021-04-26T12:18:43.243+0000][7][gc,age       ] GC(149) Age table with threshold 15 (max threshold 15)
[2021-04-26T12:18:43.244+0000][7][gc,age       ] GC(149) - age   1:      31192 bytes,      31192 total
[2021-04-26T12:18:43.244+0000][7][gc,age       ] GC(149) - age   2:        960 bytes,      32152 total
[2021-04-26T12:18:43.245+0000][7][gc,age       ] GC(149) - age   3:      16632 bytes,      48784 total
[2021-04-26T12:18:43.245+0000][7][gc,age       ] GC(149) - age   4:        560 bytes,      49344 total
[2021-04-26T12:18:43.246+0000][7][gc,age       ] GC(149) - age   5:        168 bytes,      49512 total
[2021-04-26T12:18:43.246+0000][7][gc,age       ] GC(149) - age   7:        552 bytes,      50064 total
[2021-04-26T12:18:43.247+0000][7][gc,age       ] GC(149) - age   8:        184 bytes,      50248 total
[2021-04-26T12:18:43.247+0000][7][gc,phases    ] GC(149)   Pre Evacuate Collection Set: 0.3ms
[2021-04-26T12:18:43.247+0000][7][gc,phases    ] GC(149)   Merge Heap Roots: 0.1ms
[2021-04-26T12:18:43.248+0000][7][gc,phases    ] GC(149)   Evacuate Collection Set: 1.8ms
[2021-04-26T12:18:43.248+0000][7][gc,phases    ] GC(149)   Post Evacuate Collection Set: 1.6ms
[2021-04-26T12:18:43.249+0000][7][gc,phases    ] GC(149)   Other: 6.2ms
[2021-04-26T12:18:43.249+0000][7][gc,heap      ] GC(149) Eden regions: 303->0(303)
[2021-04-26T12:18:43.250+0000][7][gc,heap      ] GC(149) Survivor regions: 1->1(38)
[2021-04-26T12:18:43.250+0000][7][gc,heap      ] GC(149) Old regions: 70->70
[2021-04-26T12:18:43.250+0000][7][gc,heap      ] GC(149) Archive regions: 2->2
[2021-04-26T12:18:43.251+0000][7][gc,heap      ] GC(149) Humongous regions: 7->7
[2021-04-26T12:18:43.251+0000][7][gc,metaspace ] GC(149) Metaspace: 90621K(98020K)->90621K(98020K) NonClass: 78519K(82840K)->78519K(82840K) Class: 12102K(15180K)->12102K(15180K)
[2021-04-26T12:18:43.251+0000][7][gc           ] GC(149) Pause Young (Normal) (G1 Evacuation Pause) 380M->77M(512M) 14.381ms
[2021-04-26T12:18:43.252+0000][7][gc,cpu       ] GC(149) User=0.01s Sys=0.00s Real=0.01s
[2021-04-26T12:18:43.252+0000][7][safepoint    ] Safepoint "G1CollectForAllocation", Time since last: 169797134800 ns, Reaching safepoint: 157600 ns, At safepoint: 15245900 ns, Total: 15403500 ns
[2021-04-26T12:28:50.140+0000][7][gc,start     ] GC(150) Pause Young (Normal) (G1 Evacuation Pause)
[2021-04-26T12:28:50.142+0000][7][gc,task      ] GC(150) Using 2 workers of 2 for evacuation
[2021-04-26T12:28:50.145+0000][7][gc,age       ] GC(150) Desired survivor size 19922944 bytes, new threshold 15 (max threshold 15)
[2021-04-26T12:28:50.159+0000][7][gc,age       ] GC(150) Age table with threshold 15 (max threshold 15)
[2021-04-26T12:28:50.161+0000][7][gc,age       ] GC(150) - age   1:      30928 bytes,      30928 total
[2021-04-26T12:28:50.162+0000][7][gc,age       ] GC(150) - age   2:         40 bytes,      30968 total
[2021-04-26T12:28:50.164+0000][7][gc,age       ] GC(150) - age   3:        720 bytes,      31688 total
[2021-04-26T12:28:50.165+0000][7][gc,age       ] GC(150) - age   4:      16632 bytes,      48320 total
[2021-04-26T12:28:50.166+0000][7][gc,age       ] GC(150) - age   5:        560 bytes,      48880 total
[2021-04-26T12:28:50.166+0000][7][gc,age       ] GC(150) - age   6:        168 bytes,      49048 total
[2021-04-26T12:28:50.168+0000][7][gc,age       ] GC(150) - age   8:        552 bytes,      49600 total
[2021-04-26T12:28:50.168+0000][7][gc,age       ] GC(150) - age   9:        184 bytes,      49784 total
[2021-04-26T12:28:50.169+0000][7][gc,phases    ] GC(150)   Pre Evacuate Collection Set: 0.6ms
[2021-04-26T12:28:50.170+0000][7][gc,phases    ] GC(150)   Merge Heap Roots: 0.7ms
[2021-04-26T12:28:50.171+0000][7][gc,phases    ] GC(150)   Evacuate Collection Set: 3.6ms
[2021-04-26T12:28:50.172+0000][7][gc,phases    ] GC(150)   Post Evacuate Collection Set: 6.8ms
[2021-04-26T12:28:50.173+0000][7][gc,phases    ] GC(150)   Other: 17.8ms
[2021-04-26T12:28:50.174+0000][7][gc,heap      ] GC(150) Eden regions: 303->0(303)
[2021-04-26T12:28:50.174+0000][7][gc,heap      ] GC(150) Survivor regions: 1->1(38)
[2021-04-26T12:28:50.175+0000][7][gc,heap      ] GC(150) Old regions: 70->70
[2021-04-26T12:28:50.175+0000][7][gc,heap      ] GC(150) Archive regions: 2->2
[2021-04-26T12:28:50.176+0000][7][gc,heap      ] GC(150) Humongous regions: 7->7
[2021-04-26T12:28:50.177+0000][7][gc,metaspace ] GC(150) Metaspace: 90621K(98020K)->90621K(98020K) NonClass: 78519K(82840K)->78519K(82840K) Class: 12102K(15180K)->12102K(15180K)
[2021-04-26T12:28:50.177+0000][7][gc           ] GC(150) Pause Young (Normal) (G1 Evacuation Pause) 380M->77M(512M) 37.145ms
[2021-04-26T12:28:50.177+0000][7][gc,cpu       ] GC(150) User=0.02s Sys=0.00s Real=0.04s
[2021-04-26T12:28:50.178+0000][7][safepoint    ] Safepoint "G1CollectForAllocation", Time since last: 606886953700 ns, Reaching safepoint: 425000 ns, At safepoint: 38444500 ns, Total: 38869500 ns
[2021-04-26T12:38:58.960+0000][7][gc,start     ] GC(151) Pause Young (Normal) (G1 Evacuation Pause)
[2021-04-26T12:38:58.963+0000][7][gc,task      ] GC(151) Using 2 workers of 2 for evacuation
[2021-04-26T12:38:58.965+0000][7][gc,age       ] GC(151) Desired survivor size 19922944 bytes, new threshold 15 (max threshold 15)
[2021-04-26T12:38:58.979+0000][7][gc,age       ] GC(151) Age table with threshold 15 (max threshold 15)
[2021-04-26T12:38:58.982+0000][7][gc,age       ] GC(151) - age   1:      32152 bytes,      32152 total
[2021-04-26T12:38:58.983+0000][7][gc,age       ] GC(151) - age   2:      16192 bytes,      48344 total
[2021-04-26T12:38:58.986+0000][7][gc,age       ] GC(151) - age   4:        720 bytes,      49064 total
[2021-04-26T12:38:58.987+0000][7][gc,age       ] GC(151) - age   5:        480 bytes,      49544 total
[2021-04-26T12:38:58.989+0000][7][gc,age       ] GC(151) - age   6:        560 bytes,      50104 total
[2021-04-26T12:38:58.990+0000][7][gc,age       ] GC(151) - age   7:        168 bytes,      50272 total
[2021-04-26T12:38:58.991+0000][7][gc,age       ] GC(151) - age   9:        552 bytes,      50824 total
[2021-04-26T12:38:58.993+0000][7][gc,age       ] GC(151) - age  10:        184 bytes,      51008 total
[2021-04-26T12:38:58.994+0000][7][gc,phases    ] GC(151)   Pre Evacuate Collection Set: 0.7ms
[2021-04-26T12:38:58.995+0000][7][gc,phases    ] GC(151)   Merge Heap Roots: 0.3ms
[2021-04-26T12:38:58.996+0000][7][gc,phases    ] GC(151)   Evacuate Collection Set: 4.9ms
[2021-04-26T12:38:58.996+0000][7][gc,phases    ] GC(151)   Post Evacuate Collection Set: 6.1ms
[2021-04-26T12:38:58.997+0000][7][gc,phases    ] GC(151)   Other: 21.9ms
[2021-04-26T12:38:58.998+0000][7][gc,heap      ] GC(151) Eden regions: 303->0(303)
[2021-04-26T12:38:58.998+0000][7][gc,heap      ] GC(151) Survivor regions: 1->1(38)
[2021-04-26T12:38:58.999+0000][7][gc,heap      ] GC(151) Old regions: 70->70
[2021-04-26T12:38:59.000+0000][7][gc,heap      ] GC(151) Archive regions: 2->2
[2021-04-26T12:38:59.000+0000][7][gc,heap      ] GC(151) Humongous regions: 7->7
[2021-04-26T12:38:59.000+0000][7][gc,metaspace ] GC(151) Metaspace: 90621K(98020K)->90621K(98020K) NonClass: 78519K(82840K)->78519K(82840K) Class: 12102K(15180K)->12102K(15180K)
[2021-04-26T12:38:59.001+0000][7][gc           ] GC(151) Pause Young (Normal) (G1 Evacuation Pause) 380M->77M(512M) 40.993ms
[2021-04-26T12:38:59.001+0000][7][gc,cpu       ] GC(151) User=0.01s Sys=0.01s Real=0.04s
[2021-04-26T12:38:59.002+0000][7][safepoint    ] Safepoint "G1CollectForAllocation", Time since last: 608780715900 ns, Reaching safepoint: 406400 ns, At safepoint: 42008300 ns, Total: 42414700 ns
[2021-04-26T12:49:04.810+0000][7][gc,start     ] GC(152) Pause Young (Normal) (G1 Evacuation Pause)
[2021-04-26T12:49:04.812+0000][7][gc,task      ] GC(152) Using 2 workers of 2 for evacuation
[2021-04-26T12:49:04.815+0000][7][gc,age       ] GC(152) Desired survivor size 19922944 bytes, new threshold 15 (max threshold 15)
[2021-04-26T12:49:04.828+0000][7][gc,age       ] GC(152) Age table with threshold 15 (max threshold 15)
[2021-04-26T12:49:04.829+0000][7][gc,age       ] GC(152) - age   1:      32024 bytes,      32024 total
[2021-04-26T12:49:04.829+0000][7][gc,age       ] GC(152) - age   2:      16392 bytes,      48416 total
[2021-04-26T12:49:04.830+0000][7][gc,age       ] GC(152) - age   3:         40 bytes,      48456 total
[2021-04-26T12:49:04.831+0000][7][gc,age       ] GC(152) - age   5:        720 bytes,      49176 total
[2021-04-26T12:49:04.832+0000][7][gc,age       ] GC(152) - age   6:        480 bytes,      49656 total
[2021-04-26T12:49:04.832+0000][7][gc,age       ] GC(152) - age   7:        560 bytes,      50216 total
[2021-04-26T12:49:04.833+0000][7][gc,age       ] GC(152) - age   8:        168 bytes,      50384 total
[2021-04-26T12:49:04.833+0000][7][gc,age       ] GC(152) - age  10:        512 bytes,      50896 total
[2021-04-26T12:49:04.834+0000][7][gc,age       ] GC(152) - age  11:        184 bytes,      51080 total
[2021-04-26T12:49:04.834+0000][7][gc,phases    ] GC(152)   Pre Evacuate Collection Set: 0.4ms
[2021-04-26T12:49:04.835+0000][7][gc,phases    ] GC(152)   Merge Heap Roots: 0.3ms
[2021-04-26T12:49:04.835+0000][7][gc,phases    ] GC(152)   Evacuate Collection Set: 4.6ms
[2021-04-26T12:49:04.835+0000][7][gc,phases    ] GC(152)   Post Evacuate Collection Set: 4.8ms
[2021-04-26T12:49:04.836+0000][7][gc,phases    ] GC(152)   Other: 14.3ms
[2021-04-26T12:49:04.836+0000][7][gc,heap      ] GC(152) Eden regions: 303->0(303)
[2021-04-26T12:49:04.837+0000][7][gc,heap      ] GC(152) Survivor regions: 1->1(38)
[2021-04-26T12:49:04.837+0000][7][gc,heap      ] GC(152) Old regions: 70->70
[2021-04-26T12:49:04.837+0000][7][gc,heap      ] GC(152) Archive regions: 2->2
[2021-04-26T12:49:04.838+0000][7][gc,heap      ] GC(152) Humongous regions: 7->7
[2021-04-26T12:49:04.838+0000][7][gc,metaspace ] GC(152) Metaspace: 90621K(98020K)->90621K(98020K) NonClass: 78519K(82840K)->78519K(82840K) Class: 12102K(15180K)->12102K(15180K)
[2021-04-26T12:49:04.839+0000][7][gc           ] GC(152) Pause Young (Normal) (G1 Evacuation Pause) 380M->77M(512M) 28.704ms
[2021-04-26T12:49:04.839+0000][7][gc,cpu       ] GC(152) User=0.01s Sys=0.00s Real=0.03s
[2021-04-26T12:49:04.839+0000][7][safepoint    ] Safepoint "G1CollectForAllocation", Time since last: 605807313000 ns, Reaching safepoint: 800600 ns, At safepoint: 29536400 ns, Total: 30337000 ns
[2021-04-26T12:59:10.583+0000][7][gc,start     ] GC(153) Pause Young (Normal) (G1 Evacuation Pause)
[2021-04-26T12:59:10.586+0000][7][gc,task      ] GC(153) Using 2 workers of 2 for evacuation
[2021-04-26T12:59:10.590+0000][7][gc,age       ] GC(153) Desired survivor size 19922944 bytes, new threshold 15 (max threshold 15)
[2021-04-26T12:59:10.602+0000][7][gc,age       ] GC(153) Age table with threshold 15 (max threshold 15)
[2021-04-26T12:59:10.604+0000][7][gc,age       ] GC(153) - age   1:      48368 bytes,      48368 total
[2021-04-26T12:59:10.606+0000][7][gc,age       ] GC(153) - age   2:         40 bytes,      48408 total
[2021-04-26T12:59:10.608+0000][7][gc,age       ] GC(153) - age   3:         40 bytes,      48448 total
[2021-04-26T12:59:10.611+0000][7][gc,age       ] GC(153) - age   6:        720 bytes,      49168 total
[2021-04-26T12:59:10.613+0000][7][gc,age       ] GC(153) - age   7:        480 bytes,      49648 total
[2021-04-26T12:59:10.614+0000][7][gc,age       ] GC(153) - age   8:        560 bytes,      50208 total
[2021-04-26T12:59:10.616+0000][7][gc,age       ] GC(153) - age   9:        128 bytes,      50336 total
[2021-04-26T12:59:10.617+0000][7][gc,age       ] GC(153) - age  11:        512 bytes,      50848 total
[2021-04-26T12:59:10.618+0000][7][gc,age       ] GC(153) - age  12:        184 bytes,      51032 total
[2021-04-26T12:59:10.619+0000][7][gc,phases    ] GC(153)   Pre Evacuate Collection Set: 0.3ms
[2021-04-26T12:59:10.620+0000][7][gc,phases    ] GC(153)   Merge Heap Roots: 0.4ms
[2021-04-26T12:59:10.621+0000][7][gc,phases    ] GC(153)   Evacuate Collection Set: 3.3ms
[2021-04-26T12:59:10.622+0000][7][gc,phases    ] GC(153)   Post Evacuate Collection Set: 5.9ms
[2021-04-26T12:59:10.623+0000][7][gc,phases    ] GC(153)   Other: 26.7ms
[2021-04-26T12:59:10.623+0000][7][gc,heap      ] GC(153) Eden regions: 303->0(303)
[2021-04-26T12:59:10.624+0000][7][gc,heap      ] GC(153) Survivor regions: 1->1(38)
[2021-04-26T12:59:10.624+0000][7][gc,heap      ] GC(153) Old regions: 70->70
[2021-04-26T12:59:10.625+0000][7][gc,heap      ] GC(153) Archive regions: 2->2
[2021-04-26T12:59:10.625+0000][7][gc,heap      ] GC(153) Humongous regions: 7->7
[2021-04-26T12:59:10.625+0000][7][gc,metaspace ] GC(153) Metaspace: 90621K(98020K)->90621K(98020K) NonClass: 78519K(82840K)->78519K(82840K) Class: 12102K(15180K)->12102K(15180K)
[2021-04-26T12:59:10.626+0000][7][gc           ] GC(153) Pause Young (Normal) (G1 Evacuation Pause) 380M->77M(512M) 43.320ms
[2021-04-26T12:59:10.626+0000][7][gc,cpu       ] GC(153) User=0.01s Sys=0.01s Real=0.05s
[2021-04-26T12:59:10.627+0000][7][safepoint    ] Safepoint "G1CollectForAllocation", Time since last: 605742559200 ns, Reaching safepoint: 409200 ns, At safepoint: 44463300 ns, Total: 44872500 ns
[2021-04-26T13:00:26.655+0000][7][safepoint    ] Safepoint "Cleanup", Time since last: 76028298900 ns, Reaching safepoint: 308300 ns, At safepoint: 7300 ns, Total: 315600 ns
[2021-04-26T13:09:16.490+0000][7][gc,start     ] GC(154) Pause Young (Normal) (G1 Evacuation Pause)
[2021-04-26T13:09:16.493+0000][7][gc,task      ] GC(154) Using 2 workers of 2 for evacuation
[2021-04-26T13:09:16.495+0000][7][gc,age       ] GC(154) Desired survivor size 19922944 bytes, new threshold 15 (max threshold 15)
[2021-04-26T13:09:16.507+0000][7][gc,age       ] GC(154) Age table with threshold 15 (max threshold 15)
[2021-04-26T13:09:16.508+0000][7][gc,age       ] GC(154) - age   1:      32224 bytes,      32224 total
[2021-04-26T13:09:16.509+0000][7][gc,age       ] GC(154) - age   2:      16296 bytes,      48520 total
[2021-04-26T13:09:16.510+0000][7][gc,age       ] GC(154) - age   3:         40 bytes,      48560 total
[2021-04-26T13:09:16.511+0000][7][gc,age       ] GC(154) - age   4:         40 bytes,      48600 total
[2021-04-26T13:09:16.511+0000][7][gc,age       ] GC(154) - age   7:        720 bytes,      49320 total
[2021-04-26T13:09:16.512+0000][7][gc,age       ] GC(154) - age   8:        440 bytes,      49760 total
[2021-04-26T13:09:16.513+0000][7][gc,age       ] GC(154) - age   9:        560 bytes,      50320 total
[2021-04-26T13:09:16.513+0000][7][gc,age       ] GC(154) - age  10:        128 bytes,      50448 total
[2021-04-26T13:09:16.514+0000][7][gc,age       ] GC(154) - age  12:        512 bytes,      50960 total
[2021-04-26T13:09:16.514+0000][7][gc,age       ] GC(154) - age  13:        184 bytes,      51144 total
[2021-04-26T13:09:16.515+0000][7][gc,phases    ] GC(154)   Pre Evacuate Collection Set: 0.6ms
[2021-04-26T13:09:16.515+0000][7][gc,phases    ] GC(154)   Merge Heap Roots: 0.4ms
[2021-04-26T13:09:16.515+0000][7][gc,phases    ] GC(154)   Evacuate Collection Set: 4.8ms
[2021-04-26T13:09:16.516+0000][7][gc,phases    ] GC(154)   Post Evacuate Collection Set: 4.6ms
[2021-04-26T13:09:16.516+0000][7][gc,phases    ] GC(154)   Other: 14.4ms
[2021-04-26T13:09:16.516+0000][7][gc,heap      ] GC(154) Eden regions: 303->0(303)
[2021-04-26T13:09:16.517+0000][7][gc,heap      ] GC(154) Survivor regions: 1->1(38)
[2021-04-26T13:09:16.517+0000][7][gc,heap      ] GC(154) Old regions: 70->70
[2021-04-26T13:09:16.517+0000][7][gc,heap      ] GC(154) Archive regions: 2->2
[2021-04-26T13:09:16.518+0000][7][gc,heap      ] GC(154) Humongous regions: 7->7
[2021-04-26T13:09:16.518+0000][7][gc,metaspace ] GC(154) Metaspace: 90621K(98020K)->90621K(98020K) NonClass: 78519K(82840K)->78519K(82840K) Class: 12102K(15180K)->12102K(15180K)
[2021-04-26T13:09:16.519+0000][7][gc           ] GC(154) Pause Young (Normal) (G1 Evacuation Pause) 380M->77M(512M) 28.797ms
[2021-04-26T13:09:16.519+0000][7][gc,cpu       ] GC(154) User=0.01s Sys=0.01s Real=0.03s
[2021-04-26T13:09:16.520+0000][7][safepoint    ] Safepoint "G1CollectForAllocation", Time since last: 529834415900 ns, Reaching safepoint: 330000 ns, At safepoint: 29692100 ns, Total: 30022100 ns
[2021-04-26T13:19:24.399+0000][7][gc,start     ] GC(155) Pause Young (Normal) (G1 Evacuation Pause)
[2021-04-26T13:19:24.402+0000][7][gc,task      ] GC(155) Using 2 workers of 2 for evacuation
[2021-04-26T13:19:24.405+0000][7][gc,age       ] GC(155) Desired survivor size 19922944 bytes, new threshold 15 (max threshold 15)
[2021-04-26T13:19:24.420+0000][7][gc,age       ] GC(155) Age table with threshold 15 (max threshold 15)
[2021-04-26T13:19:24.421+0000][7][gc,age       ] GC(155) - age   1:      30664 bytes,      30664 total
[2021-04-26T13:19:24.423+0000][7][gc,age       ] GC(155) - age   2:      16392 bytes,      47056 total
[2021-04-26T13:19:24.424+0000][7][gc,age       ] GC(155) - age   3:        144 bytes,      47200 total
[2021-04-26T13:19:24.425+0000][7][gc,age       ] GC(155) - age   5:         40 bytes,      47240 total
[2021-04-26T13:19:24.426+0000][7][gc,age       ] GC(155) - age   8:        720 bytes,      47960 total
[2021-04-26T13:19:24.427+0000][7][gc,age       ] GC(155) - age   9:        440 bytes,      48400 total
[2021-04-26T13:19:24.428+0000][7][gc,age       ] GC(155) - age  10:        560 bytes,      48960 total
[2021-04-26T13:19:24.429+0000][7][gc,age       ] GC(155) - age  11:        128 bytes,      49088 total
[2021-04-26T13:19:24.429+0000][7][gc,age       ] GC(155) - age  13:        512 bytes,      49600 total
[2021-04-26T13:19:24.430+0000][7][gc,age       ] GC(155) - age  14:        184 bytes,      49784 total
[2021-04-26T13:19:24.431+0000][7][gc,phases    ] GC(155)   Pre Evacuate Collection Set: 0.4ms
[2021-04-26T13:19:24.432+0000][7][gc,phases    ] GC(155)   Merge Heap Roots: 0.8ms
[2021-04-26T13:19:24.432+0000][7][gc,phases    ] GC(155)   Evacuate Collection Set: 5.6ms
[2021-04-26T13:19:24.433+0000][7][gc,phases    ] GC(155)   Post Evacuate Collection Set: 5.4ms
[2021-04-26T13:19:24.433+0000][7][gc,phases    ] GC(155)   Other: 19.6ms
[2021-04-26T13:19:24.433+0000][7][gc,heap      ] GC(155) Eden regions: 303->0(303)
[2021-04-26T13:19:24.434+0000][7][gc,heap      ] GC(155) Survivor regions: 1->1(38)
[2021-04-26T13:19:24.434+0000][7][gc,heap      ] GC(155) Old regions: 70->70
[2021-04-26T13:19:24.435+0000][7][gc,heap      ] GC(155) Archive regions: 2->2
[2021-04-26T13:19:24.435+0000][7][gc,heap      ] GC(155) Humongous regions: 7->7
[2021-04-26T13:19:24.436+0000][7][gc,metaspace ] GC(155) Metaspace: 90621K(98020K)->90621K(98020K) NonClass: 78519K(82840K)->78519K(82840K) Class: 12102K(15180K)->12102K(15180K)
[2021-04-26T13:19:24.436+0000][7][gc           ] GC(155) Pause Young (Normal) (G1 Evacuation Pause) 380M->77M(512M) 37.017ms
[2021-04-26T13:19:24.437+0000][7][gc,cpu       ] GC(155) User=0.02s Sys=0.00s Real=0.04s
[2021-04-26T13:19:24.437+0000][7][safepoint    ] Safepoint "G1CollectForAllocation", Time since last: 607878676000 ns, Reaching safepoint: 651900 ns, At safepoint: 37878200 ns, Total: 38530100 ns
[2021-04-26T13:29:33.327+0000][7][gc,start     ] GC(156) Pause Young (Normal) (G1 Evacuation Pause)
[2021-04-26T13:29:33.330+0000][7][gc,task      ] GC(156) Using 2 workers of 2 for evacuation
[2021-04-26T13:29:33.333+0000][7][gc,age       ] GC(156) Desired survivor size 19922944 bytes, new threshold 15 (max threshold 15)
[2021-04-26T13:29:33.351+0000][7][gc,age       ] GC(156) Age table with threshold 15 (max threshold 15)
[2021-04-26T13:29:33.353+0000][7][gc,age       ] GC(156) - age   1:      48288 bytes,      48288 total
[2021-04-26T13:29:33.355+0000][7][gc,age       ] GC(156) - age   2:         40 bytes,      48328 total
[2021-04-26T13:29:33.356+0000][7][gc,age       ] GC(156) - age   3:         40 bytes,      48368 total
[2021-04-26T13:29:33.358+0000][7][gc,age       ] GC(156) - age   4:         64 bytes,      48432 total
[2021-04-26T13:29:33.359+0000][7][gc,age       ] GC(156) - age   6:         40 bytes,      48472 total
[2021-04-26T13:29:33.360+0000][7][gc,age       ] GC(156) - age   9:        720 bytes,      49192 total
[2021-04-26T13:29:33.361+0000][7][gc,age       ] GC(156) - age  10:        440 bytes,      49632 total
[2021-04-26T13:29:33.362+0000][7][gc,age       ] GC(156) - age  11:        560 bytes,      50192 total
[2021-04-26T13:29:33.362+0000][7][gc,age       ] GC(156) - age  12:        128 bytes,      50320 total
[2021-04-26T13:29:33.363+0000][7][gc,age       ] GC(156) - age  14:        512 bytes,      50832 total
[2021-04-26T13:29:33.363+0000][7][gc,age       ] GC(156) - age  15:        184 bytes,      51016 total
[2021-04-26T13:29:33.364+0000][7][gc,phases    ] GC(156)   Pre Evacuate Collection Set: 1.3ms
[2021-04-26T13:29:33.364+0000][7][gc,phases    ] GC(156)   Merge Heap Roots: 0.7ms
[2021-04-26T13:29:33.364+0000][7][gc,phases    ] GC(156)   Evacuate Collection Set: 6.5ms
[2021-04-26T13:29:33.365+0000][7][gc,phases    ] GC(156)   Post Evacuate Collection Set: 6.2ms
[2021-04-26T13:29:33.365+0000][7][gc,phases    ] GC(156)   Other: 21.6ms
[2021-04-26T13:29:33.366+0000][7][gc,heap      ] GC(156) Eden regions: 303->0(303)
[2021-04-26T13:29:33.366+0000][7][gc,heap      ] GC(156) Survivor regions: 1->1(38)
[2021-04-26T13:29:33.367+0000][7][gc,heap      ] GC(156) Old regions: 70->70
[2021-04-26T13:29:33.367+0000][7][gc,heap      ] GC(156) Archive regions: 2->2
[2021-04-26T13:29:33.368+0000][7][gc,heap      ] GC(156) Humongous regions: 7->7
[2021-04-26T13:29:33.368+0000][7][gc,metaspace ] GC(156) Metaspace: 90621K(98020K)->90621K(98020K) NonClass: 78519K(82840K)->78519K(82840K) Class: 12102K(15180K)->12102K(15180K)
[2021-04-26T13:29:33.369+0000][7][gc           ] GC(156) Pause Young (Normal) (G1 Evacuation Pause) 380M->77M(512M) 41.143ms
[2021-04-26T13:29:33.369+0000][7][gc,cpu       ] GC(156) User=0.01s Sys=0.01s Real=0.04s
[2021-04-26T13:29:33.369+0000][7][safepoint    ] Safepoint "G1CollectForAllocation", Time since last: 608889804800 ns, Reaching safepoint: 476300 ns, At safepoint: 42078700 ns, Total: 42555000 ns
[2021-04-26T13:39:39.270+0000][7][gc,start     ] GC(157) Pause Young (Normal) (G1 Evacuation Pause)
[2021-04-26T13:39:39.273+0000][7][gc,task      ] GC(157) Using 2 workers of 2 for evacuation
[2021-04-26T13:39:39.275+0000][7][gc,age       ] GC(157) Desired survivor size 19922944 bytes, new threshold 15 (max threshold 15)
[2021-04-26T13:39:39.288+0000][7][gc,age       ] GC(157) Age table with threshold 15 (max threshold 15)
[2021-04-26T13:39:39.290+0000][7][gc,age       ] GC(157) - age   1:      31264 bytes,      31264 total
[2021-04-26T13:39:39.291+0000][7][gc,age       ] GC(157) - age   2:      16232 bytes,      47496 total
[2021-04-26T13:39:39.292+0000][7][gc,age       ] GC(157) - age   3:         40 bytes,      47536 total
[2021-04-26T13:39:39.293+0000][7][gc,age       ] GC(157) - age   4:         40 bytes,      47576 total
[2021-04-26T13:39:39.294+0000][7][gc,age       ] GC(157) - age   5:         64 bytes,      47640 total
[2021-04-26T13:39:39.295+0000][7][gc,age       ] GC(157) - age  10:        720 bytes,      48360 total
[2021-04-26T13:39:39.296+0000][7][gc,age       ] GC(157) - age  11:        440 bytes,      48800 total
[2021-04-26T13:39:39.297+0000][7][gc,age       ] GC(157) - age  12:        560 bytes,      49360 total
[2021-04-26T13:39:39.298+0000][7][gc,age       ] GC(157) - age  13:        128 bytes,      49488 total
[2021-04-26T13:39:39.298+0000][7][gc,age       ] GC(157) - age  15:        512 bytes,      50000 total
[2021-04-26T13:39:39.299+0000][7][gc,phases    ] GC(157)   Pre Evacuate Collection Set: 0.6ms
[2021-04-26T13:39:39.300+0000][7][gc,phases    ] GC(157)   Merge Heap Roots: 0.6ms
[2021-04-26T13:39:39.300+0000][7][gc,phases    ] GC(157)   Evacuate Collection Set: 4.7ms
[2021-04-26T13:39:39.301+0000][7][gc,phases    ] GC(157)   Post Evacuate Collection Set: 5.1ms
[2021-04-26T13:39:39.302+0000][7][gc,phases    ] GC(157)   Other: 18.1ms
[2021-04-26T13:39:39.303+0000][7][gc,heap      ] GC(157) Eden regions: 303->0(303)
[2021-04-26T13:39:39.303+0000][7][gc,heap      ] GC(157) Survivor regions: 1->1(38)
[2021-04-26T13:39:39.304+0000][7][gc,heap      ] GC(157) Old regions: 70->70
[2021-04-26T13:39:39.305+0000][7][gc,heap      ] GC(157) Archive regions: 2->2
[2021-04-26T13:39:39.305+0000][7][gc,heap      ] GC(157) Humongous regions: 7->7
[2021-04-26T13:39:39.305+0000][7][gc,metaspace ] GC(157) Metaspace: 90622K(98020K)->90622K(98020K) NonClass: 78520K(82840K)->78520K(82840K) Class: 12102K(15180K)->12102K(15180K)
[2021-04-26T13:39:39.306+0000][7][gc           ] GC(157) Pause Young (Normal) (G1 Evacuation Pause) 380M->77M(512M) 35.702ms
[2021-04-26T13:39:39.306+0000][7][gc,cpu       ] GC(157) User=0.01s Sys=0.01s Real=0.04s
[2021-04-26T13:39:39.307+0000][7][safepoint    ] Safepoint "G1CollectForAllocation", Time since last: 605900214400 ns, Reaching safepoint: 345400 ns, At safepoint: 36643300 ns, Total: 36988700 ns
[2021-04-26T13:45:53.432+0000][7][safepoint    ] Safepoint "Cleanup", Time since last: 374124816700 ns, Reaching safepoint: 509700 ns, At safepoint: 13000 ns, Total: 522700 ns
[2021-04-26T13:49:45.188+0000][7][gc,start     ] GC(158) Pause Young (Normal) (G1 Evacuation Pause)
[2021-04-26T13:49:45.191+0000][7][gc,task      ] GC(158) Using 2 workers of 2 for evacuation
[2021-04-26T13:49:45.199+0000][7][gc,age       ] GC(158) Desired survivor size 19922944 bytes, new threshold 15 (max threshold 15)
[2021-04-26T13:49:45.211+0000][7][gc,age       ] GC(158) Age table with threshold 15 (max threshold 15)
[2021-04-26T13:49:45.212+0000][7][gc,age       ] GC(158) - age   1:      48224 bytes,      48224 total
[2021-04-26T13:49:45.213+0000][7][gc,age       ] GC(158) - age   2:        240 bytes,      48464 total
[2021-04-26T13:49:45.213+0000][7][gc,age       ] GC(158) - age   3:         40 bytes,      48504 total
[2021-04-26T13:49:45.214+0000][7][gc,age       ] GC(158) - age   5:         40 bytes,      48544 total
[2021-04-26T13:49:45.215+0000][7][gc,age       ] GC(158) - age   6:         64 bytes,      48608 total
[2021-04-26T13:49:45.215+0000][7][gc,age       ] GC(158) - age  11:        720 bytes,      49328 total
[2021-04-26T13:49:45.216+0000][7][gc,age       ] GC(158) - age  12:        440 bytes,      49768 total
[2021-04-26T13:49:45.217+0000][7][gc,age       ] GC(158) - age  13:        560 bytes,      50328 total
[2021-04-26T13:49:45.218+0000][7][gc,age       ] GC(158) - age  14:        128 bytes,      50456 total
[2021-04-26T13:49:45.218+0000][7][gc,phases    ] GC(158)   Pre Evacuate Collection Set: 0.7ms
[2021-04-26T13:49:45.219+0000][7][gc,phases    ] GC(158)   Merge Heap Roots: 0.2ms
[2021-04-26T13:49:45.220+0000][7][gc,phases    ] GC(158)   Evacuate Collection Set: 4.1ms
[2021-04-26T13:49:45.220+0000][7][gc,phases    ] GC(158)   Post Evacuate Collection Set: 4.3ms
[2021-04-26T13:49:45.221+0000][7][gc,phases    ] GC(158)   Other: 21.2ms
[2021-04-26T13:49:45.222+0000][7][gc,heap      ] GC(158) Eden regions: 303->0(303)
[2021-04-26T13:49:45.222+0000][7][gc,heap      ] GC(158) Survivor regions: 1->1(38)
[2021-04-26T13:49:45.223+0000][7][gc,heap      ] GC(158) Old regions: 70->70
[2021-04-26T13:49:45.224+0000][7][gc,heap      ] GC(158) Archive regions: 2->2
[2021-04-26T13:49:45.224+0000][7][gc,heap      ] GC(158) Humongous regions: 7->7
[2021-04-26T13:49:45.224+0000][7][gc,metaspace ] GC(158) Metaspace: 90622K(98020K)->90622K(98020K) NonClass: 78520K(82840K)->78520K(82840K) Class: 12102K(15180K)->12102K(15180K)
[2021-04-26T13:49:45.225+0000][7][gc           ] GC(158) Pause Young (Normal) (G1 Evacuation Pause) 380M->77M(512M) 36.984ms
[2021-04-26T13:49:45.225+0000][7][gc,cpu       ] GC(158) User=0.01s Sys=0.00s Real=0.04s
[2021-04-26T13:49:45.226+0000][7][safepoint    ] Safepoint "G1CollectForAllocation", Time since last: 231755282000 ns, Reaching safepoint: 615400 ns, At safepoint: 38038800 ns, Total: 38654200 ns
[2021-04-26T13:59:50.971+0000][7][gc,start     ] GC(159) Pause Young (Normal) (G1 Evacuation Pause)
[2021-04-26T13:59:50.974+0000][7][gc,task      ] GC(159) Using 2 workers of 2 for evacuation
[2021-04-26T13:59:50.976+0000][7][gc,age       ] GC(159) Desired survivor size 19922944 bytes, new threshold 15 (max threshold 15)
[2021-04-26T13:59:50.987+0000][7][gc,age       ] GC(159) Age table with threshold 15 (max threshold 15)
[2021-04-26T13:59:50.989+0000][7][gc,age       ] GC(159) - age   1:      16096 bytes,      16096 total
[2021-04-26T13:59:50.992+0000][7][gc,age       ] GC(159) - age   2:      32384 bytes,      48480 total
[2021-04-26T13:59:50.993+0000][7][gc,age       ] GC(159) - age   3:         40 bytes,      48520 total
[2021-04-26T13:59:50.994+0000][7][gc,age       ] GC(159) - age   4:         40 bytes,      48560 total
[2021-04-26T13:59:50.996+0000][7][gc,age       ] GC(159) - age   6:         40 bytes,      48600 total
[2021-04-26T13:59:50.997+0000][7][gc,age       ] GC(159) - age   7:         64 bytes,      48664 total
[2021-04-26T13:59:50.998+0000][7][gc,age       ] GC(159) - age  12:        720 bytes,      49384 total
[2021-04-26T13:59:50.998+0000][7][gc,age       ] GC(159) - age  13:        440 bytes,      49824 total
[2021-04-26T13:59:50.999+0000][7][gc,age       ] GC(159) - age  14:        560 bytes,      50384 total
[2021-04-26T13:59:51.000+0000][7][gc,age       ] GC(159) - age  15:        128 bytes,      50512 total
[2021-04-26T13:59:51.001+0000][7][gc,phases    ] GC(159)   Pre Evacuate Collection Set: 0.4ms
[2021-04-26T13:59:51.001+0000][7][gc,phases    ] GC(159)   Merge Heap Roots: 0.3ms
[2021-04-26T13:59:51.002+0000][7][gc,phases    ] GC(159)   Evacuate Collection Set: 3.9ms
[2021-04-26T13:59:51.003+0000][7][gc,phases    ] GC(159)   Post Evacuate Collection Set: 3.6ms
[2021-04-26T13:59:51.003+0000][7][gc,phases    ] GC(159)   Other: 21.5ms
[2021-04-26T13:59:51.004+0000][7][gc,heap      ] GC(159) Eden regions: 303->0(303)
[2021-04-26T13:59:51.004+0000][7][gc,heap      ] GC(159) Survivor regions: 1->1(38)
[2021-04-26T13:59:51.005+0000][7][gc,heap      ] GC(159) Old regions: 70->70
[2021-04-26T13:59:51.005+0000][7][gc,heap      ] GC(159) Archive regions: 2->2
[2021-04-26T13:59:51.005+0000][7][gc,heap      ] GC(159) Humongous regions: 7->7
[2021-04-26T13:59:51.006+0000][7][gc,metaspace ] GC(159) Metaspace: 90622K(98020K)->90622K(98020K) NonClass: 78520K(82840K)->78520K(82840K) Class: 12102K(15180K)->12102K(15180K)
[2021-04-26T13:59:51.006+0000][7][gc           ] GC(159) Pause Young (Normal) (G1 Evacuation Pause) 380M->77M(512M) 35.029ms
[2021-04-26T13:59:51.007+0000][7][gc,cpu       ] GC(159) User=0.01s Sys=0.00s Real=0.04s
[2021-04-26T13:59:51.007+0000][7][safepoint    ] Safepoint "G1CollectForAllocation", Time since last: 605744571800 ns, Reaching safepoint: 482300 ns, At safepoint: 35945000 ns, Total: 36427300 ns
[2021-04-26T14:09:56.830+0000][7][gc,start     ] GC(160) Pause Young (Normal) (G1 Evacuation Pause)
[2021-04-26T14:09:56.831+0000][7][gc,task      ] GC(160) Using 2 workers of 2 for evacuation
[2021-04-26T14:09:56.831+0000][7][gc,age       ] GC(160) Desired survivor size 19922944 bytes, new threshold 15 (max threshold 15)
[2021-04-26T14:09:56.835+0000][7][gc,age       ] GC(160) Age table with threshold 15 (max threshold 15)
[2021-04-26T14:09:56.835+0000][7][gc,age       ] GC(160) - age   1:      32072 bytes,      32072 total
[2021-04-26T14:09:56.836+0000][7][gc,age       ] GC(160) - age   2:        152 bytes,      32224 total
[2021-04-26T14:09:56.836+0000][7][gc,age       ] GC(160) - age   3:      16232 bytes,      48456 total
[2021-04-26T14:09:56.837+0000][7][gc,age       ] GC(160) - age   4:         40 bytes,      48496 total
[2021-04-26T14:09:56.837+0000][7][gc,age       ] GC(160) - age   5:         40 bytes,      48536 total
[2021-04-26T14:09:56.838+0000][7][gc,age       ] GC(160) - age   8:         64 bytes,      48600 total
[2021-04-26T14:09:56.838+0000][7][gc,age       ] GC(160) - age  13:        720 bytes,      49320 total
[2021-04-26T14:09:56.839+0000][7][gc,age       ] GC(160) - age  14:        440 bytes,      49760 total
[2021-04-26T14:09:56.839+0000][7][gc,age       ] GC(160) - age  15:        560 bytes,      50320 total
[2021-04-26T14:09:56.840+0000][7][gc,phases    ] GC(160)   Pre Evacuate Collection Set: 0.1ms
[2021-04-26T14:09:56.840+0000][7][gc,phases    ] GC(160)   Merge Heap Roots: 0.1ms
[2021-04-26T14:09:56.840+0000][7][gc,phases    ] GC(160)   Evacuate Collection Set: 0.9ms
[2021-04-26T14:09:56.841+0000][7][gc,phases    ] GC(160)   Post Evacuate Collection Set: 1.8ms
[2021-04-26T14:09:56.841+0000][7][gc,phases    ] GC(160)   Other: 6.9ms
[2021-04-26T14:09:56.842+0000][7][gc,heap      ] GC(160) Eden regions: 303->0(303)
[2021-04-26T14:09:56.842+0000][7][gc,heap      ] GC(160) Survivor regions: 1->1(38)
[2021-04-26T14:09:56.843+0000][7][gc,heap      ] GC(160) Old regions: 70->70
[2021-04-26T14:09:56.843+0000][7][gc,heap      ] GC(160) Archive regions: 2->2
[2021-04-26T14:09:56.844+0000][7][gc,heap      ] GC(160) Humongous regions: 7->7
[2021-04-26T14:09:56.844+0000][7][gc,metaspace ] GC(160) Metaspace: 90624K(98020K)->90624K(98020K) NonClass: 78522K(82840K)->78522K(82840K) Class: 12102K(15180K)->12102K(15180K)
[2021-04-26T14:09:56.845+0000][7][gc           ] GC(160) Pause Young (Normal) (G1 Evacuation Pause) 380M->77M(512M) 14.694ms
[2021-04-26T14:09:56.845+0000][7][gc,cpu       ] GC(160) User=0.01s Sys=0.00s Real=0.02s
[2021-04-26T14:09:56.845+0000][7][safepoint    ] Safepoint "G1CollectForAllocation", Time since last: 605822796600 ns, Reaching safepoint: 143800 ns, At safepoint: 15613400 ns, Total: 15757200 ns
[2021-04-26T14:20:04.483+0000][7][gc,start     ] GC(161) Pause Young (Normal) (G1 Evacuation Pause)
[2021-04-26T14:20:04.485+0000][7][gc,task      ] GC(161) Using 2 workers of 2 for evacuation
[2021-04-26T14:20:04.489+0000][7][gc,age       ] GC(161) Desired survivor size 19922944 bytes, new threshold 15 (max threshold 15)
[2021-04-26T14:20:04.501+0000][7][gc,age       ] GC(161) Age table with threshold 15 (max threshold 15)
[2021-04-26T14:20:04.502+0000][7][gc,age       ] GC(161) - age   1:      24680 bytes,      24680 total
[2021-04-26T14:20:04.503+0000][7][gc,age       ] GC(161) - age   2:      16392 bytes,      41072 total
[2021-04-26T14:20:04.504+0000][7][gc,age       ] GC(161) - age   4:      16232 bytes,      57304 total
[2021-04-26T14:20:04.505+0000][7][gc,age       ] GC(161) - age   5:         40 bytes,      57344 total
[2021-04-26T14:20:04.505+0000][7][gc,age       ] GC(161) - age   6:         40 bytes,      57384 total
[2021-04-26T14:20:04.506+0000][7][gc,age       ] GC(161) - age   9:         64 bytes,      57448 total
[2021-04-26T14:20:04.507+0000][7][gc,age       ] GC(161) - age  14:        720 bytes,      58168 total
[2021-04-26T14:20:04.508+0000][7][gc,age       ] GC(161) - age  15:        440 bytes,      58608 total
[2021-04-26T14:20:04.508+0000][7][gc,phases    ] GC(161)   Pre Evacuate Collection Set: 1.4ms
[2021-04-26T14:20:04.509+0000][7][gc,phases    ] GC(161)   Merge Heap Roots: 0.7ms
[2021-04-26T14:20:04.509+0000][7][gc,phases    ] GC(161)   Evacuate Collection Set: 5.3ms
[2021-04-26T14:20:04.510+0000][7][gc,phases    ] GC(161)   Post Evacuate Collection Set: 2.3ms
[2021-04-26T14:20:04.510+0000][7][gc,phases    ] GC(161)   Other: 16.0ms
[2021-04-26T14:20:04.510+0000][7][gc,heap      ] GC(161) Eden regions: 303->0(303)
[2021-04-26T14:20:04.511+0000][7][gc,heap      ] GC(161) Survivor regions: 1->1(38)
[2021-04-26T14:20:04.511+0000][7][gc,heap      ] GC(161) Old regions: 70->70
[2021-04-26T14:20:04.512+0000][7][gc,heap      ] GC(161) Archive regions: 2->2
[2021-04-26T14:20:04.512+0000][7][gc,heap      ] GC(161) Humongous regions: 7->7
[2021-04-26T14:20:04.512+0000][7][gc,metaspace ] GC(161) Metaspace: 90630K(98020K)->90630K(98020K) NonClass: 78527K(82840K)->78527K(82840K) Class: 12102K(15180K)->12102K(15180K)
[2021-04-26T14:20:04.513+0000][7][gc           ] GC(161) Pause Young (Normal) (G1 Evacuation Pause) 380M->77M(512M) 30.136ms
[2021-04-26T14:20:04.513+0000][7][gc,cpu       ] GC(161) User=0.01s Sys=0.00s Real=0.03s
[2021-04-26T14:20:04.514+0000][7][safepoint    ] Safepoint "G1CollectForAllocation", Time since last: 607636541000 ns, Reaching safepoint: 662100 ns, At safepoint: 31011200 ns, Total: 31673300 ns
[2021-04-26T14:25:53.645+0000][7][safepoint    ] Safepoint "Cleanup", Time since last: 349130437400 ns, Reaching safepoint: 487400 ns, At safepoint: 13200 ns, Total: 500600 ns
[2021-04-26T14:30:09.598+0000][7][gc,start     ] GC(162) Pause Young (Normal) (G1 Evacuation Pause)
[2021-04-26T14:30:09.601+0000][7][gc,task      ] GC(162) Using 2 workers of 2 for evacuation
[2021-04-26T14:30:09.604+0000][7][gc,age       ] GC(162) Desired survivor size 19922944 bytes, new threshold 15 (max threshold 15)
[2021-04-26T14:30:09.621+0000][7][gc,age       ] GC(162) Age table with threshold 15 (max threshold 15)
[2021-04-26T14:30:09.623+0000][7][gc,age       ] GC(162) - age   1:      47160 bytes,      47160 total
[2021-04-26T14:30:09.626+0000][7][gc,age       ] GC(162) - age   2:        104 bytes,      47264 total
[2021-04-26T14:30:09.628+0000][7][gc,age       ] GC(162) - age   3:         40 bytes,      47304 total
[2021-04-26T14:30:09.629+0000][7][gc,age       ] GC(162) - age   5:         40 bytes,      47344 total
[2021-04-26T14:30:09.630+0000][7][gc,age       ] GC(162) - age   6:         40 bytes,      47384 total
[2021-04-26T14:30:09.632+0000][7][gc,age       ] GC(162) - age  10:         64 bytes,      47448 total
[2021-04-26T14:30:09.633+0000][7][gc,age       ] GC(162) - age  15:        720 bytes,      48168 total
[2021-04-26T14:30:09.634+0000][7][gc,phases    ] GC(162)   Pre Evacuate Collection Set: 1.0ms
[2021-04-26T14:30:09.635+0000][7][gc,phases    ] GC(162)   Merge Heap Roots: 0.7ms
[2021-04-26T14:30:09.636+0000][7][gc,phases    ] GC(162)   Evacuate Collection Set: 7.3ms
[2021-04-26T14:30:09.636+0000][7][gc,phases    ] GC(162)   Post Evacuate Collection Set: 6.1ms
[2021-04-26T14:30:09.637+0000][7][gc,phases    ] GC(162)   Other: 20.6ms
[2021-04-26T14:30:09.637+0000][7][gc,heap      ] GC(162) Eden regions: 303->0(303)
[2021-04-26T14:30:09.638+0000][7][gc,heap      ] GC(162) Survivor regions: 1->1(38)
[2021-04-26T14:30:09.638+0000][7][gc,heap      ] GC(162) Old regions: 70->70
[2021-04-26T14:30:09.638+0000][7][gc,heap      ] GC(162) Archive regions: 2->2
[2021-04-26T14:30:09.639+0000][7][gc,heap      ] GC(162) Humongous regions: 7->7
[2021-04-26T14:30:09.639+0000][7][gc,metaspace ] GC(162) Metaspace: 90639K(98020K)->90639K(98020K) NonClass: 78537K(82840K)->78537K(82840K) Class: 12102K(15180K)->12102K(15180K)
[2021-04-26T14:30:09.640+0000][7][gc           ] GC(162) Pause Young (Normal) (G1 Evacuation Pause) 380M->77M(512M) 41.283ms
[2021-04-26T14:30:09.640+0000][7][gc,cpu       ] GC(162) User=0.02s Sys=0.00s Real=0.04s
[2021-04-26T14:30:09.640+0000][7][safepoint    ] Safepoint "G1CollectForAllocation", Time since last: 255953231000 ns, Reaching safepoint: 412500 ns, At safepoint: 42188800 ns, Total: 42601300 ns
[2021-04-26T14:34:51.739+0000][7][safepoint    ] Safepoint "Cleanup", Time since last: 282098446700 ns, Reaching safepoint: 471700 ns, At safepoint: 14400 ns, Total: 486100 ns
[2021-04-26T14:35:52.768+0000][7][safepoint    ] Safepoint "Cleanup", Time since last: 61028324800 ns, Reaching safepoint: 562500 ns, At safepoint: 10000 ns, Total: 572500 ns
[2021-04-26T14:35:53.772+0000][7][safepoint    ] Safepoint "Cleanup", Time since last: 1003204600 ns, Reaching safepoint: 354200 ns, At safepoint: 10500 ns, Total: 364700 ns
[2021-04-26T14:40:04.395+0000][7][gc,start     ] GC(163) Pause Young (Normal) (G1 Evacuation Pause)
[2021-04-26T14:40:04.397+0000][7][gc,task      ] GC(163) Using 2 workers of 2 for evacuation
[2021-04-26T14:40:04.402+0000][7][gc,age       ] GC(163) Desired survivor size 19922944 bytes, new threshold 15 (max threshold 15)
[2021-04-26T14:40:04.415+0000][7][gc,age       ] GC(163) Age table with threshold 15 (max threshold 15)
[2021-04-26T14:40:04.417+0000][7][gc,age       ] GC(163) - age   1:      45160 bytes,      45160 total
[2021-04-26T14:40:04.418+0000][7][gc,age       ] GC(163) - age   2:      32552 bytes,      77712 total
[2021-04-26T14:40:04.419+0000][7][gc,age       ] GC(163) - age   3:         72 bytes,      77784 total
[2021-04-26T14:40:04.420+0000][7][gc,age       ] GC(163) - age  11:         64 bytes,      77848 total
[2021-04-26T14:40:04.421+0000][7][gc,phases    ] GC(163)   Pre Evacuate Collection Set: 0.2ms
[2021-04-26T14:40:04.422+0000][7][gc,phases    ] GC(163)   Merge Heap Roots: 0.2ms
[2021-04-26T14:40:04.423+0000][7][gc,phases    ] GC(163)   Evacuate Collection Set: 7.1ms
[2021-04-26T14:40:04.423+0000][7][gc,phases    ] GC(163)   Post Evacuate Collection Set: 3.1ms
[2021-04-26T14:40:04.424+0000][7][gc,phases    ] GC(163)   Other: 15.3ms
[2021-04-26T14:40:04.424+0000][7][gc,heap      ] GC(163) Eden regions: 303->0(303)
[2021-04-26T14:40:04.425+0000][7][gc,heap      ] GC(163) Survivor regions: 1->1(38)
[2021-04-26T14:40:04.425+0000][7][gc,heap      ] GC(163) Old regions: 70->70
[2021-04-26T14:40:04.426+0000][7][gc,heap      ] GC(163) Archive regions: 2->2
[2021-04-26T14:40:04.426+0000][7][gc,heap      ] GC(163) Humongous regions: 7->7
[2021-04-26T14:40:04.426+0000][7][gc,metaspace ] GC(163) Metaspace: 90641K(98020K)->90641K(98020K) NonClass: 78539K(82840K)->78539K(82840K) Class: 12102K(15180K)->12102K(15180K)
[2021-04-26T14:40:04.427+0000][7][gc           ] GC(163) Pause Young (Normal) (G1 Evacuation Pause) 380M->77M(512M) 32.049ms
[2021-04-26T14:40:04.427+0000][7][gc,cpu       ] GC(163) User=0.01s Sys=0.00s Real=0.03s
[2021-04-26T14:40:04.428+0000][7][safepoint    ] Safepoint "G1CollectForAllocation", Time since last: 250622688100 ns, Reaching safepoint: 275400 ns, At safepoint: 32989700 ns, Total: 33265100 ns
[2021-04-26T14:50:10.300+0000][7][gc,start     ] GC(164) Pause Young (Normal) (G1 Evacuation Pause)
[2021-04-26T14:50:10.301+0000][7][gc,task      ] GC(164) Using 2 workers of 2 for evacuation
[2021-04-26T14:50:10.302+0000][7][gc,age       ] GC(164) Desired survivor size 19922944 bytes, new threshold 15 (max threshold 15)
[2021-04-26T14:50:10.306+0000][7][gc,age       ] GC(164) Age table with threshold 15 (max threshold 15)
[2021-04-26T14:50:10.307+0000][7][gc,age       ] GC(164) - age   1:      33216 bytes,      33216 total
[2021-04-26T14:50:10.308+0000][7][gc,age       ] GC(164) - age   2:      21080 bytes,      54296 total
[2021-04-26T14:50:10.308+0000][7][gc,age       ] GC(164) - age   3:        248 bytes,      54544 total
[2021-04-26T14:50:10.309+0000][7][gc,age       ] GC(164) - age   4:         72 bytes,      54616 total
[2021-04-26T14:50:10.309+0000][7][gc,age       ] GC(164) - age  12:         64 bytes,      54680 total
[2021-04-26T14:50:10.310+0000][7][gc,phases    ] GC(164)   Pre Evacuate Collection Set: 0.1ms
[2021-04-26T14:50:10.310+0000][7][gc,phases    ] GC(164)   Merge Heap Roots: 0.1ms
[2021-04-26T14:50:10.311+0000][7][gc,phases    ] GC(164)   Evacuate Collection Set: 2.1ms
[2021-04-26T14:50:10.311+0000][7][gc,phases    ] GC(164)   Post Evacuate Collection Set: 2.0ms
[2021-04-26T14:50:10.311+0000][7][gc,phases    ] GC(164)   Other: 5.6ms
[2021-04-26T14:50:10.312+0000][7][gc,heap      ] GC(164) Eden regions: 303->0(303)
[2021-04-26T14:50:10.312+0000][7][gc,heap      ] GC(164) Survivor regions: 1->1(38)
[2021-04-26T14:50:10.312+0000][7][gc,heap      ] GC(164) Old regions: 70->70
[2021-04-26T14:50:10.313+0000][7][gc,heap      ] GC(164) Archive regions: 2->2
[2021-04-26T14:50:10.313+0000][7][gc,heap      ] GC(164) Humongous regions: 7->7
[2021-04-26T14:50:10.314+0000][7][gc,metaspace ] GC(164) Metaspace: 90641K(98020K)->90641K(98020K) NonClass: 78539K(82840K)->78539K(82840K) Class: 12102K(15180K)->12102K(15180K)
[2021-04-26T14:50:10.314+0000][7][gc           ] GC(164) Pause Young (Normal) (G1 Evacuation Pause) 380M->77M(512M) 14.257ms
[2021-04-26T14:50:10.314+0000][7][gc,cpu       ] GC(164) User=0.01s Sys=0.00s Real=0.02s
[2021-04-26T14:50:10.315+0000][7][safepoint    ] Safepoint "G1CollectForAllocation", Time since last: 605871869600 ns, Reaching safepoint: 173400 ns, At safepoint: 14918300 ns, Total: 15091700 ns
[2021-04-26T15:00:16.212+0000][7][gc,start     ] GC(165) Pause Young (Normal) (G1 Evacuation Pause)
[2021-04-26T15:00:16.215+0000][7][gc,task      ] GC(165) Using 2 workers of 2 for evacuation
[2021-04-26T15:00:16.218+0000][7][gc,age       ] GC(165) Desired survivor size 19922944 bytes, new threshold 15 (max threshold 15)
[2021-04-26T15:00:16.229+0000][7][gc,age       ] GC(165) Age table with threshold 15 (max threshold 15)
[2021-04-26T15:00:16.231+0000][7][gc,age       ] GC(165) - age   1:      49512 bytes,      49512 total
[2021-04-26T15:00:16.234+0000][7][gc,age       ] GC(165) - age   2:       1376 bytes,      50888 total
[2021-04-26T15:00:16.235+0000][7][gc,age       ] GC(165) - age   3:       3640 bytes,      54528 total
[2021-04-26T15:00:16.237+0000][7][gc,age       ] GC(165) - age   4:        208 bytes,      54736 total
[2021-04-26T15:00:16.238+0000][7][gc,age       ] GC(165) - age   5:         72 bytes,      54808 total
[2021-04-26T15:00:16.240+0000][7][gc,age       ] GC(165) - age  13:         64 bytes,      54872 total
[2021-04-26T15:00:16.241+0000][7][gc,phases    ] GC(165)   Pre Evacuate Collection Set: 0.5ms
[2021-04-26T15:00:16.242+0000][7][gc,phases    ] GC(165)   Merge Heap Roots: 0.3ms
[2021-04-26T15:00:16.242+0000][7][gc,phases    ] GC(165)   Evacuate Collection Set: 3.7ms
[2021-04-26T15:00:16.244+0000][7][gc,phases    ] GC(165)   Post Evacuate Collection Set: 4.5ms
[2021-04-26T15:00:16.245+0000][7][gc,phases    ] GC(165)   Other: 19.6ms
[2021-04-26T15:00:16.245+0000][7][gc,heap      ] GC(165) Eden regions: 303->0(303)
[2021-04-26T15:00:16.246+0000][7][gc,heap      ] GC(165) Survivor regions: 1->1(38)
[2021-04-26T15:00:16.246+0000][7][gc,heap      ] GC(165) Old regions: 70->70
[2021-04-26T15:00:16.247+0000][7][gc,heap      ] GC(165) Archive regions: 2->2
[2021-04-26T15:00:16.248+0000][7][gc,heap      ] GC(165) Humongous regions: 7->7
[2021-04-26T15:00:16.248+0000][7][gc,metaspace ] GC(165) Metaspace: 90641K(98020K)->90641K(98020K) NonClass: 78539K(82840K)->78539K(82840K) Class: 12102K(15180K)->12102K(15180K)
[2021-04-26T15:00:16.248+0000][7][gc           ] GC(165) Pause Young (Normal) (G1 Evacuation Pause) 380M->77M(512M) 36.102ms
[2021-04-26T15:00:16.249+0000][7][gc,cpu       ] GC(165) User=0.01s Sys=0.01s Real=0.04s
[2021-04-26T15:00:16.249+0000][7][safepoint    ] Safepoint "G1CollectForAllocation", Time since last: 605896740800 ns, Reaching safepoint: 535900 ns, At safepoint: 37182000 ns, Total: 37717900 ns
[2021-04-26T15:10:22.103+0000][7][gc,start     ] GC(166) Pause Young (Normal) (G1 Evacuation Pause)
[2021-04-26T15:10:22.105+0000][7][gc,task      ] GC(166) Using 2 workers of 2 for evacuation
[2021-04-26T15:10:22.108+0000][7][gc,age       ] GC(166) Desired survivor size 19922944 bytes, new threshold 15 (max threshold 15)
[2021-04-26T15:10:22.125+0000][7][gc,age       ] GC(166) Age table with threshold 15 (max threshold 15)
[2021-04-26T15:10:22.126+0000][7][gc,age       ] GC(166) - age   1:      48368 bytes,      48368 total
[2021-04-26T15:10:22.127+0000][7][gc,age       ] GC(166) - age   2:        928 bytes,      49296 total
[2021-04-26T15:10:22.128+0000][7][gc,age       ] GC(166) - age   3:       1376 bytes,      50672 total
[2021-04-26T15:10:22.129+0000][7][gc,age       ] GC(166) - age   4:       3600 bytes,      54272 total
[2021-04-26T15:10:22.130+0000][7][gc,age       ] GC(166) - age   5:        168 bytes,      54440 total
[2021-04-26T15:10:22.131+0000][7][gc,age       ] GC(166) - age   6:         72 bytes,      54512 total
[2021-04-26T15:10:22.131+0000][7][gc,age       ] GC(166) - age  14:         64 bytes,      54576 total
[2021-04-26T15:10:22.132+0000][7][gc,phases    ] GC(166)   Pre Evacuate Collection Set: 0.9ms
[2021-04-26T15:10:22.133+0000][7][gc,phases    ] GC(166)   Merge Heap Roots: 0.7ms
[2021-04-26T15:10:22.133+0000][7][gc,phases    ] GC(166)   Evacuate Collection Set: 9.9ms
[2021-04-26T15:10:22.134+0000][7][gc,phases    ] GC(166)   Post Evacuate Collection Set: 3.0ms
[2021-04-26T15:10:22.134+0000][7][gc,phases    ] GC(166)   Other: 15.0ms
[2021-04-26T15:10:22.135+0000][7][gc,heap      ] GC(166) Eden regions: 303->0(303)
[2021-04-26T15:10:22.135+0000][7][gc,heap      ] GC(166) Survivor regions: 1->1(38)
[2021-04-26T15:10:22.136+0000][7][gc,heap      ] GC(166) Old regions: 70->70
[2021-04-26T15:10:22.136+0000][7][gc,heap      ] GC(166) Archive regions: 2->2
[2021-04-26T15:10:22.137+0000][7][gc,heap      ] GC(166) Humongous regions: 7->7
[2021-04-26T15:10:22.137+0000][7][gc,metaspace ] GC(166) Metaspace: 90641K(98020K)->90641K(98020K) NonClass: 78539K(82840K)->78539K(82840K) Class: 12102K(15180K)->12102K(15180K)
[2021-04-26T15:10:22.138+0000][7][gc           ] GC(166) Pause Young (Normal) (G1 Evacuation Pause) 380M->77M(512M) 34.828ms
[2021-04-26T15:10:22.138+0000][7][gc,cpu       ] GC(166) User=0.02s Sys=0.00s Real=0.04s
[2021-04-26T15:10:22.138+0000][7][safepoint    ] Safepoint "G1CollectForAllocation", Time since last: 605853816900 ns, Reaching safepoint: 525500 ns, At safepoint: 35679900 ns, Total: 36205400 ns
[2021-04-26T15:20:29.809+0000][7][gc,start     ] GC(167) Pause Young (Normal) (G1 Evacuation Pause)
[2021-04-26T15:20:29.812+0000][7][gc,task      ] GC(167) Using 2 workers of 2 for evacuation
[2021-04-26T15:20:29.813+0000][7][gc,age       ] GC(167) Desired survivor size 19922944 bytes, new threshold 15 (max threshold 15)
[2021-04-26T15:20:29.823+0000][7][gc,age       ] GC(167) Age table with threshold 15 (max threshold 15)
[2021-04-26T15:20:29.824+0000][7][gc,age       ] GC(167) - age   1:      30984 bytes,      30984 total
[2021-04-26T15:20:29.825+0000][7][gc,age       ] GC(167) - age   2:      16432 bytes,      47416 total
[2021-04-26T15:20:29.826+0000][7][gc,age       ] GC(167) - age   3:        808 bytes,      48224 total
[2021-04-26T15:20:29.826+0000][7][gc,age       ] GC(167) - age   4:       1376 bytes,      49600 total
[2021-04-26T15:20:29.827+0000][7][gc,age       ] GC(167) - age   5:       3560 bytes,      53160 total
[2021-04-26T15:20:29.828+0000][7][gc,age       ] GC(167) - age   6:        168 bytes,      53328 total
[2021-04-26T15:20:29.829+0000][7][gc,age       ] GC(167) - age   7:         72 bytes,      53400 total
[2021-04-26T15:20:29.829+0000][7][gc,age       ] GC(167) - age  15:         64 bytes,      53464 total
[2021-04-26T15:20:29.830+0000][7][gc,phases    ] GC(167)   Pre Evacuate Collection Set: 0.4ms
[2021-04-26T15:20:29.831+0000][7][gc,phases    ] GC(167)   Merge Heap Roots: 0.5ms
[2021-04-26T15:20:29.832+0000][7][gc,phases    ] GC(167)   Evacuate Collection Set: 3.7ms
[2021-04-26T15:20:29.833+0000][7][gc,phases    ] GC(167)   Post Evacuate Collection Set: 3.4ms
[2021-04-26T15:20:29.833+0000][7][gc,phases    ] GC(167)   Other: 12.8ms
[2021-04-26T15:20:29.834+0000][7][gc,heap      ] GC(167) Eden regions: 303->0(303)
[2021-04-26T15:20:29.835+0000][7][gc,heap      ] GC(167) Survivor regions: 1->1(38)
[2021-04-26T15:20:29.836+0000][7][gc,heap      ] GC(167) Old regions: 70->70
[2021-04-26T15:20:29.837+0000][7][gc,heap      ] GC(167) Archive regions: 2->2
[2021-04-26T15:20:29.838+0000][7][gc,heap      ] GC(167) Humongous regions: 7->7
[2021-04-26T15:20:29.839+0000][7][gc,metaspace ] GC(167) Metaspace: 90658K(98020K)->90658K(98020K) NonClass: 78556K(82840K)->78556K(82840K) Class: 12102K(15180K)->12102K(15180K)
[2021-04-26T15:20:29.839+0000][7][gc           ] GC(167) Pause Young (Normal) (G1 Evacuation Pause) 380M->77M(512M) 29.823ms
[2021-04-26T15:20:29.840+0000][7][gc,cpu       ] GC(167) User=0.01s Sys=0.01s Real=0.03s
[2021-04-26T15:20:29.841+0000][7][safepoint    ] Safepoint "G1CollectForAllocation", Time since last: 607670190500 ns, Reaching safepoint: 530400 ns, At safepoint: 31486100 ns, Total: 32016500 ns
[2021-04-26T15:22:35.886+0000][7][safepoint    ] Safepoint "Cleanup", Time since last: 126043440900 ns, Reaching safepoint: 344900 ns, At safepoint: 7700 ns, Total: 352600 ns
[2021-04-26T15:25:52.955+0000][7][safepoint    ] Safepoint "Cleanup", Time since last: 197069216700 ns, Reaching safepoint: 449100 ns, At safepoint: 10700 ns, Total: 459800 ns
[2021-04-26T15:30:35.815+0000][7][gc,start     ] GC(168) Pause Young (Normal) (G1 Evacuation Pause)
[2021-04-26T15:30:35.816+0000][7][gc,task      ] GC(168) Using 2 workers of 2 for evacuation
[2021-04-26T15:30:35.817+0000][7][gc,age       ] GC(168) Desired survivor size 19922944 bytes, new threshold 15 (max threshold 15)
[2021-04-26T15:30:35.824+0000][7][gc,age       ] GC(168) Age table with threshold 15 (max threshold 15)
[2021-04-26T15:30:35.825+0000][7][gc,age       ] GC(168) - age   1:      30952 bytes,      30952 total
[2021-04-26T15:30:35.825+0000][7][gc,age       ] GC(168) - age   2:        304 bytes,      31256 total
[2021-04-26T15:30:35.826+0000][7][gc,age       ] GC(168) - age   3:      16232 bytes,      47488 total
[2021-04-26T15:30:35.827+0000][7][gc,age       ] GC(168) - age   4:        768 bytes,      48256 total
[2021-04-26T15:30:35.827+0000][7][gc,age       ] GC(168) - age   5:       1376 bytes,      49632 total
[2021-04-26T15:30:35.828+0000][7][gc,age       ] GC(168) - age   6:       3560 bytes,      53192 total
[2021-04-26T15:30:35.829+0000][7][gc,age       ] GC(168) - age   7:        168 bytes,      53360 total
[2021-04-26T15:30:35.830+0000][7][gc,age       ] GC(168) - age   8:         72 bytes,      53432 total
[2021-04-26T15:30:35.831+0000][7][gc,phases    ] GC(168)   Pre Evacuate Collection Set: 0.3ms
[2021-04-26T15:30:35.831+0000][7][gc,phases    ] GC(168)   Merge Heap Roots: 0.2ms
[2021-04-26T15:30:35.832+0000][7][gc,phases    ] GC(168)   Evacuate Collection Set: 2.1ms
[2021-04-26T15:30:35.833+0000][7][gc,phases    ] GC(168)   Post Evacuate Collection Set: 2.7ms
[2021-04-26T15:30:35.833+0000][7][gc,phases    ] GC(168)   Other: 10.7ms
[2021-04-26T15:30:35.834+0000][7][gc,heap      ] GC(168) Eden regions: 303->0(303)
[2021-04-26T15:30:35.835+0000][7][gc,heap      ] GC(168) Survivor regions: 1->1(38)
[2021-04-26T15:30:35.835+0000][7][gc,heap      ] GC(168) Old regions: 70->70
[2021-04-26T15:30:35.836+0000][7][gc,heap      ] GC(168) Archive regions: 2->2
[2021-04-26T15:30:35.836+0000][7][gc,heap      ] GC(168) Humongous regions: 7->7
[2021-04-26T15:30:35.837+0000][7][gc,metaspace ] GC(168) Metaspace: 90658K(98020K)->90658K(98020K) NonClass: 78556K(82840K)->78556K(82840K) Class: 12102K(15180K)->12102K(15180K)
[2021-04-26T15:30:35.837+0000][7][gc           ] GC(168) Pause Young (Normal) (G1 Evacuation Pause) 380M->77M(512M) 22.891ms
[2021-04-26T15:30:35.838+0000][7][gc,cpu       ] GC(168) User=0.01s Sys=0.00s Real=0.02s
[2021-04-26T15:30:35.838+0000][7][safepoint    ] Safepoint "G1CollectForAllocation", Time since last: 282859928100 ns, Reaching safepoint: 210400 ns, At safepoint: 23827000 ns, Total: 24037400 ns
