[2020-08-18T07:38:35.530+0000][6][gc,heap] Heap region size: 1M
[2020-08-18T07:38:35.531+0000][6][gc,heap,coops] Heap address: 0x00000000e0000000, size: 512 MB, Compressed Oops mode: 32-bit
[2020-08-18T07:38:35.707+0000][6][gc           ] Using G1
[2020-08-18T07:38:35.708+0000][6][gc,cds       ] Mark closed archive regions in map: [0x00000000fff00000, 0x00000000fff7eff8]
[2020-08-18T07:38:35.709+0000][6][gc,cds       ] Mark open archive regions in map: [0x00000000ffe00000, 0x00000000ffe51ff8]
[2020-08-18T07:38:35.728+0000][6][gc           ] Periodic GC disabled
[2020-08-18T07:38:36.382+0000][6][gc,start     ] GC(0) Pause Young (Normal) (G1 Evacuation Pause)
[2020-08-18T07:38:36.387+0000][6][gc,task      ] GC(0) Using 2 workers of 2 for evacuation
[2020-08-18T07:38:36.388+0000][6][gc,age       ] GC(0) Desired survivor size 2097152 bytes, new threshold 15 (max threshold 15)
[2020-08-18T07:38:36.394+0000][6][gc,age       ] GC(0) Age table with threshold 15 (max threshold 15)
[2020-08-18T07:38:36.394+0000][6][gc,age       ] GC(0) - age   1:    2643912 bytes,    2643912 total
[2020-08-18T07:38:36.395+0000][6][gc,phases    ] GC(0)   Pre Evacuate Collection Set: 0.1ms
[2020-08-18T07:38:36.395+0000][6][gc,phases    ] GC(0)   Merge Heap Roots: 0.0ms
[2020-08-18T07:38:36.396+0000][6][gc,phases    ] GC(0)   Evacuate Collection Set: 4.6ms
[2020-08-18T07:38:36.396+0000][6][gc,phases    ] GC(0)   Post Evacuate Collection Set: 0.3ms
[2020-08-18T07:38:36.396+0000][6][gc,phases    ] GC(0)   Other: 8.0ms
[2020-08-18T07:38:36.397+0000][6][gc,heap      ] GC(0) Eden regions: 25->0(23)
[2020-08-18T07:38:36.397+0000][6][gc,heap      ] GC(0) Survivor regions: 0->3(4)
[2020-08-18T07:38:36.397+0000][6][gc,heap      ] GC(0) Old regions: 0->0
[2020-08-18T07:38:36.398+0000][6][gc,heap      ] GC(0) Archive regions: 2->2
[2020-08-18T07:38:36.398+0000][6][gc,heap      ] GC(0) Humongous regions: 1->1
[2020-08-18T07:38:36.398+0000][6][gc,metaspace ] GC(0) Metaspace: 5604K(8320K)->5604K(8320K) NonClass: 4981K(7424K)->4981K(7424K) Class: 622K(896K)->622K(896K)
[2020-08-18T07:38:36.398+0000][6][gc           ] GC(0) Pause Young (Normal) (G1 Evacuation Pause) 26M->4M(512M) 16.601ms
[2020-08-18T07:38:36.399+0000][6][gc,cpu       ] GC(0) User=0.01s Sys=0.00s Real=0.02s
[2020-08-18T07:38:36.399+0000][6][safepoint    ] Safepoint "G1CollectForAllocation", Time since last: 658819113 ns, Reaching safepoint: 157900 ns, At safepoint: 17151205 ns, Total: 17309105 ns
[2020-08-18T07:38:37.526+0000][6][gc,start     ] GC(1) Pause Young (Normal) (G1 Evacuation Pause)
[2020-08-18T07:38:37.527+0000][6][gc,task      ] GC(1) Using 2 workers of 2 for evacuation
[2020-08-18T07:38:37.527+0000][6][gc,age       ] GC(1) Desired survivor size 2097152 bytes, new threshold 1 (max threshold 15)
[2020-08-18T07:38:37.534+0000][6][gc,age       ] GC(1) Age table with threshold 1 (max threshold 15)
[2020-08-18T07:38:37.535+0000][6][gc,age       ] GC(1) - age   1:    1176936 bytes,    1176936 total
[2020-08-18T07:38:37.535+0000][6][gc,phases    ] GC(1)   Pre Evacuate Collection Set: 0.1ms
[2020-08-18T07:38:37.535+0000][6][gc,phases    ] GC(1)   Merge Heap Roots: 0.0ms
[2020-08-18T07:38:37.535+0000][6][gc,phases    ] GC(1)   Evacuate Collection Set: 6.3ms
[2020-08-18T07:38:37.536+0000][6][gc,phases    ] GC(1)   Post Evacuate Collection Set: 0.4ms
[2020-08-18T07:38:37.536+0000][6][gc,phases    ] GC(1)   Other: 1.9ms
[2020-08-18T07:38:37.536+0000][6][gc,heap      ] GC(1) Eden regions: 23->0(30)
[2020-08-18T07:38:37.537+0000][6][gc,heap      ] GC(1) Survivor regions: 3->2(4)
[2020-08-18T07:38:37.537+0000][6][gc,heap      ] GC(1) Old regions: 0->3
[2020-08-18T07:38:37.537+0000][6][gc,heap      ] GC(1) Archive regions: 2->2
[2020-08-18T07:38:37.537+0000][6][gc,heap      ] GC(1) Humongous regions: 1->1
[2020-08-18T07:38:37.537+0000][6][gc,metaspace ] GC(1) Metaspace: 10260K(11008K)->10260K(11008K) NonClass: 8988K(9472K)->8988K(9472K) Class: 1271K(1536K)->1271K(1536K)
[2020-08-18T07:38:37.538+0000][6][gc           ] GC(1) Pause Young (Normal) (G1 Evacuation Pause) 27M->5M(512M) 11.466ms
[2020-08-18T07:38:37.538+0000][6][gc,cpu       ] GC(1) User=0.01s Sys=0.00s Real=0.01s
[2020-08-18T07:38:37.544+0000][6][safepoint    ] Safepoint "G1CollectForAllocation", Time since last: 1127051265 ns, Reaching safepoint: 165300 ns, At safepoint: 17858406 ns, Total: 18023706 ns
[2020-08-18T07:38:38.398+0000][6][gc,start     ] GC(2) Pause Young (Normal) (G1 Evacuation Pause)
[2020-08-18T07:38:38.398+0000][6][gc,task      ] GC(2) Using 2 workers of 2 for evacuation
[2020-08-18T07:38:38.399+0000][6][gc,age       ] GC(2) Desired survivor size 2097152 bytes, new threshold 15 (max threshold 15)
[2020-08-18T07:38:38.407+0000][6][gc,age       ] GC(2) Age table with threshold 15 (max threshold 15)
[2020-08-18T07:38:38.407+0000][6][gc,age       ] GC(2) - age   1:    1906320 bytes,    1906320 total
[2020-08-18T07:38:38.408+0000][6][gc,age       ] GC(2) - age   2:    1137768 bytes,    3044088 total
[2020-08-18T07:38:38.408+0000][6][gc,phases    ] GC(2)   Pre Evacuate Collection Set: 0.1ms
[2020-08-18T07:38:38.408+0000][6][gc,phases    ] GC(2)   Merge Heap Roots: 0.0ms
[2020-08-18T07:38:38.409+0000][6][gc,phases    ] GC(2)   Evacuate Collection Set: 5.6ms
[2020-08-18T07:38:38.409+0000][6][gc,phases    ] GC(2)   Post Evacuate Collection Set: 2.5ms
[2020-08-18T07:38:38.409+0000][6][gc,phases    ] GC(2)   Other: 2.3ms
[2020-08-18T07:38:38.409+0000][6][gc,heap      ] GC(2) Eden regions: 30->0(40)
[2020-08-18T07:38:38.410+0000][6][gc,heap      ] GC(2) Survivor regions: 2->3(4)
[2020-08-18T07:38:38.410+0000][6][gc,heap      ] GC(2) Old regions: 3->3
[2020-08-18T07:38:38.410+0000][6][gc,heap      ] GC(2) Archive regions: 2->2
[2020-08-18T07:38:38.410+0000][6][gc,heap      ] GC(2) Humongous regions: 1->1
[2020-08-18T07:38:38.410+0000][6][gc,metaspace ] GC(2) Metaspace: 13633K(14208K)->13633K(14208K) NonClass: 11972K(12288K)->11972K(12288K) Class: 1661K(1920K)->1661K(1920K)
[2020-08-18T07:38:38.411+0000][6][gc           ] GC(2) Pause Young (Normal) (G1 Evacuation Pause) 35M->7M(512M) 13.032ms
[2020-08-18T07:38:38.411+0000][6][gc,cpu       ] GC(2) User=0.01s Sys=0.00s Real=0.02s
[2020-08-18T07:38:38.411+0000][6][safepoint    ] Safepoint "G1CollectForAllocation", Time since last: 853406276 ns, Reaching safepoint: 211100 ns, At safepoint: 13560304 ns, Total: 13771404 ns
[2020-08-18T07:38:38.412+0000][6][safepoint    ] Safepoint "BulkRevokeBias", Time since last: 463400 ns, Reaching safepoint: 99100 ns, At safepoint: 40200 ns, Total: 139300 ns
[2020-08-18T07:38:38.947+0000][6][gc,start     ] GC(3) Pause Young (Normal) (G1 Evacuation Pause)
[2020-08-18T07:38:38.948+0000][6][gc,task      ] GC(3) Using 2 workers of 2 for evacuation
[2020-08-18T07:38:38.948+0000][6][gc,age       ] GC(3) Desired survivor size 3145728 bytes, new threshold 15 (max threshold 15)
[2020-08-18T07:38:38.967+0000][6][gc,age       ] GC(3) Age table with threshold 15 (max threshold 15)
[2020-08-18T07:38:38.967+0000][6][gc,age       ] GC(3) - age   1:    3278624 bytes,    3278624 total
[2020-08-18T07:38:38.967+0000][6][gc,age       ] GC(3) - age   2:    1864048 bytes,    5142672 total
[2020-08-18T07:38:38.968+0000][6][gc,age       ] GC(3) - age   3:    1137720 bytes,    6280392 total
[2020-08-18T07:38:38.968+0000][6][gc,phases    ] GC(3)   Pre Evacuate Collection Set: 0.1ms
[2020-08-18T07:38:38.968+0000][6][gc,phases    ] GC(3)   Merge Heap Roots: 0.1ms
[2020-08-18T07:38:38.969+0000][6][gc,phases    ] GC(3)   Evacuate Collection Set: 17.4ms
[2020-08-18T07:38:38.969+0000][6][gc,phases    ] GC(3)   Post Evacuate Collection Set: 0.4ms
[2020-08-18T07:38:38.969+0000][6][gc,phases    ] GC(3)   Other: 2.7ms
[2020-08-18T07:38:38.969+0000][6][gc,heap      ] GC(3) Eden regions: 40->0(92)
[2020-08-18T07:38:38.970+0000][6][gc,heap      ] GC(3) Survivor regions: 3->6(6)
[2020-08-18T07:38:38.970+0000][6][gc,heap      ] GC(3) Old regions: 3->3
[2020-08-18T07:38:38.970+0000][6][gc,heap      ] GC(3) Archive regions: 2->2
[2020-08-18T07:38:38.970+0000][6][gc,heap      ] GC(3) Humongous regions: 1->1
[2020-08-18T07:38:38.970+0000][6][gc,metaspace ] GC(3) Metaspace: 14138K(14720K)->14138K(14720K) NonClass: 12447K(12800K)->12447K(12800K) Class: 1691K(1920K)->1691K(1920K)
[2020-08-18T07:38:38.971+0000][6][gc           ] GC(3) Pause Young (Normal) (G1 Evacuation Pause) 47M->10M(512M) 23.397ms
[2020-08-18T07:38:38.971+0000][6][gc,cpu       ] GC(3) User=0.01s Sys=0.00s Real=0.03s
[2020-08-18T07:38:38.971+0000][6][safepoint    ] Safepoint "G1CollectForAllocation", Time since last: 535392073 ns, Reaching safepoint: 135401 ns, At safepoint: 23917007 ns, Total: 24052408 ns
[2020-08-18T07:38:39.706+0000][6][gc,start     ] GC(4) Pause Young (Normal) (G1 Evacuation Pause)
[2020-08-18T07:38:39.707+0000][6][gc,task      ] GC(4) Using 2 workers of 2 for evacuation
[2020-08-18T07:38:39.707+0000][6][gc,age       ] GC(4) Desired survivor size 6815744 bytes, new threshold 15 (max threshold 15)
[2020-08-18T07:38:39.724+0000][6][gc,age       ] GC(4) Age table with threshold 15 (max threshold 15)
[2020-08-18T07:38:39.724+0000][6][gc,age       ] GC(4) - age   1:    4533864 bytes,    4533864 total
[2020-08-18T07:38:39.724+0000][6][gc,age       ] GC(4) - age   2:     805968 bytes,    5339832 total
[2020-08-18T07:38:39.725+0000][6][gc,age       ] GC(4) - age   3:    1863232 bytes,    7203064 total
[2020-08-18T07:38:39.725+0000][6][gc,age       ] GC(4) - age   4:    1116872 bytes,    8319936 total
[2020-08-18T07:38:39.725+0000][6][gc,phases    ] GC(4)   Pre Evacuate Collection Set: 0.1ms
[2020-08-18T07:38:39.726+0000][6][gc,phases    ] GC(4)   Merge Heap Roots: 0.1ms
[2020-08-18T07:38:39.726+0000][6][gc,phases    ] GC(4)   Evacuate Collection Set: 15.7ms
[2020-08-18T07:38:39.726+0000][6][gc,phases    ] GC(4)   Post Evacuate Collection Set: 0.5ms
[2020-08-18T07:38:39.726+0000][6][gc,phases    ] GC(4)   Other: 2.6ms
[2020-08-18T07:38:39.727+0000][6][gc,heap      ] GC(4) Eden regions: 92->0(298)
[2020-08-18T07:38:39.727+0000][6][gc,heap      ] GC(4) Survivor regions: 6->9(13)
[2020-08-18T07:38:39.727+0000][6][gc,heap      ] GC(4) Old regions: 3->3
[2020-08-18T07:38:39.727+0000][6][gc,heap      ] GC(4) Archive regions: 2->2
[2020-08-18T07:38:39.728+0000][6][gc,heap      ] GC(4) Humongous regions: 2->1
[2020-08-18T07:38:39.728+0000][6][gc,metaspace ] GC(4) Metaspace: 17173K(18048K)->17173K(18048K) NonClass: 15063K(15616K)->15063K(15616K) Class: 2110K(2432K)->2110K(2432K)
[2020-08-18T07:38:39.728+0000][6][gc           ] GC(4) Pause Young (Normal) (G1 Evacuation Pause) 103M->13M(512M) 21.784ms
[2020-08-18T07:38:39.728+0000][6][gc,cpu       ] GC(4) User=0.02s Sys=0.00s Real=0.03s
[2020-08-18T07:38:39.728+0000][6][safepoint    ] Safepoint "G1CollectForAllocation", Time since last: 734785938 ns, Reaching safepoint: 109700 ns, At safepoint: 22335307 ns, Total: 22445007 ns
[2020-08-18T07:38:39.732+0000][6][safepoint    ] Safepoint "BulkRevokeBias", Time since last: 3049201 ns, Reaching safepoint: 469500 ns, At safepoint: 85000 ns, Total: 554500 ns
[2020-08-18T07:38:39.733+0000][6][safepoint    ] Safepoint "BulkRevokeBias", Time since last: 401700 ns, Reaching safepoint: 819601 ns, At safepoint: 79300 ns, Total: 898901 ns
[2020-08-18T07:38:40.505+0000][6][gc,start     ] GC(5) Pause Young (Normal) (G1 Evacuation Pause)
[2020-08-18T07:38:40.506+0000][6][gc,task      ] GC(5) Using 2 workers of 2 for evacuation
[2020-08-18T07:38:40.506+0000][6][gc,age       ] GC(5) Desired survivor size 20447232 bytes, new threshold 15 (max threshold 15)
[2020-08-18T07:38:40.539+0000][6][gc,age       ] GC(5) Age table with threshold 15 (max threshold 15)
[2020-08-18T07:38:40.539+0000][6][gc,age       ] GC(5) - age   1:    5124176 bytes,    5124176 total
[2020-08-18T07:38:40.540+0000][6][gc,age       ] GC(5) - age   2:    2707344 bytes,    7831520 total
[2020-08-18T07:38:40.540+0000][6][gc,age       ] GC(5) - age   3:     805840 bytes,    8637360 total
[2020-08-18T07:38:40.540+0000][6][gc,age       ] GC(5) - age   4:    1863232 bytes,   10500592 total
[2020-08-18T07:38:40.541+0000][6][gc,age       ] GC(5) - age   5:    1116872 bytes,   11617464 total
[2020-08-18T07:38:40.541+0000][6][gc,phases    ] GC(5)   Pre Evacuate Collection Set: 0.1ms
[2020-08-18T07:38:40.541+0000][6][gc,phases    ] GC(5)   Merge Heap Roots: 0.0ms
[2020-08-18T07:38:40.541+0000][6][gc,phases    ] GC(5)   Evacuate Collection Set: 31.4ms
[2020-08-18T07:38:40.542+0000][6][gc,phases    ] GC(5)   Post Evacuate Collection Set: 0.8ms
[2020-08-18T07:38:40.542+0000][6][gc,phases    ] GC(5)   Other: 3.4ms
[2020-08-18T07:38:40.542+0000][6][gc,heap      ] GC(5) Eden regions: 298->0(259)
[2020-08-18T07:38:40.542+0000][6][gc,heap      ] GC(5) Survivor regions: 9->12(39)
[2020-08-18T07:38:40.543+0000][6][gc,heap      ] GC(5) Old regions: 3->3
[2020-08-18T07:38:40.543+0000][6][gc,heap      ] GC(5) Archive regions: 2->2
[2020-08-18T07:38:40.543+0000][6][gc,heap      ] GC(5) Humongous regions: 1->1
[2020-08-18T07:38:40.543+0000][6][gc,metaspace ] GC(5) Metaspace: 18191K(19200K)->18191K(19200K) NonClass: 15949K(16640K)->15949K(16640K) Class: 2242K(2560K)->2242K(2560K)
[2020-08-18T07:38:40.543+0000][6][gc           ] GC(5) Pause Young (Normal) (G1 Evacuation Pause) 311M->16M(512M) 38.351ms
[2020-08-18T07:38:40.544+0000][6][gc,cpu       ] GC(5) User=0.04s Sys=0.00s Real=0.04s
[2020-08-18T07:38:40.544+0000][6][safepoint    ] Safepoint "G1CollectForAllocation", Time since last: 767784448 ns, Reaching safepoint: 3883501 ns, At safepoint: 38859413 ns, Total: 42742914 ns
[2020-08-18T07:38:40.545+0000][6][safepoint    ] Safepoint "BulkRevokeBias", Time since last: 1320700 ns, Reaching safepoint: 129700 ns, At safepoint: 62000 ns, Total: 191700 ns
[2020-08-18T07:38:41.484+0000][6][gc,start     ] GC(6) Pause Young (Normal) (G1 Evacuation Pause)
[2020-08-18T07:38:41.487+0000][6][gc,task      ] GC(6) Using 2 workers of 2 for evacuation
[2020-08-18T07:38:41.487+0000][6][gc,age       ] GC(6) Desired survivor size 17825792 bytes, new threshold 15 (max threshold 15)
[2020-08-18T07:38:41.511+0000][6][gc,age       ] GC(6) Age table with threshold 15 (max threshold 15)
[2020-08-18T07:38:41.511+0000][6][gc,age       ] GC(6) - age   1:    3445816 bytes,    3445816 total
[2020-08-18T07:38:41.512+0000][6][gc,age       ] GC(6) - age   2:    3818544 bytes,    7264360 total
[2020-08-18T07:38:41.512+0000][6][gc,age       ] GC(6) - age   3:    2702352 bytes,    9966712 total
[2020-08-18T07:38:41.512+0000][6][gc,age       ] GC(6) - age   4:     805840 bytes,   10772552 total
[2020-08-18T07:38:41.512+0000][6][gc,age       ] GC(6) - age   5:    1863136 bytes,   12635688 total
[2020-08-18T07:38:41.513+0000][6][gc,age       ] GC(6) - age   6:    1116712 bytes,   13752400 total
[2020-08-18T07:38:41.513+0000][6][gc,phases    ] GC(6)   Pre Evacuate Collection Set: 0.1ms
[2020-08-18T07:38:41.513+0000][6][gc,phases    ] GC(6)   Merge Heap Roots: 0.1ms
[2020-08-18T07:38:41.514+0000][6][gc,phases    ] GC(6)   Evacuate Collection Set: 22.0ms
[2020-08-18T07:38:41.514+0000][6][gc,phases    ] GC(6)   Post Evacuate Collection Set: 0.7ms
[2020-08-18T07:38:41.514+0000][6][gc,phases    ] GC(6)   Other: 5.6ms
[2020-08-18T07:38:41.515+0000][6][gc,heap      ] GC(6) Eden regions: 257->0(293)
[2020-08-18T07:38:41.516+0000][6][gc,heap      ] GC(6) Survivor regions: 12->14(34)
[2020-08-18T07:38:41.516+0000][6][gc,heap      ] GC(6) Old regions: 3->3
[2020-08-18T07:38:41.516+0000][6][gc,heap      ] GC(6) Archive regions: 2->2
[2020-08-18T07:38:41.518+0000][6][gc,heap      ] GC(6) Humongous regions: 1->1
[2020-08-18T07:38:41.519+0000][6][gc,metaspace ] GC(6) Metaspace: 19622K(21248K)->19622K(21248K) NonClass: 17206K(18432K)->17206K(18432K) Class: 2415K(2816K)->2415K(2816K)
[2020-08-18T07:38:41.521+0000][6][gc           ] GC(6) Pause Young (Normal) (G1 Evacuation Pause) 273M->18M(512M) 36.560ms
[2020-08-18T07:38:41.521+0000][6][gc,cpu       ] GC(6) User=0.03s Sys=0.00s Real=0.04s
[2020-08-18T07:38:41.522+0000][6][safepoint    ] Safepoint "G1CollectForAllocation", Time since last: 938841804 ns, Reaching safepoint: 159600 ns, At safepoint: 37301612 ns, Total: 37461212 ns
[2020-08-18T07:38:41.525+0000][6][safepoint    ] Safepoint "BulkRevokeBias", Time since last: 3250601 ns, Reaching safepoint: 398400 ns, At safepoint: 46400 ns, Total: 444800 ns
[2020-08-18T07:38:41.528+0000][6][safepoint    ] Safepoint "BulkRevokeBias", Time since last: 2347301 ns, Reaching safepoint: 119600 ns, At safepoint: 60900 ns, Total: 180500 ns
[2020-08-18T07:38:41.912+0000][6][gc,start     ] GC(7) Pause Young (Concurrent Start) (Metadata GC Threshold)
[2020-08-18T07:38:41.913+0000][6][gc,task      ] GC(7) Using 2 workers of 2 for evacuation
[2020-08-18T07:38:41.913+0000][6][gc,age       ] GC(7) Desired survivor size 20447232 bytes, new threshold 15 (max threshold 15)
[2020-08-18T07:38:41.932+0000][6][gc,age       ] GC(7) Age table with threshold 15 (max threshold 15)
[2020-08-18T07:38:41.933+0000][6][gc,age       ] GC(7) - age   1:     712400 bytes,     712400 total
[2020-08-18T07:38:41.933+0000][6][gc,age       ] GC(7) - age   2:    2855904 bytes,    3568304 total
[2020-08-18T07:38:41.936+0000][6][gc,age       ] GC(7) - age   3:    3817168 bytes,    7385472 total
[2020-08-18T07:38:41.937+0000][6][gc,age       ] GC(7) - age   4:    2702352 bytes,   10087824 total
[2020-08-18T07:38:41.937+0000][6][gc,age       ] GC(7) - age   5:     805840 bytes,   10893664 total
[2020-08-18T07:38:41.937+0000][6][gc,age       ] GC(7) - age   6:    1863136 bytes,   12756800 total
[2020-08-18T07:38:41.938+0000][6][gc,age       ] GC(7) - age   7:    1116712 bytes,   13873512 total
[2020-08-18T07:38:41.938+0000][6][gc,phases    ] GC(7)   Pre Evacuate Collection Set: 0.2ms
[2020-08-18T07:38:41.938+0000][6][gc,phases    ] GC(7)   Merge Heap Roots: 0.1ms
[2020-08-18T07:38:41.938+0000][6][gc,phases    ] GC(7)   Evacuate Collection Set: 18.3ms
[2020-08-18T07:38:41.938+0000][6][gc,phases    ] GC(7)   Post Evacuate Collection Set: 0.6ms
[2020-08-18T07:38:41.939+0000][6][gc,phases    ] GC(7)   Other: 6.6ms
[2020-08-18T07:38:41.939+0000][6][gc,heap      ] GC(7) Eden regions: 200->0(293)
[2020-08-18T07:38:41.939+0000][6][gc,heap      ] GC(7) Survivor regions: 14->14(39)
[2020-08-18T07:38:41.939+0000][6][gc,heap      ] GC(7) Old regions: 3->3
[2020-08-18T07:38:41.940+0000][6][gc,heap      ] GC(7) Archive regions: 2->2
[2020-08-18T07:38:41.940+0000][6][gc,heap      ] GC(7) Humongous regions: 1->1
[2020-08-18T07:38:41.940+0000][6][gc,metaspace ] GC(7) Metaspace: 19808K(21248K)->19808K(21248K) NonClass: 17366K(18432K)->17366K(18432K) Class: 2442K(2816K)->2442K(2816K)
[2020-08-18T07:38:41.940+0000][6][gc           ] GC(7) Pause Young (Concurrent Start) (Metadata GC Threshold) 218M->18M(512M) 28.338ms
[2020-08-18T07:38:41.941+0000][6][gc,cpu       ] GC(7) User=0.03s Sys=0.00s Real=0.03s
[2020-08-18T07:38:41.941+0000][6][gc           ] GC(8) Concurrent Cycle
[2020-08-18T07:38:41.941+0000][6][gc,marking   ] GC(8) Concurrent Clear Claimed Marks
[2020-08-18T07:38:41.942+0000][6][gc,marking   ] GC(8) Concurrent Clear Claimed Marks 0.304ms
[2020-08-18T07:38:41.942+0000][6][gc,marking   ] GC(8) Concurrent Scan Root Regions
[2020-08-18T07:38:41.941+0000][6][safepoint    ] Safepoint "CollectForMetadataAllocation", Time since last: 383984224 ns, Reaching safepoint: 59600 ns, At safepoint: 29210610 ns, Total: 29270210 ns
[2020-08-18T07:38:41.949+0000][6][gc,marking   ] GC(8) Concurrent Scan Root Regions 6.990ms
[2020-08-18T07:38:41.949+0000][6][gc,marking   ] GC(8) Concurrent Mark (6.432s)
[2020-08-18T07:38:41.950+0000][6][gc,marking   ] GC(8) Concurrent Mark From Roots
[2020-08-18T07:38:41.950+0000][6][gc,task      ] GC(8) Using 1 workers of 1 for marking
[2020-08-18T07:38:41.963+0000][6][gc,marking   ] GC(8) Concurrent Mark From Roots 13.745ms
[2020-08-18T07:38:41.964+0000][6][gc,marking   ] GC(8) Concurrent Preclean
[2020-08-18T07:38:41.964+0000][6][gc,marking   ] GC(8) Concurrent Preclean 0.358ms
[2020-08-18T07:38:41.965+0000][6][gc,marking   ] GC(8) Concurrent Mark (6.432s, 6.447s) 15.171ms
[2020-08-18T07:38:41.968+0000][6][gc,start     ] GC(8) Pause Remark
[2020-08-18T07:38:41.980+0000][6][gc           ] GC(8) Pause Remark 20M->20M(512M) 12.062ms
[2020-08-18T07:38:41.981+0000][6][gc,cpu       ] GC(8) User=0.01s Sys=0.00s Real=0.01s
[2020-08-18T07:38:41.983+0000][6][safepoint    ] Safepoint "G1Concurrent", Time since last: 23614407 ns, Reaching safepoint: 3258501 ns, At safepoint: 15395305 ns, Total: 18653806 ns
[2020-08-18T07:38:41.984+0000][6][gc,marking   ] GC(8) Concurrent Rebuild Remembered Sets
[2020-08-18T07:38:41.987+0000][6][gc,marking   ] GC(8) Concurrent Rebuild Remembered Sets 2.750ms
[2020-08-18T07:38:41.989+0000][6][gc,start     ] GC(8) Pause Cleanup
[2020-08-18T07:38:41.990+0000][6][gc           ] GC(8) Pause Cleanup 20M->20M(512M) 0.380ms
[2020-08-18T07:38:41.990+0000][6][gc,cpu       ] GC(8) User=0.00s Sys=0.00s Real=0.00s
[2020-08-18T07:38:41.990+0000][6][safepoint    ] Safepoint "G1Concurrent", Time since last: 3717902 ns, Reaching safepoint: 1908100 ns, At safepoint: 1157601 ns, Total: 3065701 ns
[2020-08-18T07:38:41.991+0000][6][gc,marking   ] GC(8) Concurrent Cleanup for Next Mark
[2020-08-18T07:38:41.992+0000][6][gc,marking   ] GC(8) Concurrent Cleanup for Next Mark 1.869ms
[2020-08-18T07:38:41.993+0000][6][gc           ] GC(8) Concurrent Cycle 51.973ms
[2020-08-18T07:38:43.381+0000][6][safepoint    ] Safepoint "Cleanup", Time since last: 1390305905 ns, Reaching safepoint: 433200 ns, At safepoint: 3300 ns, Total: 436500 ns
[2020-08-18T07:38:44.143+0000][6][gc,start     ] GC(9) Pause Young (Normal) (G1 Evacuation Pause)
[2020-08-18T07:38:44.143+0000][6][gc,task      ] GC(9) Using 2 workers of 2 for evacuation
[2020-08-18T07:38:44.144+0000][6][gc,age       ] GC(9) Desired survivor size 20447232 bytes, new threshold 15 (max threshold 15)
[2020-08-18T07:38:44.181+0000][6][gc,age       ] GC(9) Age table with threshold 15 (max threshold 15)
[2020-08-18T07:38:44.186+0000][6][gc,age       ] GC(9) - age   1:    7053944 bytes,    7053944 total
[2020-08-18T07:38:44.187+0000][6][gc,age       ] GC(9) - age   2:     657832 bytes,    7711776 total
[2020-08-18T07:38:44.187+0000][6][gc,age       ] GC(9) - age   3:    2833912 bytes,   10545688 total
[2020-08-18T07:38:44.187+0000][6][gc,age       ] GC(9) - age   4:    3790768 bytes,   14336456 total
[2020-08-18T07:38:44.188+0000][6][gc,age       ] GC(9) - age   5:    2671144 bytes,   17007600 total
[2020-08-18T07:38:44.188+0000][6][gc,age       ] GC(9) - age   6:     772104 bytes,   17779704 total
[2020-08-18T07:38:44.188+0000][6][gc,age       ] GC(9) - age   7:    1837880 bytes,   19617584 total
[2020-08-18T07:38:44.188+0000][6][gc,age       ] GC(9) - age   8:    1103688 bytes,   20721272 total
[2020-08-18T07:38:44.189+0000][6][gc,phases    ] GC(9)   Pre Evacuate Collection Set: 0.1ms
[2020-08-18T07:38:44.189+0000][6][gc,phases    ] GC(9)   Merge Heap Roots: 0.1ms
[2020-08-18T07:38:44.189+0000][6][gc,phases    ] GC(9)   Evacuate Collection Set: 35.3ms
[2020-08-18T07:38:44.189+0000][6][gc,phases    ] GC(9)   Post Evacuate Collection Set: 1.2ms
[2020-08-18T07:38:44.190+0000][6][gc,phases    ] GC(9)   Other: 9.1ms
[2020-08-18T07:38:44.190+0000][6][gc,heap      ] GC(9) Eden regions: 293->0(286)
[2020-08-18T07:38:44.190+0000][6][gc,heap      ] GC(9) Survivor regions: 14->21(39)
[2020-08-18T07:38:44.190+0000][6][gc,heap      ] GC(9) Old regions: 3->3
[2020-08-18T07:38:44.191+0000][6][gc,heap      ] GC(9) Archive regions: 2->2
[2020-08-18T07:38:44.191+0000][6][gc,heap      ] GC(9) Humongous regions: 1->1
[2020-08-18T07:38:44.191+0000][6][gc,metaspace ] GC(9) Metaspace: 29086K(31872K)->29086K(31872K) NonClass: 25383K(27392K)->25383K(27392K) Class: 3703K(4480K)->3703K(4480K)
[2020-08-18T07:38:44.192+0000][6][gc           ] GC(9) Pause Young (Normal) (G1 Evacuation Pause) 311M->25M(512M) 48.681ms
[2020-08-18T07:38:44.192+0000][6][gc,cpu       ] GC(9) User=0.03s Sys=0.00s Real=0.05s
[2020-08-18T07:38:44.192+0000][6][safepoint    ] Safepoint "G1CollectForAllocation", Time since last: 761566796 ns, Reaching safepoint: 314500 ns, At safepoint: 49236426 ns, Total: 49550926 ns
[2020-08-18T07:38:45.195+0000][6][safepoint    ] Safepoint "Cleanup", Time since last: 1002710321 ns, Reaching safepoint: 295600 ns, At safepoint: 3900 ns, Total: 299500 ns
[2020-08-18T07:38:46.197+0000][6][safepoint    ] Safepoint "Cleanup", Time since last: 1002091821 ns, Reaching safepoint: 231400 ns, At safepoint: 3100 ns, Total: 234500 ns
[2020-08-18T07:38:46.931+0000][6][gc,start     ] GC(10) Pause Young (Concurrent Start) (Metadata GC Threshold)
[2020-08-18T07:38:46.931+0000][6][gc,task      ] GC(10) Using 2 workers of 2 for evacuation
[2020-08-18T07:38:46.932+0000][6][gc,age       ] GC(10) Desired survivor size 20447232 bytes, new threshold 8 (max threshold 15)
[2020-08-18T07:38:47.006+0000][6][gc,age       ] GC(10) Age table with threshold 8 (max threshold 15)
[2020-08-18T07:38:47.007+0000][6][gc,age       ] GC(10) - age   1:   22593432 bytes,   22593432 total
[2020-08-18T07:38:47.007+0000][6][gc,age       ] GC(10) - age   2:    6463632 bytes,   29057064 total
[2020-08-18T07:38:47.008+0000][6][gc,age       ] GC(10) - age   3:     657832 bytes,   29714896 total
[2020-08-18T07:38:47.009+0000][6][gc,age       ] GC(10) - age   4:    2798496 bytes,   32513392 total
[2020-08-18T07:38:47.009+0000][6][gc,age       ] GC(10) - age   5:    3772680 bytes,   36286072 total
[2020-08-18T07:38:47.009+0000][6][gc,age       ] GC(10) - age   6:    2659696 bytes,   38945768 total
[2020-08-18T07:38:47.010+0000][6][gc,age       ] GC(10) - age   7:     655480 bytes,   39601248 total
[2020-08-18T07:38:47.010+0000][6][gc,age       ] GC(10) - age   8:    1166712 bytes,   40767960 total
[2020-08-18T07:38:47.010+0000][6][gc,phases    ] GC(10)   Pre Evacuate Collection Set: 0.3ms
[2020-08-18T07:38:47.010+0000][6][gc,phases    ] GC(10)   Merge Heap Roots: 0.1ms
[2020-08-18T07:38:47.011+0000][6][gc,phases    ] GC(10)   Evacuate Collection Set: 72.5ms
[2020-08-18T07:38:47.011+0000][6][gc,phases    ] GC(10)   Post Evacuate Collection Set: 0.9ms
[2020-08-18T07:38:47.011+0000][6][gc,phases    ] GC(10)   Other: 5.5ms
[2020-08-18T07:38:47.011+0000][6][gc,heap      ] GC(10) Eden regions: 204->0(268)
[2020-08-18T07:38:47.011+0000][6][gc,heap      ] GC(10) Survivor regions: 21->39(39)
[2020-08-18T07:38:47.012+0000][6][gc,heap      ] GC(10) Old regions: 3->6
[2020-08-18T07:38:47.012+0000][6][gc,heap      ] GC(10) Archive regions: 2->2
[2020-08-18T07:38:47.012+0000][6][gc,heap      ] GC(10) Humongous regions: 1->1
[2020-08-18T07:38:47.012+0000][6][gc,metaspace ] GC(10) Metaspace: 32752K(35840K)->32752K(35840K) NonClass: 28446K(30592K)->28446K(30592K) Class: 4306K(5248K)->4306K(5248K)
[2020-08-18T07:38:47.013+0000][6][gc           ] GC(10) Pause Young (Concurrent Start) (Metadata GC Threshold) 229M->46M(512M) 81.774ms
[2020-08-18T07:38:47.013+0000][6][gc,cpu       ] GC(10) User=0.09s Sys=0.00s Real=0.08s
[2020-08-18T07:38:47.013+0000][6][gc           ] GC(11) Concurrent Cycle
[2020-08-18T07:38:47.013+0000][6][gc,marking   ] GC(11) Concurrent Clear Claimed Marks
[2020-08-18T07:38:47.014+0000][6][gc,marking   ] GC(11) Concurrent Clear Claimed Marks 0.859ms
[2020-08-18T07:38:47.014+0000][6][gc,marking   ] GC(11) Concurrent Scan Root Regions
[2020-08-18T07:38:47.017+0000][6][safepoint    ] Safepoint "CollectForMetadataAllocation", Time since last: 733234482 ns, Reaching safepoint: 141300 ns, At safepoint: 86377445 ns, Total: 86518745 ns
[2020-08-18T07:38:47.061+0000][6][safepoint    ] Safepoint "CollectForMetadataAllocation", Time since last: 43487422 ns, Reaching safepoint: 130800 ns, At safepoint: 120500 ns, Total: 251300 ns
[2020-08-18T07:38:47.120+0000][6][gc,marking   ] GC(11) Concurrent Scan Root Regions 105.567ms
[2020-08-18T07:38:47.121+0000][6][gc,marking   ] GC(11) Concurrent Mark (11.603s)
[2020-08-18T07:38:47.121+0000][6][gc,marking   ] GC(11) Concurrent Mark From Roots
[2020-08-18T07:38:47.121+0000][6][gc,task      ] GC(11) Using 1 workers of 1 for marking
[2020-08-18T07:38:47.135+0000][6][gc,marking   ] GC(11) Concurrent Mark From Roots 14.345ms
[2020-08-18T07:38:47.137+0000][6][gc,marking   ] GC(11) Concurrent Preclean
[2020-08-18T07:38:47.137+0000][6][gc,marking   ] GC(11) Concurrent Preclean 0.492ms
[2020-08-18T07:38:47.137+0000][6][gc,marking   ] GC(11) Concurrent Mark (11.603s, 11.619s) 16.802ms
[2020-08-18T07:38:47.138+0000][6][gc,start     ] GC(11) Pause Remark
[2020-08-18T07:38:47.147+0000][6][gc           ] GC(11) Pause Remark 49M->49M(512M) 8.695ms
[2020-08-18T07:38:47.147+0000][6][gc,cpu       ] GC(11) User=0.01s Sys=0.00s Real=0.01s
[2020-08-18T07:38:47.147+0000][6][safepoint    ] Safepoint "G1Concurrent", Time since last: 76708140 ns, Reaching safepoint: 174600 ns, At safepoint: 9490205 ns, Total: 9664805 ns
[2020-08-18T07:38:47.148+0000][6][gc,marking   ] GC(11) Concurrent Rebuild Remembered Sets
[2020-08-18T07:38:47.158+0000][6][gc,marking   ] GC(11) Concurrent Rebuild Remembered Sets 10.049ms
[2020-08-18T07:38:47.159+0000][6][gc,start     ] GC(11) Pause Cleanup
[2020-08-18T07:38:47.159+0000][6][gc           ] GC(11) Pause Cleanup 49M->49M(512M) 0.599ms
[2020-08-18T07:38:47.160+0000][6][gc,cpu       ] GC(11) User=0.00s Sys=0.00s Real=0.00s
[2020-08-18T07:38:47.160+0000][6][safepoint    ] Safepoint "G1Concurrent", Time since last: 10842706 ns, Reaching safepoint: 424000 ns, At safepoint: 1285301 ns, Total: 1709301 ns
[2020-08-18T07:38:47.160+0000][6][gc,marking   ] GC(11) Concurrent Cleanup for Next Mark
[2020-08-18T07:38:47.161+0000][6][gc,marking   ] GC(11) Concurrent Cleanup for Next Mark 1.229ms
[2020-08-18T07:38:47.162+0000][6][gc           ] GC(11) Concurrent Cycle 148.625ms
[2020-08-18T07:38:48.271+0000][6][safepoint    ] Safepoint "Cleanup", Time since last: 1110675977 ns, Reaching safepoint: 173300 ns, At safepoint: 2700 ns, Total: 176000 ns
[2020-08-18T07:38:49.480+0000][6][safepoint    ] Safepoint "ICBufferFull", Time since last: 1208803229 ns, Reaching safepoint: 134700 ns, At safepoint: 3900 ns, Total: 138600 ns
[2020-08-18T07:38:50.688+0000][6][safepoint    ] Safepoint "Cleanup", Time since last: 1208237739 ns, Reaching safepoint: 415000 ns, At safepoint: 3500 ns, Total: 418500 ns
[2020-08-18T07:38:51.550+0000][6][gc,start     ] GC(12) Pause Young (Concurrent Start) (G1 Evacuation Pause)
[2020-08-18T07:38:51.551+0000][6][gc,task      ] GC(12) Using 2 workers of 2 for evacuation
[2020-08-18T07:38:51.551+0000][6][gc,age       ] GC(12) Desired survivor size 20447232 bytes, new threshold 1 (max threshold 15)
[2020-08-18T07:38:51.745+0000][6][gc,age       ] GC(12) Age table with threshold 1 (max threshold 15)
[2020-08-18T07:38:51.746+0000][6][gc,age       ] GC(12) - age   1:    9572040 bytes,    9572040 total
[2020-08-18T07:38:51.746+0000][6][gc,phases    ] GC(12)   Pre Evacuate Collection Set: 1.0ms
[2020-08-18T07:38:51.746+0000][6][gc,phases    ] GC(12)   Merge Heap Roots: 0.5ms
[2020-08-18T07:38:51.747+0000][6][gc,phases    ] GC(12)   Evacuate Collection Set: 189.5ms
[2020-08-18T07:38:51.747+0000][6][gc,phases    ] GC(12)   Post Evacuate Collection Set: 2.2ms
[2020-08-18T07:38:51.747+0000][6][gc,phases    ] GC(12)   Other: 2.6ms
[2020-08-18T07:38:51.748+0000][6][gc,heap      ] GC(12) Eden regions: 268->0(289)
[2020-08-18T07:38:51.748+0000][6][gc,heap      ] GC(12) Survivor regions: 39->10(39)
[2020-08-18T07:38:51.749+0000][6][gc,heap      ] GC(12) Old regions: 6->45
[2020-08-18T07:38:51.749+0000][6][gc,heap      ] GC(12) Archive regions: 2->2
[2020-08-18T07:38:51.749+0000][6][gc,heap      ] GC(12) Humongous regions: 1->1
[2020-08-18T07:38:51.750+0000][6][gc,metaspace ] GC(12) Metaspace: 52632K(57880K)->52632K(57880K) NonClass: 45469K(48792K)->45469K(48792K) Class: 7162K(9088K)->7162K(9088K)
[2020-08-18T07:38:51.750+0000][6][gc           ] GC(12) Pause Young (Concurrent Start) (G1 Evacuation Pause) 314M->55M(512M) 199.967ms
[2020-08-18T07:38:51.750+0000][6][gc,cpu       ] GC(12) User=0.20s Sys=0.00s Real=0.20s
[2020-08-18T07:38:51.751+0000][6][gc           ] GC(13) Concurrent Cycle
[2020-08-18T07:38:51.751+0000][6][gc,marking   ] GC(13) Concurrent Clear Claimed Marks
[2020-08-18T07:38:51.753+0000][6][gc,marking   ] GC(13) Concurrent Clear Claimed Marks 1.685ms
[2020-08-18T07:38:51.754+0000][6][gc,marking   ] GC(13) Concurrent Scan Root Regions
[2020-08-18T07:38:51.757+0000][6][safepoint    ] Safepoint "G1CollectForAllocation", Time since last: 855480977 ns, Reaching safepoint: 6325601 ns, At safepoint: 200666242 ns, Total: 206991843 ns
[2020-08-18T07:38:51.780+0000][6][safepoint    ] Safepoint "BulkRevokeBias", Time since last: 17523403 ns, Reaching safepoint: 10904003 ns, At safepoint: 284500 ns, Total: 11188503 ns
[2020-08-18T07:38:51.894+0000][6][gc,marking   ] GC(13) Concurrent Scan Root Regions 140.380ms
[2020-08-18T07:38:51.895+0000][6][gc,marking   ] GC(13) Concurrent Mark (16.377s)
[2020-08-18T07:38:51.896+0000][6][gc,marking   ] GC(13) Concurrent Mark From Roots
[2020-08-18T07:38:51.896+0000][6][gc,task      ] GC(13) Using 1 workers of 1 for marking
[2020-08-18T07:38:51.949+0000][6][gc,marking   ] GC(13) Concurrent Mark From Roots 53.034ms
[2020-08-18T07:38:51.949+0000][6][gc,marking   ] GC(13) Concurrent Preclean
[2020-08-18T07:38:51.950+0000][6][gc,marking   ] GC(13) Concurrent Preclean 0.714ms
[2020-08-18T07:38:51.951+0000][6][gc,marking   ] GC(13) Concurrent Mark (16.377s, 16.433s) 55.888ms
[2020-08-18T07:38:51.953+0000][6][gc,start     ] GC(13) Pause Remark
[2020-08-18T07:38:51.966+0000][6][gc           ] GC(13) Pause Remark 60M->60M(512M) 12.891ms
[2020-08-18T07:38:51.966+0000][6][gc,cpu       ] GC(13) User=0.01s Sys=0.00s Real=0.01s
[2020-08-18T07:38:51.967+0000][6][safepoint    ] Safepoint "G1Concurrent", Time since last: 172672535 ns, Reaching safepoint: 461300 ns, At safepoint: 13905803 ns, Total: 14367103 ns
[2020-08-18T07:38:51.979+0000][6][gc,marking   ] GC(13) Concurrent Rebuild Remembered Sets
[2020-08-18T07:38:52.190+0000][6][gc,marking   ] GC(13) Concurrent Rebuild Remembered Sets 211.093ms
[2020-08-18T07:38:52.206+0000][6][gc,start     ] GC(13) Pause Cleanup
[2020-08-18T07:38:52.207+0000][6][gc           ] GC(13) Pause Cleanup 67M->67M(512M) 0.980ms
[2020-08-18T07:38:52.208+0000][6][gc,cpu       ] GC(13) User=0.00s Sys=0.00s Real=0.00s
[2020-08-18T07:38:52.210+0000][6][safepoint    ] Safepoint "G1Concurrent", Time since last: 233133048 ns, Reaching safepoint: 5951702 ns, At safepoint: 3908000 ns, Total: 9859702 ns
[2020-08-18T07:38:52.211+0000][6][gc,marking   ] GC(13) Concurrent Cleanup for Next Mark
[2020-08-18T07:38:52.213+0000][6][gc,marking   ] GC(13) Concurrent Cleanup for Next Mark 2.197ms
[2020-08-18T07:38:52.214+0000][6][gc           ] GC(13) Concurrent Cycle 462.573ms
[2020-08-18T07:38:52.663+0000][6][safepoint    ] Safepoint "BulkRevokeBias", Time since last: 452841394 ns, Reaching safepoint: 125200 ns, At safepoint: 143500 ns, Total: 268700 ns
[2020-08-18T07:38:52.748+0000][6][safepoint    ] Safepoint "BulkRevokeBias", Time since last: 84969717 ns, Reaching safepoint: 77300 ns, At safepoint: 124200 ns, Total: 201500 ns
[2020-08-18T07:38:52.775+0000][6][safepoint    ] Safepoint "BulkRevokeBias", Time since last: 21015605 ns, Reaching safepoint: 5544901 ns, At safepoint: 243700 ns, Total: 5788601 ns
[2020-08-18T07:38:53.898+0000][6][safepoint    ] Safepoint "Cleanup", Time since last: 1122678832 ns, Reaching safepoint: 738400 ns, At safepoint: 3200 ns, Total: 741600 ns
[2020-08-18T07:38:53.900+0000][6][safepoint    ] Safepoint "BulkRevokeBias", Time since last: 854200 ns, Reaching safepoint: 875500 ns, At safepoint: 74500 ns, Total: 950000 ns
[2020-08-18T07:38:54.902+0000][6][safepoint    ] Safepoint "Cleanup", Time since last: 1000560007 ns, Reaching safepoint: 1577600 ns, At safepoint: 14900 ns, Total: 1592500 ns
[2020-08-18T07:38:56.074+0000][6][safepoint    ] Safepoint "Cleanup", Time since last: 1170597041 ns, Reaching safepoint: 1777201 ns, At safepoint: 5700 ns, Total: 1782901 ns
[2020-08-18T07:38:57.677+0000][6][safepoint    ] Safepoint "Cleanup", Time since last: 1602267330 ns, Reaching safepoint: 455301 ns, At safepoint: 9000 ns, Total: 464301 ns
[2020-08-18T07:38:58.936+0000][6][safepoint    ] Safepoint "ICBufferFull", Time since last: 1258171389 ns, Reaching safepoint: 262600 ns, At safepoint: 26700 ns, Total: 289300 ns
[2020-08-18T07:38:59.360+0000][6][safepoint    ] Safepoint "BulkRevokeBias", Time since last: 418789251 ns, Reaching safepoint: 5666801 ns, At safepoint: 234400 ns, Total: 5901201 ns
[2020-08-18T07:38:59.371+0000][6][gc,start     ] GC(14) Pause Young (Normal) (G1 Evacuation Pause)
[2020-08-18T07:38:59.371+0000][6][gc,task      ] GC(14) Using 2 workers of 2 for evacuation
[2020-08-18T07:38:59.372+0000][6][gc,age       ] GC(14) Desired survivor size 19922944 bytes, new threshold 15 (max threshold 15)
[2020-08-18T07:38:59.461+0000][6][gc,age       ] GC(14) Age table with threshold 15 (max threshold 15)
[2020-08-18T07:38:59.468+0000][6][gc,age       ] GC(14) - age   1:    8293616 bytes,    8293616 total
[2020-08-18T07:38:59.470+0000][6][gc,age       ] GC(14) - age   2:    9145272 bytes,   17438888 total
[2020-08-18T07:38:59.470+0000][6][gc,phases    ] GC(14)   Pre Evacuate Collection Set: 4.0ms
[2020-08-18T07:38:59.470+0000][6][gc,phases    ] GC(14)   Merge Heap Roots: 0.6ms
[2020-08-18T07:38:59.472+0000][6][gc,phases    ] GC(14)   Evacuate Collection Set: 82.6ms
[2020-08-18T07:38:59.472+0000][6][gc,phases    ] GC(14)   Post Evacuate Collection Set: 2.1ms
[2020-08-18T07:38:59.473+0000][6][gc,phases    ] GC(14)   Other: 10.0ms
[2020-08-18T07:38:59.473+0000][6][gc,heap      ] GC(14) Eden regions: 289->0(285)
[2020-08-18T07:38:59.474+0000][6][gc,heap      ] GC(14) Survivor regions: 10->17(38)
[2020-08-18T07:38:59.474+0000][6][gc,heap      ] GC(14) Old regions: 45->45
[2020-08-18T07:38:59.475+0000][6][gc,heap      ] GC(14) Archive regions: 2->2
[2020-08-18T07:38:59.475+0000][6][gc,heap      ] GC(14) Humongous regions: 1->1
[2020-08-18T07:38:59.476+0000][6][gc,metaspace ] GC(14) Metaspace: 78262K(84760K)->78262K(84760K) NonClass: 67552K(71320K)->67552K(71320K) Class: 10710K(13440K)->10710K(13440K)
[2020-08-18T07:38:59.476+0000][6][gc           ] GC(14) Pause Young (Normal) (G1 Evacuation Pause) 344M->62M(512M) 105.245ms
[2020-08-18T07:38:59.476+0000][6][gc,cpu       ] GC(14) User=0.13s Sys=0.00s Real=0.10s
[2020-08-18T07:38:59.477+0000][6][safepoint    ] Safepoint "G1CollectForAllocation", Time since last: 5718601 ns, Reaching safepoint: 4657200 ns, At safepoint: 105954613 ns, Total: 110611813 ns
[2020-08-18T07:39:00.211+0000][6][safepoint    ] Safepoint "BulkRevokeBias", Time since last: 728396390 ns, Reaching safepoint: 4583900 ns, At safepoint: 923600 ns, Total: 5507500 ns
[2020-08-18T07:39:00.238+0000][6][safepoint    ] Safepoint "BulkRevokeBias", Time since last: 27502204 ns, Reaching safepoint: 79800 ns, At safepoint: 194000 ns, Total: 273800 ns
[2020-08-18T07:39:01.539+0000][6][safepoint    ] Safepoint "Cleanup", Time since last: 1300948360 ns, Reaching safepoint: 88800 ns, At safepoint: 3000 ns, Total: 91800 ns
[2020-08-18T07:39:02.540+0000][6][safepoint    ] Safepoint "Cleanup", Time since last: 1000680722 ns, Reaching safepoint: 79000 ns, At safepoint: 2700 ns, Total: 81700 ns
[2020-08-18T07:39:03.541+0000][6][safepoint    ] Safepoint "Cleanup", Time since last: 1000732423 ns, Reaching safepoint: 411600 ns, At safepoint: 6400 ns, Total: 418000 ns
[2020-08-18T07:39:05.544+0000][6][safepoint    ] Safepoint "Cleanup", Time since last: 2002279946 ns, Reaching safepoint: 509500 ns, At safepoint: 16900 ns, Total: 526400 ns
[2020-08-18T07:39:08.545+0000][6][safepoint    ] Safepoint "Cleanup", Time since last: 3001103000 ns, Reaching safepoint: 104300 ns, At safepoint: 4700 ns, Total: 109000 ns
[2020-08-18T07:39:09.547+0000][6][safepoint    ] Safepoint "Cleanup", Time since last: 1001606212 ns, Reaching safepoint: 232400 ns, At safepoint: 4300 ns, Total: 236700 ns
[2020-08-18T07:39:12.549+0000][6][safepoint    ] Safepoint "Cleanup", Time since last: 3001346438 ns, Reaching safepoint: 136600 ns, At safepoint: 4900 ns, Total: 141500 ns
[2020-08-18T07:39:13.550+0000][6][safepoint    ] Safepoint "Cleanup", Time since last: 1000941213 ns, Reaching safepoint: 81300 ns, At safepoint: 2800 ns, Total: 84100 ns
[2020-08-18T07:39:14.550+0000][6][safepoint    ] Safepoint "Cleanup", Time since last: 1000604950 ns, Reaching safepoint: 88900 ns, At safepoint: 2600 ns, Total: 91500 ns
[2020-08-18T07:39:18.551+0000][6][safepoint    ] Safepoint "Cleanup", Time since last: 4001045375 ns, Reaching safepoint: 110000 ns, At safepoint: 2800 ns, Total: 112800 ns
[2020-08-18T07:39:23.553+0000][6][safepoint    ] Safepoint "Cleanup", Time since last: 5001188400 ns, Reaching safepoint: 72000 ns, At safepoint: 2200 ns, Total: 74200 ns
[2020-08-18T07:39:27.554+0000][6][safepoint    ] Safepoint "Cleanup", Time since last: 4000916813 ns, Reaching safepoint: 82200 ns, At safepoint: 2800 ns, Total: 85000 ns
[2020-08-18T07:39:28.555+0000][6][safepoint    ] Safepoint "Cleanup", Time since last: 1000738578 ns, Reaching safepoint: 82500 ns, At safepoint: 3000 ns, Total: 85500 ns
[2020-08-18T07:39:29.765+0000][6][safepoint    ] Safepoint "Cleanup", Time since last: 1210513674 ns, Reaching safepoint: 152600 ns, At safepoint: 7700 ns, Total: 160300 ns
[2020-08-18T07:39:30.766+0000][6][safepoint    ] Safepoint "Cleanup", Time since last: 1001054417 ns, Reaching safepoint: 101800 ns, At safepoint: 3100 ns, Total: 104900 ns
[2020-08-18T07:39:33.769+0000][6][safepoint    ] Safepoint "Cleanup", Time since last: 3001495920 ns, Reaching safepoint: 775800 ns, At safepoint: 188100 ns, Total: 963900 ns
[2020-08-18T07:39:45.182+0000][6][safepoint    ] Safepoint "Cleanup", Time since last: 11412737295 ns, Reaching safepoint: 205700 ns, At safepoint: 5500 ns, Total: 211200 ns
[2020-08-18T07:39:48.186+0000][6][safepoint    ] Safepoint "Cleanup", Time since last: 3003304319 ns, Reaching safepoint: 713999 ns, At safepoint: 36900 ns, Total: 750899 ns
[2020-08-18T07:39:50.190+0000][6][safepoint    ] Safepoint "Cleanup", Time since last: 2003075939 ns, Reaching safepoint: 649100 ns, At safepoint: 16600 ns, Total: 665700 ns
[2020-08-18T07:39:52.193+0000][6][safepoint    ] Safepoint "Cleanup", Time since last: 2003027738 ns, Reaching safepoint: 274800 ns, At safepoint: 27300 ns, Total: 302100 ns
[2020-08-18T07:39:53.194+0000][6][safepoint    ] Safepoint "Cleanup", Time since last: 1001041370 ns, Reaching safepoint: 106200 ns, At safepoint: 2800 ns, Total: 109000 ns
[2020-08-18T07:40:00.198+0000][6][safepoint    ] Safepoint "Cleanup", Time since last: 7002687489 ns, Reaching safepoint: 695400 ns, At safepoint: 27000 ns, Total: 722400 ns
[2020-08-18T07:40:01.200+0000][6][safepoint    ] Safepoint "Cleanup", Time since last: 1002422681 ns, Reaching safepoint: 511000 ns, At safepoint: 16000 ns, Total: 527000 ns
[2020-08-18T07:40:03.204+0000][6][safepoint    ] Safepoint "Cleanup", Time since last: 2002940836 ns, Reaching safepoint: 261800 ns, At safepoint: 12600 ns, Total: 274400 ns
[2020-08-18T07:40:08.208+0000][6][safepoint    ] Safepoint "Cleanup", Time since last: 5003858879 ns, Reaching safepoint: 143100 ns, At safepoint: 3200 ns, Total: 146300 ns
[2020-08-18T07:40:10.209+0000][6][safepoint    ] Safepoint "Cleanup", Time since last: 2001447311 ns, Reaching safepoint: 234000 ns, At safepoint: 9600 ns, Total: 243600 ns
[2020-08-18T07:40:12.211+0000][6][safepoint    ] Safepoint "Cleanup", Time since last: 2002000715 ns, Reaching safepoint: 110200 ns, At safepoint: 2900 ns, Total: 113100 ns
[2020-08-18T07:40:16.214+0000][6][safepoint    ] Safepoint "Cleanup", Time since last: 4001791228 ns, Reaching safepoint: 414400 ns, At safepoint: 12700 ns, Total: 427100 ns
[2020-08-18T07:40:17.217+0000][6][safepoint    ] Safepoint "Cleanup", Time since last: 1002536757 ns, Reaching safepoint: 429100 ns, At safepoint: 12400 ns, Total: 441500 ns
[2020-08-18T07:40:18.219+0000][6][safepoint    ] Safepoint "Cleanup", Time since last: 1002479757 ns, Reaching safepoint: 319600 ns, At safepoint: 10900 ns, Total: 330500 ns
[2020-08-18T07:40:30.225+0000][6][safepoint    ] Safepoint "Cleanup", Time since last: 12005185100 ns, Reaching safepoint: 685900 ns, At safepoint: 28100 ns, Total: 714000 ns
[2020-08-18T07:40:37.230+0000][6][safepoint    ] Safepoint "Cleanup", Time since last: 7004113837 ns, Reaching safepoint: 175100 ns, At safepoint: 3600 ns, Total: 178700 ns
[2020-08-18T07:40:38.231+0000][6][safepoint    ] Safepoint "Cleanup", Time since last: 1000834427 ns, Reaching safepoint: 247800 ns, At safepoint: 11000 ns, Total: 258800 ns
[2020-08-18T07:40:39.233+0000][6][safepoint    ] Safepoint "Cleanup", Time since last: 1002082428 ns, Reaching safepoint: 128000 ns, At safepoint: 3600 ns, Total: 131600 ns
[2020-08-18T07:40:40.234+0000][6][safepoint    ] Safepoint "Cleanup", Time since last: 1000947327 ns, Reaching safepoint: 128300 ns, At safepoint: 3400 ns, Total: 131700 ns
[2020-08-18T07:40:42.580+0000][6][safepoint    ] Safepoint "Cleanup", Time since last: 2345388507 ns, Reaching safepoint: 290100 ns, At safepoint: 9400 ns, Total: 299500 ns
[2020-08-18T07:40:44.583+0000][6][safepoint    ] Safepoint "Cleanup", Time since last: 2002672299 ns, Reaching safepoint: 319400 ns, At safepoint: 10300 ns, Total: 329700 ns
[2020-08-18T07:40:45.585+0000][6][safepoint    ] Safepoint "Cleanup", Time since last: 1001971650 ns, Reaching safepoint: 378099 ns, At safepoint: 9900 ns, Total: 387999 ns
[2020-08-18T07:40:46.587+0000][6][safepoint    ] Safepoint "Cleanup", Time since last: 1002023650 ns, Reaching safepoint: 322100 ns, At safepoint: 10500 ns, Total: 332600 ns
[2020-08-18T07:40:53.592+0000][6][safepoint    ] Safepoint "Cleanup", Time since last: 7004558406 ns, Reaching safepoint: 121800 ns, At safepoint: 3900 ns, Total: 125700 ns
[2020-08-18T07:40:55.595+0000][6][safepoint    ] Safepoint "Cleanup", Time since last: 2001518253 ns, Reaching safepoint: 880400 ns, At safepoint: 21100 ns, Total: 901500 ns
[2020-08-18T07:40:56.599+0000][6][safepoint    ] Safepoint "Cleanup", Time since last: 1003493675 ns, Reaching safepoint: 443900 ns, At safepoint: 14700 ns, Total: 458600 ns
[2020-08-18T07:41:00.602+0000][6][safepoint    ] Safepoint "Cleanup", Time since last: 4003115122 ns, Reaching safepoint: 104000 ns, At safepoint: 3100 ns, Total: 107100 ns
[2020-08-18T07:41:05.604+0000][6][safepoint    ] Safepoint "Cleanup", Time since last: 5002183382 ns, Reaching safepoint: 484700 ns, At safepoint: 12100 ns, Total: 496800 ns
[2020-08-18T07:41:08.609+0000][6][safepoint    ] Safepoint "Cleanup", Time since last: 3003517146 ns, Reaching safepoint: 786097 ns, At safepoint: 20900 ns, Total: 806997 ns
[2020-08-18T07:41:09.612+0000][6][safepoint    ] Safepoint "Cleanup", Time since last: 1003109825 ns, Reaching safepoint: 422998 ns, At safepoint: 12100 ns, Total: 435098 ns
[2020-08-18T07:41:29.622+0000][6][safepoint    ] Safepoint "Cleanup", Time since last: 20009257859 ns, Reaching safepoint: 628700 ns, At safepoint: 18200 ns, Total: 646900 ns
[2020-08-18T07:41:32.625+0000][6][safepoint    ] Safepoint "Cleanup", Time since last: 3003011693 ns, Reaching safepoint: 127100 ns, At safepoint: 7600 ns, Total: 134700 ns
[2020-08-18T07:41:35.627+0000][6][safepoint    ] Safepoint "Cleanup", Time since last: 3001415197 ns, Reaching safepoint: 120800 ns, At safepoint: 2600 ns, Total: 123400 ns
[2020-08-18T07:41:36.628+0000][6][safepoint    ] Safepoint "Cleanup", Time since last: 1001018032 ns, Reaching safepoint: 439500 ns, At safepoint: 11900 ns, Total: 451400 ns
[2020-08-18T07:41:37.631+0000][6][safepoint    ] Safepoint "Cleanup", Time since last: 1002494332 ns, Reaching safepoint: 416300 ns, At safepoint: 11300 ns, Total: 427600 ns
[2020-08-18T07:41:43.636+0000][6][safepoint    ] Safepoint "Cleanup", Time since last: 6003788993 ns, Reaching safepoint: 660100 ns, At safepoint: 15600 ns, Total: 675700 ns
[2020-08-18T07:41:53.642+0000][6][safepoint    ] Safepoint "Cleanup", Time since last: 10005761280 ns, Reaching safepoint: 445600 ns, At safepoint: 11900 ns, Total: 457500 ns
[2020-08-18T07:41:58.647+0000][6][safepoint    ] Safepoint "Cleanup", Time since last: 5004094923 ns, Reaching safepoint: 495400 ns, At safepoint: 14400 ns, Total: 509800 ns
[2020-08-18T07:42:00.650+0000][6][safepoint    ] Safepoint "Cleanup", Time since last: 2003073182 ns, Reaching safepoint: 315400 ns, At safepoint: 11300 ns, Total: 326700 ns
[2020-08-18T07:42:08.655+0000][6][safepoint    ] Safepoint "Cleanup", Time since last: 8004616392 ns, Reaching safepoint: 493900 ns, At safepoint: 13300 ns, Total: 507200 ns
[2020-08-18T07:42:09.658+0000][6][safepoint    ] Safepoint "Cleanup", Time since last: 1002755367 ns, Reaching safepoint: 501900 ns, At safepoint: 12500 ns, Total: 514400 ns
[2020-08-18T07:42:13.663+0000][6][safepoint    ] Safepoint "Cleanup", Time since last: 4004014030 ns, Reaching safepoint: 582000 ns, At safepoint: 14600 ns, Total: 596600 ns
[2020-08-18T07:42:23.667+0000][6][safepoint    ] Safepoint "Cleanup", Time since last: 10004322668 ns, Reaching safepoint: 205800 ns, At safepoint: 4700 ns, Total: 210500 ns
[2020-08-18T07:42:30.671+0000][6][safepoint    ] Safepoint "Cleanup", Time since last: 7003319510 ns, Reaching safepoint: 432700 ns, At safepoint: 11000 ns, Total: 443700 ns
[2020-08-18T07:42:53.680+0000][6][safepoint    ] Safepoint "Cleanup", Time since last: 23008426433 ns, Reaching safepoint: 153600 ns, At safepoint: 3200 ns, Total: 156800 ns
[2020-08-18T07:43:00.683+0000][6][safepoint    ] Safepoint "Cleanup", Time since last: 7002728430 ns, Reaching safepoint: 226700 ns, At safepoint: 6600 ns, Total: 233300 ns
[2020-08-18T07:43:12.687+0000][6][safepoint    ] Safepoint "Cleanup", Time since last: 12003836861 ns, Reaching safepoint: 97600 ns, At safepoint: 3100 ns, Total: 100700 ns
[2020-08-18T07:43:22.689+0000][6][safepoint    ] Safepoint "Cleanup", Time since last: 10002489585 ns, Reaching safepoint: 123801 ns, At safepoint: 2900 ns, Total: 126701 ns
[2020-08-18T07:43:43.699+0000][6][safepoint    ] Safepoint "Cleanup", Time since last: 21006809991 ns, Reaching safepoint: 2326801 ns, At safepoint: 8300 ns, Total: 2335101 ns
[2020-08-18T07:43:52.703+0000][6][safepoint    ] Safepoint "Cleanup", Time since last: 9002851186 ns, Reaching safepoint: 1535700 ns, At safepoint: 3400 ns, Total: 1539100 ns
[2020-08-18T07:44:00.724+0000][6][safepoint    ] Safepoint "Cleanup", Time since last: 8020723900 ns, Reaching safepoint: 497600 ns, At safepoint: 16900 ns, Total: 514500 ns
[2020-08-18T07:44:02.730+0000][6][safepoint    ] Safepoint "Cleanup", Time since last: 2005425251 ns, Reaching safepoint: 131300 ns, At safepoint: 4000 ns, Total: 135300 ns
[2020-08-18T07:44:03.734+0000][6][safepoint    ] Safepoint "Cleanup", Time since last: 1004210636 ns, Reaching safepoint: 175900 ns, At safepoint: 4400 ns, Total: 180300 ns
[2020-08-18T07:44:08.737+0000][6][safepoint    ] Safepoint "Cleanup", Time since last: 5002352778 ns, Reaching safepoint: 159800 ns, At safepoint: 4300 ns, Total: 164100 ns
[2020-08-18T07:44:30.744+0000][6][safepoint    ] Safepoint "Cleanup", Time since last: 22007168261 ns, Reaching safepoint: 495900 ns, At safepoint: 11300 ns, Total: 507200 ns
[2020-08-18T07:45:53.770+0000][6][safepoint    ] Safepoint "Cleanup", Time since last: 83024929056 ns, Reaching safepoint: 557800 ns, At safepoint: 12300 ns, Total: 570100 ns
[2020-08-18T07:45:59.774+0000][6][safepoint    ] Safepoint "Cleanup", Time since last: 6004183441 ns, Reaching safepoint: 165100 ns, At safepoint: 3200 ns, Total: 168300 ns
[2020-08-18T07:46:18.777+0000][6][safepoint    ] Safepoint "Cleanup", Time since last: 19002962113 ns, Reaching safepoint: 99400 ns, At safepoint: 2900 ns, Total: 102300 ns
[2020-08-18T07:48:08.811+0000][6][safepoint    ] Safepoint "Cleanup", Time since last: 110031891203 ns, Reaching safepoint: 1689900 ns, At safepoint: 13100 ns, Total: 1703000 ns
[2020-08-18T07:48:09.815+0000][6][safepoint    ] Safepoint "Cleanup", Time since last: 1003299592 ns, Reaching safepoint: 841599 ns, At safepoint: 19800 ns, Total: 861399 ns
[2020-08-18T07:48:54.869+0000][6][safepoint    ] Safepoint "Cleanup", Time since last: 45045307063 ns, Reaching safepoint: 9001701 ns, At safepoint: 4400 ns, Total: 9006101 ns
[2020-08-18T07:49:00.871+0000][6][safepoint    ] Safepoint "Cleanup", Time since last: 6001530733 ns, Reaching safepoint: 78100 ns, At safepoint: 2400 ns, Total: 80500 ns
[2020-08-18T07:49:01.873+0000][6][safepoint    ] Safepoint "Cleanup", Time since last: 1002210755 ns, Reaching safepoint: 81300 ns, At safepoint: 2300 ns, Total: 83600 ns
[2020-08-18T07:49:17.876+0000][6][safepoint    ] Safepoint "Cleanup", Time since last: 16002800779 ns, Reaching safepoint: 102800 ns, At safepoint: 2800 ns, Total: 105600 ns
[2020-08-18T07:49:18.878+0000][6][safepoint    ] Safepoint "Cleanup", Time since last: 1001966648 ns, Reaching safepoint: 87000 ns, At safepoint: 2800 ns, Total: 89800 ns
[2020-08-18T07:49:44.893+0000][6][safepoint    ] Safepoint "Cleanup", Time since last: 26008818685 ns, Reaching safepoint: 5776001 ns, At safepoint: 19800 ns, Total: 5795801 ns
[2020-08-18T07:51:02.943+0000][6][safepoint    ] Safepoint "Cleanup", Time since last: 78049792530 ns, Reaching safepoint: 137000 ns, At safepoint: 3100 ns, Total: 140100 ns
[2020-08-18T07:51:30.953+0000][6][safepoint    ] Safepoint "Cleanup", Time since last: 28009457357 ns, Reaching safepoint: 455500 ns, At safepoint: 61700 ns, Total: 517200 ns
[2020-08-18T07:51:59.965+0000][6][safepoint    ] Safepoint "Cleanup", Time since last: 29012114920 ns, Reaching safepoint: 472300 ns, At safepoint: 11000 ns, Total: 483300 ns
[2020-08-18T07:52:11.971+0000][6][safepoint    ] Safepoint "Cleanup", Time since last: 12005895208 ns, Reaching safepoint: 307100 ns, At safepoint: 9300 ns, Total: 316400 ns
[2020-08-18T07:52:26.543+0000][6][safepoint    ] Safepoint "Cleanup", Time since last: 14568793632 ns, Reaching safepoint: 2879100 ns, At safepoint: 9400 ns, Total: 2888500 ns
[2020-08-18T07:52:27.199+0000][6][safepoint    ] Safepoint "BulkRevokeBias", Time since last: 654858025 ns, Reaching safepoint: 169200 ns, At safepoint: 498000 ns, Total: 667200 ns
[2020-08-18T07:52:27.475+0000][6][safepoint    ] Safepoint "BulkRevokeBias", Time since last: 274298510 ns, Reaching safepoint: 2410100 ns, At safepoint: 106100 ns, Total: 2516200 ns
[2020-08-18T07:52:27.556+0000][6][gc,heap,exit ] Heap
[2020-08-18T07:52:27.556+0000][6][gc,heap,exit ]  garbage-first heap   total 524288K, used 320467K [0x00000000e0000000, 0x0000000100000000)
[2020-08-18T07:52:27.557+0000][6][gc,heap,exit ]   region size 1024K, 269 young (275456K), 17 survivors (17408K)
[2020-08-18T07:52:27.557+0000][6][gc,heap,exit ]  Metaspace       used 83007K, capacity 89583K, committed 89880K, reserved 1124352K
[2020-08-18T07:52:27.557+0000][6][gc,heap,exit ]   class space    used 11353K, capacity 14085K, committed 14208K, reserved 1048576K
