[2020-12-02T14:09:41.828+0000][6][gc,heap] Heap region size: 1M
[2020-12-02T14:09:41.829+0000][6][gc,heap,coops] Heap address: 0x00000000e0000000, size: 512 MB, Compressed Oops mode: 32-bit
[2020-12-02T14:09:42.006+0000][6][gc           ] Using G1
[2020-12-02T14:09:42.008+0000][6][gc,cds       ] Mark closed archive regions in map: [0x00000000fff00000, 0x00000000fff7eff8]
[2020-12-02T14:09:42.008+0000][6][gc,cds       ] Mark open archive regions in map: [0x00000000ffe00000, 0x00000000ffe51ff8]
[2020-12-02T14:09:42.047+0000][6][gc           ] Periodic GC disabled
[2020-12-02T14:09:42.442+0000][6][gc,start     ] GC(0) Pause Young (Normal) (G1 Evacuation Pause)
[2020-12-02T14:09:42.443+0000][6][gc,task      ] GC(0) Using 2 workers of 2 for evacuation
[2020-12-02T14:09:42.445+0000][6][gc,age       ] GC(0) Desired survivor size 2097152 bytes, new threshold 15 (max threshold 15)
[2020-12-02T14:09:42.450+0000][6][gc,age       ] GC(0) Age table with threshold 15 (max threshold 15)
[2020-12-02T14:09:42.451+0000][6][gc,age       ] GC(0) - age   1:    2617896 bytes,    2617896 total
[2020-12-02T14:09:42.451+0000][6][gc,phases    ] GC(0)   Pre Evacuate Collection Set: 0.2ms
[2020-12-02T14:09:42.451+0000][6][gc,phases    ] GC(0)   Merge Heap Roots: 0.2ms
[2020-12-02T14:09:42.452+0000][6][gc,phases    ] GC(0)   Evacuate Collection Set: 3.6ms
[2020-12-02T14:09:42.452+0000][6][gc,phases    ] GC(0)   Post Evacuate Collection Set: 0.6ms
[2020-12-02T14:09:42.453+0000][6][gc,phases    ] GC(0)   Other: 4.4ms
[2020-12-02T14:09:42.454+0000][6][gc,heap      ] GC(0) Eden regions: 25->0(23)
[2020-12-02T14:09:42.454+0000][6][gc,heap      ] GC(0) Survivor regions: 0->3(4)
[2020-12-02T14:09:42.455+0000][6][gc,heap      ] GC(0) Old regions: 0->0
[2020-12-02T14:09:42.455+0000][6][gc,heap      ] GC(0) Archive regions: 2->2
[2020-12-02T14:09:42.456+0000][6][gc,heap      ] GC(0) Humongous regions: 1->1
[2020-12-02T14:09:42.456+0000][6][gc,metaspace ] GC(0) Metaspace: 5503K(8320K)->5503K(8320K) NonClass: 4895K(7424K)->4895K(7424K) Class: 608K(896K)->608K(896K)
[2020-12-02T14:09:42.457+0000][6][gc           ] GC(0) Pause Young (Normal) (G1 Evacuation Pause) 26M->4M(512M) 15.203ms
[2020-12-02T14:09:42.458+0000][6][gc,cpu       ] GC(0) User=0.00s Sys=0.00s Real=0.01s
[2020-12-02T14:09:42.458+0000][6][safepoint    ] Safepoint "G1CollectForAllocation", Time since last: 422461736 ns, Reaching safepoint: 345099 ns, At safepoint: 16175398 ns, Total: 16520497 ns
[2020-12-02T14:09:43.261+0000][6][gc,start     ] GC(1) Pause Young (Normal) (G1 Evacuation Pause)
[2020-12-02T14:09:43.261+0000][6][gc,task      ] GC(1) Using 2 workers of 2 for evacuation
[2020-12-02T14:09:43.262+0000][6][gc,age       ] GC(1) Desired survivor size 2097152 bytes, new threshold 1 (max threshold 15)
[2020-12-02T14:09:43.272+0000][6][gc,age       ] GC(1) Age table with threshold 1 (max threshold 15)
[2020-12-02T14:09:43.272+0000][6][gc,age       ] GC(1) - age   1:    1113928 bytes,    1113928 total
[2020-12-02T14:09:43.273+0000][6][gc,phases    ] GC(1)   Pre Evacuate Collection Set: 0.1ms
[2020-12-02T14:09:43.273+0000][6][gc,phases    ] GC(1)   Merge Heap Roots: 0.1ms
[2020-12-02T14:09:43.274+0000][6][gc,phases    ] GC(1)   Evacuate Collection Set: 8.9ms
[2020-12-02T14:09:43.274+0000][6][gc,phases    ] GC(1)   Post Evacuate Collection Set: 0.5ms
[2020-12-02T14:09:43.275+0000][6][gc,phases    ] GC(1)   Other: 2.4ms
[2020-12-02T14:09:43.275+0000][6][gc,heap      ] GC(1) Eden regions: 23->0(29)
[2020-12-02T14:09:43.276+0000][6][gc,heap      ] GC(1) Survivor regions: 3->2(4)
[2020-12-02T14:09:43.276+0000][6][gc,heap      ] GC(1) Old regions: 0->3
[2020-12-02T14:09:43.277+0000][6][gc,heap      ] GC(1) Archive regions: 2->2
[2020-12-02T14:09:43.277+0000][6][gc,heap      ] GC(1) Humongous regions: 1->1
[2020-12-02T14:09:43.278+0000][6][gc,metaspace ] GC(1) Metaspace: 10050K(11008K)->10050K(11008K) NonClass: 8800K(9472K)->8800K(9472K) Class: 1250K(1536K)->1250K(1536K)
[2020-12-02T14:09:43.278+0000][6][gc           ] GC(1) Pause Young (Normal) (G1 Evacuation Pause) 27M->5M(512M) 17.355ms
[2020-12-02T14:09:43.279+0000][6][gc,cpu       ] GC(1) User=0.02s Sys=0.00s Real=0.02s
[2020-12-02T14:09:43.279+0000][6][safepoint    ] Safepoint "G1CollectForAllocation", Time since last: 802311178 ns, Reaching safepoint: 199800 ns, At safepoint: 18490997 ns, Total: 18690797 ns
[2020-12-02T14:09:43.849+0000][6][gc,start     ] GC(2) Pause Young (Normal) (G1 Evacuation Pause)
[2020-12-02T14:09:43.850+0000][6][gc,task      ] GC(2) Using 2 workers of 2 for evacuation
[2020-12-02T14:09:43.850+0000][6][gc,age       ] GC(2) Desired survivor size 2097152 bytes, new threshold 15 (max threshold 15)
[2020-12-02T14:09:43.859+0000][6][gc,age       ] GC(2) Age table with threshold 15 (max threshold 15)
[2020-12-02T14:09:43.860+0000][6][gc,age       ] GC(2) - age   1:    3113272 bytes,    3113272 total
[2020-12-02T14:09:43.860+0000][6][gc,age       ] GC(2) - age   2:    1078408 bytes,    4191680 total
[2020-12-02T14:09:43.861+0000][6][gc,phases    ] GC(2)   Pre Evacuate Collection Set: 0.2ms
[2020-12-02T14:09:43.861+0000][6][gc,phases    ] GC(2)   Merge Heap Roots: 0.1ms
[2020-12-02T14:09:43.862+0000][6][gc,phases    ] GC(2)   Evacuate Collection Set: 7.4ms
[2020-12-02T14:09:43.863+0000][6][gc,phases    ] GC(2)   Post Evacuate Collection Set: 1.0ms
[2020-12-02T14:09:43.863+0000][6][gc,phases    ] GC(2)   Other: 3.5ms
[2020-12-02T14:09:43.864+0000][6][gc,heap      ] GC(2) Eden regions: 29->0(36)
[2020-12-02T14:09:43.864+0000][6][gc,heap      ] GC(2) Survivor regions: 2->4(4)
[2020-12-02T14:09:43.865+0000][6][gc,heap      ] GC(2) Old regions: 3->4
[2020-12-02T14:09:43.865+0000][6][gc,heap      ] GC(2) Archive regions: 2->2
[2020-12-02T14:09:43.866+0000][6][gc,heap      ] GC(2) Humongous regions: 1->1
[2020-12-02T14:09:43.867+0000][6][gc,metaspace ] GC(2) Metaspace: 13480K(14208K)->13480K(14208K) NonClass: 11843K(12288K)->11843K(12288K) Class: 1637K(1920K)->1637K(1920K)
[2020-12-02T14:09:43.867+0000][6][gc           ] GC(2) Pause Young (Normal) (G1 Evacuation Pause) 34M->8M(512M) 18.472ms
[2020-12-02T14:09:43.868+0000][6][gc,cpu       ] GC(2) User=0.02s Sys=0.00s Real=0.01s
[2020-12-02T14:09:43.869+0000][6][safepoint    ] Safepoint "G1CollectForAllocation", Time since last: 569369814 ns, Reaching safepoint: 249900 ns, At safepoint: 19743797 ns, Total: 19993697 ns
[2020-12-02T14:09:44.216+0000][6][gc,start     ] GC(3) Pause Young (Normal) (G1 Evacuation Pause)
[2020-12-02T14:09:44.217+0000][6][gc,task      ] GC(3) Using 2 workers of 2 for evacuation
[2020-12-02T14:09:44.217+0000][6][gc,age       ] GC(3) Desired survivor size 2621440 bytes, new threshold 1 (max threshold 15)
[2020-12-02T14:09:44.230+0000][6][gc,age       ] GC(3) Age table with threshold 1 (max threshold 15)
[2020-12-02T14:09:44.231+0000][6][gc,age       ] GC(3) - age   1:    2944976 bytes,    2944976 total
[2020-12-02T14:09:44.231+0000][6][gc,phases    ] GC(3)   Pre Evacuate Collection Set: 0.3ms
[2020-12-02T14:09:44.232+0000][6][gc,phases    ] GC(3)   Merge Heap Roots: 0.2ms
[2020-12-02T14:09:44.232+0000][6][gc,phases    ] GC(3)   Evacuate Collection Set: 9.5ms
[2020-12-02T14:09:44.233+0000][6][gc,phases    ] GC(3)   Post Evacuate Collection Set: 1.4ms
[2020-12-02T14:09:44.233+0000][6][gc,phases    ] GC(3)   Other: 3.7ms
[2020-12-02T14:09:44.234+0000][6][gc,heap      ] GC(3) Eden regions: 36->0(137)
[2020-12-02T14:09:44.234+0000][6][gc,heap      ] GC(3) Survivor regions: 4->3(5)
[2020-12-02T14:09:44.235+0000][6][gc,heap      ] GC(3) Old regions: 4->7
[2020-12-02T14:09:44.236+0000][6][gc,heap      ] GC(3) Archive regions: 2->2
[2020-12-02T14:09:44.236+0000][6][gc,heap      ] GC(3) Humongous regions: 1->1
[2020-12-02T14:09:44.237+0000][6][gc,metaspace ] GC(3) Metaspace: 14115K(14976K)->14115K(14976K) NonClass: 12423K(13056K)->12423K(13056K) Class: 1691K(1920K)->1691K(1920K)
[2020-12-02T14:09:44.237+0000][6][gc           ] GC(3) Pause Young (Normal) (G1 Evacuation Pause) 44M->10M(512M) 21.183ms
[2020-12-02T14:09:44.238+0000][6][gc,cpu       ] GC(3) User=0.02s Sys=0.00s Real=0.02s
[2020-12-02T14:09:44.238+0000][6][safepoint    ] Safepoint "G1CollectForAllocation", Time since last: 347202150 ns, Reaching safepoint: 219000 ns, At safepoint: 22283397 ns, Total: 22502397 ns
[2020-12-02T14:09:44.241+0000][6][safepoint    ] Safepoint "BulkRevokeBias", Time since last: 1841400 ns, Reaching safepoint: 232600 ns, At safepoint: 86000 ns, Total: 318600 ns
[2020-12-02T14:09:44.792+0000][6][gc,start     ] GC(4) Pause Young (Normal) (G1 Evacuation Pause)
[2020-12-02T14:09:44.793+0000][6][gc,task      ] GC(4) Using 2 workers of 2 for evacuation
[2020-12-02T14:09:44.794+0000][6][gc,age       ] GC(4) Desired survivor size 9437184 bytes, new threshold 15 (max threshold 15)
[2020-12-02T14:09:44.799+0000][6][gc,age       ] GC(4) Age table with threshold 15 (max threshold 15)
[2020-12-02T14:09:44.800+0000][6][gc,age       ] GC(4) - age   1:    3627248 bytes,    3627248 total
[2020-12-02T14:09:44.800+0000][6][gc,age       ] GC(4) - age   2:     865680 bytes,    4492928 total
[2020-12-02T14:09:44.801+0000][6][gc,phases    ] GC(4)   Pre Evacuate Collection Set: 0.1ms
[2020-12-02T14:09:44.801+0000][6][gc,phases    ] GC(4)   Merge Heap Roots: 0.0ms
[2020-12-02T14:09:44.801+0000][6][gc,phases    ] GC(4)   Evacuate Collection Set: 4.5ms
[2020-12-02T14:09:44.802+0000][6][gc,phases    ] GC(4)   Post Evacuate Collection Set: 0.6ms
[2020-12-02T14:09:44.802+0000][6][gc,phases    ] GC(4)   Other: 3.1ms
[2020-12-02T14:09:44.803+0000][6][gc,heap      ] GC(4) Eden regions: 137->0(302)
[2020-12-02T14:09:44.803+0000][6][gc,heap      ] GC(4) Survivor regions: 3->5(18)
[2020-12-02T14:09:44.803+0000][6][gc,heap      ] GC(4) Old regions: 7->7
[2020-12-02T14:09:44.804+0000][6][gc,heap      ] GC(4) Archive regions: 2->2
[2020-12-02T14:09:44.804+0000][6][gc,heap      ] GC(4) Humongous regions: 2->1
[2020-12-02T14:09:44.804+0000][6][gc,metaspace ] GC(4) Metaspace: 17271K(18304K)->17271K(18304K) NonClass: 15148K(15872K)->15148K(15872K) Class: 2123K(2432K)->2123K(2432K)
[2020-12-02T14:09:44.805+0000][6][gc           ] GC(4) Pause Young (Normal) (G1 Evacuation Pause) 148M->12M(512M) 12.369ms
[2020-12-02T14:09:44.805+0000][6][gc,cpu       ] GC(4) User=0.01s Sys=0.00s Real=0.01s
[2020-12-02T14:09:44.806+0000][6][safepoint    ] Safepoint "G1CollectForAllocation", Time since last: 551725040 ns, Reaching safepoint: 236000 ns, At safepoint: 13185398 ns, Total: 13421398 ns
[2020-12-02T14:09:44.814+0000][6][safepoint    ] Safepoint "BulkRevokeBias", Time since last: 7741600 ns, Reaching safepoint: 182600 ns, At safepoint: 34600 ns, Total: 217200 ns
[2020-12-02T14:09:44.815+0000][6][safepoint    ] Safepoint "BulkRevokeBias", Time since last: 737099 ns, Reaching safepoint: 167900 ns, At safepoint: 33500 ns, Total: 201400 ns
[2020-12-02T14:09:45.520+0000][6][gc,start     ] GC(5) Pause Young (Normal) (G1 Evacuation Pause)
[2020-12-02T14:09:45.521+0000][6][gc,task      ] GC(5) Using 2 workers of 2 for evacuation
[2020-12-02T14:09:45.521+0000][6][gc,age       ] GC(5) Desired survivor size 20447232 bytes, new threshold 15 (max threshold 15)
[2020-12-02T14:09:45.532+0000][6][gc,age       ] GC(5) Age table with threshold 15 (max threshold 15)
[2020-12-02T14:09:45.532+0000][6][gc,age       ] GC(5) - age   1:    4849536 bytes,    4849536 total
[2020-12-02T14:09:45.533+0000][6][gc,age       ] GC(5) - age   2:    3004024 bytes,    7853560 total
[2020-12-02T14:09:45.533+0000][6][gc,age       ] GC(5) - age   3:     865552 bytes,    8719112 total
[2020-12-02T14:09:45.534+0000][6][gc,phases    ] GC(5)   Pre Evacuate Collection Set: 0.3ms
[2020-12-02T14:09:45.534+0000][6][gc,phases    ] GC(5)   Merge Heap Roots: 0.1ms
[2020-12-02T14:09:45.535+0000][6][gc,phases    ] GC(5)   Evacuate Collection Set: 8.4ms
[2020-12-02T14:09:45.535+0000][6][gc,phases    ] GC(5)   Post Evacuate Collection Set: 1.1ms
[2020-12-02T14:09:45.536+0000][6][gc,phases    ] GC(5)   Other: 3.6ms
[2020-12-02T14:09:45.536+0000][6][gc,heap      ] GC(5) Eden regions: 302->0(298)
[2020-12-02T14:09:45.537+0000][6][gc,heap      ] GC(5) Survivor regions: 5->9(39)
[2020-12-02T14:09:45.537+0000][6][gc,heap      ] GC(5) Old regions: 7->7
[2020-12-02T14:09:45.537+0000][6][gc,heap      ] GC(5) Archive regions: 2->2
[2020-12-02T14:09:45.538+0000][6][gc,heap      ] GC(5) Humongous regions: 1->1
[2020-12-02T14:09:45.539+0000][6][gc,metaspace ] GC(5) Metaspace: 18486K(19840K)->18486K(19840K) NonClass: 16185K(17152K)->16185K(17152K) Class: 2300K(2688K)->2300K(2688K)
[2020-12-02T14:09:45.539+0000][6][gc           ] GC(5) Pause Young (Normal) (G1 Evacuation Pause) 314M->16M(512M) 19.130ms
[2020-12-02T14:09:45.540+0000][6][gc,cpu       ] GC(5) User=0.02s Sys=0.00s Real=0.02s
[2020-12-02T14:09:45.541+0000][6][safepoint    ] Safepoint "G1CollectForAllocation", Time since last: 705467624 ns, Reaching safepoint: 155500 ns, At safepoint: 20427997 ns, Total: 20583497 ns
[2020-12-02T14:09:45.542+0000][6][safepoint    ] Safepoint "BulkRevokeBias", Time since last: 532400 ns, Reaching safepoint: 292400 ns, At safepoint: 77300 ns, Total: 369700 ns
[2020-12-02T14:09:46.056+0000][6][gc,start     ] GC(6) Pause Young (Normal) (G1 Evacuation Pause)
[2020-12-02T14:09:46.057+0000][6][gc,task      ] GC(6) Using 2 workers of 2 for evacuation
[2020-12-02T14:09:46.058+0000][6][gc,age       ] GC(6) Desired survivor size 20447232 bytes, new threshold 15 (max threshold 15)
[2020-12-02T14:09:46.067+0000][6][gc,age       ] GC(6) Age table with threshold 15 (max threshold 15)
[2020-12-02T14:09:46.068+0000][6][gc,age       ] GC(6) - age   1:    2756600 bytes,    2756600 total
[2020-12-02T14:09:46.069+0000][6][gc,age       ] GC(6) - age   2:    4370120 bytes,    7126720 total
[2020-12-02T14:09:46.069+0000][6][gc,age       ] GC(6) - age   3:    3003768 bytes,   10130488 total
[2020-12-02T14:09:46.070+0000][6][gc,age       ] GC(6) - age   4:     865552 bytes,   10996040 total
[2020-12-02T14:09:46.070+0000][6][gc,phases    ] GC(6)   Pre Evacuate Collection Set: 0.2ms
[2020-12-02T14:09:46.071+0000][6][gc,phases    ] GC(6)   Merge Heap Roots: 0.1ms
[2020-12-02T14:09:46.072+0000][6][gc,phases    ] GC(6)   Evacuate Collection Set: 7.9ms
[2020-12-02T14:09:46.072+0000][6][gc,phases    ] GC(6)   Post Evacuate Collection Set: 0.9ms
[2020-12-02T14:09:46.073+0000][6][gc,phases    ] GC(6)   Other: 5.5ms
[2020-12-02T14:09:46.073+0000][6][gc,heap      ] GC(6) Eden regions: 298->0(296)
[2020-12-02T14:09:46.074+0000][6][gc,heap      ] GC(6) Survivor regions: 9->11(39)
[2020-12-02T14:09:46.074+0000][6][gc,heap      ] GC(6) Old regions: 7->7
[2020-12-02T14:09:46.075+0000][6][gc,heap      ] GC(6) Archive regions: 2->2
[2020-12-02T14:09:46.075+0000][6][gc,heap      ] GC(6) Humongous regions: 1->1
[2020-12-02T14:09:46.076+0000][6][gc,metaspace ] GC(6) Metaspace: 19828K(21248K)->19828K(21248K) NonClass: 17388K(18432K)->17388K(18432K) Class: 2440K(2816K)->2440K(2816K)
[2020-12-02T14:09:46.076+0000][6][gc           ] GC(6) Pause Young (Normal) (G1 Evacuation Pause) 314M->18M(512M) 20.567ms
[2020-12-02T14:09:46.077+0000][6][gc,cpu       ] GC(6) User=0.02s Sys=0.00s Real=0.02s
[2020-12-02T14:09:46.077+0000][6][safepoint    ] Safepoint "G1CollectForAllocation", Time since last: 513795744 ns, Reaching safepoint: 305600 ns, At safepoint: 21598798 ns, Total: 21904398 ns
[2020-12-02T14:09:46.085+0000][6][safepoint    ] Safepoint "BulkRevokeBias", Time since last: 7326599 ns, Reaching safepoint: 132400 ns, At safepoint: 45300 ns, Total: 177700 ns
[2020-12-02T14:09:46.086+0000][6][safepoint    ] Safepoint "BulkRevokeBias", Time since last: 569400 ns, Reaching safepoint: 373100 ns, At safepoint: 67000 ns, Total: 440100 ns
[2020-12-02T14:09:46.145+0000][6][gc,start     ] GC(7) Pause Young (Concurrent Start) (Metadata GC Threshold)
[2020-12-02T14:09:46.146+0000][6][gc,task      ] GC(7) Using 2 workers of 2 for evacuation
[2020-12-02T14:09:46.146+0000][6][gc,age       ] GC(7) Desired survivor size 20447232 bytes, new threshold 15 (max threshold 15)
[2020-12-02T14:09:46.155+0000][6][gc,age       ] GC(7) Age table with threshold 15 (max threshold 15)
[2020-12-02T14:09:46.155+0000][6][gc,age       ] GC(7) - age   1:     111776 bytes,     111776 total
[2020-12-02T14:09:46.156+0000][6][gc,age       ] GC(7) - age   2:    2481056 bytes,    2592832 total
[2020-12-02T14:09:46.157+0000][6][gc,age       ] GC(7) - age   3:    4369808 bytes,    6962640 total
[2020-12-02T14:09:46.157+0000][6][gc,age       ] GC(7) - age   4:    3003768 bytes,    9966408 total
[2020-12-02T14:09:46.158+0000][6][gc,age       ] GC(7) - age   5:     865552 bytes,   10831960 total
[2020-12-02T14:09:46.158+0000][6][gc,phases    ] GC(7)   Pre Evacuate Collection Set: 0.2ms
[2020-12-02T14:09:46.158+0000][6][gc,phases    ] GC(7)   Merge Heap Roots: 0.1ms
[2020-12-02T14:09:46.159+0000][6][gc,phases    ] GC(7)   Evacuate Collection Set: 7.2ms
[2020-12-02T14:09:46.159+0000][6][gc,phases    ] GC(7)   Post Evacuate Collection Set: 0.6ms
[2020-12-02T14:09:46.160+0000][6][gc,phases    ] GC(7)   Other: 5.4ms
[2020-12-02T14:09:46.160+0000][6][gc,heap      ] GC(7) Eden regions: 63->0(296)
[2020-12-02T14:09:46.161+0000][6][gc,heap      ] GC(7) Survivor regions: 11->11(39)
[2020-12-02T14:09:46.161+0000][6][gc,heap      ] GC(7) Old regions: 7->7
[2020-12-02T14:09:46.162+0000][6][gc,heap      ] GC(7) Archive regions: 2->2
[2020-12-02T14:09:46.162+0000][6][gc,heap      ] GC(7) Humongous regions: 1->1
[2020-12-02T14:09:46.162+0000][6][gc,metaspace ] GC(7) Metaspace: 19834K(21248K)->19834K(21248K) NonClass: 17392K(18432K)->17392K(18432K) Class: 2442K(2816K)->2442K(2816K)
[2020-12-02T14:09:46.163+0000][6][gc           ] GC(7) Pause Young (Concurrent Start) (Metadata GC Threshold) 81M->18M(512M) 18.161ms
[2020-12-02T14:09:46.163+0000][6][gc,cpu       ] GC(7) User=0.03s Sys=0.00s Real=0.02s
[2020-12-02T14:09:46.164+0000][6][gc           ] GC(8) Concurrent Cycle
[2020-12-02T14:09:46.164+0000][6][gc,marking   ] GC(8) Concurrent Clear Claimed Marks
[2020-12-02T14:09:46.164+0000][6][gc,marking   ] GC(8) Concurrent Clear Claimed Marks 0.473ms
[2020-12-02T14:09:46.165+0000][6][gc,marking   ] GC(8) Concurrent Scan Root Regions
[2020-12-02T14:09:46.164+0000][6][safepoint    ] Safepoint "CollectForMetadataAllocation", Time since last: 58773594 ns, Reaching safepoint: 167800 ns, At safepoint: 19327198 ns, Total: 19494998 ns
[2020-12-02T14:09:46.171+0000][6][gc,marking   ] GC(8) Concurrent Scan Root Regions 5.819ms
[2020-12-02T14:09:46.171+0000][6][gc,marking   ] GC(8) Concurrent Mark (4.358s)
[2020-12-02T14:09:46.172+0000][6][gc,marking   ] GC(8) Concurrent Mark From Roots
[2020-12-02T14:09:46.172+0000][6][gc,task      ] GC(8) Using 1 workers of 1 for marking
[2020-12-02T14:09:46.189+0000][6][gc,marking   ] GC(8) Concurrent Mark From Roots 17.460ms
[2020-12-02T14:09:46.190+0000][6][gc,marking   ] GC(8) Concurrent Preclean
[2020-12-02T14:09:46.190+0000][6][gc,marking   ] GC(8) Concurrent Preclean 0.547ms
[2020-12-02T14:09:46.191+0000][6][gc,marking   ] GC(8) Concurrent Mark (4.358s, 4.377s) 19.567ms
[2020-12-02T14:09:46.191+0000][6][gc,start     ] GC(8) Pause Remark
[2020-12-02T14:09:46.197+0000][6][gc           ] GC(8) Pause Remark 25M->25M(512M) 5.514ms
[2020-12-02T14:09:46.198+0000][6][gc,cpu       ] GC(8) User=0.01s Sys=0.00s Real=0.00s
[2020-12-02T14:09:46.198+0000][6][safepoint    ] Safepoint "G1Concurrent", Time since last: 27294697 ns, Reaching safepoint: 131600 ns, At safepoint: 7079899 ns, Total: 7211499 ns
[2020-12-02T14:09:46.199+0000][6][gc,marking   ] GC(8) Concurrent Rebuild Remembered Sets
[2020-12-02T14:09:46.211+0000][6][gc,marking   ] GC(8) Concurrent Rebuild Remembered Sets 12.188ms
[2020-12-02T14:09:46.212+0000][6][gc,start     ] GC(8) Pause Cleanup
[2020-12-02T14:09:46.213+0000][6][gc           ] GC(8) Pause Cleanup 37M->37M(512M) 0.509ms
[2020-12-02T14:09:46.213+0000][6][gc,cpu       ] GC(8) User=0.00s Sys=0.00s Real=0.00s
[2020-12-02T14:09:46.214+0000][6][safepoint    ] Safepoint "G1Concurrent", Time since last: 13344098 ns, Reaching safepoint: 435600 ns, At safepoint: 1432700 ns, Total: 1868300 ns
[2020-12-02T14:09:46.214+0000][6][gc,marking   ] GC(8) Concurrent Cleanup for Next Mark
[2020-12-02T14:09:46.216+0000][6][gc,marking   ] GC(8) Concurrent Cleanup for Next Mark 1.516ms
[2020-12-02T14:09:46.216+0000][6][gc           ] GC(8) Concurrent Cycle 52.543ms
[2020-12-02T14:09:47.253+0000][6][gc,start     ] GC(9) Pause Young (Normal) (G1 Evacuation Pause)
[2020-12-02T14:09:47.253+0000][6][gc,task      ] GC(9) Using 2 workers of 2 for evacuation
[2020-12-02T14:09:47.254+0000][6][gc,age       ] GC(9) Desired survivor size 20447232 bytes, new threshold 15 (max threshold 15)
[2020-12-02T14:09:47.264+0000][6][gc,age       ] GC(9) Age table with threshold 15 (max threshold 15)
[2020-12-02T14:09:47.265+0000][6][gc,age       ] GC(9) - age   1:    1153304 bytes,    1153304 total
[2020-12-02T14:09:47.265+0000][6][gc,age       ] GC(9) - age   2:      92776 bytes,    1246080 total
[2020-12-02T14:09:47.280+0000][6][gc,age       ] GC(9) - age   3:    2468752 bytes,    3714832 total
[2020-12-02T14:09:47.282+0000][6][gc,age       ] GC(9) - age   4:    4357040 bytes,    8071872 total
[2020-12-02T14:09:47.284+0000][6][gc,age       ] GC(9) - age   5:    2998760 bytes,   11070632 total
[2020-12-02T14:09:47.285+0000][6][gc,age       ] GC(9) - age   6:     828616 bytes,   11899248 total
[2020-12-02T14:09:47.287+0000][6][gc,phases    ] GC(9)   Pre Evacuate Collection Set: 0.1ms
[2020-12-02T14:09:47.289+0000][6][gc,phases    ] GC(9)   Merge Heap Roots: 0.1ms
[2020-12-02T14:09:47.291+0000][6][gc,phases    ] GC(9)   Evacuate Collection Set: 8.9ms
[2020-12-02T14:09:47.293+0000][6][gc,phases    ] GC(9)   Post Evacuate Collection Set: 0.9ms
[2020-12-02T14:09:47.295+0000][6][gc,phases    ] GC(9)   Other: 24.2ms
[2020-12-02T14:09:47.296+0000][6][gc,heap      ] GC(9) Eden regions: 296->0(295)
[2020-12-02T14:09:47.298+0000][6][gc,heap      ] GC(9) Survivor regions: 11->12(39)
[2020-12-02T14:09:47.299+0000][6][gc,heap      ] GC(9) Old regions: 7->7
[2020-12-02T14:09:47.301+0000][6][gc,heap      ] GC(9) Archive regions: 2->2
[2020-12-02T14:09:47.302+0000][6][gc,heap      ] GC(9) Humongous regions: 1->1
[2020-12-02T14:09:47.304+0000][6][gc,metaspace ] GC(9) Metaspace: 22380K(24448K)->22380K(24448K) NonClass: 19610K(21248K)->19610K(21248K) Class: 2770K(3200K)->2770K(3200K)
[2020-12-02T14:09:47.306+0000][6][gc           ] GC(9) Pause Young (Normal) (G1 Evacuation Pause) 314M->19M(512M) 52.643ms
[2020-12-02T14:09:47.307+0000][6][gc,cpu       ] GC(9) User=0.02s Sys=0.00s Real=0.05s
[2020-12-02T14:09:47.309+0000][6][safepoint    ] Safepoint "G1CollectForAllocation", Time since last: 1039093387 ns, Reaching safepoint: 161900 ns, At safepoint: 55650494 ns, Total: 55812394 ns
[2020-12-02T14:09:48.144+0000][6][safepoint    ] Safepoint "ICBufferFull", Time since last: 835183809 ns, Reaching safepoint: 582200 ns, At safepoint: 27400 ns, Total: 609600 ns
[2020-12-02T14:09:49.145+0000][6][safepoint    ] Safepoint "Cleanup", Time since last: 1000793291 ns, Reaching safepoint: 214200 ns, At safepoint: 3400 ns, Total: 217600 ns
[2020-12-02T14:09:49.836+0000][6][gc,start     ] GC(10) Pause Young (Concurrent Start) (Metadata GC Threshold)
[2020-12-02T14:09:49.836+0000][6][gc,task      ] GC(10) Using 2 workers of 2 for evacuation
[2020-12-02T14:09:49.837+0000][6][gc,age       ] GC(10) Desired survivor size 20447232 bytes, new threshold 15 (max threshold 15)
[2020-12-02T14:09:49.919+0000][6][gc,age       ] GC(10) Age table with threshold 15 (max threshold 15)
[2020-12-02T14:09:49.920+0000][6][gc,age       ] GC(10) - age   1:   28515568 bytes,   28515568 total
[2020-12-02T14:09:49.920+0000][6][gc,age       ] GC(10) - age   2:    1118544 bytes,   29634112 total
[2020-12-02T14:09:49.921+0000][6][gc,age       ] GC(10) - age   3:      92776 bytes,   29726888 total
[2020-12-02T14:09:49.921+0000][6][gc,age       ] GC(10) - age   4:    2457608 bytes,   32184496 total
[2020-12-02T14:09:49.921+0000][6][gc,age       ] GC(10) - age   5:    4337080 bytes,   36521576 total
[2020-12-02T14:09:49.922+0000][6][gc,age       ] GC(10) - age   6:    2963496 bytes,   39485072 total
[2020-12-02T14:09:49.922+0000][6][gc,age       ] GC(10) - age   7:     828136 bytes,   40313208 total
[2020-12-02T14:09:49.922+0000][6][gc,phases    ] GC(10)   Pre Evacuate Collection Set: 0.3ms
[2020-12-02T14:09:49.923+0000][6][gc,phases    ] GC(10)   Merge Heap Roots: 0.1ms
[2020-12-02T14:09:49.923+0000][6][gc,phases    ] GC(10)   Evacuate Collection Set: 80.8ms
[2020-12-02T14:09:49.923+0000][6][gc,phases    ] GC(10)   Post Evacuate Collection Set: 1.2ms
[2020-12-02T14:09:49.924+0000][6][gc,phases    ] GC(10)   Other: 4.3ms
[2020-12-02T14:09:49.924+0000][6][gc,heap      ] GC(10) Eden regions: 258->0(268)
[2020-12-02T14:09:49.924+0000][6][gc,heap      ] GC(10) Survivor regions: 12->39(39)
[2020-12-02T14:09:49.924+0000][6][gc,heap      ] GC(10) Old regions: 7->7
[2020-12-02T14:09:49.925+0000][6][gc,heap      ] GC(10) Archive regions: 2->2
[2020-12-02T14:09:49.925+0000][6][gc,heap      ] GC(10) Humongous regions: 1->1
[2020-12-02T14:09:49.925+0000][6][gc,metaspace ] GC(10) Metaspace: 32803K(35840K)->32803K(35840K) NonClass: 28491K(30592K)->28491K(30592K) Class: 4312K(5248K)->4312K(5248K)
[2020-12-02T14:09:49.926+0000][6][gc           ] GC(10) Pause Young (Concurrent Start) (Metadata GC Threshold) 277M->46M(512M) 90.206ms
[2020-12-02T14:09:49.926+0000][6][gc,cpu       ] GC(10) User=0.17s Sys=0.01s Real=0.09s
[2020-12-02T14:09:49.927+0000][6][gc           ] GC(11) Concurrent Cycle
[2020-12-02T14:09:49.927+0000][6][gc,marking   ] GC(11) Concurrent Clear Claimed Marks
[2020-12-02T14:09:49.928+0000][6][gc,marking   ] GC(11) Concurrent Clear Claimed Marks 0.953ms
[2020-12-02T14:09:49.929+0000][6][gc,marking   ] GC(11) Concurrent Scan Root Regions
[2020-12-02T14:09:49.932+0000][6][safepoint    ] Safepoint "CollectForMetadataAllocation", Time since last: 689907925 ns, Reaching safepoint: 222700 ns, At safepoint: 90972790 ns, Total: 91195490 ns
[2020-12-02T14:09:49.969+0000][6][safepoint    ] Safepoint "CollectForMetadataAllocation", Time since last: 41824096 ns, Reaching safepoint: 40700 ns, At safepoint: 143100 ns, Total: 183800 ns
[2020-12-02T14:09:49.979+0000][6][gc,marking   ] GC(11) Concurrent Scan Root Regions 49.590ms
[2020-12-02T14:09:49.979+0000][6][gc,marking   ] GC(11) Concurrent Mark (8.165s)
[2020-12-02T14:09:49.979+0000][6][gc,marking   ] GC(11) Concurrent Mark From Roots
[2020-12-02T14:09:49.994+0000][6][gc,task      ] GC(11) Using 1 workers of 1 for marking
[2020-12-02T14:09:50.003+0000][6][safepoint    ] Safepoint "CollectForMetadataAllocation", Time since last: 34061596 ns, Reaching safepoint: 156600 ns, At safepoint: 122100 ns, Total: 278700 ns
[2020-12-02T14:09:50.005+0000][6][gc,marking   ] GC(11) Concurrent Mark From Roots 26.007ms
[2020-12-02T14:09:50.010+0000][6][gc,marking   ] GC(11) Concurrent Preclean
[2020-12-02T14:09:50.011+0000][6][gc,marking   ] GC(11) Concurrent Preclean 0.488ms
[2020-12-02T14:09:50.011+0000][6][gc,marking   ] GC(11) Concurrent Mark (8.165s, 8.197s) 31.782ms
[2020-12-02T14:09:50.012+0000][6][gc,start     ] GC(11) Pause Remark
[2020-12-02T14:09:50.018+0000][6][gc           ] GC(11) Pause Remark 50M->50M(512M) 6.016ms
[2020-12-02T14:09:50.018+0000][6][gc,cpu       ] GC(11) User=0.01s Sys=0.01s Real=0.01s
[2020-12-02T14:09:50.020+0000][6][safepoint    ] Safepoint "G1Concurrent", Time since last: 8300899 ns, Reaching safepoint: 446800 ns, At safepoint: 7163699 ns, Total: 7610499 ns
[2020-12-02T14:09:50.022+0000][6][gc,marking   ] GC(11) Concurrent Rebuild Remembered Sets
[2020-12-02T14:09:50.028+0000][6][gc,marking   ] GC(11) Concurrent Rebuild Remembered Sets 5.630ms
[2020-12-02T14:09:50.029+0000][6][gc,start     ] GC(11) Pause Cleanup
[2020-12-02T14:09:50.030+0000][6][gc           ] GC(11) Pause Cleanup 51M->51M(512M) 1.060ms
[2020-12-02T14:09:50.030+0000][6][gc,cpu       ] GC(11) User=0.00s Sys=0.00s Real=0.00s
[2020-12-02T14:09:50.031+0000][6][safepoint    ] Safepoint "G1Concurrent", Time since last: 9595099 ns, Reaching safepoint: 549300 ns, At safepoint: 1802900 ns, Total: 2352200 ns
[2020-12-02T14:09:50.031+0000][6][gc,marking   ] GC(11) Concurrent Cleanup for Next Mark
[2020-12-02T14:09:50.032+0000][6][gc,marking   ] GC(11) Concurrent Cleanup for Next Mark 1.078ms
[2020-12-02T14:09:50.032+0000][6][gc           ] GC(11) Concurrent Cycle 105.832ms
[2020-12-02T14:09:51.060+0000][6][safepoint    ] Safepoint "ICBufferFull", Time since last: 1029289588 ns, Reaching safepoint: 200200 ns, At safepoint: 19900 ns, Total: 220100 ns
[2020-12-02T14:09:52.379+0000][6][safepoint    ] Safepoint "ICBufferFull", Time since last: 1318733572 ns, Reaching safepoint: 398200 ns, At safepoint: 9400 ns, Total: 407600 ns
[2020-12-02T14:09:52.597+0000][6][gc,start     ] GC(12) Pause Young (Concurrent Start) (G1 Evacuation Pause)
[2020-12-02T14:09:52.597+0000][6][gc,task      ] GC(12) Using 2 workers of 2 for evacuation
[2020-12-02T14:09:52.598+0000][6][gc,age       ] GC(12) Desired survivor size 20447232 bytes, new threshold 1 (max threshold 15)
[2020-12-02T14:09:52.666+0000][6][gc,age       ] GC(12) Age table with threshold 1 (max threshold 15)
[2020-12-02T14:09:52.667+0000][6][gc,age       ] GC(12) - age   1:    9582848 bytes,    9582848 total
[2020-12-02T14:09:52.668+0000][6][gc,phases    ] GC(12)   Pre Evacuate Collection Set: 0.5ms
[2020-12-02T14:09:52.668+0000][6][gc,phases    ] GC(12)   Merge Heap Roots: 0.1ms
[2020-12-02T14:09:52.669+0000][6][gc,phases    ] GC(12)   Evacuate Collection Set: 63.8ms
[2020-12-02T14:09:52.669+0000][6][gc,phases    ] GC(12)   Post Evacuate Collection Set: 3.9ms
[2020-12-02T14:09:52.670+0000][6][gc,phases    ] GC(12)   Other: 2.7ms
[2020-12-02T14:09:52.671+0000][6][gc,heap      ] GC(12) Eden regions: 268->0(286)
[2020-12-02T14:09:52.671+0000][6][gc,heap      ] GC(12) Survivor regions: 39->10(39)
[2020-12-02T14:09:52.672+0000][6][gc,heap      ] GC(12) Old regions: 7->46
[2020-12-02T14:09:52.672+0000][6][gc,heap      ] GC(12) Archive regions: 2->2
[2020-12-02T14:09:52.673+0000][6][gc,heap      ] GC(12) Humongous regions: 1->1
[2020-12-02T14:09:52.673+0000][6][gc,metaspace ] GC(12) Metaspace: 52528K(57624K)->52528K(57624K) NonClass: 45375K(48536K)->45375K(48536K) Class: 7153K(9088K)->7153K(9088K)
[2020-12-02T14:09:52.674+0000][6][gc           ] GC(12) Pause Young (Concurrent Start) (G1 Evacuation Pause) 314M->56M(512M) 77.159ms
[2020-12-02T14:09:52.674+0000][6][gc,cpu       ] GC(12) User=0.14s Sys=0.01s Real=0.08s
[2020-12-02T14:09:52.675+0000][6][gc           ] GC(13) Concurrent Cycle
[2020-12-02T14:09:52.676+0000][6][gc,marking   ] GC(13) Concurrent Clear Claimed Marks
[2020-12-02T14:09:52.677+0000][6][gc,marking   ] GC(13) Concurrent Clear Claimed Marks 0.880ms
[2020-12-02T14:09:52.677+0000][6][gc,marking   ] GC(13) Concurrent Scan Root Regions
[2020-12-02T14:09:52.675+0000][6][safepoint    ] Safepoint "G1CollectForAllocation", Time since last: 217079092 ns, Reaching safepoint: 166200 ns, At safepoint: 78008097 ns, Total: 78174297 ns
[2020-12-02T14:09:52.687+0000][6][safepoint    ] Safepoint "BulkRevokeBias", Time since last: 12633000 ns, Reaching safepoint: 39700 ns, At safepoint: 67600 ns, Total: 107300 ns
[2020-12-02T14:09:52.721+0000][6][gc,marking   ] GC(13) Concurrent Scan Root Regions 43.611ms
[2020-12-02T14:09:52.722+0000][6][gc,marking   ] GC(13) Concurrent Mark (10.908s)
[2020-12-02T14:09:52.722+0000][6][gc,marking   ] GC(13) Concurrent Mark From Roots
[2020-12-02T14:09:52.722+0000][6][gc,task      ] GC(13) Using 1 workers of 1 for marking
[2020-12-02T14:09:52.745+0000][6][gc,marking   ] GC(13) Concurrent Mark From Roots 22.888ms
[2020-12-02T14:09:52.745+0000][6][gc,marking   ] GC(13) Concurrent Preclean
[2020-12-02T14:09:52.746+0000][6][gc,marking   ] GC(13) Concurrent Preclean 0.388ms
[2020-12-02T14:09:52.746+0000][6][gc,marking   ] GC(13) Concurrent Mark (10.908s, 10.933s) 24.452ms
[2020-12-02T14:09:52.747+0000][6][gc,start     ] GC(13) Pause Remark
[2020-12-02T14:09:52.757+0000][6][gc           ] GC(13) Pause Remark 59M->59M(512M) 10.690ms
[2020-12-02T14:09:52.758+0000][6][gc,cpu       ] GC(13) User=0.02s Sys=0.00s Real=0.01s
[2020-12-02T14:09:52.758+0000][6][safepoint    ] Safepoint "G1Concurrent", Time since last: 59108798 ns, Reaching safepoint: 134600 ns, At safepoint: 11580299 ns, Total: 11714899 ns
[2020-12-02T14:09:52.759+0000][6][gc,marking   ] GC(13) Concurrent Rebuild Remembered Sets
[2020-12-02T14:09:52.841+0000][6][gc,marking   ] GC(13) Concurrent Rebuild Remembered Sets 82.518ms
[2020-12-02T14:09:52.844+0000][6][gc,start     ] GC(13) Pause Cleanup
[2020-12-02T14:09:52.844+0000][6][gc           ] GC(13) Pause Cleanup 65M->65M(512M) 0.573ms
[2020-12-02T14:09:52.845+0000][6][gc,cpu       ] GC(13) User=0.00s Sys=0.00s Real=0.00s
[2020-12-02T14:09:52.845+0000][6][safepoint    ] Safepoint "G1Concurrent", Time since last: 83453198 ns, Reaching safepoint: 2004599 ns, At safepoint: 1388100 ns, Total: 3392699 ns
[2020-12-02T14:09:52.845+0000][6][gc,marking   ] GC(13) Concurrent Cleanup for Next Mark
[2020-12-02T14:09:52.854+0000][6][gc,marking   ] GC(13) Concurrent Cleanup for Next Mark 8.114ms
[2020-12-02T14:09:52.854+0000][6][gc           ] GC(13) Concurrent Cycle 179.492ms
[2020-12-02T14:09:52.989+0000][6][safepoint    ] Safepoint "BulkRevokeBias", Time since last: 144028595 ns, Reaching safepoint: 206000 ns, At safepoint: 128400 ns, Total: 334400 ns
[2020-12-02T14:09:53.004+0000][6][safepoint    ] Safepoint "BulkRevokeBias", Time since last: 14727500 ns, Reaching safepoint: 74500 ns, At safepoint: 74800 ns, Total: 149300 ns
[2020-12-02T14:09:53.019+0000][6][safepoint    ] Safepoint "BulkRevokeBias", Time since last: 14582399 ns, Reaching safepoint: 63000 ns, At safepoint: 67800 ns, Total: 130800 ns
[2020-12-02T14:09:53.326+0000][6][safepoint    ] Safepoint "BulkRevokeBias", Time since last: 306781690 ns, Reaching safepoint: 518700 ns, At safepoint: 115100 ns, Total: 633800 ns
[2020-12-02T14:09:53.900+0000][6][safepoint    ] Safepoint "ICBufferFull", Time since last: 572070080 ns, Reaching safepoint: 1528900 ns, At safepoint: 6600 ns, Total: 1535500 ns
[2020-12-02T14:09:54.934+0000][6][safepoint    ] Safepoint "ICBufferFull", Time since last: 1033355564 ns, Reaching safepoint: 225000 ns, At safepoint: 4100 ns, Total: 229100 ns
[2020-12-02T14:09:55.677+0000][6][gc,start     ] GC(14) Pause Young (Normal) (G1 Evacuation Pause)
[2020-12-02T14:09:55.678+0000][6][gc,task      ] GC(14) Using 2 workers of 2 for evacuation
[2020-12-02T14:09:55.679+0000][6][gc,age       ] GC(14) Desired survivor size 19398656 bytes, new threshold 15 (max threshold 15)
[2020-12-02T14:09:55.738+0000][6][gc,age       ] GC(14) Age table with threshold 15 (max threshold 15)
[2020-12-02T14:09:55.739+0000][6][gc,age       ] GC(14) - age   1:    8123640 bytes,    8123640 total
[2020-12-02T14:09:55.740+0000][6][gc,age       ] GC(14) - age   2:    9241968 bytes,   17365608 total
[2020-12-02T14:09:55.741+0000][6][gc,phases    ] GC(14)   Pre Evacuate Collection Set: 0.4ms
[2020-12-02T14:09:55.742+0000][6][gc,phases    ] GC(14)   Merge Heap Roots: 0.6ms
[2020-12-02T14:09:55.742+0000][6][gc,phases    ] GC(14)   Evacuate Collection Set: 52.5ms
[2020-12-02T14:09:55.743+0000][6][gc,phases    ] GC(14)   Post Evacuate Collection Set: 3.8ms
[2020-12-02T14:09:55.744+0000][6][gc,phases    ] GC(14)   Other: 6.5ms
[2020-12-02T14:09:55.745+0000][6][gc,heap      ] GC(14) Eden regions: 286->0(283)
[2020-12-02T14:09:55.746+0000][6][gc,heap      ] GC(14) Survivor regions: 10->17(37)
[2020-12-02T14:09:55.747+0000][6][gc,heap      ] GC(14) Old regions: 46->46
[2020-12-02T14:09:55.748+0000][6][gc,heap      ] GC(14) Archive regions: 2->2
[2020-12-02T14:09:55.748+0000][6][gc,heap      ] GC(14) Humongous regions: 1->1
[2020-12-02T14:09:55.749+0000][6][gc,metaspace ] GC(14) Metaspace: 77957K(84376K)->77957K(84376K) NonClass: 67302K(71064K)->67302K(71064K) Class: 10654K(13312K)->10654K(13312K)
[2020-12-02T14:09:55.750+0000][6][gc           ] GC(14) Pause Young (Normal) (G1 Evacuation Pause) 342M->63M(512M) 72.828ms
[2020-12-02T14:09:55.750+0000][6][gc,cpu       ] GC(14) User=0.10s Sys=0.00s Real=0.08s
[2020-12-02T14:09:55.751+0000][6][safepoint    ] Safepoint "G1CollectForAllocation", Time since last: 742871674 ns, Reaching safepoint: 441700 ns, At safepoint: 74436197 ns, Total: 74877897 ns
[2020-12-02T14:09:55.852+0000][6][safepoint    ] Safepoint "BulkRevokeBias", Time since last: 100570797 ns, Reaching safepoint: 78500 ns, At safepoint: 116100 ns, Total: 194600 ns
[2020-12-02T14:09:56.523+0000][6][safepoint    ] Safepoint "ICBufferFull", Time since last: 670611577 ns, Reaching safepoint: 246900 ns, At safepoint: 7800 ns, Total: 254700 ns
[2020-12-02T14:09:56.569+0000][6][safepoint    ] Safepoint "BulkRevokeBias", Time since last: 45730898 ns, Reaching safepoint: 158200 ns, At safepoint: 154700 ns, Total: 312900 ns
[2020-12-02T14:09:56.971+0000][6][safepoint    ] Safepoint "BulkRevokeBias", Time since last: 401425886 ns, Reaching safepoint: 170600 ns, At safepoint: 161600 ns, Total: 332200 ns
[2020-12-02T14:09:57.858+0000][6][safepoint    ] Safepoint "ICBufferFull", Time since last: 886881569 ns, Reaching safepoint: 275000 ns, At safepoint: 31900 ns, Total: 306900 ns
[2020-12-02T14:09:58.697+0000][6][safepoint    ] Safepoint "ICBufferFull", Time since last: 838850571 ns, Reaching safepoint: 300000 ns, At safepoint: 34900 ns, Total: 334900 ns
[2020-12-02T14:09:59.324+0000][6][safepoint    ] Safepoint "ICBufferFull", Time since last: 626463878 ns, Reaching safepoint: 657500 ns, At safepoint: 37700 ns, Total: 695200 ns
[2020-12-02T14:10:00.499+0000][6][safepoint    ] Safepoint "Cleanup", Time since last: 1173421445 ns, Reaching safepoint: 712100 ns, At safepoint: 121600 ns, Total: 833700 ns
[2020-12-02T14:10:00.503+0000][6][safepoint    ] Safepoint "BulkRevokeBias", Time since last: 3900601 ns, Reaching safepoint: 242200 ns, At safepoint: 690700 ns, Total: 932900 ns
[2020-12-02T14:10:02.315+0000][6][safepoint    ] Safepoint "Cleanup", Time since last: 1811162323 ns, Reaching safepoint: 332000 ns, At safepoint: 12400 ns, Total: 344400 ns
[2020-12-02T14:10:03.318+0000][6][safepoint    ] Safepoint "Cleanup", Time since last: 1002614234 ns, Reaching safepoint: 387400 ns, At safepoint: 12400 ns, Total: 399800 ns
[2020-12-02T14:10:08.322+0000][6][safepoint    ] Safepoint "Cleanup", Time since last: 5003775224 ns, Reaching safepoint: 324400 ns, At safepoint: 11100 ns, Total: 335500 ns
[2020-12-02T14:10:13.326+0000][6][safepoint    ] Safepoint "Cleanup", Time since last: 5003746066 ns, Reaching safepoint: 163701 ns, At safepoint: 4800 ns, Total: 168501 ns
[2020-12-02T14:10:16.328+0000][6][safepoint    ] Safepoint "Cleanup", Time since last: 3001665669 ns, Reaching safepoint: 404700 ns, At safepoint: 12100 ns, Total: 416800 ns
[2020-12-02T14:10:17.331+0000][6][safepoint    ] Safepoint "Cleanup", Time since last: 1002276725 ns, Reaching safepoint: 948200 ns, At safepoint: 33600 ns, Total: 981800 ns
[2020-12-02T14:10:19.335+0000][6][safepoint    ] Safepoint "Cleanup", Time since last: 2003031951 ns, Reaching safepoint: 394401 ns, At safepoint: 13400 ns, Total: 407801 ns
[2020-12-02T14:10:21.338+0000][6][safepoint    ] Safepoint "Cleanup", Time since last: 2003018751 ns, Reaching safepoint: 210000 ns, At safepoint: 7000 ns, Total: 217000 ns
[2020-12-02T14:10:22.340+0000][6][safepoint    ] Safepoint "Cleanup", Time since last: 1001776125 ns, Reaching safepoint: 612000 ns, At safepoint: 25900 ns, Total: 637900 ns
[2020-12-02T14:10:23.343+0000][6][safepoint    ] Safepoint "Cleanup", Time since last: 1002501726 ns, Reaching safepoint: 385200 ns, At safepoint: 11700 ns, Total: 396900 ns
[2020-12-02T14:10:24.347+0000][6][safepoint    ] Safepoint "Cleanup", Time since last: 1002943711 ns, Reaching safepoint: 460200 ns, At safepoint: 12700 ns, Total: 472900 ns
[2020-12-02T14:10:25.350+0000][6][safepoint    ] Safepoint "Cleanup", Time since last: 1002973697 ns, Reaching safepoint: 381300 ns, At safepoint: 121700 ns, Total: 503000 ns
[2020-12-02T14:10:26.354+0000][6][safepoint    ] Safepoint "Cleanup", Time since last: 1003013197 ns, Reaching safepoint: 371100 ns, At safepoint: 12300 ns, Total: 383400 ns
[2020-12-02T14:10:28.098+0000][6][safepoint    ] Safepoint "Cleanup", Time since last: 1743586069 ns, Reaching safepoint: 512300 ns, At safepoint: 13400 ns, Total: 525700 ns
[2020-12-02T14:10:29.681+0000][6][safepoint    ] Safepoint "Cleanup", Time since last: 1583457453 ns, Reaching safepoint: 143300 ns, At safepoint: 3400 ns, Total: 146700 ns
[2020-12-02T14:10:30.683+0000][6][safepoint    ] Safepoint "Cleanup", Time since last: 1001086497 ns, Reaching safepoint: 348400 ns, At safepoint: 13500 ns, Total: 361900 ns
[2020-12-02T14:10:31.686+0000][6][safepoint    ] Safepoint "Cleanup", Time since last: 1002261997 ns, Reaching safepoint: 557500 ns, At safepoint: 14800 ns, Total: 572300 ns
[2020-12-02T14:10:42.692+0000][6][safepoint    ] Safepoint "Cleanup", Time since last: 11006168083 ns, Reaching safepoint: 502499 ns, At safepoint: 17800 ns, Total: 520299 ns
[2020-12-02T14:10:43.696+0000][6][safepoint    ] Safepoint "Cleanup", Time since last: 1003114481 ns, Reaching safepoint: 416300 ns, At safepoint: 13900 ns, Total: 430200 ns
[2020-12-02T14:10:44.702+0000][6][safepoint    ] Safepoint "Cleanup", Time since last: 1006406280 ns, Reaching safepoint: 132300 ns, At safepoint: 3600 ns, Total: 135900 ns
[2020-12-02T14:10:45.703+0000][6][safepoint    ] Safepoint "Cleanup", Time since last: 1000936581 ns, Reaching safepoint: 120700 ns, At safepoint: 4000 ns, Total: 124700 ns
[2020-12-02T14:10:46.704+0000][6][safepoint    ] Safepoint "Cleanup", Time since last: 1000862582 ns, Reaching safepoint: 114700 ns, At safepoint: 3300 ns, Total: 118000 ns
[2020-12-02T14:10:47.705+0000][6][safepoint    ] Safepoint "Cleanup", Time since last: 1000746182 ns, Reaching safepoint: 263100 ns, At safepoint: 14100 ns, Total: 277200 ns
[2020-12-02T14:10:50.708+0000][6][safepoint    ] Safepoint "Cleanup", Time since last: 3002370013 ns, Reaching safepoint: 188700 ns, At safepoint: 8100 ns, Total: 196800 ns
[2020-12-02T14:10:56.288+0000][6][safepoint    ] Safepoint "Cleanup", Time since last: 5579234124 ns, Reaching safepoint: 411600 ns, At safepoint: 13300 ns, Total: 424900 ns
[2020-12-02T14:10:57.293+0000][6][safepoint    ] Safepoint "Cleanup", Time since last: 1004874508 ns, Reaching safepoint: 483301 ns, At safepoint: 15900 ns, Total: 499201 ns
[2020-12-02T14:11:01.671+0000][6][safepoint    ] Safepoint "Cleanup", Time since last: 4377079476 ns, Reaching safepoint: 948599 ns, At safepoint: 35000 ns, Total: 983599 ns
[2020-12-02T14:11:01.960+0000][6][safepoint    ] Safepoint "BulkRevokeBias", Time since last: 286879236 ns, Reaching safepoint: 276900 ns, At safepoint: 1338399 ns, Total: 1615299 ns
[2020-12-02T14:11:01.969+0000][6][safepoint    ] Safepoint "BulkRevokeBias", Time since last: 7445596 ns, Reaching safepoint: 360000 ns, At safepoint: 1919299 ns, Total: 2279299 ns
[2020-12-02T14:11:01.984+0000][6][safepoint    ] Safepoint "BulkRevokeBias", Time since last: 12213793 ns, Reaching safepoint: 1335399 ns, At safepoint: 1207799 ns, Total: 2543198 ns
[2020-12-02T14:11:02.003+0000][6][safepoint    ] Safepoint "BulkRevokeBias", Time since last: 17929290 ns, Reaching safepoint: 478000 ns, At safepoint: 358900 ns, Total: 836900 ns
[2020-12-02T14:11:02.005+0000][6][safepoint    ] Safepoint "BulkRevokeBias", Time since last: 814099 ns, Reaching safepoint: 362800 ns, At safepoint: 1289099 ns, Total: 1651899 ns
[2020-12-02T14:11:02.049+0000][6][gc,heap,exit ] Heap
[2020-12-02T14:11:02.049+0000][6][gc,heap,exit ]  garbage-first heap   total 524288K, used 297888K [0x00000000e0000000, 0x0000000100000000)
[2020-12-02T14:11:02.050+0000][6][gc,heap,exit ]   region size 1024K, 240 young (245760K), 17 survivors (17408K)
[2020-12-02T14:11:02.050+0000][6][gc,heap,exit ]  Metaspace       used 86810K, capacity 93664K, committed 93720K, reserved 1128448K
[2020-12-02T14:11:02.050+0000][6][gc,heap,exit ]   class space    used 11840K, capacity 14702K, committed 14720K, reserved 1048576K
